[  8%] Built target scan_to_cloud_filter_chain
[ 17%] Built target laser_scan_filters
[ 26%] Built target scan_to_scan_filter_chain
[ 34%] Built target gtest_main
[ 43%] Built target gtest
[ 52%] Built target test_scan_filter_chain
[ 65%] Built target laser_filter_chains
[ 73%] Built target test_shadow_detector
[ 82%] Built target test_speckle_filter
[ 91%] Built target test_scan_shadows_filter
[100%] Built target generic_laser_filter_node
-- Install configuration: ""
-- Installing: /home/rasp/ros2_ws/install/laser_filters/lib/laser_filters/scan_to_cloud_filter_chain
-- Set non-toolchain portion of runtime path of "/home/rasp/ros2_ws/install/laser_filters/lib/laser_filters/scan_to_cloud_filter_chain" to ""
-- Installing: /home/rasp/ros2_ws/install/laser_filters/lib/laser_filters/scan_to_scan_filter_chain
-- Set non-toolchain portion of runtime path of "/home/rasp/ros2_ws/install/laser_filters/lib/laser_filters/scan_to_scan_filter_chain" to ""
-- Installing: /home/rasp/ros2_ws/install/laser_filters/share/laser_filters/laser_filters_plugins.xml
-- Installing: /home/rasp/ros2_ws/install/laser_filters/include
-- Installing: /home/rasp/ros2_ws/install/laser_filters/include/laser_filters
-- Installing: /home/rasp/ros2_ws/install/laser_filters/include/laser_filters/scan_mask_filter.h
-- Installing: /home/rasp/ros2_ws/install/laser_filters/include/laser_filters/array_filter.h
-- Installing: /home/rasp/ros2_ws/install/laser_filters/include/laser_filters/angular_bounds_filter.h
-- Installing: /home/rasp/ros2_ws/install/laser_filters/include/laser_filters/scan_shadows_filter.h
-- Installing: /home/rasp/ros2_ws/install/laser_filters/include/laser_filters/scan_blob_filter.h
-- Installing: /home/rasp/ros2_ws/install/laser_filters/include/laser_filters/range_filter.h
-- Installing: /home/rasp/ros2_ws/install/laser_filters/include/laser_filters/box_filter.h
-- Installing: /home/rasp/ros2_ws/install/laser_filters/include/laser_filters/interpolation_filter.h
-- Installing: /home/rasp/ros2_ws/install/laser_filters/include/laser_filters/footprint_filter.h
-- Installing: /home/rasp/ros2_ws/install/laser_filters/include/laser_filters/scan_shadow_detector.h
-- Installing: /home/rasp/ros2_ws/install/laser_filters/include/laser_filters/sector_filter.h
-- Installing: /home/rasp/ros2_ws/install/laser_filters/include/laser_filters/speckle_filter.h
-- Installing: /home/rasp/ros2_ws/install/laser_filters/include/laser_filters/median_spatial_filter.h
-- Installing: /home/rasp/ros2_ws/install/laser_filters/include/laser_filters/intensity_filter.h
-- Installing: /home/rasp/ros2_ws/install/laser_filters/include/laser_filters/polygon_filter.h
-- Installing: /home/rasp/ros2_ws/install/laser_filters/include/laser_filters/median_filter.h
-- Installing: /home/rasp/ros2_ws/install/laser_filters/include/laser_filters/angular_bounds_filter_in_place.h
-- Installing: /home/rasp/ros2_ws/install/laser_filters/share/laser_filters/environment/library_path.sh
-- Installing: /home/rasp/ros2_ws/install/laser_filters/share/laser_filters/environment/library_path.dsv
-- Installing: /home/rasp/ros2_ws/install/laser_filters/lib/liblaser_scan_filters.so
-- Set non-toolchain portion of runtime path of "/home/rasp/ros2_ws/install/laser_filters/lib/liblaser_scan_filters.so" to ""
-- Installing: /home/rasp/ros2_ws/install/laser_filters/lib/liblaser_filter_chains.so
-- Set non-toolchain portion of runtime path of "/home/rasp/ros2_ws/install/laser_filters/lib/liblaser_filter_chains.so" to ""
-- Installing: /home/rasp/ros2_ws/install/laser_filters/lib/laser_filters/generic_laser_filter_node
-- Set non-toolchain portion of runtime path of "/home/rasp/ros2_ws/install/laser_filters/lib/laser_filters/generic_laser_filter_node" to ""
-- Installing: /home/rasp/ros2_ws/install/laser_filters/share/laser_filters/examples
-- Installing: /home/rasp/ros2_ws/install/laser_filters/share/laser_filters/examples/median_spatial_filter.launch.py
-- Installing: /home/rasp/ros2_ws/install/laser_filters/share/laser_filters/examples/median_spatial_filter.launch.xml
-- Installing: /home/rasp/ros2_ws/install/laser_filters/share/laser_filters/examples/range_filter_example.launch.py
-- Installing: /home/rasp/ros2_ws/install/laser_filters/share/laser_filters/examples/pass_through_example.launch.py
-- Installing: /home/rasp/ros2_ws/install/laser_filters/share/laser_filters/examples/intensity_filter_example.launch.py
-- Installing: /home/rasp/ros2_ws/install/laser_filters/share/laser_filters/examples/shadow_filter_example.yaml
-- Installing: /home/rasp/ros2_ws/install/laser_filters/share/laser_filters/examples/angular_filter_example.launch.py
-- Installing: /home/rasp/ros2_ws/install/laser_filters/share/laser_filters/examples/range_filter_example.yaml
-- Installing: /home/rasp/ros2_ws/install/laser_filters/share/laser_filters/examples/speckle_filter_example.yaml
-- Installing: /home/rasp/ros2_ws/install/laser_filters/share/laser_filters/examples/median_spatial_filter_example.yaml
-- Installing: /home/rasp/ros2_ws/install/laser_filters/share/laser_filters/examples/scan_blob_filter_example.yaml
-- Installing: /home/rasp/ros2_ws/install/laser_filters/share/laser_filters/examples/scan_blob_filter_example.launch.py
-- Installing: /home/rasp/ros2_ws/install/laser_filters/share/laser_filters/examples/sector_filter_example.launch.py
-- Installing: /home/rasp/ros2_ws/install/laser_filters/share/laser_filters/examples/angular_filter_example.yaml
-- Installing: /home/rasp/ros2_ws/install/laser_filters/share/laser_filters/examples/sector_filter_example.yaml
-- Installing: /home/rasp/ros2_ws/install/laser_filters/share/laser_filters/examples/speckle_filter_example.launch
-- Installing: /home/rasp/ros2_ws/install/laser_filters/share/laser_filters/examples/footprint_filter_example.yaml
-- Installing: /home/rasp/ros2_ws/install/laser_filters/share/laser_filters/examples/multiple_filters_example.launch.py
-- Installing: /home/rasp/ros2_ws/install/laser_filters/share/laser_filters/examples/pass_through_example.yaml
-- Installing: /home/rasp/ros2_ws/install/laser_filters/share/laser_filters/examples/polygon_filter_example.launch.py
-- Installing: /home/rasp/ros2_ws/install/laser_filters/share/laser_filters/examples/median_filter_example.launch.py
-- Installing: /home/rasp/ros2_ws/install/laser_filters/share/laser_filters/examples/median_filter_example.yaml
-- Installing: /home/rasp/ros2_ws/install/laser_filters/share/laser_filters/examples/multiple_filters_example.yaml
-- Installing: /home/rasp/ros2_ws/install/laser_filters/share/laser_filters/examples/intensity_filter_example.yaml
-- Installing: /home/rasp/ros2_ws/install/laser_filters/share/laser_filters/examples/polygon_filter_example.yaml
-- Installing: /home/rasp/ros2_ws/install/laser_filters/share/laser_filters/examples/footprint_filter_example.launch.py
-- Installing: /home/rasp/ros2_ws/install/laser_filters/share/laser_filters/examples/box_filter_example.launch.py
-- Installing: /home/rasp/ros2_ws/install/laser_filters/share/laser_filters/examples/mask_filter_example.launch.py
-- Installing: /home/rasp/ros2_ws/install/laser_filters/share/laser_filters/examples/box_filter_example.yaml
-- Installing: /home/rasp/ros2_ws/install/laser_filters/share/laser_filters/examples/shadow_filter_example.launch.py
-- Installing: /home/rasp/ros2_ws/install/laser_filters/share/laser_filters/examples/mask_filter_example.yaml
-- Installing: /home/rasp/ros2_ws/install/laser_filters/share/laser_filters/test
-- Installing: /home/rasp/ros2_ws/install/laser_filters/share/laser_filters/test/test_scan_filter_chain.cpp
-- Installing: /home/rasp/ros2_ws/install/laser_filters/share/laser_filters/test/test_speckle_filter.cpp
-- Installing: /home/rasp/ros2_ws/install/laser_filters/share/laser_filters/test/test_polygon_filter.test.py
-- Installing: /home/rasp/ros2_ws/install/laser_filters/share/laser_filters/test/test_shadow_detector.cpp
-- Installing: /home/rasp/ros2_ws/install/laser_filters/share/laser_filters/test/test_speckle_filter.yaml
-- Installing: /home/rasp/ros2_ws/install/laser_filters/share/laser_filters/test/test_scan_shadows_filter.cpp
-- Installing: /home/rasp/ros2_ws/install/laser_filters/share/laser_filters/test/test_scan_filter_chain.yaml
-- Installing: /home/rasp/ros2_ws/install/laser_filters/share/laser_filters/test/fake_laser.py
-- Installing: /home/rasp/ros2_ws/install/laser_filters/share/laser_filters/test/test_polygon_filter.yaml
-- Installing: /home/rasp/ros2_ws/install/laser_filters/share/laser_filters/test/test_scan_filter_chain.launch
-- Installing: /home/rasp/ros2_ws/install/laser_filters/share/laser_filters/test/test_speckle_filter.test.py
-- Installing: /home/rasp/ros2_ws/install/laser_filters/share/ament_index/resource_index/package_run_dependencies/laser_filters
-- Installing: /home/rasp/ros2_ws/install/laser_filters/share/ament_index/resource_index/parent_prefix_path/laser_filters
-- Installing: /home/rasp/ros2_ws/install/laser_filters/share/laser_filters/environment/ament_prefix_path.sh
-- Installing: /home/rasp/ros2_ws/install/laser_filters/share/laser_filters/environment/ament_prefix_path.dsv
-- Installing: /home/rasp/ros2_ws/install/laser_filters/share/laser_filters/environment/path.sh
-- Installing: /home/rasp/ros2_ws/install/laser_filters/share/laser_filters/environment/path.dsv
-- Installing: /home/rasp/ros2_ws/install/laser_filters/share/laser_filters/local_setup.bash
-- Installing: /home/rasp/ros2_ws/install/laser_filters/share/laser_filters/local_setup.sh
-- Installing: /home/rasp/ros2_ws/install/laser_filters/share/laser_filters/local_setup.zsh
-- Installing: /home/rasp/ros2_ws/install/laser_filters/share/laser_filters/local_setup.dsv
-- Installing: /home/rasp/ros2_ws/install/laser_filters/share/laser_filters/package.dsv
-- Installing: /home/rasp/ros2_ws/install/laser_filters/share/ament_index/resource_index/packages/laser_filters
-- Installing: /home/rasp/ros2_ws/install/laser_filters/share/ament_index/resource_index/filters__pluginlib__plugin/laser_filters
-- Installing: /home/rasp/ros2_ws/install/laser_filters/share/ament_index/resource_index/rclcpp_components/laser_filters
-- Installing: /home/rasp/ros2_ws/install/laser_filters/share/laser_filters/cmake/ament_cmake_export_dependencies-extras.cmake
-- Installing: /home/rasp/ros2_ws/install/laser_filters/share/laser_filters/cmake/ament_cmake_export_include_directories-extras.cmake
-- Installing: /home/rasp/ros2_ws/install/laser_filters/share/laser_filters/cmake/ament_cmake_export_libraries-extras.cmake
-- Installing: /home/rasp/ros2_ws/install/laser_filters/share/laser_filters/cmake/laser_filtersConfig.cmake
-- Installing: /home/rasp/ros2_ws/install/laser_filters/share/laser_filters/cmake/laser_filtersConfig-version.cmake
-- Installing: /home/rasp/ros2_ws/install/laser_filters/share/laser_filters/package.xml
