[0.018s] Invoking command in '/home/rasp/ros2_ws/build/laser_filters': CMAKE_PREFIX_PATH=${CMAKE_PREFIX_PATH}:/home/rasp/ros2_ws/install/robot_description:/home/rasp/ros2_ws/install/sensor_msgs_py:/opt/ros/jazzy DEBUGINFOD_URLS=https://debuginfod.ubuntu.com /usr/bin/cmake --build /home/rasp/ros2_ws/build/laser_filters -- -j2 -l2
[0.241s] [  8%] Built target scan_to_cloud_filter_chain
[0.302s] [ 17%] Built target laser_scan_filters
[0.359s] [ 26%] Built target scan_to_scan_filter_chain
[0.399s] [ 34%] Built target gtest_main
[0.462s] [ 43%] Built target gtest
[0.538s] [ 52%] Built target test_scan_filter_chain
[0.538s] [ 65%] Built target laser_filter_chains
[0.645s] [ 73%] Built target test_shadow_detector
[0.656s] [ 82%] Built target test_speckle_filter
[0.762s] [ 91%] Built target test_scan_shadows_filter
[0.772s] [100%] Built target generic_laser_filter_node
[0.819s] Invoked command in '/home/rasp/ros2_ws/build/laser_filters' returned '0': CMAKE_PREFIX_PATH=${CMAKE_PREFIX_PATH}:/home/rasp/ros2_ws/install/robot_description:/home/rasp/ros2_ws/install/sensor_msgs_py:/opt/ros/jazzy DEBUGINFOD_URLS=https://debuginfod.ubuntu.com /usr/bin/cmake --build /home/rasp/ros2_ws/build/laser_filters -- -j2 -l2
[0.864s] Invoking command in '/home/rasp/ros2_ws/build/laser_filters': CMAKE_PREFIX_PATH=${CMAKE_PREFIX_PATH}:/home/rasp/ros2_ws/install/robot_description:/home/rasp/ros2_ws/install/sensor_msgs_py:/opt/ros/jazzy DEBUGINFOD_URLS=https://debuginfod.ubuntu.com /usr/bin/cmake --install /home/rasp/ros2_ws/build/laser_filters
[0.903s] -- Install configuration: ""
[0.904s] -- Installing: /home/rasp/ros2_ws/install/laser_filters/lib/laser_filters/scan_to_cloud_filter_chain
[0.907s] -- Set non-toolchain portion of runtime path of "/home/rasp/ros2_ws/install/laser_filters/lib/laser_filters/scan_to_cloud_filter_chain" to ""
[0.908s] -- Installing: /home/rasp/ros2_ws/install/laser_filters/lib/laser_filters/scan_to_scan_filter_chain
[0.913s] -- Set non-toolchain portion of runtime path of "/home/rasp/ros2_ws/install/laser_filters/lib/laser_filters/scan_to_scan_filter_chain" to ""
[0.913s] -- Installing: /home/rasp/ros2_ws/install/laser_filters/share/laser_filters/laser_filters_plugins.xml
[0.914s] -- Installing: /home/rasp/ros2_ws/install/laser_filters/include
[0.915s] -- Installing: /home/rasp/ros2_ws/install/laser_filters/include/laser_filters
[0.917s] -- Installing: /home/rasp/ros2_ws/install/laser_filters/include/laser_filters/scan_mask_filter.h
[0.922s] -- Installing: /home/rasp/ros2_ws/install/laser_filters/include/laser_filters/array_filter.h
[0.922s] -- Installing: /home/rasp/ros2_ws/install/laser_filters/include/laser_filters/angular_bounds_filter.h
[0.922s] -- Installing: /home/rasp/ros2_ws/install/laser_filters/include/laser_filters/scan_shadows_filter.h
[0.922s] -- Installing: /home/rasp/ros2_ws/install/laser_filters/include/laser_filters/scan_blob_filter.h
[0.922s] -- Installing: /home/rasp/ros2_ws/install/laser_filters/include/laser_filters/range_filter.h
[0.922s] -- Installing: /home/rasp/ros2_ws/install/laser_filters/include/laser_filters/box_filter.h
[0.922s] -- Installing: /home/rasp/ros2_ws/install/laser_filters/include/laser_filters/interpolation_filter.h
[0.923s] -- Installing: /home/rasp/ros2_ws/install/laser_filters/include/laser_filters/footprint_filter.h
[0.924s] -- Installing: /home/rasp/ros2_ws/install/laser_filters/include/laser_filters/scan_shadow_detector.h
[0.924s] -- Installing: /home/rasp/ros2_ws/install/laser_filters/include/laser_filters/sector_filter.h
[0.926s] -- Installing: /home/rasp/ros2_ws/install/laser_filters/include/laser_filters/speckle_filter.h
[0.927s] -- Installing: /home/rasp/ros2_ws/install/laser_filters/include/laser_filters/median_spatial_filter.h
[0.927s] -- Installing: /home/rasp/ros2_ws/install/laser_filters/include/laser_filters/intensity_filter.h
[0.927s] -- Installing: /home/rasp/ros2_ws/install/laser_filters/include/laser_filters/polygon_filter.h
[0.927s] -- Installing: /home/rasp/ros2_ws/install/laser_filters/include/laser_filters/median_filter.h
[0.928s] -- Installing: /home/rasp/ros2_ws/install/laser_filters/include/laser_filters/angular_bounds_filter_in_place.h
[0.929s] -- Installing: /home/rasp/ros2_ws/install/laser_filters/share/laser_filters/environment/library_path.sh
[0.929s] -- Installing: /home/rasp/ros2_ws/install/laser_filters/share/laser_filters/environment/library_path.dsv
[0.935s] -- Installing: /home/rasp/ros2_ws/install/laser_filters/lib/liblaser_scan_filters.so
[0.969s] -- Set non-toolchain portion of runtime path of "/home/rasp/ros2_ws/install/laser_filters/lib/liblaser_scan_filters.so" to ""
[0.969s] -- Installing: /home/rasp/ros2_ws/install/laser_filters/lib/liblaser_filter_chains.so
[1.002s] -- Set non-toolchain portion of runtime path of "/home/rasp/ros2_ws/install/laser_filters/lib/liblaser_filter_chains.so" to ""
[1.002s] -- Installing: /home/rasp/ros2_ws/install/laser_filters/lib/laser_filters/generic_laser_filter_node
[1.016s] -- Set non-toolchain portion of runtime path of "/home/rasp/ros2_ws/install/laser_filters/lib/laser_filters/generic_laser_filter_node" to ""
[1.017s] -- Installing: /home/rasp/ros2_ws/install/laser_filters/share/laser_filters/examples
[1.017s] -- Installing: /home/rasp/ros2_ws/install/laser_filters/share/laser_filters/examples/median_spatial_filter.launch.py
[1.021s] -- Installing: /home/rasp/ros2_ws/install/laser_filters/share/laser_filters/examples/median_spatial_filter.launch.xml
[1.021s] -- Installing: /home/rasp/ros2_ws/install/laser_filters/share/laser_filters/examples/range_filter_example.launch.py
[1.021s] -- Installing: /home/rasp/ros2_ws/install/laser_filters/share/laser_filters/examples/pass_through_example.launch.py
[1.021s] -- Installing: /home/rasp/ros2_ws/install/laser_filters/share/laser_filters/examples/intensity_filter_example.launch.py
[1.022s] -- Installing: /home/rasp/ros2_ws/install/laser_filters/share/laser_filters/examples/shadow_filter_example.yaml
[1.023s] -- Installing: /home/rasp/ros2_ws/install/laser_filters/share/laser_filters/examples/angular_filter_example.launch.py
[1.023s] -- Installing: /home/rasp/ros2_ws/install/laser_filters/share/laser_filters/examples/range_filter_example.yaml
[1.023s] -- Installing: /home/rasp/ros2_ws/install/laser_filters/share/laser_filters/examples/speckle_filter_example.yaml
[1.024s] -- Installing: /home/rasp/ros2_ws/install/laser_filters/share/laser_filters/examples/median_spatial_filter_example.yaml
[1.024s] -- Installing: /home/rasp/ros2_ws/install/laser_filters/share/laser_filters/examples/scan_blob_filter_example.yaml
[1.024s] -- Installing: /home/rasp/ros2_ws/install/laser_filters/share/laser_filters/examples/scan_blob_filter_example.launch.py
[1.025s] -- Installing: /home/rasp/ros2_ws/install/laser_filters/share/laser_filters/examples/sector_filter_example.launch.py
[1.025s] -- Installing: /home/rasp/ros2_ws/install/laser_filters/share/laser_filters/examples/angular_filter_example.yaml
[1.030s] -- Installing: /home/rasp/ros2_ws/install/laser_filters/share/laser_filters/examples/sector_filter_example.yaml
[1.030s] -- Installing: /home/rasp/ros2_ws/install/laser_filters/share/laser_filters/examples/speckle_filter_example.launch
[1.030s] -- Installing: /home/rasp/ros2_ws/install/laser_filters/share/laser_filters/examples/footprint_filter_example.yaml
[1.030s] -- Installing: /home/rasp/ros2_ws/install/laser_filters/share/laser_filters/examples/multiple_filters_example.launch.py
[1.030s] -- Installing: /home/rasp/ros2_ws/install/laser_filters/share/laser_filters/examples/pass_through_example.yaml
[1.031s] -- Installing: /home/rasp/ros2_ws/install/laser_filters/share/laser_filters/examples/polygon_filter_example.launch.py
[1.031s] -- Installing: /home/rasp/ros2_ws/install/laser_filters/share/laser_filters/examples/median_filter_example.launch.py
[1.032s] -- Installing: /home/rasp/ros2_ws/install/laser_filters/share/laser_filters/examples/median_filter_example.yaml
[1.032s] -- Installing: /home/rasp/ros2_ws/install/laser_filters/share/laser_filters/examples/multiple_filters_example.yaml
[1.032s] -- Installing: /home/rasp/ros2_ws/install/laser_filters/share/laser_filters/examples/intensity_filter_example.yaml
[1.034s] -- Installing: /home/rasp/ros2_ws/install/laser_filters/share/laser_filters/examples/polygon_filter_example.yaml
[1.035s] -- Installing: /home/rasp/ros2_ws/install/laser_filters/share/laser_filters/examples/footprint_filter_example.launch.py
[1.035s] -- Installing: /home/rasp/ros2_ws/install/laser_filters/share/laser_filters/examples/box_filter_example.launch.py
[1.036s] -- Installing: /home/rasp/ros2_ws/install/laser_filters/share/laser_filters/examples/mask_filter_example.launch.py
[1.038s] -- Installing: /home/rasp/ros2_ws/install/laser_filters/share/laser_filters/examples/box_filter_example.yaml
[1.040s] -- Installing: /home/rasp/ros2_ws/install/laser_filters/share/laser_filters/examples/shadow_filter_example.launch.py
[1.040s] -- Installing: /home/rasp/ros2_ws/install/laser_filters/share/laser_filters/examples/mask_filter_example.yaml
[1.040s] -- Installing: /home/rasp/ros2_ws/install/laser_filters/share/laser_filters/test
[1.040s] -- Installing: /home/rasp/ros2_ws/install/laser_filters/share/laser_filters/test/test_scan_filter_chain.cpp
[1.041s] -- Installing: /home/rasp/ros2_ws/install/laser_filters/share/laser_filters/test/test_speckle_filter.cpp
[1.041s] -- Installing: /home/rasp/ros2_ws/install/laser_filters/share/laser_filters/test/test_polygon_filter.test.py
[1.041s] -- Installing: /home/rasp/ros2_ws/install/laser_filters/share/laser_filters/test/test_shadow_detector.cpp
[1.041s] -- Installing: /home/rasp/ros2_ws/install/laser_filters/share/laser_filters/test/test_speckle_filter.yaml
[1.042s] -- Installing: /home/rasp/ros2_ws/install/laser_filters/share/laser_filters/test/test_scan_shadows_filter.cpp
[1.042s] -- Installing: /home/rasp/ros2_ws/install/laser_filters/share/laser_filters/test/test_scan_filter_chain.yaml
[1.044s] -- Installing: /home/rasp/ros2_ws/install/laser_filters/share/laser_filters/test/fake_laser.py
[1.044s] -- Installing: /home/rasp/ros2_ws/install/laser_filters/share/laser_filters/test/test_polygon_filter.yaml
[1.044s] -- Installing: /home/rasp/ros2_ws/install/laser_filters/share/laser_filters/test/test_scan_filter_chain.launch
[1.044s] -- Installing: /home/rasp/ros2_ws/install/laser_filters/share/laser_filters/test/test_speckle_filter.test.py
[1.045s] -- Installing: /home/rasp/ros2_ws/install/laser_filters/share/ament_index/resource_index/package_run_dependencies/laser_filters
[1.046s] -- Installing: /home/rasp/ros2_ws/install/laser_filters/share/ament_index/resource_index/parent_prefix_path/laser_filters
[1.046s] -- Installing: /home/rasp/ros2_ws/install/laser_filters/share/laser_filters/environment/ament_prefix_path.sh
[1.048s] -- Installing: /home/rasp/ros2_ws/install/laser_filters/share/laser_filters/environment/ament_prefix_path.dsv
[1.048s] -- Installing: /home/rasp/ros2_ws/install/laser_filters/share/laser_filters/environment/path.sh
[1.048s] -- Installing: /home/rasp/ros2_ws/install/laser_filters/share/laser_filters/environment/path.dsv
[1.048s] -- Installing: /home/rasp/ros2_ws/install/laser_filters/share/laser_filters/local_setup.bash
[1.049s] -- Installing: /home/rasp/ros2_ws/install/laser_filters/share/laser_filters/local_setup.sh
[1.049s] -- Installing: /home/rasp/ros2_ws/install/laser_filters/share/laser_filters/local_setup.zsh
[1.050s] -- Installing: /home/rasp/ros2_ws/install/laser_filters/share/laser_filters/local_setup.dsv
[1.051s] -- Installing: /home/rasp/ros2_ws/install/laser_filters/share/laser_filters/package.dsv
[1.051s] -- Installing: /home/rasp/ros2_ws/install/laser_filters/share/ament_index/resource_index/packages/laser_filters
[1.051s] -- Installing: /home/rasp/ros2_ws/install/laser_filters/share/ament_index/resource_index/filters__pluginlib__plugin/laser_filters
[1.052s] -- Installing: /home/rasp/ros2_ws/install/laser_filters/share/ament_index/resource_index/rclcpp_components/laser_filters
[1.053s] -- Installing: /home/rasp/ros2_ws/install/laser_filters/share/laser_filters/cmake/ament_cmake_export_dependencies-extras.cmake
[1.053s] -- Installing: /home/rasp/ros2_ws/install/laser_filters/share/laser_filters/cmake/ament_cmake_export_include_directories-extras.cmake
[1.053s] -- Installing: /home/rasp/ros2_ws/install/laser_filters/share/laser_filters/cmake/ament_cmake_export_libraries-extras.cmake
[1.054s] -- Installing: /home/rasp/ros2_ws/install/laser_filters/share/laser_filters/cmake/laser_filtersConfig.cmake
[1.055s] -- Installing: /home/rasp/ros2_ws/install/laser_filters/share/laser_filters/cmake/laser_filtersConfig-version.cmake
[1.055s] -- Installing: /home/rasp/ros2_ws/install/laser_filters/share/laser_filters/package.xml
[1.058s] Invoked command in '/home/rasp/ros2_ws/build/laser_filters' returned '0': CMAKE_PREFIX_PATH=${CMAKE_PREFIX_PATH}:/home/rasp/ros2_ws/install/robot_description:/home/rasp/ros2_ws/install/sensor_msgs_py:/opt/ros/jazzy DEBUGINFOD_URLS=https://debuginfod.ubuntu.com /usr/bin/cmake --install /home/rasp/ros2_ws/build/laser_filters
