[0.020s] Invoking command in '/home/rasp/ros2_ws/build/rf2o_laser_odometry': CMAKE_PREFIX_PATH=${CMAKE_PREFIX_PATH}:/home/rasp/ros2_ws/install/robot_description:/home/rasp/ros2_ws/install/sensor_msgs_py:/opt/ros/jazzy DEBUGINFOD_URLS=https://debuginfod.ubuntu.com /usr/bin/cmake /home/rasp/ros2_ws/src/rf2o_laser_odometry -DCMAKE_INSTALL_PREFIX=/home/rasp/ros2_ws/install/rf2o_laser_odometry
[0.110s] -- The C compiler identification is GNU 13.3.0
[0.179s] -- The CXX compiler identification is GNU 13.3.0
[0.206s] -- Detecting C compiler ABI info
[0.357s] -- Detecting C compiler ABI info - done
[0.365s] -- Check for working C compiler: /usr/bin/cc - skipped
[0.365s] -- Detecting C compile features
[0.366s] -- Detecting C compile features - done
[0.383s] -- Detecting CXX compiler ABI info
[0.593s] -- Detecting CXX compiler ABI info - done
[0.602s] -- Check for working CXX compiler: /usr/bin/c++ - skipped
[0.602s] -- Detecting CXX compile features
[0.603s] -- Detecting CXX compile features - done
[0.615s] -- Found ament_cmake: 2.5.3 (/opt/ros/jazzy/share/ament_cmake/cmake)
[0.878s] -- Found Python3: /usr/bin/python3 (found version "3.12.3") found components: Interpreter 
[1.123s] -- Found rclcpp: 28.1.8 (/opt/ros/jazzy/share/rclcpp/cmake)
[1.240s] -- Found rosidl_generator_c: 4.6.5 (/opt/ros/jazzy/share/rosidl_generator_c/cmake)
[1.279s] -- Found rosidl_generator_cpp: 4.6.5 (/opt/ros/jazzy/share/rosidl_generator_cpp/cmake)
[1.318s] -- Using all available rosidl_typesupport_c: rosidl_typesupport_microxrcedds_c;rosidl_typesupport_fastrtps_c;rosidl_typesupport_introspection_c
[1.346s] -- Found rosidl_adapter: 4.6.5 (/opt/ros/jazzy/share/rosidl_adapter/cmake)
[1.399s] -- Using all available rosidl_typesupport_cpp: rosidl_typesupport_microxrcedds_cpp;rosidl_typesupport_fastrtps_cpp;rosidl_typesupport_introspection_cpp
[1.573s] -- Found rmw_implementation_cmake: 7.3.2 (/opt/ros/jazzy/share/rmw_implementation_cmake/cmake)
[1.587s] -- Found rmw_fastrtps_cpp: 8.4.2 (/opt/ros/jazzy/share/rmw_fastrtps_cpp/cmake)
[1.758s] -- Found OpenSSL: /usr/lib/x86_64-linux-gnu/libcrypto.so (found version "3.0.13")  
[1.786s] -- Found FastRTPS: /opt/ros/jazzy/include (Required is at least version "2.13") 
[1.818s] -- Using RMW implementation 'rmw_fastrtps_cpp' as default
[1.938s] -- Found std_msgs: 5.3.6 (/home/rasp/ros2_ws/install/std_msgs/share/std_msgs/cmake)
[1.959s] -- Found geometry_msgs: 5.3.6 (/home/rasp/ros2_ws/install/geometry_msgs/share/geometry_msgs/cmake)
[1.987s] -- Found tf2_geometry_msgs: 0.36.9 (/opt/ros/jazzy/share/tf2_geometry_msgs/cmake)
[2.044s] -- Found eigen3_cmake_module: 0.3.0 (/opt/ros/jazzy/share/eigen3_cmake_module/cmake)
[2.048s] -- Found Eigen3: TRUE (found version "3.4.0") 
[2.048s] -- Ensuring Eigen3 include directory is part of orocos-kdl CMake target
[2.404s] -- Found sensor_msgs: 5.3.6 (/home/rasp/ros2_ws/install/sensor_msgs/share/sensor_msgs/cmake)
[2.438s] -- Found nav_msgs: 5.3.6 (/home/rasp/ros2_ws/install/nav_msgs/share/nav_msgs/cmake)
[2.512s] -- Found Boost: /usr/lib/x86_64-linux-gnu/cmake/Boost-1.83.0/BoostConfig.cmake (found version "1.83.0")  
[2.720s] -- Configuring done (2.7s)
[2.775s] -- Generating done (0.0s)
[2.782s] -- Build files have been written to: /home/rasp/ros2_ws/build/rf2o_laser_odometry
[2.798s] Invoked command in '/home/rasp/ros2_ws/build/rf2o_laser_odometry' returned '0': CMAKE_PREFIX_PATH=${CMAKE_PREFIX_PATH}:/home/rasp/ros2_ws/install/robot_description:/home/rasp/ros2_ws/install/sensor_msgs_py:/opt/ros/jazzy DEBUGINFOD_URLS=https://debuginfod.ubuntu.com /usr/bin/cmake /home/rasp/ros2_ws/src/rf2o_laser_odometry -DCMAKE_INSTALL_PREFIX=/home/rasp/ros2_ws/install/rf2o_laser_odometry
[2.799s] Invoking command in '/home/rasp/ros2_ws/build/rf2o_laser_odometry': CMAKE_PREFIX_PATH=${CMAKE_PREFIX_PATH}:/home/rasp/ros2_ws/install/robot_description:/home/rasp/ros2_ws/install/sensor_msgs_py:/opt/ros/jazzy DEBUGINFOD_URLS=https://debuginfod.ubuntu.com /usr/bin/cmake --build /home/rasp/ros2_ws/build/rf2o_laser_odometry -- -j2 -l2
[2.947s] [ 20%] [32mBuilding CXX object CMakeFiles/rf2o_laser_odometry_node.dir/src/CLaserOdometry2DNode.cpp.o[0m
[2.951s] [ 40%] [32mBuilding CXX object CMakeFiles/rf2o_laser_odometry.dir/src/CLaserOdometry2D.cpp.o[0m
[299.580s] [01m[Kc++:[m[K [01;31m[Kfatal error: [m[KProcessus arrêté signal terminated program cc1plus
[299.646s] compilation terminated.
[299.646s] gmake[2]: *** [CMakeFiles/rf2o_laser_odometry.dir/build.make:76 : CMakeFiles/rf2o_laser_odometry.dir/src/CLaserOdometry2D.cpp.o] Erreur 1
[299.646s] gmake[1]: *** [CMakeFiles/Makefile2:165 : CMakeFiles/rf2o_laser_odometry.dir/all] Erreur 2
[299.646s] gmake[1]: *** Attente des tâches non terminées....
[326.971s] [ 60%] [32mBuilding CXX object CMakeFiles/rf2o_laser_odometry_node.dir/src/CLaserOdometry2D.cpp.o[0m
[403.219s] [ 80%] [32m[1mLinking CXX executable rf2o_laser_odometry_node[0m
[404.540s] [ 80%] Built target rf2o_laser_odometry_node
[404.555s] gmake: *** [Makefile:146 : all] Erreur 2
[404.663s] Invoked command in '/home/rasp/ros2_ws/build/rf2o_laser_odometry' returned '2': CMAKE_PREFIX_PATH=${CMAKE_PREFIX_PATH}:/home/rasp/ros2_ws/install/robot_description:/home/rasp/ros2_ws/install/sensor_msgs_py:/opt/ros/jazzy DEBUGINFOD_URLS=https://debuginfod.ubuntu.com /usr/bin/cmake --build /home/rasp/ros2_ws/build/rf2o_laser_odometry -- -j2 -l2
