[1.299s] Invoking command in '/home/rasp/ros2_ws/src/ros2/common_interfaces/sensor_msgs_py': AMENT_PREFIX_PATH=/home/rasp/ros2_ws/install/sensor_msgs:/home/rasp/ros2_ws/install/geometry_msgs:/home/rasp/ros2_ws/install/std_msgs:/home/rasp/ros2_ws/install/builtin_interfaces:${AMENT_PREFIX_PATH} CMAKE_PREFIX_PATH=/home/rasp/ros2_ws/install/sensor_msgs:/home/rasp/ros2_ws/install/geometry_msgs:/home/rasp/ros2_ws/install/std_msgs:/home/rasp/ros2_ws/install/builtin_interfaces:${CMAKE_PREFIX_PATH} DEBUGINFOD_URLS=https://debuginfod.ubuntu.com LD_LIBRARY_PATH=/home/rasp/ros2_ws/install/sensor_msgs/lib:/home/rasp/ros2_ws/install/geometry_msgs/lib:/home/rasp/ros2_ws/install/std_msgs/lib:/home/rasp/ros2_ws/install/builtin_interfaces/lib:${LD_LIBRARY_PATH} PYTHONPATH=/home/rasp/ros2_ws/build/sensor_msgs_py/prefix_override:/usr/lib/python3/dist-packages/colcon_core/task/python/colcon_distutils_commands:/home/rasp/ros2_ws/install/sensor_msgs_py/lib/python3.12/site-packages:/home/rasp/ros2_ws/install/sensor_msgs/lib/python3.12/site-packages:/home/rasp/ros2_ws/install/geometry_msgs/lib/python3.12/site-packages:/home/rasp/ros2_ws/install/std_msgs/lib/python3.12/site-packages:/home/rasp/ros2_ws/install/builtin_interfaces/lib/python3.12/site-packages:${PYTHONPATH} /usr/bin/python3 -W ignore:setup.py install is deprecated -W ignore:easy_install command is deprecated setup.py egg_info --egg-base ../../../../build/sensor_msgs_py build --build-base /home/rasp/ros2_ws/build/sensor_msgs_py/build install --record /home/rasp/ros2_ws/build/sensor_msgs_py/install.log --single-version-externally-managed install_data
[1.581s] running egg_info
[1.583s] creating ../../../../build/sensor_msgs_py/sensor_msgs_py.egg-info
[1.601s] writing ../../../../build/sensor_msgs_py/sensor_msgs_py.egg-info/PKG-INFO
[1.602s] writing dependency_links to ../../../../build/sensor_msgs_py/sensor_msgs_py.egg-info/dependency_links.txt
[1.602s] writing requirements to ../../../../build/sensor_msgs_py/sensor_msgs_py.egg-info/requires.txt
[1.602s] writing top-level names to ../../../../build/sensor_msgs_py/sensor_msgs_py.egg-info/top_level.txt
[1.602s] writing manifest file '../../../../build/sensor_msgs_py/sensor_msgs_py.egg-info/SOURCES.txt'
[1.642s] reading manifest file '../../../../build/sensor_msgs_py/sensor_msgs_py.egg-info/SOURCES.txt'
[1.642s] adding license file 'LICENSE'
[1.643s] writing manifest file '../../../../build/sensor_msgs_py/sensor_msgs_py.egg-info/SOURCES.txt'
[1.643s] running build
[1.644s] running build_py
[1.645s] creating /home/rasp/ros2_ws/build/sensor_msgs_py/build
[1.645s] creating /home/rasp/ros2_ws/build/sensor_msgs_py/build/lib
[1.645s] creating /home/rasp/ros2_ws/build/sensor_msgs_py/build/lib/sensor_msgs_py
[1.645s] copying sensor_msgs_py/__init__.py -> /home/rasp/ros2_ws/build/sensor_msgs_py/build/lib/sensor_msgs_py
[1.645s] copying sensor_msgs_py/numpy_compat.py -> /home/rasp/ros2_ws/build/sensor_msgs_py/build/lib/sensor_msgs_py
[1.645s] copying sensor_msgs_py/point_cloud2.py -> /home/rasp/ros2_ws/build/sensor_msgs_py/build/lib/sensor_msgs_py
[1.647s] running install
[1.651s] running install_lib
[1.671s] creating /home/rasp/ros2_ws/install/sensor_msgs_py/lib/python3.12/site-packages/sensor_msgs_py
[1.673s] copying /home/rasp/ros2_ws/build/sensor_msgs_py/build/lib/sensor_msgs_py/__init__.py -> /home/rasp/ros2_ws/install/sensor_msgs_py/lib/python3.12/site-packages/sensor_msgs_py
[1.673s] copying /home/rasp/ros2_ws/build/sensor_msgs_py/build/lib/sensor_msgs_py/numpy_compat.py -> /home/rasp/ros2_ws/install/sensor_msgs_py/lib/python3.12/site-packages/sensor_msgs_py
[1.674s] copying /home/rasp/ros2_ws/build/sensor_msgs_py/build/lib/sensor_msgs_py/point_cloud2.py -> /home/rasp/ros2_ws/install/sensor_msgs_py/lib/python3.12/site-packages/sensor_msgs_py
[1.675s] byte-compiling /home/rasp/ros2_ws/install/sensor_msgs_py/lib/python3.12/site-packages/sensor_msgs_py/__init__.py to __init__.cpython-312.pyc
[1.675s] byte-compiling /home/rasp/ros2_ws/install/sensor_msgs_py/lib/python3.12/site-packages/sensor_msgs_py/numpy_compat.py to numpy_compat.cpython-312.pyc
[1.677s] byte-compiling /home/rasp/ros2_ws/install/sensor_msgs_py/lib/python3.12/site-packages/sensor_msgs_py/point_cloud2.py to point_cloud2.cpython-312.pyc
[1.680s] running install_data
[1.681s] creating /home/rasp/ros2_ws/install/sensor_msgs_py/share/ament_index
[1.681s] creating /home/rasp/ros2_ws/install/sensor_msgs_py/share/ament_index/resource_index
[1.681s] creating /home/rasp/ros2_ws/install/sensor_msgs_py/share/ament_index/resource_index/packages
[1.682s] copying resource/sensor_msgs_py -> /home/rasp/ros2_ws/install/sensor_msgs_py/share/ament_index/resource_index/packages
[1.682s] copying package.xml -> /home/rasp/ros2_ws/install/sensor_msgs_py/share/sensor_msgs_py
[1.684s] running install_egg_info
[1.705s] Copying ../../../../build/sensor_msgs_py/sensor_msgs_py.egg-info to /home/rasp/ros2_ws/install/sensor_msgs_py/lib/python3.12/site-packages/sensor_msgs_py-5.3.6-py3.12.egg-info
[1.706s] running install_scripts
[1.849s] writing list of installed files to '/home/rasp/ros2_ws/build/sensor_msgs_py/install.log'
[1.888s] Invoked command in '/home/rasp/ros2_ws/src/ros2/common_interfaces/sensor_msgs_py' returned '0': AMENT_PREFIX_PATH=/home/rasp/ros2_ws/install/sensor_msgs:/home/rasp/ros2_ws/install/geometry_msgs:/home/rasp/ros2_ws/install/std_msgs:/home/rasp/ros2_ws/install/builtin_interfaces:${AMENT_PREFIX_PATH} CMAKE_PREFIX_PATH=/home/rasp/ros2_ws/install/sensor_msgs:/home/rasp/ros2_ws/install/geometry_msgs:/home/rasp/ros2_ws/install/std_msgs:/home/rasp/ros2_ws/install/builtin_interfaces:${CMAKE_PREFIX_PATH} DEBUGINFOD_URLS=https://debuginfod.ubuntu.com LD_LIBRARY_PATH=/home/rasp/ros2_ws/install/sensor_msgs/lib:/home/rasp/ros2_ws/install/geometry_msgs/lib:/home/rasp/ros2_ws/install/std_msgs/lib:/home/rasp/ros2_ws/install/builtin_interfaces/lib:${LD_LIBRARY_PATH} PYTHONPATH=/home/rasp/ros2_ws/build/sensor_msgs_py/prefix_override:/usr/lib/python3/dist-packages/colcon_core/task/python/colcon_distutils_commands:/home/rasp/ros2_ws/install/sensor_msgs_py/lib/python3.12/site-packages:/home/rasp/ros2_ws/install/sensor_msgs/lib/python3.12/site-packages:/home/rasp/ros2_ws/install/geometry_msgs/lib/python3.12/site-packages:/home/rasp/ros2_ws/install/std_msgs/lib/python3.12/site-packages:/home/rasp/ros2_ws/install/builtin_interfaces/lib/python3.12/site-packages:${PYTHONPATH} /usr/bin/python3 -W ignore:setup.py install is deprecated -W ignore:easy_install command is deprecated setup.py egg_info --egg-base ../../../../build/sensor_msgs_py build --build-base /home/rasp/ros2_ws/build/sensor_msgs_py/build install --record /home/rasp/ros2_ws/build/sensor_msgs_py/install.log --single-version-externally-managed install_data
