[0.022s] Invoking command in '/home/rasp/ros2_ws/build/laser_filters': CMAKE_PREFIX_PATH=${CMAKE_PREFIX_PATH}:/home/rasp/ros2_ws/install/robot_description:/home/rasp/ros2_ws/install/sensor_msgs_py:/opt/ros/jazzy DEBUGINFOD_URLS=https://debuginfod.ubuntu.com /usr/bin/cmake /home/rasp/ros2_ws/src/laser_filters -DCMAKE_INSTALL_PREFIX=/home/rasp/ros2_ws/install/laser_filters
[0.354s] -- The C compiler identification is GNU 13.3.0
[0.641s] -- The CXX compiler identification is GNU 13.3.0
[0.706s] -- Detecting C compiler ABI info
[0.984s] -- Detecting C compiler ABI info - done
[0.990s] -- Check for working C compiler: /usr/bin/cc - skipped
[0.990s] -- Detecting C compile features
[0.991s] -- Detecting C compile features - done
[1.011s] -- Detecting CXX compiler ABI info
[1.210s] -- Detecting CXX compiler ABI info - done
[1.224s] -- Check for working CXX compiler: /usr/bin/c++ - skipped
[1.224s] -- Detecting CXX compile features
[1.228s] -- Detecting CXX compile features - done
[1.275s] -- Found ament_cmake_auto: 2.5.3 (/opt/ros/jazzy/share/ament_cmake_auto/cmake)
[1.586s] -- Found Python3: /usr/bin/python3 (found version "3.12.3") found components: Interpreter 
[2.198s] -- Found TinyXML2 via Config file: /usr/lib/x86_64-linux-gnu/cmake/tinyxml2
[2.340s] -- Found rosidl_generator_c: 4.6.5 (/opt/ros/jazzy/share/rosidl_generator_c/cmake)
[2.386s] -- Found rosidl_generator_cpp: 4.6.5 (/opt/ros/jazzy/share/rosidl_generator_cpp/cmake)
[2.444s] -- Using all available rosidl_typesupport_c: rosidl_typesupport_microxrcedds_c;rosidl_typesupport_fastrtps_c;rosidl_typesupport_introspection_c
[2.478s] -- Found rosidl_adapter: 4.6.5 (/opt/ros/jazzy/share/rosidl_adapter/cmake)
[2.538s] -- Using all available rosidl_typesupport_cpp: rosidl_typesupport_microxrcedds_cpp;rosidl_typesupport_fastrtps_cpp;rosidl_typesupport_introspection_cpp
[2.767s] -- Found rmw_implementation_cmake: 7.3.2 (/opt/ros/jazzy/share/rmw_implementation_cmake/cmake)
[2.784s] -- Found rmw_fastrtps_cpp: 8.4.2 (/opt/ros/jazzy/share/rmw_fastrtps_cpp/cmake)
[2.863s] -- Found TinyXML2 via Config file: /usr/lib/x86_64-linux-gnu/cmake/tinyxml2
[3.015s] -- Found OpenSSL: /usr/lib/x86_64-linux-gnu/libcrypto.so (found version "3.0.13")  
[3.020s] -- Found TinyXML2 via Config file: /usr/lib/x86_64-linux-gnu/cmake/tinyxml2
[3.052s] -- Found FastRTPS: /opt/ros/jazzy/include (Required is at least version "2.13") 
[3.056s] -- Found TinyXML2 via Config file: /usr/lib/x86_64-linux-gnu/cmake/tinyxml2
[3.069s] -- Found TinyXML2 via Config file: /usr/lib/x86_64-linux-gnu/cmake/tinyxml2
[3.086s] -- Using RMW implementation 'rmw_fastrtps_cpp' as default
[3.641s] -- Found eigen3_cmake_module: 0.3.0 (/opt/ros/jazzy/share/eigen3_cmake_module/cmake)
[3.642s] -- Found Eigen3: TRUE (found version "3.4.0") 
[3.642s] -- Ensuring Eigen3 include directory is part of orocos-kdl CMake target
[3.983s] -- Found ament_cmake_gtest: 2.5.3 (/opt/ros/jazzy/share/ament_cmake_gtest/cmake)
[3.997s] -- Found gtest sources under '/opt/ros/jazzy/src/gtest_vendor': C++ tests using 'Google Test' will be built
[4.004s] -- Performing Test CMAKE_HAVE_LIBC_PTHREAD
[4.284s] -- Performing Test CMAKE_HAVE_LIBC_PTHREAD - Success
[4.285s] -- Found Threads: TRUE  
[4.313s] -- Found launch_testing_ament_cmake: 3.4.4 (/opt/ros/jazzy/share/launch_testing_ament_cmake/cmake)
[4.325s] -- Found python_cmake_module: 0.11.1 (/opt/ros/jazzy/share/python_cmake_module/cmake)
[4.537s] -- Found PythonExtra: /usr/bin/python3  
[4.543s] -- Configuring done (4.5s)
[4.677s] -- Generating done (0.1s)
[4.707s] -- Build files have been written to: /home/rasp/ros2_ws/build/laser_filters
[4.727s] Invoked command in '/home/rasp/ros2_ws/build/laser_filters' returned '0': CMAKE_PREFIX_PATH=${CMAKE_PREFIX_PATH}:/home/rasp/ros2_ws/install/robot_description:/home/rasp/ros2_ws/install/sensor_msgs_py:/opt/ros/jazzy DEBUGINFOD_URLS=https://debuginfod.ubuntu.com /usr/bin/cmake /home/rasp/ros2_ws/src/laser_filters -DCMAKE_INSTALL_PREFIX=/home/rasp/ros2_ws/install/laser_filters
[4.727s] Invoking command in '/home/rasp/ros2_ws/build/laser_filters': CMAKE_PREFIX_PATH=${CMAKE_PREFIX_PATH}:/home/rasp/ros2_ws/install/robot_description:/home/rasp/ros2_ws/install/sensor_msgs_py:/opt/ros/jazzy DEBUGINFOD_URLS=https://debuginfod.ubuntu.com /usr/bin/cmake --build /home/rasp/ros2_ws/build/laser_filters -- -j2 -l2
[4.974s] [  4%] [32mBuilding CXX object CMakeFiles/laser_scan_filters.dir/src/laser_scan_filters.cpp.o[0m
[5.049s] [  8%] [32mBuilding CXX object CMakeFiles/scan_to_cloud_filter_chain.dir/rclcpp_components/node_main_scan_to_cloud_filter_chain.cpp.o[0m
[21.345s] [ 13%] [32m[1mLinking CXX executable scan_to_cloud_filter_chain[0m
[21.834s] [ 13%] Built target scan_to_cloud_filter_chain
[22.065s] [ 17%] [32mBuilding CXX object CMakeFiles/scan_to_scan_filter_chain.dir/rclcpp_components/node_main_scan_to_scan_filter_chain.cpp.o[0m
[36.165s] [ 21%] [32m[1mLinking CXX executable scan_to_scan_filter_chain[0m
[36.835s] [ 21%] Built target scan_to_scan_filter_chain
[37.018s] [ 26%] [32mBuilding CXX object gtest/CMakeFiles/gtest_main.dir/src/gtest_main.cc.o[0m
[39.061s] [ 30%] [32m[1mLinking CXX static library libgtest_main.a[0m
[39.833s] [ 30%] Built target gtest_main
[315.896s] [ 34%] [32m[1mLinking CXX shared library liblaser_scan_filters.so[0m
[316.814s] [ 34%] Built target laser_scan_filters
[316.877s] [ 39%] [32mBuilding CXX object gtest/CMakeFiles/gtest.dir/src/gtest-all.cc.o[0m
[321.020s] [ 43%] [32m[1mLinking CXX static library libgtest.a[0m
[321.458s] [ 43%] Built target gtest
[321.533s] [ 47%] [32mBuilding CXX object CMakeFiles/laser_filter_chains.dir/src/scan_to_cloud_filter_chain.cpp.o[0m
[344.033s] [ 52%] [32mBuilding CXX object CMakeFiles/laser_filter_chains.dir/src/scan_to_scan_filter_chain.cpp.o[0m
[389.264s] [ 56%] [32m[1mLinking CXX shared library liblaser_filter_chains.so[0m
[390.669s] [ 56%] Built target laser_filter_chains
[390.736s] [ 60%] [32mBuilding CXX object CMakeFiles/test_scan_filter_chain.dir/test/test_scan_filter_chain.cpp.o[0m
[399.426s] [ 65%] [32m[1mLinking CXX executable test_scan_filter_chain[0m
[400.067s] [ 65%] Built target test_scan_filter_chain
[400.130s] [ 69%] [32mBuilding CXX object CMakeFiles/test_shadow_detector.dir/test/test_shadow_detector.cpp.o[0m
[401.613s] [ 73%] [32m[1mLinking CXX executable test_shadow_detector[0m
[402.131s] [ 73%] Built target test_shadow_detector
[402.198s] [ 78%] [32mBuilding CXX object CMakeFiles/test_speckle_filter.dir/test/test_speckle_filter.cpp.o[0m
[407.300s] [ 82%] [32m[1mLinking CXX executable test_speckle_filter[0m
[407.596s] [ 82%] Built target test_speckle_filter
[407.654s] [ 86%] [32mBuilding CXX object CMakeFiles/test_scan_shadows_filter.dir/test/test_scan_shadows_filter.cpp.o[0m
[413.083s] [ 91%] [32m[1mLinking CXX executable test_scan_shadows_filter[0m
[413.401s] [ 91%] Built target test_scan_shadows_filter
[413.457s] [ 95%] [32mBuilding CXX object CMakeFiles/generic_laser_filter_node.dir/src/generic_laser_filter_node.cpp.o[0m
[426.723s] [100%] [32m[1mLinking CXX executable generic_laser_filter_node[0m
[427.273s] [100%] Built target generic_laser_filter_node
