[0.025s] Invoking command in '/home/rasp/ros2_ws/build/laser_filters': CMAKE_PREFIX_PATH=${CMAKE_PREFIX_PATH}:/home/rasp/ros2_ws/install/sensor_msgs_py:/home/rasp/ros2_ws/install/robot_description:/opt/ros/jazzy DEBUGINFOD_URLS=https://debuginfod.ubuntu.com /usr/bin/cmake --build /home/rasp/ros2_ws/build/laser_filters -- -j2 -l2
[0.360s] [  8%] Built target scan_to_cloud_filter_chain
[0.387s] [ 17%] Built target laser_scan_filters
[0.475s] [ 26%] Built target scan_to_scan_filter_chain
[0.486s] [ 34%] Built target gtest_main
[0.580s] [ 43%] Built target gtest
[0.611s] [ 56%] Built target laser_filter_chains
[0.702s] [ 65%] Built target test_scan_filter_chain
[0.723s] [ 73%] Built target test_shadow_detector
[0.821s] [ 82%] Built target test_speckle_filter
[0.837s] [ 91%] Built target test_scan_shadows_filter
[0.916s] [100%] Built target generic_laser_filter_node
[0.955s] Invoked command in '/home/rasp/ros2_ws/build/laser_filters' returned '0': CMAKE_PREFIX_PATH=${CMAKE_PREFIX_PATH}:/home/rasp/ros2_ws/install/sensor_msgs_py:/home/rasp/ros2_ws/install/robot_description:/opt/ros/jazzy DEBUGINFOD_URLS=https://debuginfod.ubuntu.com /usr/bin/cmake --build /home/rasp/ros2_ws/build/laser_filters -- -j2 -l2
[0.987s] Invoking command in '/home/rasp/ros2_ws/build/laser_filters': CMAKE_PREFIX_PATH=${CMAKE_PREFIX_PATH}:/home/rasp/ros2_ws/install/sensor_msgs_py:/home/rasp/ros2_ws/install/robot_description:/opt/ros/jazzy DEBUGINFOD_URLS=https://debuginfod.ubuntu.com /usr/bin/cmake --install /home/rasp/ros2_ws/build/laser_filters
[1.023s] -- Install configuration: ""
[1.026s] -- Up-to-date: /home/rasp/ros2_ws/install/laser_filters/lib/laser_filters/scan_to_cloud_filter_chain
[1.027s] -- Up-to-date: /home/rasp/ros2_ws/install/laser_filters/lib/laser_filters/scan_to_scan_filter_chain
[1.027s] -- Up-to-date: /home/rasp/ros2_ws/install/laser_filters/share/laser_filters/laser_filters_plugins.xml
[1.027s] -- Up-to-date: /home/rasp/ros2_ws/install/laser_filters/include
[1.032s] -- Up-to-date: /home/rasp/ros2_ws/install/laser_filters/include/laser_filters
[1.032s] -- Up-to-date: /home/rasp/ros2_ws/install/laser_filters/include/laser_filters/scan_mask_filter.h
[1.032s] -- Up-to-date: /home/rasp/ros2_ws/install/laser_filters/include/laser_filters/array_filter.h
[1.032s] -- Up-to-date: /home/rasp/ros2_ws/install/laser_filters/include/laser_filters/angular_bounds_filter.h
[1.032s] -- Up-to-date: /home/rasp/ros2_ws/install/laser_filters/include/laser_filters/scan_shadows_filter.h
[1.032s] -- Up-to-date: /home/rasp/ros2_ws/install/laser_filters/include/laser_filters/scan_blob_filter.h
[1.032s] -- Up-to-date: /home/rasp/ros2_ws/install/laser_filters/include/laser_filters/range_filter.h
[1.032s] -- Up-to-date: /home/rasp/ros2_ws/install/laser_filters/include/laser_filters/box_filter.h
[1.032s] -- Up-to-date: /home/rasp/ros2_ws/install/laser_filters/include/laser_filters/interpolation_filter.h
[1.032s] -- Up-to-date: /home/rasp/ros2_ws/install/laser_filters/include/laser_filters/footprint_filter.h
[1.032s] -- Up-to-date: /home/rasp/ros2_ws/install/laser_filters/include/laser_filters/scan_shadow_detector.h
[1.032s] -- Up-to-date: /home/rasp/ros2_ws/install/laser_filters/include/laser_filters/sector_filter.h
[1.033s] -- Up-to-date: /home/rasp/ros2_ws/install/laser_filters/include/laser_filters/speckle_filter.h
[1.033s] -- Up-to-date: /home/rasp/ros2_ws/install/laser_filters/include/laser_filters/median_spatial_filter.h
[1.033s] -- Up-to-date: /home/rasp/ros2_ws/install/laser_filters/include/laser_filters/intensity_filter.h
[1.033s] -- Up-to-date: /home/rasp/ros2_ws/install/laser_filters/include/laser_filters/polygon_filter.h
[1.033s] -- Up-to-date: /home/rasp/ros2_ws/install/laser_filters/include/laser_filters/median_filter.h
[1.033s] -- Up-to-date: /home/rasp/ros2_ws/install/laser_filters/include/laser_filters/angular_bounds_filter_in_place.h
[1.033s] -- Up-to-date: /home/rasp/ros2_ws/install/laser_filters/share/laser_filters/environment/library_path.sh
[1.033s] -- Up-to-date: /home/rasp/ros2_ws/install/laser_filters/share/laser_filters/environment/library_path.dsv
[1.034s] -- Up-to-date: /home/rasp/ros2_ws/install/laser_filters/lib/liblaser_scan_filters.so
[1.035s] -- Up-to-date: /home/rasp/ros2_ws/install/laser_filters/lib/liblaser_filter_chains.so
[1.036s] -- Up-to-date: /home/rasp/ros2_ws/install/laser_filters/lib/laser_filters/generic_laser_filter_node
[1.037s] -- Up-to-date: /home/rasp/ros2_ws/install/laser_filters/share/laser_filters/examples
[1.037s] -- Up-to-date: /home/rasp/ros2_ws/install/laser_filters/share/laser_filters/examples/median_spatial_filter.launch.py
[1.038s] -- Up-to-date: /home/rasp/ros2_ws/install/laser_filters/share/laser_filters/examples/median_spatial_filter.launch.xml
[1.038s] -- Up-to-date: /home/rasp/ros2_ws/install/laser_filters/share/laser_filters/examples/range_filter_example.launch.py
[1.038s] -- Up-to-date: /home/rasp/ros2_ws/install/laser_filters/share/laser_filters/examples/pass_through_example.launch.py
[1.038s] -- Up-to-date: /home/rasp/ros2_ws/install/laser_filters/share/laser_filters/examples/intensity_filter_example.launch.py
[1.038s] -- Up-to-date: /home/rasp/ros2_ws/install/laser_filters/share/laser_filters/examples/shadow_filter_example.yaml
[1.038s] -- Up-to-date: /home/rasp/ros2_ws/install/laser_filters/share/laser_filters/examples/angular_filter_example.launch.py
[1.039s] -- Up-to-date: /home/rasp/ros2_ws/install/laser_filters/share/laser_filters/examples/range_filter_example.yaml
[1.039s] -- Up-to-date: /home/rasp/ros2_ws/install/laser_filters/share/laser_filters/examples/speckle_filter_example.yaml
[1.039s] -- Up-to-date: /home/rasp/ros2_ws/install/laser_filters/share/laser_filters/examples/median_spatial_filter_example.yaml
[1.039s] -- Up-to-date: /home/rasp/ros2_ws/install/laser_filters/share/laser_filters/examples/scan_blob_filter_example.yaml
[1.040s] -- Up-to-date: /home/rasp/ros2_ws/install/laser_filters/share/laser_filters/examples/scan_blob_filter_example.launch.py
[1.040s] -- Up-to-date: /home/rasp/ros2_ws/install/laser_filters/share/laser_filters/examples/sector_filter_example.launch.py
[1.040s] -- Up-to-date: /home/rasp/ros2_ws/install/laser_filters/share/laser_filters/examples/angular_filter_example.yaml
[1.040s] -- Up-to-date: /home/rasp/ros2_ws/install/laser_filters/share/laser_filters/examples/sector_filter_example.yaml
[1.040s] -- Up-to-date: /home/rasp/ros2_ws/install/laser_filters/share/laser_filters/examples/speckle_filter_example.launch
[1.040s] -- Up-to-date: /home/rasp/ros2_ws/install/laser_filters/share/laser_filters/examples/footprint_filter_example.yaml
[1.040s] -- Up-to-date: /home/rasp/ros2_ws/install/laser_filters/share/laser_filters/examples/multiple_filters_example.launch.py
[1.040s] -- Up-to-date: /home/rasp/ros2_ws/install/laser_filters/share/laser_filters/examples/pass_through_example.yaml
[1.041s] -- Up-to-date: /home/rasp/ros2_ws/install/laser_filters/share/laser_filters/examples/polygon_filter_example.launch.py
[1.041s] -- Up-to-date: /home/rasp/ros2_ws/install/laser_filters/share/laser_filters/examples/median_filter_example.launch.py
[1.041s] -- Up-to-date: /home/rasp/ros2_ws/install/laser_filters/share/laser_filters/examples/median_filter_example.yaml
[1.041s] -- Up-to-date: /home/rasp/ros2_ws/install/laser_filters/share/laser_filters/examples/multiple_filters_example.yaml
[1.041s] -- Up-to-date: /home/rasp/ros2_ws/install/laser_filters/share/laser_filters/examples/intensity_filter_example.yaml
[1.041s] -- Up-to-date: /home/rasp/ros2_ws/install/laser_filters/share/laser_filters/examples/polygon_filter_example.yaml
[1.042s] -- Up-to-date: /home/rasp/ros2_ws/install/laser_filters/share/laser_filters/examples/footprint_filter_example.launch.py
[1.042s] -- Up-to-date: /home/rasp/ros2_ws/install/laser_filters/share/laser_filters/examples/box_filter_example.launch.py
[1.042s] -- Up-to-date: /home/rasp/ros2_ws/install/laser_filters/share/laser_filters/examples/mask_filter_example.launch.py
[1.042s] -- Up-to-date: /home/rasp/ros2_ws/install/laser_filters/share/laser_filters/examples/box_filter_example.yaml
[1.042s] -- Up-to-date: /home/rasp/ros2_ws/install/laser_filters/share/laser_filters/examples/shadow_filter_example.launch.py
[1.042s] -- Up-to-date: /home/rasp/ros2_ws/install/laser_filters/share/laser_filters/examples/mask_filter_example.yaml
[1.043s] -- Up-to-date: /home/rasp/ros2_ws/install/laser_filters/share/laser_filters/test
[1.043s] -- Up-to-date: /home/rasp/ros2_ws/install/laser_filters/share/laser_filters/test/test_scan_filter_chain.cpp
[1.043s] -- Up-to-date: /home/rasp/ros2_ws/install/laser_filters/share/laser_filters/test/test_speckle_filter.cpp
[1.044s] -- Up-to-date: /home/rasp/ros2_ws/install/laser_filters/share/laser_filters/test/test_polygon_filter.test.py
[1.044s] -- Up-to-date: /home/rasp/ros2_ws/install/laser_filters/share/laser_filters/test/test_shadow_detector.cpp
[1.044s] -- Up-to-date: /home/rasp/ros2_ws/install/laser_filters/share/laser_filters/test/test_speckle_filter.yaml
[1.044s] -- Up-to-date: /home/rasp/ros2_ws/install/laser_filters/share/laser_filters/test/test_scan_shadows_filter.cpp
[1.044s] -- Up-to-date: /home/rasp/ros2_ws/install/laser_filters/share/laser_filters/test/test_scan_filter_chain.yaml
[1.044s] -- Up-to-date: /home/rasp/ros2_ws/install/laser_filters/share/laser_filters/test/fake_laser.py
[1.045s] -- Up-to-date: /home/rasp/ros2_ws/install/laser_filters/share/laser_filters/test/test_polygon_filter.yaml
[1.045s] -- Up-to-date: /home/rasp/ros2_ws/install/laser_filters/share/laser_filters/test/test_scan_filter_chain.launch
[1.045s] -- Up-to-date: /home/rasp/ros2_ws/install/laser_filters/share/laser_filters/test/test_speckle_filter.test.py
[1.046s] -- Up-to-date: /home/rasp/ros2_ws/install/laser_filters/share/ament_index/resource_index/package_run_dependencies/laser_filters
[1.046s] -- Up-to-date: /home/rasp/ros2_ws/install/laser_filters/share/ament_index/resource_index/parent_prefix_path/laser_filters
[1.047s] -- Up-to-date: /home/rasp/ros2_ws/install/laser_filters/share/laser_filters/environment/ament_prefix_path.sh
[1.047s] -- Up-to-date: /home/rasp/ros2_ws/install/laser_filters/share/laser_filters/environment/ament_prefix_path.dsv
[1.047s] -- Up-to-date: /home/rasp/ros2_ws/install/laser_filters/share/laser_filters/environment/path.sh
[1.047s] -- Up-to-date: /home/rasp/ros2_ws/install/laser_filters/share/laser_filters/environment/path.dsv
[1.047s] -- Up-to-date: /home/rasp/ros2_ws/install/laser_filters/share/laser_filters/local_setup.bash
[1.048s] -- Up-to-date: /home/rasp/ros2_ws/install/laser_filters/share/laser_filters/local_setup.sh
[1.048s] -- Up-to-date: /home/rasp/ros2_ws/install/laser_filters/share/laser_filters/local_setup.zsh
[1.048s] -- Up-to-date: /home/rasp/ros2_ws/install/laser_filters/share/laser_filters/local_setup.dsv
[1.048s] -- Installing: /home/rasp/ros2_ws/install/laser_filters/share/laser_filters/package.dsv
[1.049s] -- Up-to-date: /home/rasp/ros2_ws/install/laser_filters/share/ament_index/resource_index/packages/laser_filters
[1.050s] -- Up-to-date: /home/rasp/ros2_ws/install/laser_filters/share/ament_index/resource_index/filters__pluginlib__plugin/laser_filters
[1.050s] -- Up-to-date: /home/rasp/ros2_ws/install/laser_filters/share/ament_index/resource_index/rclcpp_components/laser_filters
[1.051s] -- Up-to-date: /home/rasp/ros2_ws/install/laser_filters/share/laser_filters/cmake/ament_cmake_export_dependencies-extras.cmake
[1.051s] -- Up-to-date: /home/rasp/ros2_ws/install/laser_filters/share/laser_filters/cmake/ament_cmake_export_include_directories-extras.cmake
[1.051s] -- Up-to-date: /home/rasp/ros2_ws/install/laser_filters/share/laser_filters/cmake/ament_cmake_export_libraries-extras.cmake
[1.051s] -- Up-to-date: /home/rasp/ros2_ws/install/laser_filters/share/laser_filters/cmake/laser_filtersConfig.cmake
[1.052s] -- Up-to-date: /home/rasp/ros2_ws/install/laser_filters/share/laser_filters/cmake/laser_filtersConfig-version.cmake
[1.052s] -- Up-to-date: /home/rasp/ros2_ws/install/laser_filters/share/laser_filters/package.xml
[1.055s] Invoked command in '/home/rasp/ros2_ws/build/laser_filters' returned '0': CMAKE_PREFIX_PATH=${CMAKE_PREFIX_PATH}:/home/rasp/ros2_ws/install/sensor_msgs_py:/home/rasp/ros2_ws/install/robot_description:/opt/ros/jazzy DEBUGINFOD_URLS=https://debuginfod.ubuntu.com /usr/bin/cmake --install /home/rasp/ros2_ws/build/laser_filters
