[1.303s] Invoking command in '/home/rasp/ros2_ws/src/robot_description': DEBUGINFOD_URLS=https://debuginfod.ubuntu.com PYTHONPATH=/home/rasp/ros2_ws/build/robot_description/prefix_override:/usr/lib/python3/dist-packages/colcon_core/task/python/colcon_distutils_commands:/home/rasp/ros2_ws/install/robot_description/lib/python3.12/site-packages:${PYTHONPATH} /usr/bin/python3 -W ignore:setup.py install is deprecated -W ignore:easy_install command is deprecated setup.py egg_info --egg-base ../../build/robot_description build --build-base /home/rasp/ros2_ws/build/robot_description/build install --record /home/rasp/ros2_ws/build/robot_description/install.log --single-version-externally-managed install_data
[1.591s] running egg_info
[1.611s] writing ../../build/robot_description/robot_description.egg-info/PKG-INFO
[1.611s] writing dependency_links to ../../build/robot_description/robot_description.egg-info/dependency_links.txt
[1.612s] writing requirements to ../../build/robot_description/robot_description.egg-info/requires.txt
[1.612s] writing top-level names to ../../build/robot_description/robot_description.egg-info/top_level.txt
[1.659s] reading manifest file '../../build/robot_description/robot_description.egg-info/SOURCES.txt'
[1.661s] writing manifest file '../../build/robot_description/robot_description.egg-info/SOURCES.txt'
[1.661s] running build
[1.661s] running build_py
[1.662s] running install
[1.668s] running install_lib
[1.691s] running install_data
[1.692s] copying launch/bringupAll.launch.py -> /home/rasp/ros2_ws/install/robot_description/share/robot_description/launch
[1.693s] running install_egg_info
[1.718s] removing '/home/rasp/ros2_ws/install/robot_description/lib/python3.12/site-packages/robot_description-0.0.0-py3.12.egg-info' (and everything under it)
[1.719s] Copying ../../build/robot_description/robot_description.egg-info to /home/rasp/ros2_ws/install/robot_description/lib/python3.12/site-packages/robot_description-0.0.0-py3.12.egg-info
[1.719s] running install_scripts
[1.903s] writing list of installed files to '/home/rasp/ros2_ws/build/robot_description/install.log'
[1.947s] Invoked command in '/home/rasp/ros2_ws/src/robot_description' returned '0': DEBUGINFOD_URLS=https://debuginfod.ubuntu.com PYTHONPATH=/home/rasp/ros2_ws/build/robot_description/prefix_override:/usr/lib/python3/dist-packages/colcon_core/task/python/colcon_distutils_commands:/home/rasp/ros2_ws/install/robot_description/lib/python3.12/site-packages:${PYTHONPATH} /usr/bin/python3 -W ignore:setup.py install is deprecated -W ignore:easy_install command is deprecated setup.py egg_info --egg-base ../../build/robot_description build --build-base /home/rasp/ros2_ws/build/robot_description/build install --record /home/rasp/ros2_ws/build/robot_description/install.log --single-version-externally-managed install_data
