Not searching for unused variables given on the command line.
-- Found ament_cmake: 2.5.3 (/opt/ros/jazzy/share/ament_cmake/cmake)
-- Found Python3: /usr/bin/python3 (found version "3.12.3") found components: Interpreter 
-- Found rosidl_core_generators: 0.2.0 (/opt/ros/jazzy/share/rosidl_core_generators/cmake)
-- Using all available rosidl_typesupport_c: rosidl_typesupport_microxrcedds_c;rosidl_typesupport_fastrtps_c;rosidl_typesupport_introspection_c
-- Found rosidl_adapter: 4.6.5 (/opt/ros/jazzy/share/rosidl_adapter/cmake)
-- Using all available rosidl_typesupport_cpp: rosidl_typesupport_microxrcedds_cpp;rosidl_typesupport_fastrtps_cpp;rosidl_typesupport_introspection_cpp
-- Found ament_cmake_ros: 0.12.0 (/opt/ros/jazzy/share/ament_cmake_ros/cmake)
-- Using all available rosidl_typesupport_c: rosidl_typesupport_microxrcedds_c;rosidl_typesupport_fastrtps_c;rosidl_typesupport_introspection_c
-- Using all available rosidl_typesupport_cpp: rosidl_typesupport_microxrcedds_cpp;rosidl_typesupport_fastrtps_cpp;rosidl_typesupport_introspection_cpp
-- Found python_cmake_module: 0.11.1 (/opt/ros/jazzy/share/python_cmake_module/cmake)
-- Found Python3: /usr/bin/python3 (found version "3.12.3") found components: Interpreter Development NumPy Development.Module Development.Embed 
-- Configuring done (1.2s)
-- Generating done (0.1s)
-- Build files have been written to: /home/rasp/ros2_ws/build/builtin_interfaces
[  1%] Built target builtin_interfaces__rosidl_generator_type_description
[  1%] Built target ament_cmake_python_copy_builtin_interfaces
[ 16%] Built target builtin_interfaces__rosidl_generator_c
[ 18%] Built target builtin_interfaces__cpp
[ 25%] Built target builtin_interfaces__rosidl_typesupport_cpp
[ 33%] Built target builtin_interfaces__rosidl_typesupport_microxrcedds_cpp
[ 40%] Built target builtin_interfaces__rosidl_typesupport_fastrtps_cpp
[ 48%] Built target builtin_interfaces__rosidl_typesupport_introspection_cpp
[ 55%] Built target builtin_interfaces__rosidl_typesupport_c
[ 62%] Built target builtin_interfaces__rosidl_typesupport_microxrcedds_c
running egg_info
writing builtin_interfaces.egg-info/PKG-INFO
writing dependency_links to builtin_interfaces.egg-info/dependency_links.txt
writing top-level names to builtin_interfaces.egg-info/top_level.txt
[ 70%] Built target builtin_interfaces__rosidl_typesupport_fastrtps_c
[ 77%] Built target builtin_interfaces__rosidl_typesupport_introspection_c
reading manifest file 'builtin_interfaces.egg-info/SOURCES.txt'
writing manifest file 'builtin_interfaces.egg-info/SOURCES.txt'
[ 77%] Built target builtin_interfaces
[ 77%] Built target ament_cmake_python_build_builtin_interfaces_egg
[ 79%] Built target builtin_interfaces__py
[ 85%] Built target builtin_interfaces__rosidl_generator_py
[ 88%] Built target builtin_interfaces_s__rosidl_typesupport_fastrtps_c
[ 92%] Built target builtin_interfaces_s__rosidl_typesupport_microxrcedds_c
[ 96%] Built target builtin_interfaces_s__rosidl_typesupport_introspection_c
[100%] Built target builtin_interfaces_s__rosidl_typesupport_c
-- Install configuration: ""
-- Up-to-date: /home/rasp/ros2_ws/install/builtin_interfaces/share/ament_index/resource_index/rosidl_interfaces/builtin_interfaces
-- Up-to-date: /home/rasp/ros2_ws/install/builtin_interfaces/share/builtin_interfaces/msg/Duration.json
-- Up-to-date: /home/rasp/ros2_ws/install/builtin_interfaces/share/builtin_interfaces/msg/Time.json
-- Up-to-date: /home/rasp/ros2_ws/install/builtin_interfaces/include/builtin_interfaces/builtin_interfaces
-- Up-to-date: /home/rasp/ros2_ws/install/builtin_interfaces/include/builtin_interfaces/builtin_interfaces/msg
-- Up-to-date: /home/rasp/ros2_ws/install/builtin_interfaces/include/builtin_interfaces/builtin_interfaces/msg/detail
-- Installing: /home/rasp/ros2_ws/install/builtin_interfaces/include/builtin_interfaces/builtin_interfaces/msg/detail/duration__type_support.c
-- Up-to-date: /home/rasp/ros2_ws/install/builtin_interfaces/include/builtin_interfaces/builtin_interfaces/msg/detail/time__type_support.h
-- Up-to-date: /home/rasp/ros2_ws/install/builtin_interfaces/include/builtin_interfaces/builtin_interfaces/msg/detail/time__struct.h
-- Up-to-date: /home/rasp/ros2_ws/install/builtin_interfaces/include/builtin_interfaces/builtin_interfaces/msg/detail/duration__struct.h
-- Up-to-date: /home/rasp/ros2_ws/install/builtin_interfaces/include/builtin_interfaces/builtin_interfaces/msg/detail/time__description.c
-- Up-to-date: /home/rasp/ros2_ws/install/builtin_interfaces/include/builtin_interfaces/builtin_interfaces/msg/detail/time__functions.c
-- Up-to-date: /home/rasp/ros2_ws/install/builtin_interfaces/include/builtin_interfaces/builtin_interfaces/msg/detail/duration__functions.c
-- Up-to-date: /home/rasp/ros2_ws/install/builtin_interfaces/include/builtin_interfaces/builtin_interfaces/msg/detail/duration__description.c
-- Up-to-date: /home/rasp/ros2_ws/install/builtin_interfaces/include/builtin_interfaces/builtin_interfaces/msg/detail/time__functions.h
-- Installing: /home/rasp/ros2_ws/install/builtin_interfaces/include/builtin_interfaces/builtin_interfaces/msg/detail/time__type_support.c
-- Up-to-date: /home/rasp/ros2_ws/install/builtin_interfaces/include/builtin_interfaces/builtin_interfaces/msg/detail/duration__type_support.h
-- Up-to-date: /home/rasp/ros2_ws/install/builtin_interfaces/include/builtin_interfaces/builtin_interfaces/msg/detail/duration__functions.h
-- Up-to-date: /home/rasp/ros2_ws/install/builtin_interfaces/include/builtin_interfaces/builtin_interfaces/msg/time.h
-- Up-to-date: /home/rasp/ros2_ws/install/builtin_interfaces/include/builtin_interfaces/builtin_interfaces/msg/duration.h
-- Up-to-date: /home/rasp/ros2_ws/install/builtin_interfaces/include/builtin_interfaces/builtin_interfaces/msg/rosidl_generator_c__visibility_control.h
-- Up-to-date: /home/rasp/ros2_ws/install/builtin_interfaces/share/builtin_interfaces/environment/library_path.sh
-- Up-to-date: /home/rasp/ros2_ws/install/builtin_interfaces/share/builtin_interfaces/environment/library_path.dsv
-- Up-to-date: /home/rasp/ros2_ws/install/builtin_interfaces/lib/libbuiltin_interfaces__rosidl_generator_c.so
-- Up-to-date: /home/rasp/ros2_ws/install/builtin_interfaces/include/builtin_interfaces
-- Up-to-date: /home/rasp/ros2_ws/install/builtin_interfaces/include/builtin_interfaces/msg
-- Up-to-date: /home/rasp/ros2_ws/install/builtin_interfaces/include/builtin_interfaces/msg/detail
-- Up-to-date: /home/rasp/ros2_ws/install/builtin_interfaces/include/builtin_interfaces/msg/detail/time__rosidl_typesupport_microxrcedds_c.h
-- Up-to-date: /home/rasp/ros2_ws/install/builtin_interfaces/include/builtin_interfaces/msg/detail/duration__rosidl_typesupport_microxrcedds_c.h
-- Up-to-date: /home/rasp/ros2_ws/install/builtin_interfaces/include/builtin_interfaces/msg/detail/microxrcedds
-- Up-to-date: /home/rasp/ros2_ws/install/builtin_interfaces/include/builtin_interfaces/msg/rosidl_typesupport_microxrcedds_c__visibility_control.h
-- Up-to-date: /home/rasp/ros2_ws/install/builtin_interfaces/lib/libbuiltin_interfaces__rosidl_typesupport_microxrcedds_c.so
-- Up-to-date: /home/rasp/ros2_ws/install/builtin_interfaces/include/builtin_interfaces/builtin_interfaces
-- Up-to-date: /home/rasp/ros2_ws/install/builtin_interfaces/include/builtin_interfaces/builtin_interfaces/msg
-- Up-to-date: /home/rasp/ros2_ws/install/builtin_interfaces/include/builtin_interfaces/builtin_interfaces/msg/detail
-- Up-to-date: /home/rasp/ros2_ws/install/builtin_interfaces/include/builtin_interfaces/builtin_interfaces/msg/detail/time__rosidl_typesupport_fastrtps_c.h
-- Up-to-date: /home/rasp/ros2_ws/install/builtin_interfaces/include/builtin_interfaces/builtin_interfaces/msg/detail/duration__rosidl_typesupport_fastrtps_c.h
-- Up-to-date: /home/rasp/ros2_ws/install/builtin_interfaces/include/builtin_interfaces/builtin_interfaces/msg/rosidl_typesupport_fastrtps_c__visibility_control.h
-- Up-to-date: /home/rasp/ros2_ws/install/builtin_interfaces/lib/libbuiltin_interfaces__rosidl_typesupport_fastrtps_c.so
-- Up-to-date: /home/rasp/ros2_ws/install/builtin_interfaces/include/builtin_interfaces/builtin_interfaces
-- Up-to-date: /home/rasp/ros2_ws/install/builtin_interfaces/include/builtin_interfaces/builtin_interfaces/msg
-- Up-to-date: /home/rasp/ros2_ws/install/builtin_interfaces/include/builtin_interfaces/builtin_interfaces/msg/rosidl_typesupport_introspection_c__visibility_control.h
-- Up-to-date: /home/rasp/ros2_ws/install/builtin_interfaces/include/builtin_interfaces/builtin_interfaces/msg/detail
-- Installing: /home/rasp/ros2_ws/install/builtin_interfaces/include/builtin_interfaces/builtin_interfaces/msg/detail/duration__type_support.c
-- Up-to-date: /home/rasp/ros2_ws/install/builtin_interfaces/include/builtin_interfaces/builtin_interfaces/msg/detail/duration__rosidl_typesupport_introspection_c.h
-- Installing: /home/rasp/ros2_ws/install/builtin_interfaces/include/builtin_interfaces/builtin_interfaces/msg/detail/time__type_support.c
-- Up-to-date: /home/rasp/ros2_ws/install/builtin_interfaces/include/builtin_interfaces/builtin_interfaces/msg/detail/time__rosidl_typesupport_introspection_c.h
-- Up-to-date: /home/rasp/ros2_ws/install/builtin_interfaces/lib/libbuiltin_interfaces__rosidl_typesupport_introspection_c.so
-- Up-to-date: /home/rasp/ros2_ws/install/builtin_interfaces/lib/libbuiltin_interfaces__rosidl_typesupport_c.so
-- Up-to-date: /home/rasp/ros2_ws/install/builtin_interfaces/include/builtin_interfaces/builtin_interfaces
-- Up-to-date: /home/rasp/ros2_ws/install/builtin_interfaces/include/builtin_interfaces/builtin_interfaces/msg
-- Up-to-date: /home/rasp/ros2_ws/install/builtin_interfaces/include/builtin_interfaces/builtin_interfaces/msg/detail
-- Up-to-date: /home/rasp/ros2_ws/install/builtin_interfaces/include/builtin_interfaces/builtin_interfaces/msg/detail/time__traits.hpp
-- Up-to-date: /home/rasp/ros2_ws/install/builtin_interfaces/include/builtin_interfaces/builtin_interfaces/msg/detail/duration__builder.hpp
-- Up-to-date: /home/rasp/ros2_ws/install/builtin_interfaces/include/builtin_interfaces/builtin_interfaces/msg/detail/time__type_support.hpp
-- Up-to-date: /home/rasp/ros2_ws/install/builtin_interfaces/include/builtin_interfaces/builtin_interfaces/msg/detail/time__struct.hpp
-- Up-to-date: /home/rasp/ros2_ws/install/builtin_interfaces/include/builtin_interfaces/builtin_interfaces/msg/detail/time__builder.hpp
-- Up-to-date: /home/rasp/ros2_ws/install/builtin_interfaces/include/builtin_interfaces/builtin_interfaces/msg/detail/duration__type_support.hpp
-- Up-to-date: /home/rasp/ros2_ws/install/builtin_interfaces/include/builtin_interfaces/builtin_interfaces/msg/detail/duration__struct.hpp
-- Up-to-date: /home/rasp/ros2_ws/install/builtin_interfaces/include/builtin_interfaces/builtin_interfaces/msg/detail/duration__traits.hpp
-- Up-to-date: /home/rasp/ros2_ws/install/builtin_interfaces/include/builtin_interfaces/builtin_interfaces/msg/time.hpp
-- Up-to-date: /home/rasp/ros2_ws/install/builtin_interfaces/include/builtin_interfaces/builtin_interfaces/msg/duration.hpp
-- Up-to-date: /home/rasp/ros2_ws/install/builtin_interfaces/include/builtin_interfaces/builtin_interfaces/msg/rosidl_generator_cpp__visibility_control.hpp
-- Up-to-date: /home/rasp/ros2_ws/install/builtin_interfaces/include/builtin_interfaces
-- Up-to-date: /home/rasp/ros2_ws/install/builtin_interfaces/include/builtin_interfaces/msg
-- Up-to-date: /home/rasp/ros2_ws/install/builtin_interfaces/include/builtin_interfaces/msg/detail
-- Up-to-date: /home/rasp/ros2_ws/install/builtin_interfaces/include/builtin_interfaces/msg/detail/time__rosidl_typesupport_microxrcedds_cpp.hpp
-- Up-to-date: /home/rasp/ros2_ws/install/builtin_interfaces/include/builtin_interfaces/msg/detail/microxrcedds
-- Up-to-date: /home/rasp/ros2_ws/install/builtin_interfaces/include/builtin_interfaces/msg/detail/microxrcedds/time__type_support_cpp.cpp
-- Up-to-date: /home/rasp/ros2_ws/install/builtin_interfaces/include/builtin_interfaces/msg/detail/microxrcedds/duration__type_support_cpp.cpp
-- Up-to-date: /home/rasp/ros2_ws/install/builtin_interfaces/include/builtin_interfaces/msg/detail/duration__rosidl_typesupport_microxrcedds_cpp.hpp
-- Up-to-date: /home/rasp/ros2_ws/install/builtin_interfaces/include/builtin_interfaces/msg/rosidl_typesupport_microxrcedds_cpp__visibility_control.h
-- Up-to-date: /home/rasp/ros2_ws/install/builtin_interfaces/lib/libbuiltin_interfaces__rosidl_typesupport_microxrcedds_cpp.so
-- Up-to-date: /home/rasp/ros2_ws/install/builtin_interfaces/include/builtin_interfaces/builtin_interfaces
-- Up-to-date: /home/rasp/ros2_ws/install/builtin_interfaces/include/builtin_interfaces/builtin_interfaces/msg
-- Up-to-date: /home/rasp/ros2_ws/install/builtin_interfaces/include/builtin_interfaces/builtin_interfaces/msg/detail
-- Up-to-date: /home/rasp/ros2_ws/install/builtin_interfaces/include/builtin_interfaces/builtin_interfaces/msg/detail/time__rosidl_typesupport_fastrtps_cpp.hpp
-- Up-to-date: /home/rasp/ros2_ws/install/builtin_interfaces/include/builtin_interfaces/builtin_interfaces/msg/detail/dds_fastrtps
-- Up-to-date: /home/rasp/ros2_ws/install/builtin_interfaces/include/builtin_interfaces/builtin_interfaces/msg/detail/duration__rosidl_typesupport_fastrtps_cpp.hpp
-- Up-to-date: /home/rasp/ros2_ws/install/builtin_interfaces/include/builtin_interfaces/builtin_interfaces/msg/rosidl_typesupport_fastrtps_cpp__visibility_control.h
-- Up-to-date: /home/rasp/ros2_ws/install/builtin_interfaces/lib/libbuiltin_interfaces__rosidl_typesupport_fastrtps_cpp.so
-- Up-to-date: /home/rasp/ros2_ws/install/builtin_interfaces/include/builtin_interfaces/builtin_interfaces
-- Up-to-date: /home/rasp/ros2_ws/install/builtin_interfaces/include/builtin_interfaces/builtin_interfaces/msg
-- Up-to-date: /home/rasp/ros2_ws/install/builtin_interfaces/include/builtin_interfaces/builtin_interfaces/msg/detail
-- Up-to-date: /home/rasp/ros2_ws/install/builtin_interfaces/include/builtin_interfaces/builtin_interfaces/msg/detail/time__rosidl_typesupport_introspection_cpp.hpp
-- Up-to-date: /home/rasp/ros2_ws/install/builtin_interfaces/include/builtin_interfaces/builtin_interfaces/msg/detail/time__type_support.cpp
-- Up-to-date: /home/rasp/ros2_ws/install/builtin_interfaces/include/builtin_interfaces/builtin_interfaces/msg/detail/duration__type_support.cpp
-- Up-to-date: /home/rasp/ros2_ws/install/builtin_interfaces/include/builtin_interfaces/builtin_interfaces/msg/detail/duration__rosidl_typesupport_introspection_cpp.hpp
-- Up-to-date: /home/rasp/ros2_ws/install/builtin_interfaces/lib/libbuiltin_interfaces__rosidl_typesupport_introspection_cpp.so
-- Up-to-date: /home/rasp/ros2_ws/install/builtin_interfaces/lib/libbuiltin_interfaces__rosidl_typesupport_cpp.so
-- Up-to-date: /home/rasp/ros2_ws/install/builtin_interfaces/share/builtin_interfaces/environment/pythonpath.sh
-- Up-to-date: /home/rasp/ros2_ws/install/builtin_interfaces/share/builtin_interfaces/environment/pythonpath.dsv
-- Up-to-date: /home/rasp/ros2_ws/install/builtin_interfaces/lib/python3.12/site-packages/builtin_interfaces-2.0.2-py3.12.egg-info
-- Installing: /home/rasp/ros2_ws/install/builtin_interfaces/lib/python3.12/site-packages/builtin_interfaces-2.0.2-py3.12.egg-info/SOURCES.txt
-- Installing: /home/rasp/ros2_ws/install/builtin_interfaces/lib/python3.12/site-packages/builtin_interfaces-2.0.2-py3.12.egg-info/dependency_links.txt
-- Installing: /home/rasp/ros2_ws/install/builtin_interfaces/lib/python3.12/site-packages/builtin_interfaces-2.0.2-py3.12.egg-info/PKG-INFO
-- Installing: /home/rasp/ros2_ws/install/builtin_interfaces/lib/python3.12/site-packages/builtin_interfaces-2.0.2-py3.12.egg-info/top_level.txt
-- Up-to-date: /home/rasp/ros2_ws/install/builtin_interfaces/lib/python3.12/site-packages/builtin_interfaces
-- Installing: /home/rasp/ros2_ws/install/builtin_interfaces/lib/python3.12/site-packages/builtin_interfaces/__init__.py
-- Up-to-date: /home/rasp/ros2_ws/install/builtin_interfaces/lib/python3.12/site-packages/builtin_interfaces/builtin_interfaces_s__rosidl_typesupport_introspection_c.so
-- Up-to-date: /home/rasp/ros2_ws/install/builtin_interfaces/lib/python3.12/site-packages/builtin_interfaces/builtin_interfaces_s__rosidl_typesupport_microxrcedds_c.so
-- Up-to-date: /home/rasp/ros2_ws/install/builtin_interfaces/lib/python3.12/site-packages/builtin_interfaces/_builtin_interfaces_s.ep.rosidl_typesupport_microxrcedds_c.c
-- Up-to-date: /home/rasp/ros2_ws/install/builtin_interfaces/lib/python3.12/site-packages/builtin_interfaces/_builtin_interfaces_s.ep.rosidl_typesupport_c.c
-- Up-to-date: /home/rasp/ros2_ws/install/builtin_interfaces/lib/python3.12/site-packages/builtin_interfaces/_builtin_interfaces_s.ep.rosidl_typesupport_introspection_c.c
-- Up-to-date: /home/rasp/ros2_ws/install/builtin_interfaces/lib/python3.12/site-packages/builtin_interfaces/builtin_interfaces_s__rosidl_typesupport_c.so
-- Up-to-date: /home/rasp/ros2_ws/install/builtin_interfaces/lib/python3.12/site-packages/builtin_interfaces/msg
-- Up-to-date: /home/rasp/ros2_ws/install/builtin_interfaces/lib/python3.12/site-packages/builtin_interfaces/msg/__init__.py
-- Up-to-date: /home/rasp/ros2_ws/install/builtin_interfaces/lib/python3.12/site-packages/builtin_interfaces/msg/_time.py
-- Up-to-date: /home/rasp/ros2_ws/install/builtin_interfaces/lib/python3.12/site-packages/builtin_interfaces/msg/_duration.py
-- Up-to-date: /home/rasp/ros2_ws/install/builtin_interfaces/lib/python3.12/site-packages/builtin_interfaces/msg/_time_s.c
-- Up-to-date: /home/rasp/ros2_ws/install/builtin_interfaces/lib/python3.12/site-packages/builtin_interfaces/msg/_duration_s.c
-- Up-to-date: /home/rasp/ros2_ws/install/builtin_interfaces/lib/python3.12/site-packages/builtin_interfaces/builtin_interfaces_s__rosidl_typesupport_fastrtps_c.so
-- Up-to-date: /home/rasp/ros2_ws/install/builtin_interfaces/lib/python3.12/site-packages/builtin_interfaces/_builtin_interfaces_s.ep.rosidl_typesupport_fastrtps_c.c
Listing '/home/rasp/ros2_ws/install/builtin_interfaces/lib/python3.12/site-packages/builtin_interfaces'...
Compiling '/home/rasp/ros2_ws/install/builtin_interfaces/lib/python3.12/site-packages/builtin_interfaces/__init__.py'...
Listing '/home/rasp/ros2_ws/install/builtin_interfaces/lib/python3.12/site-packages/builtin_interfaces/msg'...
-- Up-to-date: /home/rasp/ros2_ws/install/builtin_interfaces/lib/python3.12/site-packages/builtin_interfaces/builtin_interfaces_s__rosidl_typesupport_microxrcedds_c.so
-- Up-to-date: /home/rasp/ros2_ws/install/builtin_interfaces/lib/python3.12/site-packages/builtin_interfaces/builtin_interfaces_s__rosidl_typesupport_fastrtps_c.so
-- Up-to-date: /home/rasp/ros2_ws/install/builtin_interfaces/lib/python3.12/site-packages/builtin_interfaces/builtin_interfaces_s__rosidl_typesupport_introspection_c.so
-- Up-to-date: /home/rasp/ros2_ws/install/builtin_interfaces/lib/python3.12/site-packages/builtin_interfaces/builtin_interfaces_s__rosidl_typesupport_c.so
-- Up-to-date: /home/rasp/ros2_ws/install/builtin_interfaces/lib/libbuiltin_interfaces__rosidl_generator_py.so
-- Up-to-date: /home/rasp/ros2_ws/install/builtin_interfaces/share/builtin_interfaces/msg/Duration.idl
-- Up-to-date: /home/rasp/ros2_ws/install/builtin_interfaces/share/builtin_interfaces/msg/Time.idl
-- Up-to-date: /home/rasp/ros2_ws/install/builtin_interfaces/share/builtin_interfaces/msg/Duration.msg
-- Up-to-date: /home/rasp/ros2_ws/install/builtin_interfaces/share/builtin_interfaces/msg/Time.msg
-- Up-to-date: /home/rasp/ros2_ws/install/builtin_interfaces/share/ament_index/resource_index/package_run_dependencies/builtin_interfaces
-- Installing: /home/rasp/ros2_ws/install/builtin_interfaces/share/ament_index/resource_index/parent_prefix_path/builtin_interfaces
-- Up-to-date: /home/rasp/ros2_ws/install/builtin_interfaces/share/builtin_interfaces/environment/ament_prefix_path.sh
-- Up-to-date: /home/rasp/ros2_ws/install/builtin_interfaces/share/builtin_interfaces/environment/ament_prefix_path.dsv
-- Up-to-date: /home/rasp/ros2_ws/install/builtin_interfaces/share/builtin_interfaces/environment/path.sh
-- Up-to-date: /home/rasp/ros2_ws/install/builtin_interfaces/share/builtin_interfaces/environment/path.dsv
-- Up-to-date: /home/rasp/ros2_ws/install/builtin_interfaces/share/builtin_interfaces/local_setup.bash
-- Up-to-date: /home/rasp/ros2_ws/install/builtin_interfaces/share/builtin_interfaces/local_setup.sh
-- Up-to-date: /home/rasp/ros2_ws/install/builtin_interfaces/share/builtin_interfaces/local_setup.zsh
-- Up-to-date: /home/rasp/ros2_ws/install/builtin_interfaces/share/builtin_interfaces/local_setup.dsv
-- Installing: /home/rasp/ros2_ws/install/builtin_interfaces/share/builtin_interfaces/package.dsv
-- Up-to-date: /home/rasp/ros2_ws/install/builtin_interfaces/share/ament_index/resource_index/packages/builtin_interfaces
-- Up-to-date: /home/rasp/ros2_ws/install/builtin_interfaces/share/builtin_interfaces/cmake/export_builtin_interfaces__rosidl_generator_cExport.cmake
-- Up-to-date: /home/rasp/ros2_ws/install/builtin_interfaces/share/builtin_interfaces/cmake/export_builtin_interfaces__rosidl_generator_cExport-noconfig.cmake
-- Up-to-date: /home/rasp/ros2_ws/install/builtin_interfaces/share/builtin_interfaces/cmake/export_builtin_interfaces__rosidl_typesupport_fastrtps_cExport.cmake
-- Up-to-date: /home/rasp/ros2_ws/install/builtin_interfaces/share/builtin_interfaces/cmake/export_builtin_interfaces__rosidl_typesupport_fastrtps_cExport-noconfig.cmake
-- Up-to-date: /home/rasp/ros2_ws/install/builtin_interfaces/share/builtin_interfaces/cmake/builtin_interfaces__rosidl_typesupport_introspection_cExport.cmake
-- Up-to-date: /home/rasp/ros2_ws/install/builtin_interfaces/share/builtin_interfaces/cmake/builtin_interfaces__rosidl_typesupport_introspection_cExport-noconfig.cmake
-- Up-to-date: /home/rasp/ros2_ws/install/builtin_interfaces/share/builtin_interfaces/cmake/builtin_interfaces__rosidl_typesupport_cExport.cmake
-- Up-to-date: /home/rasp/ros2_ws/install/builtin_interfaces/share/builtin_interfaces/cmake/builtin_interfaces__rosidl_typesupport_cExport-noconfig.cmake
-- Up-to-date: /home/rasp/ros2_ws/install/builtin_interfaces/share/builtin_interfaces/cmake/export_builtin_interfaces__rosidl_generator_cppExport.cmake
-- Up-to-date: /home/rasp/ros2_ws/install/builtin_interfaces/share/builtin_interfaces/cmake/export_builtin_interfaces__rosidl_typesupport_fastrtps_cppExport.cmake
-- Up-to-date: /home/rasp/ros2_ws/install/builtin_interfaces/share/builtin_interfaces/cmake/export_builtin_interfaces__rosidl_typesupport_fastrtps_cppExport-noconfig.cmake
-- Up-to-date: /home/rasp/ros2_ws/install/builtin_interfaces/share/builtin_interfaces/cmake/builtin_interfaces__rosidl_typesupport_introspection_cppExport.cmake
-- Up-to-date: /home/rasp/ros2_ws/install/builtin_interfaces/share/builtin_interfaces/cmake/builtin_interfaces__rosidl_typesupport_introspection_cppExport-noconfig.cmake
-- Up-to-date: /home/rasp/ros2_ws/install/builtin_interfaces/share/builtin_interfaces/cmake/builtin_interfaces__rosidl_typesupport_cppExport.cmake
-- Up-to-date: /home/rasp/ros2_ws/install/builtin_interfaces/share/builtin_interfaces/cmake/builtin_interfaces__rosidl_typesupport_cppExport-noconfig.cmake
-- Up-to-date: /home/rasp/ros2_ws/install/builtin_interfaces/share/builtin_interfaces/cmake/export_builtin_interfaces__rosidl_generator_pyExport.cmake
-- Up-to-date: /home/rasp/ros2_ws/install/builtin_interfaces/share/builtin_interfaces/cmake/export_builtin_interfaces__rosidl_generator_pyExport-noconfig.cmake
-- Up-to-date: /home/rasp/ros2_ws/install/builtin_interfaces/share/builtin_interfaces/cmake/rosidl_cmake-extras.cmake
-- Up-to-date: /home/rasp/ros2_ws/install/builtin_interfaces/share/builtin_interfaces/cmake/ament_cmake_export_include_directories-extras.cmake
-- Up-to-date: /home/rasp/ros2_ws/install/builtin_interfaces/share/builtin_interfaces/cmake/ament_cmake_export_libraries-extras.cmake
-- Up-to-date: /home/rasp/ros2_ws/install/builtin_interfaces/share/builtin_interfaces/cmake/ament_cmake_export_targets-extras.cmake
-- Up-to-date: /home/rasp/ros2_ws/install/builtin_interfaces/share/builtin_interfaces/cmake/rosidl_cmake_export_typesupport_targets-extras.cmake
-- Up-to-date: /home/rasp/ros2_ws/install/builtin_interfaces/share/builtin_interfaces/cmake/ament_cmake_export_dependencies-extras.cmake
-- Up-to-date: /home/rasp/ros2_ws/install/builtin_interfaces/share/builtin_interfaces/cmake/rosidl_cmake_export_typesupport_libraries-extras.cmake
-- Up-to-date: /home/rasp/ros2_ws/install/builtin_interfaces/share/builtin_interfaces/cmake/builtin_interfacesConfig.cmake
-- Up-to-date: /home/rasp/ros2_ws/install/builtin_interfaces/share/builtin_interfaces/cmake/builtin_interfacesConfig-version.cmake
-- Up-to-date: /home/rasp/ros2_ws/install/builtin_interfaces/share/builtin_interfaces/package.xml
