[0.027s] Invoking command in '/home/rasp/ros2_ws/build/builtin_interfaces': CMAKE_PREFIX_PATH=${CMAKE_PREFIX_PATH}:/home/rasp/ros2_ws/install/sensor_msgs_py:/opt/ros/jazzy DEBUGINFOD_URLS=https://debuginfod.ubuntu.com /usr/bin/cmake /home/rasp/ros2_ws/src/ros2/rcl_interfaces/builtin_interfaces -DUAGENT_BUILD_EXECUTABLE=OFF -DUAGENT_P2P_PROFILE=OFF --no-warn-unused-cli -DCMAKE_INSTALL_PREFIX=/home/rasp/ros2_ws/install/builtin_interfaces
[0.049s] Not searching for unused variables given on the command line.
[0.058s] -- Found ament_cmake: 2.5.3 (/opt/ros/jazzy/share/ament_cmake/cmake)
[0.089s] -- Found Python3: /usr/bin/python3 (found version "3.12.3") found components: Interpreter 
[0.185s] -- Found rosidl_core_generators: 0.2.0 (/opt/ros/jazzy/share/rosidl_core_generators/cmake)
[0.193s] -- Using all available rosidl_typesupport_c: rosidl_typesupport_microxrcedds_c;rosidl_typesupport_fastrtps_c;rosidl_typesupport_introspection_c
[0.220s] -- Found rosidl_adapter: 4.6.5 (/opt/ros/jazzy/share/rosidl_adapter/cmake)
[0.242s] -- Using all available rosidl_typesupport_cpp: rosidl_typesupport_microxrcedds_cpp;rosidl_typesupport_fastrtps_cpp;rosidl_typesupport_introspection_cpp
[0.552s] -- Found ament_cmake_ros: 0.12.0 (/opt/ros/jazzy/share/ament_cmake_ros/cmake)
[0.696s] -- Using all available rosidl_typesupport_c: rosidl_typesupport_microxrcedds_c;rosidl_typesupport_fastrtps_c;rosidl_typesupport_introspection_c
[0.877s] -- Using all available rosidl_typesupport_cpp: rosidl_typesupport_microxrcedds_cpp;rosidl_typesupport_fastrtps_cpp;rosidl_typesupport_introspection_cpp
[0.880s] -- Found python_cmake_module: 0.11.1 (/opt/ros/jazzy/share/python_cmake_module/cmake)
[1.194s] -- Found Python3: /usr/bin/python3 (found version "3.12.3") found components: Interpreter Development NumPy Development.Module Development.Embed 
[1.232s] -- Configuring done (1.2s)
[1.333s] -- Generating done (0.1s)
[1.353s] -- Build files have been written to: /home/rasp/ros2_ws/build/builtin_interfaces
[1.362s] Invoked command in '/home/rasp/ros2_ws/build/builtin_interfaces' returned '0': CMAKE_PREFIX_PATH=${CMAKE_PREFIX_PATH}:/home/rasp/ros2_ws/install/sensor_msgs_py:/opt/ros/jazzy DEBUGINFOD_URLS=https://debuginfod.ubuntu.com /usr/bin/cmake /home/rasp/ros2_ws/src/ros2/rcl_interfaces/builtin_interfaces -DUAGENT_BUILD_EXECUTABLE=OFF -DUAGENT_P2P_PROFILE=OFF --no-warn-unused-cli -DCMAKE_INSTALL_PREFIX=/home/rasp/ros2_ws/install/builtin_interfaces
[1.362s] Invoking command in '/home/rasp/ros2_ws/build/builtin_interfaces': CMAKE_PREFIX_PATH=${CMAKE_PREFIX_PATH}:/home/rasp/ros2_ws/install/sensor_msgs_py:/opt/ros/jazzy DEBUGINFOD_URLS=https://debuginfod.ubuntu.com /usr/bin/cmake --build /home/rasp/ros2_ws/build/builtin_interfaces -- -j2 -l2
[1.485s] [  1%] Built target builtin_interfaces__rosidl_generator_type_description
[1.541s] [  1%] Built target ament_cmake_python_copy_builtin_interfaces
[1.578s] [ 16%] Built target builtin_interfaces__rosidl_generator_c
[1.609s] [ 18%] Built target builtin_interfaces__cpp
[1.693s] [ 25%] Built target builtin_interfaces__rosidl_typesupport_cpp
[1.783s] [ 33%] Built target builtin_interfaces__rosidl_typesupport_microxrcedds_cpp
[1.867s] [ 40%] Built target builtin_interfaces__rosidl_typesupport_fastrtps_cpp
[1.955s] [ 48%] Built target builtin_interfaces__rosidl_typesupport_introspection_cpp
[2.037s] [ 55%] Built target builtin_interfaces__rosidl_typesupport_c
[2.113s] [ 62%] Built target builtin_interfaces__rosidl_typesupport_microxrcedds_c
[2.115s] running egg_info
[2.162s] writing builtin_interfaces.egg-info/PKG-INFO
[2.162s] writing dependency_links to builtin_interfaces.egg-info/dependency_links.txt
[2.166s] writing top-level names to builtin_interfaces.egg-info/top_level.txt
[2.194s] [ 70%] Built target builtin_interfaces__rosidl_typesupport_fastrtps_c
[2.276s] [ 77%] Built target builtin_interfaces__rosidl_typesupport_introspection_c
[2.297s] reading manifest file 'builtin_interfaces.egg-info/SOURCES.txt'
[2.301s] writing manifest file 'builtin_interfaces.egg-info/SOURCES.txt'
[2.354s] [ 77%] Built target builtin_interfaces
[2.375s] [ 77%] Built target ament_cmake_python_build_builtin_interfaces_egg
[2.402s] [ 79%] Built target builtin_interfaces__py
[2.453s] [ 85%] Built target builtin_interfaces__rosidl_generator_py
[2.529s] [ 88%] Built target builtin_interfaces_s__rosidl_typesupport_fastrtps_c
[2.542s] [ 92%] Built target builtin_interfaces_s__rosidl_typesupport_microxrcedds_c
[2.604s] [ 96%] Built target builtin_interfaces_s__rosidl_typesupport_introspection_c
[2.614s] [100%] Built target builtin_interfaces_s__rosidl_typesupport_c
[2.637s] Invoked command in '/home/rasp/ros2_ws/build/builtin_interfaces' returned '0': CMAKE_PREFIX_PATH=${CMAKE_PREFIX_PATH}:/home/rasp/ros2_ws/install/sensor_msgs_py:/opt/ros/jazzy DEBUGINFOD_URLS=https://debuginfod.ubuntu.com /usr/bin/cmake --build /home/rasp/ros2_ws/build/builtin_interfaces -- -j2 -l2
[2.640s] Invoking command in '/home/rasp/ros2_ws/build/builtin_interfaces': CMAKE_PREFIX_PATH=${CMAKE_PREFIX_PATH}:/home/rasp/ros2_ws/install/sensor_msgs_py:/opt/ros/jazzy DEBUGINFOD_URLS=https://debuginfod.ubuntu.com /usr/bin/cmake --install /home/rasp/ros2_ws/build/builtin_interfaces
[2.656s] -- Install configuration: ""
[2.657s] -- Up-to-date: /home/rasp/ros2_ws/install/builtin_interfaces/share/ament_index/resource_index/rosidl_interfaces/builtin_interfaces
[2.658s] -- Up-to-date: /home/rasp/ros2_ws/install/builtin_interfaces/share/builtin_interfaces/msg/Duration.json
[2.658s] -- Up-to-date: /home/rasp/ros2_ws/install/builtin_interfaces/share/builtin_interfaces/msg/Time.json
[2.658s] -- Up-to-date: /home/rasp/ros2_ws/install/builtin_interfaces/include/builtin_interfaces/builtin_interfaces
[2.658s] -- Up-to-date: /home/rasp/ros2_ws/install/builtin_interfaces/include/builtin_interfaces/builtin_interfaces/msg
[2.659s] -- Up-to-date: /home/rasp/ros2_ws/install/builtin_interfaces/include/builtin_interfaces/builtin_interfaces/msg/detail
[2.660s] -- Installing: /home/rasp/ros2_ws/install/builtin_interfaces/include/builtin_interfaces/builtin_interfaces/msg/detail/duration__type_support.c
[2.660s] -- Up-to-date: /home/rasp/ros2_ws/install/builtin_interfaces/include/builtin_interfaces/builtin_interfaces/msg/detail/time__type_support.h
[2.660s] -- Up-to-date: /home/rasp/ros2_ws/install/builtin_interfaces/include/builtin_interfaces/builtin_interfaces/msg/detail/time__struct.h
[2.660s] -- Up-to-date: /home/rasp/ros2_ws/install/builtin_interfaces/include/builtin_interfaces/builtin_interfaces/msg/detail/duration__struct.h
[2.660s] -- Up-to-date: /home/rasp/ros2_ws/install/builtin_interfaces/include/builtin_interfaces/builtin_interfaces/msg/detail/time__description.c
[2.660s] -- Up-to-date: /home/rasp/ros2_ws/install/builtin_interfaces/include/builtin_interfaces/builtin_interfaces/msg/detail/time__functions.c
[2.660s] -- Up-to-date: /home/rasp/ros2_ws/install/builtin_interfaces/include/builtin_interfaces/builtin_interfaces/msg/detail/duration__functions.c
[2.660s] -- Up-to-date: /home/rasp/ros2_ws/install/builtin_interfaces/include/builtin_interfaces/builtin_interfaces/msg/detail/duration__description.c
[2.660s] -- Up-to-date: /home/rasp/ros2_ws/install/builtin_interfaces/include/builtin_interfaces/builtin_interfaces/msg/detail/time__functions.h
[2.660s] -- Installing: /home/rasp/ros2_ws/install/builtin_interfaces/include/builtin_interfaces/builtin_interfaces/msg/detail/time__type_support.c
[2.661s] -- Up-to-date: /home/rasp/ros2_ws/install/builtin_interfaces/include/builtin_interfaces/builtin_interfaces/msg/detail/duration__type_support.h
[2.665s] -- Up-to-date: /home/rasp/ros2_ws/install/builtin_interfaces/include/builtin_interfaces/builtin_interfaces/msg/detail/duration__functions.h
[2.666s] -- Up-to-date: /home/rasp/ros2_ws/install/builtin_interfaces/include/builtin_interfaces/builtin_interfaces/msg/time.h
[2.666s] -- Up-to-date: /home/rasp/ros2_ws/install/builtin_interfaces/include/builtin_interfaces/builtin_interfaces/msg/duration.h
[2.666s] -- Up-to-date: /home/rasp/ros2_ws/install/builtin_interfaces/include/builtin_interfaces/builtin_interfaces/msg/rosidl_generator_c__visibility_control.h
[2.666s] -- Up-to-date: /home/rasp/ros2_ws/install/builtin_interfaces/share/builtin_interfaces/environment/library_path.sh
[2.667s] -- Up-to-date: /home/rasp/ros2_ws/install/builtin_interfaces/share/builtin_interfaces/environment/library_path.dsv
[2.667s] -- Up-to-date: /home/rasp/ros2_ws/install/builtin_interfaces/lib/libbuiltin_interfaces__rosidl_generator_c.so
[2.667s] -- Up-to-date: /home/rasp/ros2_ws/install/builtin_interfaces/include/builtin_interfaces
[2.667s] -- Up-to-date: /home/rasp/ros2_ws/install/builtin_interfaces/include/builtin_interfaces/msg
[2.667s] -- Up-to-date: /home/rasp/ros2_ws/install/builtin_interfaces/include/builtin_interfaces/msg/detail
[2.667s] -- Up-to-date: /home/rasp/ros2_ws/install/builtin_interfaces/include/builtin_interfaces/msg/detail/time__rosidl_typesupport_microxrcedds_c.h
[2.667s] -- Up-to-date: /home/rasp/ros2_ws/install/builtin_interfaces/include/builtin_interfaces/msg/detail/duration__rosidl_typesupport_microxrcedds_c.h
[2.667s] -- Up-to-date: /home/rasp/ros2_ws/install/builtin_interfaces/include/builtin_interfaces/msg/detail/microxrcedds
[2.667s] -- Up-to-date: /home/rasp/ros2_ws/install/builtin_interfaces/include/builtin_interfaces/msg/rosidl_typesupport_microxrcedds_c__visibility_control.h
[2.668s] -- Up-to-date: /home/rasp/ros2_ws/install/builtin_interfaces/lib/libbuiltin_interfaces__rosidl_typesupport_microxrcedds_c.so
[2.668s] -- Up-to-date: /home/rasp/ros2_ws/install/builtin_interfaces/include/builtin_interfaces/builtin_interfaces
[2.668s] -- Up-to-date: /home/rasp/ros2_ws/install/builtin_interfaces/include/builtin_interfaces/builtin_interfaces/msg
[2.668s] -- Up-to-date: /home/rasp/ros2_ws/install/builtin_interfaces/include/builtin_interfaces/builtin_interfaces/msg/detail
[2.668s] -- Up-to-date: /home/rasp/ros2_ws/install/builtin_interfaces/include/builtin_interfaces/builtin_interfaces/msg/detail/time__rosidl_typesupport_fastrtps_c.h
[2.668s] -- Up-to-date: /home/rasp/ros2_ws/install/builtin_interfaces/include/builtin_interfaces/builtin_interfaces/msg/detail/duration__rosidl_typesupport_fastrtps_c.h
[2.668s] -- Up-to-date: /home/rasp/ros2_ws/install/builtin_interfaces/include/builtin_interfaces/builtin_interfaces/msg/rosidl_typesupport_fastrtps_c__visibility_control.h
[2.668s] -- Up-to-date: /home/rasp/ros2_ws/install/builtin_interfaces/lib/libbuiltin_interfaces__rosidl_typesupport_fastrtps_c.so
[2.668s] -- Up-to-date: /home/rasp/ros2_ws/install/builtin_interfaces/include/builtin_interfaces/builtin_interfaces
[2.669s] -- Up-to-date: /home/rasp/ros2_ws/install/builtin_interfaces/include/builtin_interfaces/builtin_interfaces/msg
[2.669s] -- Up-to-date: /home/rasp/ros2_ws/install/builtin_interfaces/include/builtin_interfaces/builtin_interfaces/msg/rosidl_typesupport_introspection_c__visibility_control.h
[2.669s] -- Up-to-date: /home/rasp/ros2_ws/install/builtin_interfaces/include/builtin_interfaces/builtin_interfaces/msg/detail
[2.669s] -- Installing: /home/rasp/ros2_ws/install/builtin_interfaces/include/builtin_interfaces/builtin_interfaces/msg/detail/duration__type_support.c
[2.670s] -- Up-to-date: /home/rasp/ros2_ws/install/builtin_interfaces/include/builtin_interfaces/builtin_interfaces/msg/detail/duration__rosidl_typesupport_introspection_c.h
[2.670s] -- Installing: /home/rasp/ros2_ws/install/builtin_interfaces/include/builtin_interfaces/builtin_interfaces/msg/detail/time__type_support.c
[2.673s] -- Up-to-date: /home/rasp/ros2_ws/install/builtin_interfaces/include/builtin_interfaces/builtin_interfaces/msg/detail/time__rosidl_typesupport_introspection_c.h
[2.674s] -- Up-to-date: /home/rasp/ros2_ws/install/builtin_interfaces/lib/libbuiltin_interfaces__rosidl_typesupport_introspection_c.so
[2.674s] -- Up-to-date: /home/rasp/ros2_ws/install/builtin_interfaces/lib/libbuiltin_interfaces__rosidl_typesupport_c.so
[2.674s] -- Up-to-date: /home/rasp/ros2_ws/install/builtin_interfaces/include/builtin_interfaces/builtin_interfaces
[2.674s] -- Up-to-date: /home/rasp/ros2_ws/install/builtin_interfaces/include/builtin_interfaces/builtin_interfaces/msg
[2.674s] -- Up-to-date: /home/rasp/ros2_ws/install/builtin_interfaces/include/builtin_interfaces/builtin_interfaces/msg/detail
[2.675s] -- Up-to-date: /home/rasp/ros2_ws/install/builtin_interfaces/include/builtin_interfaces/builtin_interfaces/msg/detail/time__traits.hpp
[2.675s] -- Up-to-date: /home/rasp/ros2_ws/install/builtin_interfaces/include/builtin_interfaces/builtin_interfaces/msg/detail/duration__builder.hpp
[2.675s] -- Up-to-date: /home/rasp/ros2_ws/install/builtin_interfaces/include/builtin_interfaces/builtin_interfaces/msg/detail/time__type_support.hpp
[2.675s] -- Up-to-date: /home/rasp/ros2_ws/install/builtin_interfaces/include/builtin_interfaces/builtin_interfaces/msg/detail/time__struct.hpp
[2.675s] -- Up-to-date: /home/rasp/ros2_ws/install/builtin_interfaces/include/builtin_interfaces/builtin_interfaces/msg/detail/time__builder.hpp
[2.675s] -- Up-to-date: /home/rasp/ros2_ws/install/builtin_interfaces/include/builtin_interfaces/builtin_interfaces/msg/detail/duration__type_support.hpp
[2.675s] -- Up-to-date: /home/rasp/ros2_ws/install/builtin_interfaces/include/builtin_interfaces/builtin_interfaces/msg/detail/duration__struct.hpp
[2.675s] -- Up-to-date: /home/rasp/ros2_ws/install/builtin_interfaces/include/builtin_interfaces/builtin_interfaces/msg/detail/duration__traits.hpp
[2.675s] -- Up-to-date: /home/rasp/ros2_ws/install/builtin_interfaces/include/builtin_interfaces/builtin_interfaces/msg/time.hpp
[2.676s] -- Up-to-date: /home/rasp/ros2_ws/install/builtin_interfaces/include/builtin_interfaces/builtin_interfaces/msg/duration.hpp
[2.676s] -- Up-to-date: /home/rasp/ros2_ws/install/builtin_interfaces/include/builtin_interfaces/builtin_interfaces/msg/rosidl_generator_cpp__visibility_control.hpp
[2.676s] -- Up-to-date: /home/rasp/ros2_ws/install/builtin_interfaces/include/builtin_interfaces
[2.676s] -- Up-to-date: /home/rasp/ros2_ws/install/builtin_interfaces/include/builtin_interfaces/msg
[2.677s] -- Up-to-date: /home/rasp/ros2_ws/install/builtin_interfaces/include/builtin_interfaces/msg/detail
[2.677s] -- Up-to-date: /home/rasp/ros2_ws/install/builtin_interfaces/include/builtin_interfaces/msg/detail/time__rosidl_typesupport_microxrcedds_cpp.hpp
[2.677s] -- Up-to-date: /home/rasp/ros2_ws/install/builtin_interfaces/include/builtin_interfaces/msg/detail/microxrcedds
[2.677s] -- Up-to-date: /home/rasp/ros2_ws/install/builtin_interfaces/include/builtin_interfaces/msg/detail/microxrcedds/time__type_support_cpp.cpp
[2.677s] -- Up-to-date: /home/rasp/ros2_ws/install/builtin_interfaces/include/builtin_interfaces/msg/detail/microxrcedds/duration__type_support_cpp.cpp
[2.678s] -- Up-to-date: /home/rasp/ros2_ws/install/builtin_interfaces/include/builtin_interfaces/msg/detail/duration__rosidl_typesupport_microxrcedds_cpp.hpp
[2.678s] -- Up-to-date: /home/rasp/ros2_ws/install/builtin_interfaces/include/builtin_interfaces/msg/rosidl_typesupport_microxrcedds_cpp__visibility_control.h
[2.678s] -- Up-to-date: /home/rasp/ros2_ws/install/builtin_interfaces/lib/libbuiltin_interfaces__rosidl_typesupport_microxrcedds_cpp.so
[2.678s] -- Up-to-date: /home/rasp/ros2_ws/install/builtin_interfaces/include/builtin_interfaces/builtin_interfaces
[2.678s] -- Up-to-date: /home/rasp/ros2_ws/install/builtin_interfaces/include/builtin_interfaces/builtin_interfaces/msg
[2.679s] -- Up-to-date: /home/rasp/ros2_ws/install/builtin_interfaces/include/builtin_interfaces/builtin_interfaces/msg/detail
[2.679s] -- Up-to-date: /home/rasp/ros2_ws/install/builtin_interfaces/include/builtin_interfaces/builtin_interfaces/msg/detail/time__rosidl_typesupport_fastrtps_cpp.hpp
[2.679s] -- Up-to-date: /home/rasp/ros2_ws/install/builtin_interfaces/include/builtin_interfaces/builtin_interfaces/msg/detail/dds_fastrtps
[2.680s] -- Up-to-date: /home/rasp/ros2_ws/install/builtin_interfaces/include/builtin_interfaces/builtin_interfaces/msg/detail/duration__rosidl_typesupport_fastrtps_cpp.hpp
[2.680s] -- Up-to-date: /home/rasp/ros2_ws/install/builtin_interfaces/include/builtin_interfaces/builtin_interfaces/msg/rosidl_typesupport_fastrtps_cpp__visibility_control.h
[2.680s] -- Up-to-date: /home/rasp/ros2_ws/install/builtin_interfaces/lib/libbuiltin_interfaces__rosidl_typesupport_fastrtps_cpp.so
[2.681s] -- Up-to-date: /home/rasp/ros2_ws/install/builtin_interfaces/include/builtin_interfaces/builtin_interfaces
[2.682s] -- Up-to-date: /home/rasp/ros2_ws/install/builtin_interfaces/include/builtin_interfaces/builtin_interfaces/msg
[2.682s] -- Up-to-date: /home/rasp/ros2_ws/install/builtin_interfaces/include/builtin_interfaces/builtin_interfaces/msg/detail
[2.682s] -- Up-to-date: /home/rasp/ros2_ws/install/builtin_interfaces/include/builtin_interfaces/builtin_interfaces/msg/detail/time__rosidl_typesupport_introspection_cpp.hpp
[2.682s] -- Up-to-date: /home/rasp/ros2_ws/install/builtin_interfaces/include/builtin_interfaces/builtin_interfaces/msg/detail/time__type_support.cpp
[2.682s] -- Up-to-date: /home/rasp/ros2_ws/install/builtin_interfaces/include/builtin_interfaces/builtin_interfaces/msg/detail/duration__type_support.cpp
[2.682s] -- Up-to-date: /home/rasp/ros2_ws/install/builtin_interfaces/include/builtin_interfaces/builtin_interfaces/msg/detail/duration__rosidl_typesupport_introspection_cpp.hpp
[2.683s] -- Up-to-date: /home/rasp/ros2_ws/install/builtin_interfaces/lib/libbuiltin_interfaces__rosidl_typesupport_introspection_cpp.so
[2.684s] -- Up-to-date: /home/rasp/ros2_ws/install/builtin_interfaces/lib/libbuiltin_interfaces__rosidl_typesupport_cpp.so
[2.686s] -- Up-to-date: /home/rasp/ros2_ws/install/builtin_interfaces/share/builtin_interfaces/environment/pythonpath.sh
[2.686s] -- Up-to-date: /home/rasp/ros2_ws/install/builtin_interfaces/share/builtin_interfaces/environment/pythonpath.dsv
[2.687s] -- Up-to-date: /home/rasp/ros2_ws/install/builtin_interfaces/lib/python3.12/site-packages/builtin_interfaces-2.0.2-py3.12.egg-info
[2.687s] -- Installing: /home/rasp/ros2_ws/install/builtin_interfaces/lib/python3.12/site-packages/builtin_interfaces-2.0.2-py3.12.egg-info/SOURCES.txt
[2.687s] -- Installing: /home/rasp/ros2_ws/install/builtin_interfaces/lib/python3.12/site-packages/builtin_interfaces-2.0.2-py3.12.egg-info/dependency_links.txt
[2.688s] -- Installing: /home/rasp/ros2_ws/install/builtin_interfaces/lib/python3.12/site-packages/builtin_interfaces-2.0.2-py3.12.egg-info/PKG-INFO
[2.688s] -- Installing: /home/rasp/ros2_ws/install/builtin_interfaces/lib/python3.12/site-packages/builtin_interfaces-2.0.2-py3.12.egg-info/top_level.txt
[2.689s] -- Up-to-date: /home/rasp/ros2_ws/install/builtin_interfaces/lib/python3.12/site-packages/builtin_interfaces
[2.689s] -- Installing: /home/rasp/ros2_ws/install/builtin_interfaces/lib/python3.12/site-packages/builtin_interfaces/__init__.py
[2.689s] -- Up-to-date: /home/rasp/ros2_ws/install/builtin_interfaces/lib/python3.12/site-packages/builtin_interfaces/builtin_interfaces_s__rosidl_typesupport_introspection_c.so
[2.691s] -- Up-to-date: /home/rasp/ros2_ws/install/builtin_interfaces/lib/python3.12/site-packages/builtin_interfaces/builtin_interfaces_s__rosidl_typesupport_microxrcedds_c.so
[2.691s] -- Up-to-date: /home/rasp/ros2_ws/install/builtin_interfaces/lib/python3.12/site-packages/builtin_interfaces/_builtin_interfaces_s.ep.rosidl_typesupport_microxrcedds_c.c
[2.691s] -- Up-to-date: /home/rasp/ros2_ws/install/builtin_interfaces/lib/python3.12/site-packages/builtin_interfaces/_builtin_interfaces_s.ep.rosidl_typesupport_c.c
[2.691s] -- Up-to-date: /home/rasp/ros2_ws/install/builtin_interfaces/lib/python3.12/site-packages/builtin_interfaces/_builtin_interfaces_s.ep.rosidl_typesupport_introspection_c.c
[2.691s] -- Up-to-date: /home/rasp/ros2_ws/install/builtin_interfaces/lib/python3.12/site-packages/builtin_interfaces/builtin_interfaces_s__rosidl_typesupport_c.so
[2.691s] -- Up-to-date: /home/rasp/ros2_ws/install/builtin_interfaces/lib/python3.12/site-packages/builtin_interfaces/msg
[2.691s] -- Up-to-date: /home/rasp/ros2_ws/install/builtin_interfaces/lib/python3.12/site-packages/builtin_interfaces/msg/__init__.py
[2.692s] -- Up-to-date: /home/rasp/ros2_ws/install/builtin_interfaces/lib/python3.12/site-packages/builtin_interfaces/msg/_time.py
[2.692s] -- Up-to-date: /home/rasp/ros2_ws/install/builtin_interfaces/lib/python3.12/site-packages/builtin_interfaces/msg/_duration.py
[2.692s] -- Up-to-date: /home/rasp/ros2_ws/install/builtin_interfaces/lib/python3.12/site-packages/builtin_interfaces/msg/_time_s.c
[2.692s] -- Up-to-date: /home/rasp/ros2_ws/install/builtin_interfaces/lib/python3.12/site-packages/builtin_interfaces/msg/_duration_s.c
[2.692s] -- Up-to-date: /home/rasp/ros2_ws/install/builtin_interfaces/lib/python3.12/site-packages/builtin_interfaces/builtin_interfaces_s__rosidl_typesupport_fastrtps_c.so
[2.692s] -- Up-to-date: /home/rasp/ros2_ws/install/builtin_interfaces/lib/python3.12/site-packages/builtin_interfaces/_builtin_interfaces_s.ep.rosidl_typesupport_fastrtps_c.c
[2.735s] Listing '/home/rasp/ros2_ws/install/builtin_interfaces/lib/python3.12/site-packages/builtin_interfaces'...
[2.735s] Compiling '/home/rasp/ros2_ws/install/builtin_interfaces/lib/python3.12/site-packages/builtin_interfaces/__init__.py'...
[2.735s] Listing '/home/rasp/ros2_ws/install/builtin_interfaces/lib/python3.12/site-packages/builtin_interfaces/msg'...
[2.742s] -- Up-to-date: /home/rasp/ros2_ws/install/builtin_interfaces/lib/python3.12/site-packages/builtin_interfaces/builtin_interfaces_s__rosidl_typesupport_microxrcedds_c.so
[2.743s] -- Up-to-date: /home/rasp/ros2_ws/install/builtin_interfaces/lib/python3.12/site-packages/builtin_interfaces/builtin_interfaces_s__rosidl_typesupport_fastrtps_c.so
[2.745s] -- Up-to-date: /home/rasp/ros2_ws/install/builtin_interfaces/lib/python3.12/site-packages/builtin_interfaces/builtin_interfaces_s__rosidl_typesupport_introspection_c.so
[2.747s] -- Up-to-date: /home/rasp/ros2_ws/install/builtin_interfaces/lib/python3.12/site-packages/builtin_interfaces/builtin_interfaces_s__rosidl_typesupport_c.so
[2.748s] -- Up-to-date: /home/rasp/ros2_ws/install/builtin_interfaces/lib/libbuiltin_interfaces__rosidl_generator_py.so
[2.749s] -- Up-to-date: /home/rasp/ros2_ws/install/builtin_interfaces/share/builtin_interfaces/msg/Duration.idl
[2.749s] -- Up-to-date: /home/rasp/ros2_ws/install/builtin_interfaces/share/builtin_interfaces/msg/Time.idl
[2.749s] -- Up-to-date: /home/rasp/ros2_ws/install/builtin_interfaces/share/builtin_interfaces/msg/Duration.msg
[2.749s] -- Up-to-date: /home/rasp/ros2_ws/install/builtin_interfaces/share/builtin_interfaces/msg/Time.msg
[2.750s] -- Up-to-date: /home/rasp/ros2_ws/install/builtin_interfaces/share/ament_index/resource_index/package_run_dependencies/builtin_interfaces
[2.751s] -- Installing: /home/rasp/ros2_ws/install/builtin_interfaces/share/ament_index/resource_index/parent_prefix_path/builtin_interfaces
[2.751s] -- Up-to-date: /home/rasp/ros2_ws/install/builtin_interfaces/share/builtin_interfaces/environment/ament_prefix_path.sh
[2.751s] -- Up-to-date: /home/rasp/ros2_ws/install/builtin_interfaces/share/builtin_interfaces/environment/ament_prefix_path.dsv
[2.751s] -- Up-to-date: /home/rasp/ros2_ws/install/builtin_interfaces/share/builtin_interfaces/environment/path.sh
[2.751s] -- Up-to-date: /home/rasp/ros2_ws/install/builtin_interfaces/share/builtin_interfaces/environment/path.dsv
[2.751s] -- Up-to-date: /home/rasp/ros2_ws/install/builtin_interfaces/share/builtin_interfaces/local_setup.bash
[2.751s] -- Up-to-date: /home/rasp/ros2_ws/install/builtin_interfaces/share/builtin_interfaces/local_setup.sh
[2.751s] -- Up-to-date: /home/rasp/ros2_ws/install/builtin_interfaces/share/builtin_interfaces/local_setup.zsh
[2.751s] -- Up-to-date: /home/rasp/ros2_ws/install/builtin_interfaces/share/builtin_interfaces/local_setup.dsv
[2.751s] -- Installing: /home/rasp/ros2_ws/install/builtin_interfaces/share/builtin_interfaces/package.dsv
[2.752s] -- Up-to-date: /home/rasp/ros2_ws/install/builtin_interfaces/share/ament_index/resource_index/packages/builtin_interfaces
[2.752s] -- Up-to-date: /home/rasp/ros2_ws/install/builtin_interfaces/share/builtin_interfaces/cmake/export_builtin_interfaces__rosidl_generator_cExport.cmake
[2.752s] -- Up-to-date: /home/rasp/ros2_ws/install/builtin_interfaces/share/builtin_interfaces/cmake/export_builtin_interfaces__rosidl_generator_cExport-noconfig.cmake
[2.752s] -- Up-to-date: /home/rasp/ros2_ws/install/builtin_interfaces/share/builtin_interfaces/cmake/export_builtin_interfaces__rosidl_typesupport_fastrtps_cExport.cmake
[2.752s] -- Up-to-date: /home/rasp/ros2_ws/install/builtin_interfaces/share/builtin_interfaces/cmake/export_builtin_interfaces__rosidl_typesupport_fastrtps_cExport-noconfig.cmake
[2.752s] -- Up-to-date: /home/rasp/ros2_ws/install/builtin_interfaces/share/builtin_interfaces/cmake/builtin_interfaces__rosidl_typesupport_introspection_cExport.cmake
[2.755s] -- Up-to-date: /home/rasp/ros2_ws/install/builtin_interfaces/share/builtin_interfaces/cmake/builtin_interfaces__rosidl_typesupport_introspection_cExport-noconfig.cmake
[2.755s] -- Up-to-date: /home/rasp/ros2_ws/install/builtin_interfaces/share/builtin_interfaces/cmake/builtin_interfaces__rosidl_typesupport_cExport.cmake
[2.756s] -- Up-to-date: /home/rasp/ros2_ws/install/builtin_interfaces/share/builtin_interfaces/cmake/builtin_interfaces__rosidl_typesupport_cExport-noconfig.cmake
[2.756s] -- Up-to-date: /home/rasp/ros2_ws/install/builtin_interfaces/share/builtin_interfaces/cmake/export_builtin_interfaces__rosidl_generator_cppExport.cmake
[2.757s] -- Up-to-date: /home/rasp/ros2_ws/install/builtin_interfaces/share/builtin_interfaces/cmake/export_builtin_interfaces__rosidl_typesupport_fastrtps_cppExport.cmake
[2.757s] -- Up-to-date: /home/rasp/ros2_ws/install/builtin_interfaces/share/builtin_interfaces/cmake/export_builtin_interfaces__rosidl_typesupport_fastrtps_cppExport-noconfig.cmake
[2.757s] -- Up-to-date: /home/rasp/ros2_ws/install/builtin_interfaces/share/builtin_interfaces/cmake/builtin_interfaces__rosidl_typesupport_introspection_cppExport.cmake
[2.757s] -- Up-to-date: /home/rasp/ros2_ws/install/builtin_interfaces/share/builtin_interfaces/cmake/builtin_interfaces__rosidl_typesupport_introspection_cppExport-noconfig.cmake
[2.757s] -- Up-to-date: /home/rasp/ros2_ws/install/builtin_interfaces/share/builtin_interfaces/cmake/builtin_interfaces__rosidl_typesupport_cppExport.cmake
[2.758s] -- Up-to-date: /home/rasp/ros2_ws/install/builtin_interfaces/share/builtin_interfaces/cmake/builtin_interfaces__rosidl_typesupport_cppExport-noconfig.cmake
[2.758s] -- Up-to-date: /home/rasp/ros2_ws/install/builtin_interfaces/share/builtin_interfaces/cmake/export_builtin_interfaces__rosidl_generator_pyExport.cmake
[2.758s] -- Up-to-date: /home/rasp/ros2_ws/install/builtin_interfaces/share/builtin_interfaces/cmake/export_builtin_interfaces__rosidl_generator_pyExport-noconfig.cmake
[2.758s] -- Up-to-date: /home/rasp/ros2_ws/install/builtin_interfaces/share/builtin_interfaces/cmake/rosidl_cmake-extras.cmake
[2.758s] -- Up-to-date: /home/rasp/ros2_ws/install/builtin_interfaces/share/builtin_interfaces/cmake/ament_cmake_export_include_directories-extras.cmake
[2.758s] -- Up-to-date: /home/rasp/ros2_ws/install/builtin_interfaces/share/builtin_interfaces/cmake/ament_cmake_export_libraries-extras.cmake
[2.758s] -- Up-to-date: /home/rasp/ros2_ws/install/builtin_interfaces/share/builtin_interfaces/cmake/ament_cmake_export_targets-extras.cmake
[2.758s] -- Up-to-date: /home/rasp/ros2_ws/install/builtin_interfaces/share/builtin_interfaces/cmake/rosidl_cmake_export_typesupport_targets-extras.cmake
[2.758s] -- Up-to-date: /home/rasp/ros2_ws/install/builtin_interfaces/share/builtin_interfaces/cmake/ament_cmake_export_dependencies-extras.cmake
[2.759s] -- Up-to-date: /home/rasp/ros2_ws/install/builtin_interfaces/share/builtin_interfaces/cmake/rosidl_cmake_export_typesupport_libraries-extras.cmake
[2.759s] -- Up-to-date: /home/rasp/ros2_ws/install/builtin_interfaces/share/builtin_interfaces/cmake/builtin_interfacesConfig.cmake
[2.759s] -- Up-to-date: /home/rasp/ros2_ws/install/builtin_interfaces/share/builtin_interfaces/cmake/builtin_interfacesConfig-version.cmake
[2.759s] -- Up-to-date: /home/rasp/ros2_ws/install/builtin_interfaces/share/builtin_interfaces/package.xml
[2.764s] Invoked command in '/home/rasp/ros2_ws/build/builtin_interfaces' returned '0': CMAKE_PREFIX_PATH=${CMAKE_PREFIX_PATH}:/home/rasp/ros2_ws/install/sensor_msgs_py:/opt/ros/jazzy DEBUGINFOD_URLS=https://debuginfod.ubuntu.com /usr/bin/cmake --install /home/rasp/ros2_ws/build/builtin_interfaces
