running egg_info
creating ../../build/robot_description/robot_description.egg-info
writing ../../build/robot_description/robot_description.egg-info/PKG-INFO
writing dependency_links to ../../build/robot_description/robot_description.egg-info/dependency_links.txt
writing requirements to ../../build/robot_description/robot_description.egg-info/requires.txt
writing top-level names to ../../build/robot_description/robot_description.egg-info/top_level.txt
writing manifest file '../../build/robot_description/robot_description.egg-info/SOURCES.txt'
reading manifest file '../../build/robot_description/robot_description.egg-info/SOURCES.txt'
writing manifest file '../../build/robot_description/robot_description.egg-info/SOURCES.txt'
running build
running build_py
creating /home/rasp/ros2_ws/build/robot_description/build
creating /home/rasp/ros2_ws/build/robot_description/build/lib
creating /home/rasp/ros2_ws/build/robot_description/build/lib/robot_description
copying robot_description/__init__.py -> /home/rasp/ros2_ws/build/robot_description/build/lib/robot_description
running install
running install_lib
creating /home/rasp/ros2_ws/install/robot_description/lib/python3.12/site-packages/robot_description
copying /home/rasp/ros2_ws/build/robot_description/build/lib/robot_description/__init__.py -> /home/rasp/ros2_ws/install/robot_description/lib/python3.12/site-packages/robot_description
byte-compiling /home/rasp/ros2_ws/install/robot_description/lib/python3.12/site-packages/robot_description/__init__.py to __init__.cpython-312.pyc
running install_data
creating /home/rasp/ros2_ws/install/robot_description/share/ament_index
creating /home/rasp/ros2_ws/install/robot_description/share/ament_index/resource_index
creating /home/rasp/ros2_ws/install/robot_description/share/ament_index/resource_index/packages
copying resource/robot_description -> /home/rasp/ros2_ws/install/robot_description/share/ament_index/resource_index/packages
copying package.xml -> /home/rasp/ros2_ws/install/robot_description/share/robot_description
creating /home/rasp/ros2_ws/install/robot_description/share/robot_description/launch
copying launch/display.launch.py -> /home/rasp/ros2_ws/install/robot_description/share/robot_description/launch
copying launch/bringupAll.launch.py -> /home/rasp/ros2_ws/install/robot_description/share/robot_description/launch
copying launch/gazebo.launch.py -> /home/rasp/ros2_ws/install/robot_description/share/robot_description/launch
copying launch/bringupSlam.launch.py -> /home/rasp/ros2_ws/install/robot_description/share/robot_description/launch
creating /home/rasp/ros2_ws/install/robot_description/share/robot_description/urdf
copying urdf/materials.xacro -> /home/rasp/ros2_ws/install/robot_description/share/robot_description/urdf
copying urdf/robot.trans -> /home/rasp/ros2_ws/install/robot_description/share/robot_description/urdf
copying urdf/robot.gazebo -> /home/rasp/ros2_ws/install/robot_description/share/robot_description/urdf
copying urdf/robot.xacro -> /home/rasp/ros2_ws/install/robot_description/share/robot_description/urdf
creating /home/rasp/ros2_ws/install/robot_description/share/robot_description/meshes
copying meshes/Roue2_1.stl -> /home/rasp/ros2_ws/install/robot_description/share/robot_description/meshes
copying meshes/base_link.stl -> /home/rasp/ros2_ws/install/robot_description/share/robot_description/meshes
copying meshes/Roue4_1.stl -> /home/rasp/ros2_ws/install/robot_description/share/robot_description/meshes
copying meshes/Roue3_1.stl -> /home/rasp/ros2_ws/install/robot_description/share/robot_description/meshes
copying meshes/Roue1_1.stl -> /home/rasp/ros2_ws/install/robot_description/share/robot_description/meshes
creating /home/rasp/ros2_ws/install/robot_description/share/robot_description/config
copying config/navigate_w_replanning_and_recovery.xml -> /home/rasp/ros2_ws/install/robot_description/share/robot_description/config
copying config/nav2_params.yaml -> /home/rasp/ros2_ws/install/robot_description/share/robot_description/config
copying config/nav2_params_default.yaml -> /home/rasp/ros2_ws/install/robot_description/share/robot_description/config
copying config/display.rviz -> /home/rasp/ros2_ws/install/robot_description/share/robot_description/config
running install_egg_info
Copying ../../build/robot_description/robot_description.egg-info to /home/rasp/ros2_ws/install/robot_description/lib/python3.12/site-packages/robot_description-0.0.0-py3.12.egg-info
running install_scripts
writing list of installed files to '/home/rasp/ros2_ws/build/robot_description/install.log'
