[1.799s] Invoking command in '/home/rasp/ros2_ws/src/robot_description': DEBUGINFOD_URLS=https://debuginfod.ubuntu.com PYTHONPATH=/home/rasp/ros2_ws/build/robot_description/prefix_override:/usr/lib/python3/dist-packages/colcon_core/task/python/colcon_distutils_commands:/home/rasp/ros2_ws/install/robot_description/lib/python3.12/site-packages:${PYTHONPATH} /usr/bin/python3 -W ignore:setup.py install is deprecated -W ignore:easy_install command is deprecated setup.py egg_info --egg-base ../../build/robot_description build --build-base /home/rasp/ros2_ws/build/robot_description/build install --record /home/rasp/ros2_ws/build/robot_description/install.log --single-version-externally-managed install_data
[2.125s] running egg_info
[2.125s] creating ../../build/robot_description/robot_description.egg-info
[2.148s] writing ../../build/robot_description/robot_description.egg-info/PKG-INFO
[2.149s] writing dependency_links to ../../build/robot_description/robot_description.egg-info/dependency_links.txt
[2.149s] writing requirements to ../../build/robot_description/robot_description.egg-info/requires.txt
[2.150s] writing top-level names to ../../build/robot_description/robot_description.egg-info/top_level.txt
[2.151s] writing manifest file '../../build/robot_description/robot_description.egg-info/SOURCES.txt'
[2.194s] reading manifest file '../../build/robot_description/robot_description.egg-info/SOURCES.txt'
[2.194s] writing manifest file '../../build/robot_description/robot_description.egg-info/SOURCES.txt'
[2.195s] running build
[2.195s] running build_py
[2.195s] creating /home/rasp/ros2_ws/build/robot_description/build
[2.197s] creating /home/rasp/ros2_ws/build/robot_description/build/lib
[2.197s] creating /home/rasp/ros2_ws/build/robot_description/build/lib/robot_description
[2.197s] copying robot_description/__init__.py -> /home/rasp/ros2_ws/build/robot_description/build/lib/robot_description
[2.197s] running install
[2.202s] running install_lib
[2.230s] creating /home/rasp/ros2_ws/install/robot_description/lib/python3.12/site-packages/robot_description
[2.230s] copying /home/rasp/ros2_ws/build/robot_description/build/lib/robot_description/__init__.py -> /home/rasp/ros2_ws/install/robot_description/lib/python3.12/site-packages/robot_description
[2.232s] byte-compiling /home/rasp/ros2_ws/install/robot_description/lib/python3.12/site-packages/robot_description/__init__.py to __init__.cpython-312.pyc
[2.232s] running install_data
[2.232s] creating /home/rasp/ros2_ws/install/robot_description/share/ament_index
[2.233s] creating /home/rasp/ros2_ws/install/robot_description/share/ament_index/resource_index
[2.233s] creating /home/rasp/ros2_ws/install/robot_description/share/ament_index/resource_index/packages
[2.233s] copying resource/robot_description -> /home/rasp/ros2_ws/install/robot_description/share/ament_index/resource_index/packages
[2.233s] copying package.xml -> /home/rasp/ros2_ws/install/robot_description/share/robot_description
[2.234s] creating /home/rasp/ros2_ws/install/robot_description/share/robot_description/launch
[2.234s] copying launch/display.launch.py -> /home/rasp/ros2_ws/install/robot_description/share/robot_description/launch
[2.234s] copying launch/bringupAll.launch.py -> /home/rasp/ros2_ws/install/robot_description/share/robot_description/launch
[2.235s] copying launch/gazebo.launch.py -> /home/rasp/ros2_ws/install/robot_description/share/robot_description/launch
[2.235s] copying launch/bringupSlam.launch.py -> /home/rasp/ros2_ws/install/robot_description/share/robot_description/launch
[2.235s] creating /home/rasp/ros2_ws/install/robot_description/share/robot_description/urdf
[2.235s] copying urdf/materials.xacro -> /home/rasp/ros2_ws/install/robot_description/share/robot_description/urdf
[2.236s] copying urdf/robot.trans -> /home/rasp/ros2_ws/install/robot_description/share/robot_description/urdf
[2.238s] copying urdf/robot.gazebo -> /home/rasp/ros2_ws/install/robot_description/share/robot_description/urdf
[2.238s] copying urdf/robot.xacro -> /home/rasp/ros2_ws/install/robot_description/share/robot_description/urdf
[2.238s] creating /home/rasp/ros2_ws/install/robot_description/share/robot_description/meshes
[2.238s] copying meshes/Roue2_1.stl -> /home/rasp/ros2_ws/install/robot_description/share/robot_description/meshes
[2.238s] copying meshes/base_link.stl -> /home/rasp/ros2_ws/install/robot_description/share/robot_description/meshes
[2.246s] copying meshes/Roue4_1.stl -> /home/rasp/ros2_ws/install/robot_description/share/robot_description/meshes
[2.249s] copying meshes/Roue3_1.stl -> /home/rasp/ros2_ws/install/robot_description/share/robot_description/meshes
[2.249s] copying meshes/Roue1_1.stl -> /home/rasp/ros2_ws/install/robot_description/share/robot_description/meshes
[2.250s] creating /home/rasp/ros2_ws/install/robot_description/share/robot_description/config
[2.250s] copying config/navigate_w_replanning_and_recovery.xml -> /home/rasp/ros2_ws/install/robot_description/share/robot_description/config
[2.250s] copying config/nav2_params.yaml -> /home/rasp/ros2_ws/install/robot_description/share/robot_description/config
[2.250s] copying config/nav2_params_default.yaml -> /home/rasp/ros2_ws/install/robot_description/share/robot_description/config
[2.250s] copying config/display.rviz -> /home/rasp/ros2_ws/install/robot_description/share/robot_description/config
[2.250s] running install_egg_info
[2.276s] Copying ../../build/robot_description/robot_description.egg-info to /home/rasp/ros2_ws/install/robot_description/lib/python3.12/site-packages/robot_description-0.0.0-py3.12.egg-info
[2.276s] running install_scripts
[2.432s] writing list of installed files to '/home/rasp/ros2_ws/build/robot_description/install.log'
[2.463s] Invoked command in '/home/rasp/ros2_ws/src/robot_description' returned '0': DEBUGINFOD_URLS=https://debuginfod.ubuntu.com PYTHONPATH=/home/rasp/ros2_ws/build/robot_description/prefix_override:/usr/lib/python3/dist-packages/colcon_core/task/python/colcon_distutils_commands:/home/rasp/ros2_ws/install/robot_description/lib/python3.12/site-packages:${PYTHONPATH} /usr/bin/python3 -W ignore:setup.py install is deprecated -W ignore:easy_install command is deprecated setup.py egg_info --egg-base ../../build/robot_description build --build-base /home/rasp/ros2_ws/build/robot_description/build install --record /home/rasp/ros2_ws/build/robot_description/install.log --single-version-externally-managed install_data
