-- The C compiler identification is GNU 13.3.0
-- The CXX compiler identification is GNU 13.3.0
-- Detecting C compiler ABI info
-- Detecting C compiler ABI info - done
-- Check for working C compiler: /usr/bin/cc - skipped
-- Detecting C compile features
-- Detecting C compile features - done
-- Detecting CXX compiler ABI info
-- Detecting CXX compiler ABI info - done
-- Check for working CXX compiler: /usr/bin/c++ - skipped
-- Detecting CXX compile features
-- Detecting CXX compile features - done
-- Found ament_cmake: 2.5.3 (/opt/ros/jazzy/share/ament_cmake/cmake)
-- Found Python3: /usr/bin/python3 (found version "3.12.3") found components: Interpreter 
-- Found builtin_interfaces: 2.0.2 (/home/rasp/ros2_ws/install/builtin_interfaces/share/builtin_interfaces/cmake)
-- Found rosidl_generator_c: 4.6.5 (/opt/ros/jazzy/share/rosidl_generator_c/cmake)
-- Found rosidl_generator_cpp: 4.6.5 (/opt/ros/jazzy/share/rosidl_generator_cpp/cmake)
-- Using all available rosidl_typesupport_c: rosidl_typesupport_microxrcedds_c;rosidl_typesupport_fastrtps_c;rosidl_typesupport_introspection_c
-- Found rosidl_adapter: 4.6.5 (/opt/ros/jazzy/share/rosidl_adapter/cmake)
-- Using all available rosidl_typesupport_cpp: rosidl_typesupport_microxrcedds_cpp;rosidl_typesupport_fastrtps_cpp;rosidl_typesupport_introspection_cpp
-- Found rosidl_default_generators: 1.6.0 (/opt/ros/jazzy/share/rosidl_default_generators/cmake)
-- Found std_msgs: 5.3.6 (/home/rasp/ros2_ws/install/std_msgs/share/std_msgs/cmake)
-- Found ament_cmake_ros: 0.12.0 (/opt/ros/jazzy/share/ament_cmake_ros/cmake)
-- Using all available rosidl_typesupport_c: rosidl_typesupport_microxrcedds_c;rosidl_typesupport_fastrtps_c;rosidl_typesupport_introspection_c
-- Using all available rosidl_typesupport_cpp: rosidl_typesupport_microxrcedds_cpp;rosidl_typesupport_fastrtps_cpp;rosidl_typesupport_introspection_cpp
-- Found python_cmake_module: 0.11.1 (/opt/ros/jazzy/share/python_cmake_module/cmake)
-- Found PythonExtra: /usr/bin/python3  
-- Found Python3: /usr/bin/python3 (found version "3.12.3") found components: Interpreter Development NumPy Development.Module Development.Embed 
-- Configuring done (3.7s)
-- Generating done (0.0s)
-- Build files have been written to: /home/rasp/ros2_ws/build/actionlib_msgs
[  1%] [34m[1mGenerating type hashes for ROS interfaces[0m
[  1%] Built target actionlib_msgs__rosidl_generator_type_description
[  1%] Built target ament_cmake_python_copy_actionlib_msgs
[  3%] [34m[1mGenerating C code for ROS interfaces[0m
[  4%] [32mBuilding C object CMakeFiles/actionlib_msgs__rosidl_generator_c.dir/rosidl_generator_c/actionlib_msgs/msg/detail/goal_id__description.c.o[0m
[  6%] [32mBuilding C object CMakeFiles/actionlib_msgs__rosidl_generator_c.dir/rosidl_generator_c/actionlib_msgs/msg/detail/goal_id__functions.c.o[0m
[  7%] [32mBuilding C object CMakeFiles/actionlib_msgs__rosidl_generator_c.dir/rosidl_generator_c/actionlib_msgs/msg/detail/goal_id__type_support.c.o[0m
[  9%] [32mBuilding C object CMakeFiles/actionlib_msgs__rosidl_generator_c.dir/rosidl_generator_c/actionlib_msgs/msg/detail/goal_status__description.c.o[0m
[ 10%] [32mBuilding C object CMakeFiles/actionlib_msgs__rosidl_generator_c.dir/rosidl_generator_c/actionlib_msgs/msg/detail/goal_status__functions.c.o[0m
[ 12%] [32mBuilding C object CMakeFiles/actionlib_msgs__rosidl_generator_c.dir/rosidl_generator_c/actionlib_msgs/msg/detail/goal_status__type_support.c.o[0m
[ 13%] [32mBuilding C object CMakeFiles/actionlib_msgs__rosidl_generator_c.dir/rosidl_generator_c/actionlib_msgs/msg/detail/goal_status_array__description.c.o[0m
[ 15%] [32mBuilding C object CMakeFiles/actionlib_msgs__rosidl_generator_c.dir/rosidl_generator_c/actionlib_msgs/msg/detail/goal_status_array__functions.c.o[0m
[ 16%] [32mBuilding C object CMakeFiles/actionlib_msgs__rosidl_generator_c.dir/rosidl_generator_c/actionlib_msgs/msg/detail/goal_status_array__type_support.c.o[0m
[ 18%] [32m[1mLinking C shared library libactionlib_msgs__rosidl_generator_c.so[0m
[ 18%] Built target actionlib_msgs__rosidl_generator_c
[ 19%] [34m[1mGenerating C++ code for ROS interfaces[0m
[ 19%] Built target actionlib_msgs__cpp
running egg_info
creating actionlib_msgs.egg-info
writing actionlib_msgs.egg-info/PKG-INFO
writing dependency_links to actionlib_msgs.egg-info/dependency_links.txt
writing top-level names to actionlib_msgs.egg-info/top_level.txt
writing manifest file 'actionlib_msgs.egg-info/SOURCES.txt'
reading manifest file 'actionlib_msgs.egg-info/SOURCES.txt'
writing manifest file 'actionlib_msgs.egg-info/SOURCES.txt'
[ 19%] Built target ament_cmake_python_build_actionlib_msgs_egg
[ 21%] [34m[1mGenerating C type support for eProsima Micro XRCE-DDS[0m
[ 22%] [32mBuilding C object CMakeFiles/actionlib_msgs__rosidl_typesupport_microxrcedds_c.dir/rosidl_typesupport_microxrcedds_c/actionlib_msgs/msg/detail/microxrcedds/goal_id__type_support_c.c.o[0m
[ 24%] [32mBuilding C object CMakeFiles/actionlib_msgs__rosidl_typesupport_microxrcedds_c.dir/rosidl_typesupport_microxrcedds_c/actionlib_msgs/msg/detail/microxrcedds/goal_status__type_support_c.c.o[0m
[ 25%] [32mBuilding C object CMakeFiles/actionlib_msgs__rosidl_typesupport_microxrcedds_c.dir/rosidl_typesupport_microxrcedds_c/actionlib_msgs/msg/detail/microxrcedds/goal_status_array__type_support_c.c.o[0m
[ 27%] [32m[1mLinking C shared library libactionlib_msgs__rosidl_typesupport_microxrcedds_c.so[0m
[ 27%] Built target actionlib_msgs__rosidl_typesupport_microxrcedds_c
[ 28%] [34m[1mGenerating C++ type support dispatch for ROS interfaces[0m
[ 30%] [32mBuilding CXX object CMakeFiles/actionlib_msgs__rosidl_typesupport_cpp.dir/rosidl_typesupport_cpp/actionlib_msgs/msg/goal_id__type_support.cpp.o[0m
[ 31%] [32mBuilding CXX object CMakeFiles/actionlib_msgs__rosidl_typesupport_cpp.dir/rosidl_typesupport_cpp/actionlib_msgs/msg/goal_status__type_support.cpp.o[0m
[ 33%] [32mBuilding CXX object CMakeFiles/actionlib_msgs__rosidl_typesupport_cpp.dir/rosidl_typesupport_cpp/actionlib_msgs/msg/goal_status_array__type_support.cpp.o[0m
[ 34%] [32m[1mLinking CXX shared library libactionlib_msgs__rosidl_typesupport_cpp.so[0m
[ 34%] Built target actionlib_msgs__rosidl_typesupport_cpp
[ 36%] [34m[1mGenerating C introspection for ROS interfaces[0m
[ 37%] [32mBuilding C object CMakeFiles/actionlib_msgs__rosidl_typesupport_introspection_c.dir/rosidl_typesupport_introspection_c/actionlib_msgs/msg/detail/goal_id__type_support.c.o[0m
[ 39%] [32mBuilding C object CMakeFiles/actionlib_msgs__rosidl_typesupport_introspection_c.dir/rosidl_typesupport_introspection_c/actionlib_msgs/msg/detail/goal_status__type_support.c.o[0m
[ 40%] [32mBuilding C object CMakeFiles/actionlib_msgs__rosidl_typesupport_introspection_c.dir/rosidl_typesupport_introspection_c/actionlib_msgs/msg/detail/goal_status_array__type_support.c.o[0m
[ 42%] [32m[1mLinking C shared library libactionlib_msgs__rosidl_typesupport_introspection_c.so[0m
[ 42%] Built target actionlib_msgs__rosidl_typesupport_introspection_c
[ 43%] [34m[1mGenerating C type support dispatch for ROS interfaces[0m
[ 45%] [32mBuilding CXX object CMakeFiles/actionlib_msgs__rosidl_typesupport_c.dir/rosidl_typesupport_c/actionlib_msgs/msg/goal_id__type_support.cpp.o[0m
[ 46%] [32mBuilding CXX object CMakeFiles/actionlib_msgs__rosidl_typesupport_c.dir/rosidl_typesupport_c/actionlib_msgs/msg/goal_status__type_support.cpp.o[0m
[ 48%] [32mBuilding CXX object CMakeFiles/actionlib_msgs__rosidl_typesupport_c.dir/rosidl_typesupport_c/actionlib_msgs/msg/goal_status_array__type_support.cpp.o[0m
[ 50%] [32m[1mLinking CXX shared library libactionlib_msgs__rosidl_typesupport_c.so[0m
[ 50%] Built target actionlib_msgs__rosidl_typesupport_c
[ 51%] [34m[1mGenerating C++ type support for eProsima Micro XRCE-DDS[0m
[ 53%] [32mBuilding CXX object CMakeFiles/actionlib_msgs__rosidl_typesupport_microxrcedds_cpp.dir/rosidl_typesupport_microxrcedds_cpp/actionlib_msgs/msg/detail/microxrcedds/goal_id__type_support_cpp.cpp.o[0m
[ 54%] [32mBuilding CXX object CMakeFiles/actionlib_msgs__rosidl_typesupport_microxrcedds_cpp.dir/rosidl_typesupport_microxrcedds_cpp/actionlib_msgs/msg/detail/microxrcedds/goal_status__type_support_cpp.cpp.o[0m
[ 56%] [32mBuilding CXX object CMakeFiles/actionlib_msgs__rosidl_typesupport_microxrcedds_cpp.dir/rosidl_typesupport_microxrcedds_cpp/actionlib_msgs/msg/detail/microxrcedds/goal_status_array__type_support_cpp.cpp.o[0m
[ 57%] [32m[1mLinking CXX shared library libactionlib_msgs__rosidl_typesupport_microxrcedds_cpp.so[0m
[ 57%] Built target actionlib_msgs__rosidl_typesupport_microxrcedds_cpp
[ 59%] [34m[1mGenerating C++ introspection for ROS interfaces[0m
[ 60%] [32mBuilding CXX object CMakeFiles/actionlib_msgs__rosidl_typesupport_introspection_cpp.dir/rosidl_typesupport_introspection_cpp/actionlib_msgs/msg/detail/goal_id__type_support.cpp.o[0m
[ 62%] [32mBuilding CXX object CMakeFiles/actionlib_msgs__rosidl_typesupport_introspection_cpp.dir/rosidl_typesupport_introspection_cpp/actionlib_msgs/msg/detail/goal_status__type_support.cpp.o[0m
[ 63%] [32mBuilding CXX object CMakeFiles/actionlib_msgs__rosidl_typesupport_introspection_cpp.dir/rosidl_typesupport_introspection_cpp/actionlib_msgs/msg/detail/goal_status_array__type_support.cpp.o[0m
[ 65%] [32m[1mLinking CXX shared library libactionlib_msgs__rosidl_typesupport_introspection_cpp.so[0m
[ 65%] Built target actionlib_msgs__rosidl_typesupport_introspection_cpp
[ 66%] [34m[1mGenerating C type support for eProsima Fast-RTPS[0m
[ 68%] [32mBuilding CXX object CMakeFiles/actionlib_msgs__rosidl_typesupport_fastrtps_c.dir/rosidl_typesupport_fastrtps_c/actionlib_msgs/msg/detail/goal_id__type_support_c.cpp.o[0m
[ 69%] [32mBuilding CXX object CMakeFiles/actionlib_msgs__rosidl_typesupport_fastrtps_c.dir/rosidl_typesupport_fastrtps_c/actionlib_msgs/msg/detail/goal_status__type_support_c.cpp.o[0m
[ 71%] [32mBuilding CXX object CMakeFiles/actionlib_msgs__rosidl_typesupport_fastrtps_c.dir/rosidl_typesupport_fastrtps_c/actionlib_msgs/msg/detail/goal_status_array__type_support_c.cpp.o[0m
[ 72%] [32m[1mLinking CXX shared library libactionlib_msgs__rosidl_typesupport_fastrtps_c.so[0m
[ 72%] Built target actionlib_msgs__rosidl_typesupport_fastrtps_c
[ 74%] [34m[1mGenerating C++ type support for eProsima Fast-RTPS[0m
[ 75%] [32mBuilding CXX object CMakeFiles/actionlib_msgs__rosidl_typesupport_fastrtps_cpp.dir/rosidl_typesupport_fastrtps_cpp/actionlib_msgs/msg/detail/dds_fastrtps/goal_id__type_support.cpp.o[0m
[ 77%] [32mBuilding CXX object CMakeFiles/actionlib_msgs__rosidl_typesupport_fastrtps_cpp.dir/rosidl_typesupport_fastrtps_cpp/actionlib_msgs/msg/detail/dds_fastrtps/goal_status__type_support.cpp.o[0m
[ 78%] [32mBuilding CXX object CMakeFiles/actionlib_msgs__rosidl_typesupport_fastrtps_cpp.dir/rosidl_typesupport_fastrtps_cpp/actionlib_msgs/msg/detail/dds_fastrtps/goal_status_array__type_support.cpp.o[0m
[ 80%] [32m[1mLinking CXX shared library libactionlib_msgs__rosidl_typesupport_fastrtps_cpp.so[0m
[ 80%] Built target actionlib_msgs__rosidl_typesupport_fastrtps_cpp
[ 80%] Built target actionlib_msgs
[ 81%] [34m[1mGenerating Python code for ROS interfaces[0m
[ 81%] Built target actionlib_msgs__py
[ 83%] [32mBuilding C object CMakeFiles/actionlib_msgs__rosidl_generator_py.dir/rosidl_generator_py/actionlib_msgs/msg/_goal_id_s.c.o[0m
[ 84%] [32mBuilding C object CMakeFiles/actionlib_msgs__rosidl_generator_py.dir/rosidl_generator_py/actionlib_msgs/msg/_goal_status_s.c.o[0m
[ 86%] [32mBuilding C object CMakeFiles/actionlib_msgs__rosidl_generator_py.dir/rosidl_generator_py/actionlib_msgs/msg/_goal_status_array_s.c.o[0m
[ 87%] [32m[1mLinking C shared library libactionlib_msgs__rosidl_generator_py.so[0m
[ 87%] Built target actionlib_msgs__rosidl_generator_py
[ 89%] [32mBuilding C object CMakeFiles/actionlib_msgs_s__rosidl_typesupport_microxrcedds_c.dir/rosidl_generator_py/actionlib_msgs/_actionlib_msgs_s.ep.rosidl_typesupport_microxrcedds_c.c.o[0m
[ 90%] [32m[1mLinking C shared module rosidl_generator_py/actionlib_msgs/actionlib_msgs_s__rosidl_typesupport_microxrcedds_c.so[0m
[ 90%] Built target actionlib_msgs_s__rosidl_typesupport_microxrcedds_c
[ 92%] [32mBuilding C object CMakeFiles/actionlib_msgs_s__rosidl_typesupport_fastrtps_c.dir/rosidl_generator_py/actionlib_msgs/_actionlib_msgs_s.ep.rosidl_typesupport_fastrtps_c.c.o[0m
[ 93%] [32m[1mLinking C shared module rosidl_generator_py/actionlib_msgs/actionlib_msgs_s__rosidl_typesupport_fastrtps_c.so[0m
[ 93%] Built target actionlib_msgs_s__rosidl_typesupport_fastrtps_c
[ 95%] [32mBuilding C object CMakeFiles/actionlib_msgs_s__rosidl_typesupport_introspection_c.dir/rosidl_generator_py/actionlib_msgs/_actionlib_msgs_s.ep.rosidl_typesupport_introspection_c.c.o[0m
[ 96%] [32m[1mLinking C shared module rosidl_generator_py/actionlib_msgs/actionlib_msgs_s__rosidl_typesupport_introspection_c.so[0m
[ 96%] Built target actionlib_msgs_s__rosidl_typesupport_introspection_c
[ 98%] [32mBuilding C object CMakeFiles/actionlib_msgs_s__rosidl_typesupport_c.dir/rosidl_generator_py/actionlib_msgs/_actionlib_msgs_s.ep.rosidl_typesupport_c.c.o[0m
[100%] [32m[1mLinking C shared module rosidl_generator_py/actionlib_msgs/actionlib_msgs_s__rosidl_typesupport_c.so[0m
[100%] Built target actionlib_msgs_s__rosidl_typesupport_c
-- Install configuration: ""
-- Installing: /home/rasp/ros2_ws/install/actionlib_msgs/share/ament_index/resource_index/rosidl_interfaces/actionlib_msgs
-- Installing: /home/rasp/ros2_ws/install/actionlib_msgs/share/actionlib_msgs/msg/GoalID.json
-- Installing: /home/rasp/ros2_ws/install/actionlib_msgs/share/actionlib_msgs/msg/GoalStatus.json
-- Installing: /home/rasp/ros2_ws/install/actionlib_msgs/share/actionlib_msgs/msg/GoalStatusArray.json
-- Installing: /home/rasp/ros2_ws/install/actionlib_msgs/include/actionlib_msgs/actionlib_msgs
-- Installing: /home/rasp/ros2_ws/install/actionlib_msgs/include/actionlib_msgs/actionlib_msgs/msg
-- Installing: /home/rasp/ros2_ws/install/actionlib_msgs/include/actionlib_msgs/actionlib_msgs/msg/goal_status_array.h
-- Installing: /home/rasp/ros2_ws/install/actionlib_msgs/include/actionlib_msgs/actionlib_msgs/msg/goal_id.h
-- Installing: /home/rasp/ros2_ws/install/actionlib_msgs/include/actionlib_msgs/actionlib_msgs/msg/detail
-- Installing: /home/rasp/ros2_ws/install/actionlib_msgs/include/actionlib_msgs/actionlib_msgs/msg/detail/goal_id__struct.h
-- Installing: /home/rasp/ros2_ws/install/actionlib_msgs/include/actionlib_msgs/actionlib_msgs/msg/detail/goal_status__type_support.h
-- Installing: /home/rasp/ros2_ws/install/actionlib_msgs/include/actionlib_msgs/actionlib_msgs/msg/detail/goal_status_array__type_support.c
-- Installing: /home/rasp/ros2_ws/install/actionlib_msgs/include/actionlib_msgs/actionlib_msgs/msg/detail/goal_status_array__functions.c
-- Installing: /home/rasp/ros2_ws/install/actionlib_msgs/include/actionlib_msgs/actionlib_msgs/msg/detail/goal_status_array__struct.h
-- Installing: /home/rasp/ros2_ws/install/actionlib_msgs/include/actionlib_msgs/actionlib_msgs/msg/detail/goal_id__functions.c
-- Installing: /home/rasp/ros2_ws/install/actionlib_msgs/include/actionlib_msgs/actionlib_msgs/msg/detail/goal_id__type_support.c
-- Installing: /home/rasp/ros2_ws/install/actionlib_msgs/include/actionlib_msgs/actionlib_msgs/msg/detail/goal_status__description.c
-- Installing: /home/rasp/ros2_ws/install/actionlib_msgs/include/actionlib_msgs/actionlib_msgs/msg/detail/goal_id__type_support.h
-- Installing: /home/rasp/ros2_ws/install/actionlib_msgs/include/actionlib_msgs/actionlib_msgs/msg/detail/goal_status__functions.c
-- Installing: /home/rasp/ros2_ws/install/actionlib_msgs/include/actionlib_msgs/actionlib_msgs/msg/detail/goal_status_array__functions.h
-- Installing: /home/rasp/ros2_ws/install/actionlib_msgs/include/actionlib_msgs/actionlib_msgs/msg/detail/goal_id__functions.h
-- Installing: /home/rasp/ros2_ws/install/actionlib_msgs/include/actionlib_msgs/actionlib_msgs/msg/detail/goal_status__functions.h
-- Installing: /home/rasp/ros2_ws/install/actionlib_msgs/include/actionlib_msgs/actionlib_msgs/msg/detail/goal_status__type_support.c
-- Installing: /home/rasp/ros2_ws/install/actionlib_msgs/include/actionlib_msgs/actionlib_msgs/msg/detail/goal_id__description.c
-- Installing: /home/rasp/ros2_ws/install/actionlib_msgs/include/actionlib_msgs/actionlib_msgs/msg/detail/goal_status_array__type_support.h
-- Installing: /home/rasp/ros2_ws/install/actionlib_msgs/include/actionlib_msgs/actionlib_msgs/msg/detail/goal_status_array__description.c
-- Installing: /home/rasp/ros2_ws/install/actionlib_msgs/include/actionlib_msgs/actionlib_msgs/msg/detail/goal_status__struct.h
-- Installing: /home/rasp/ros2_ws/install/actionlib_msgs/include/actionlib_msgs/actionlib_msgs/msg/goal_status.h
-- Installing: /home/rasp/ros2_ws/install/actionlib_msgs/include/actionlib_msgs/actionlib_msgs/msg/rosidl_generator_c__visibility_control.h
-- Installing: /home/rasp/ros2_ws/install/actionlib_msgs/share/actionlib_msgs/environment/library_path.sh
-- Installing: /home/rasp/ros2_ws/install/actionlib_msgs/share/actionlib_msgs/environment/library_path.dsv
-- Installing: /home/rasp/ros2_ws/install/actionlib_msgs/lib/libactionlib_msgs__rosidl_generator_c.so
-- Set non-toolchain portion of runtime path of "/home/rasp/ros2_ws/install/actionlib_msgs/lib/libactionlib_msgs__rosidl_generator_c.so" to ""
-- Up-to-date: /home/rasp/ros2_ws/install/actionlib_msgs/include/actionlib_msgs/actionlib_msgs
-- Up-to-date: /home/rasp/ros2_ws/install/actionlib_msgs/include/actionlib_msgs/actionlib_msgs/msg
-- Up-to-date: /home/rasp/ros2_ws/install/actionlib_msgs/include/actionlib_msgs/actionlib_msgs/msg/detail
-- Installing: /home/rasp/ros2_ws/install/actionlib_msgs/include/actionlib_msgs/actionlib_msgs/msg/detail/goal_status__rosidl_typesupport_fastrtps_c.h
-- Installing: /home/rasp/ros2_ws/install/actionlib_msgs/include/actionlib_msgs/actionlib_msgs/msg/detail/goal_status_array__rosidl_typesupport_fastrtps_c.h
-- Installing: /home/rasp/ros2_ws/install/actionlib_msgs/include/actionlib_msgs/actionlib_msgs/msg/detail/goal_id__rosidl_typesupport_fastrtps_c.h
-- Installing: /home/rasp/ros2_ws/install/actionlib_msgs/include/actionlib_msgs/actionlib_msgs/msg/rosidl_typesupport_fastrtps_c__visibility_control.h
-- Installing: /home/rasp/ros2_ws/install/actionlib_msgs/lib/libactionlib_msgs__rosidl_typesupport_fastrtps_c.so
-- Set non-toolchain portion of runtime path of "/home/rasp/ros2_ws/install/actionlib_msgs/lib/libactionlib_msgs__rosidl_typesupport_fastrtps_c.so" to ""
-- Up-to-date: /home/rasp/ros2_ws/install/actionlib_msgs/include/actionlib_msgs/actionlib_msgs
-- Up-to-date: /home/rasp/ros2_ws/install/actionlib_msgs/include/actionlib_msgs/actionlib_msgs/msg
-- Up-to-date: /home/rasp/ros2_ws/install/actionlib_msgs/include/actionlib_msgs/actionlib_msgs/msg/detail
-- Installing: /home/rasp/ros2_ws/install/actionlib_msgs/include/actionlib_msgs/actionlib_msgs/msg/detail/goal_status__struct.hpp
-- Installing: /home/rasp/ros2_ws/install/actionlib_msgs/include/actionlib_msgs/actionlib_msgs/msg/detail/goal_id__struct.hpp
-- Installing: /home/rasp/ros2_ws/install/actionlib_msgs/include/actionlib_msgs/actionlib_msgs/msg/detail/goal_status__traits.hpp
-- Installing: /home/rasp/ros2_ws/install/actionlib_msgs/include/actionlib_msgs/actionlib_msgs/msg/detail/goal_id__type_support.hpp
-- Installing: /home/rasp/ros2_ws/install/actionlib_msgs/include/actionlib_msgs/actionlib_msgs/msg/detail/goal_id__builder.hpp
-- Installing: /home/rasp/ros2_ws/install/actionlib_msgs/include/actionlib_msgs/actionlib_msgs/msg/detail/goal_status_array__traits.hpp
-- Installing: /home/rasp/ros2_ws/install/actionlib_msgs/include/actionlib_msgs/actionlib_msgs/msg/detail/goal_status_array__struct.hpp
-- Installing: /home/rasp/ros2_ws/install/actionlib_msgs/include/actionlib_msgs/actionlib_msgs/msg/detail/goal_status_array__type_support.hpp
-- Installing: /home/rasp/ros2_ws/install/actionlib_msgs/include/actionlib_msgs/actionlib_msgs/msg/detail/goal_id__traits.hpp
-- Installing: /home/rasp/ros2_ws/install/actionlib_msgs/include/actionlib_msgs/actionlib_msgs/msg/detail/goal_status__type_support.hpp
-- Installing: /home/rasp/ros2_ws/install/actionlib_msgs/include/actionlib_msgs/actionlib_msgs/msg/detail/goal_status_array__builder.hpp
-- Installing: /home/rasp/ros2_ws/install/actionlib_msgs/include/actionlib_msgs/actionlib_msgs/msg/detail/goal_status__builder.hpp
-- Installing: /home/rasp/ros2_ws/install/actionlib_msgs/include/actionlib_msgs/actionlib_msgs/msg/goal_status_array.hpp
-- Installing: /home/rasp/ros2_ws/install/actionlib_msgs/include/actionlib_msgs/actionlib_msgs/msg/goal_status.hpp
-- Installing: /home/rasp/ros2_ws/install/actionlib_msgs/include/actionlib_msgs/actionlib_msgs/msg/goal_id.hpp
-- Installing: /home/rasp/ros2_ws/install/actionlib_msgs/include/actionlib_msgs/actionlib_msgs/msg/rosidl_generator_cpp__visibility_control.hpp
-- Up-to-date: /home/rasp/ros2_ws/install/actionlib_msgs/include/actionlib_msgs/actionlib_msgs
-- Up-to-date: /home/rasp/ros2_ws/install/actionlib_msgs/include/actionlib_msgs/actionlib_msgs/msg
-- Up-to-date: /home/rasp/ros2_ws/install/actionlib_msgs/include/actionlib_msgs/actionlib_msgs/msg/detail
-- Installing: /home/rasp/ros2_ws/install/actionlib_msgs/include/actionlib_msgs/actionlib_msgs/msg/detail/goal_status_array__rosidl_typesupport_fastrtps_cpp.hpp
-- Installing: /home/rasp/ros2_ws/install/actionlib_msgs/include/actionlib_msgs/actionlib_msgs/msg/detail/dds_fastrtps
-- Installing: /home/rasp/ros2_ws/install/actionlib_msgs/include/actionlib_msgs/actionlib_msgs/msg/detail/goal_id__rosidl_typesupport_fastrtps_cpp.hpp
-- Installing: /home/rasp/ros2_ws/install/actionlib_msgs/include/actionlib_msgs/actionlib_msgs/msg/detail/goal_status__rosidl_typesupport_fastrtps_cpp.hpp
-- Installing: /home/rasp/ros2_ws/install/actionlib_msgs/include/actionlib_msgs/actionlib_msgs/msg/rosidl_typesupport_fastrtps_cpp__visibility_control.h
-- Installing: /home/rasp/ros2_ws/install/actionlib_msgs/lib/libactionlib_msgs__rosidl_typesupport_fastrtps_cpp.so
-- Set non-toolchain portion of runtime path of "/home/rasp/ros2_ws/install/actionlib_msgs/lib/libactionlib_msgs__rosidl_typesupport_fastrtps_cpp.so" to ""
-- Up-to-date: /home/rasp/ros2_ws/install/actionlib_msgs/include/actionlib_msgs
-- Installing: /home/rasp/ros2_ws/install/actionlib_msgs/include/actionlib_msgs/msg
-- Installing: /home/rasp/ros2_ws/install/actionlib_msgs/include/actionlib_msgs/msg/detail
-- Installing: /home/rasp/ros2_ws/install/actionlib_msgs/include/actionlib_msgs/msg/detail/goal_status_array__rosidl_typesupport_microxrcedds_c.h
-- Installing: /home/rasp/ros2_ws/install/actionlib_msgs/include/actionlib_msgs/msg/detail/goal_status__rosidl_typesupport_microxrcedds_c.h
-- Installing: /home/rasp/ros2_ws/install/actionlib_msgs/include/actionlib_msgs/msg/detail/goal_id__rosidl_typesupport_microxrcedds_c.h
-- Installing: /home/rasp/ros2_ws/install/actionlib_msgs/include/actionlib_msgs/msg/detail/microxrcedds
-- Installing: /home/rasp/ros2_ws/install/actionlib_msgs/include/actionlib_msgs/msg/rosidl_typesupport_microxrcedds_c__visibility_control.h
-- Installing: /home/rasp/ros2_ws/install/actionlib_msgs/lib/libactionlib_msgs__rosidl_typesupport_microxrcedds_c.so
-- Set non-toolchain portion of runtime path of "/home/rasp/ros2_ws/install/actionlib_msgs/lib/libactionlib_msgs__rosidl_typesupport_microxrcedds_c.so" to ""
-- Up-to-date: /home/rasp/ros2_ws/install/actionlib_msgs/include/actionlib_msgs/actionlib_msgs
-- Up-to-date: /home/rasp/ros2_ws/install/actionlib_msgs/include/actionlib_msgs/actionlib_msgs/msg
-- Installing: /home/rasp/ros2_ws/install/actionlib_msgs/include/actionlib_msgs/actionlib_msgs/msg/rosidl_typesupport_introspection_c__visibility_control.h
-- Up-to-date: /home/rasp/ros2_ws/install/actionlib_msgs/include/actionlib_msgs/actionlib_msgs/msg/detail
-- Installing: /home/rasp/ros2_ws/install/actionlib_msgs/include/actionlib_msgs/actionlib_msgs/msg/detail/goal_status_array__type_support.c
-- Installing: /home/rasp/ros2_ws/install/actionlib_msgs/include/actionlib_msgs/actionlib_msgs/msg/detail/goal_id__type_support.c
-- Installing: /home/rasp/ros2_ws/install/actionlib_msgs/include/actionlib_msgs/actionlib_msgs/msg/detail/goal_id__rosidl_typesupport_introspection_c.h
-- Installing: /home/rasp/ros2_ws/install/actionlib_msgs/include/actionlib_msgs/actionlib_msgs/msg/detail/goal_status_array__rosidl_typesupport_introspection_c.h
-- Installing: /home/rasp/ros2_ws/install/actionlib_msgs/include/actionlib_msgs/actionlib_msgs/msg/detail/goal_status__type_support.c
-- Installing: /home/rasp/ros2_ws/install/actionlib_msgs/include/actionlib_msgs/actionlib_msgs/msg/detail/goal_status__rosidl_typesupport_introspection_c.h
-- Installing: /home/rasp/ros2_ws/install/actionlib_msgs/lib/libactionlib_msgs__rosidl_typesupport_introspection_c.so
-- Set non-toolchain portion of runtime path of "/home/rasp/ros2_ws/install/actionlib_msgs/lib/libactionlib_msgs__rosidl_typesupport_introspection_c.so" to ""
-- Installing: /home/rasp/ros2_ws/install/actionlib_msgs/lib/libactionlib_msgs__rosidl_typesupport_c.so
-- Set non-toolchain portion of runtime path of "/home/rasp/ros2_ws/install/actionlib_msgs/lib/libactionlib_msgs__rosidl_typesupport_c.so" to ""
-- Up-to-date: /home/rasp/ros2_ws/install/actionlib_msgs/include/actionlib_msgs
-- Up-to-date: /home/rasp/ros2_ws/install/actionlib_msgs/include/actionlib_msgs/msg
-- Up-to-date: /home/rasp/ros2_ws/install/actionlib_msgs/include/actionlib_msgs/msg/detail
-- Installing: /home/rasp/ros2_ws/install/actionlib_msgs/include/actionlib_msgs/msg/detail/goal_id__rosidl_typesupport_microxrcedds_cpp.hpp
-- Installing: /home/rasp/ros2_ws/install/actionlib_msgs/include/actionlib_msgs/msg/detail/goal_status__rosidl_typesupport_microxrcedds_cpp.hpp
-- Installing: /home/rasp/ros2_ws/install/actionlib_msgs/include/actionlib_msgs/msg/detail/goal_status_array__rosidl_typesupport_microxrcedds_cpp.hpp
-- Up-to-date: /home/rasp/ros2_ws/install/actionlib_msgs/include/actionlib_msgs/msg/detail/microxrcedds
-- Installing: /home/rasp/ros2_ws/install/actionlib_msgs/include/actionlib_msgs/msg/detail/microxrcedds/goal_id__type_support_cpp.cpp
-- Installing: /home/rasp/ros2_ws/install/actionlib_msgs/include/actionlib_msgs/msg/detail/microxrcedds/goal_status__type_support_cpp.cpp
-- Installing: /home/rasp/ros2_ws/install/actionlib_msgs/include/actionlib_msgs/msg/detail/microxrcedds/goal_status_array__type_support_cpp.cpp
-- Installing: /home/rasp/ros2_ws/install/actionlib_msgs/include/actionlib_msgs/msg/rosidl_typesupport_microxrcedds_cpp__visibility_control.h
-- Installing: /home/rasp/ros2_ws/install/actionlib_msgs/lib/libactionlib_msgs__rosidl_typesupport_microxrcedds_cpp.so
-- Set non-toolchain portion of runtime path of "/home/rasp/ros2_ws/install/actionlib_msgs/lib/libactionlib_msgs__rosidl_typesupport_microxrcedds_cpp.so" to ""
-- Up-to-date: /home/rasp/ros2_ws/install/actionlib_msgs/include/actionlib_msgs/actionlib_msgs
-- Up-to-date: /home/rasp/ros2_ws/install/actionlib_msgs/include/actionlib_msgs/actionlib_msgs/msg
-- Up-to-date: /home/rasp/ros2_ws/install/actionlib_msgs/include/actionlib_msgs/actionlib_msgs/msg/detail
-- Installing: /home/rasp/ros2_ws/install/actionlib_msgs/include/actionlib_msgs/actionlib_msgs/msg/detail/goal_status_array__rosidl_typesupport_introspection_cpp.hpp
-- Installing: /home/rasp/ros2_ws/install/actionlib_msgs/include/actionlib_msgs/actionlib_msgs/msg/detail/goal_status_array__type_support.cpp
-- Installing: /home/rasp/ros2_ws/install/actionlib_msgs/include/actionlib_msgs/actionlib_msgs/msg/detail/goal_id__type_support.cpp
-- Installing: /home/rasp/ros2_ws/install/actionlib_msgs/include/actionlib_msgs/actionlib_msgs/msg/detail/goal_id__rosidl_typesupport_introspection_cpp.hpp
-- Installing: /home/rasp/ros2_ws/install/actionlib_msgs/include/actionlib_msgs/actionlib_msgs/msg/detail/goal_status__rosidl_typesupport_introspection_cpp.hpp
-- Installing: /home/rasp/ros2_ws/install/actionlib_msgs/include/actionlib_msgs/actionlib_msgs/msg/detail/goal_status__type_support.cpp
-- Installing: /home/rasp/ros2_ws/install/actionlib_msgs/lib/libactionlib_msgs__rosidl_typesupport_introspection_cpp.so
-- Set non-toolchain portion of runtime path of "/home/rasp/ros2_ws/install/actionlib_msgs/lib/libactionlib_msgs__rosidl_typesupport_introspection_cpp.so" to ""
-- Installing: /home/rasp/ros2_ws/install/actionlib_msgs/lib/libactionlib_msgs__rosidl_typesupport_cpp.so
-- Set non-toolchain portion of runtime path of "/home/rasp/ros2_ws/install/actionlib_msgs/lib/libactionlib_msgs__rosidl_typesupport_cpp.so" to ""
-- Installing: /home/rasp/ros2_ws/install/actionlib_msgs/share/actionlib_msgs/environment/pythonpath.sh
-- Installing: /home/rasp/ros2_ws/install/actionlib_msgs/share/actionlib_msgs/environment/pythonpath.dsv
-- Installing: /home/rasp/ros2_ws/install/actionlib_msgs/lib/python3.12/site-packages/actionlib_msgs-5.3.6-py3.12.egg-info
-- Installing: /home/rasp/ros2_ws/install/actionlib_msgs/lib/python3.12/site-packages/actionlib_msgs-5.3.6-py3.12.egg-info/SOURCES.txt
-- Installing: /home/rasp/ros2_ws/install/actionlib_msgs/lib/python3.12/site-packages/actionlib_msgs-5.3.6-py3.12.egg-info/dependency_links.txt
-- Installing: /home/rasp/ros2_ws/install/actionlib_msgs/lib/python3.12/site-packages/actionlib_msgs-5.3.6-py3.12.egg-info/PKG-INFO
-- Installing: /home/rasp/ros2_ws/install/actionlib_msgs/lib/python3.12/site-packages/actionlib_msgs-5.3.6-py3.12.egg-info/top_level.txt
-- Installing: /home/rasp/ros2_ws/install/actionlib_msgs/lib/python3.12/site-packages/actionlib_msgs
-- Installing: /home/rasp/ros2_ws/install/actionlib_msgs/lib/python3.12/site-packages/actionlib_msgs/_actionlib_msgs_s.ep.rosidl_typesupport_c.c
-- Installing: /home/rasp/ros2_ws/install/actionlib_msgs/lib/python3.12/site-packages/actionlib_msgs/_actionlib_msgs_s.ep.rosidl_typesupport_introspection_c.c
-- Installing: /home/rasp/ros2_ws/install/actionlib_msgs/lib/python3.12/site-packages/actionlib_msgs/__init__.py
-- Installing: /home/rasp/ros2_ws/install/actionlib_msgs/lib/python3.12/site-packages/actionlib_msgs/actionlib_msgs_s__rosidl_typesupport_microxrcedds_c.so
-- Installing: /home/rasp/ros2_ws/install/actionlib_msgs/lib/python3.12/site-packages/actionlib_msgs/actionlib_msgs_s__rosidl_typesupport_introspection_c.so
-- Installing: /home/rasp/ros2_ws/install/actionlib_msgs/lib/python3.12/site-packages/actionlib_msgs/actionlib_msgs_s__rosidl_typesupport_c.so
-- Installing: /home/rasp/ros2_ws/install/actionlib_msgs/lib/python3.12/site-packages/actionlib_msgs/_actionlib_msgs_s.ep.rosidl_typesupport_microxrcedds_c.c
-- Installing: /home/rasp/ros2_ws/install/actionlib_msgs/lib/python3.12/site-packages/actionlib_msgs/msg
-- Installing: /home/rasp/ros2_ws/install/actionlib_msgs/lib/python3.12/site-packages/actionlib_msgs/msg/__init__.py
-- Installing: /home/rasp/ros2_ws/install/actionlib_msgs/lib/python3.12/site-packages/actionlib_msgs/msg/_goal_status_s.c
-- Installing: /home/rasp/ros2_ws/install/actionlib_msgs/lib/python3.12/site-packages/actionlib_msgs/msg/_goal_status_array.py
-- Installing: /home/rasp/ros2_ws/install/actionlib_msgs/lib/python3.12/site-packages/actionlib_msgs/msg/_goal_id.py
-- Installing: /home/rasp/ros2_ws/install/actionlib_msgs/lib/python3.12/site-packages/actionlib_msgs/msg/_goal_status.py
-- Installing: /home/rasp/ros2_ws/install/actionlib_msgs/lib/python3.12/site-packages/actionlib_msgs/msg/_goal_id_s.c
-- Installing: /home/rasp/ros2_ws/install/actionlib_msgs/lib/python3.12/site-packages/actionlib_msgs/msg/_goal_status_array_s.c
-- Installing: /home/rasp/ros2_ws/install/actionlib_msgs/lib/python3.12/site-packages/actionlib_msgs/_actionlib_msgs_s.ep.rosidl_typesupport_fastrtps_c.c
-- Installing: /home/rasp/ros2_ws/install/actionlib_msgs/lib/python3.12/site-packages/actionlib_msgs/actionlib_msgs_s__rosidl_typesupport_fastrtps_c.so
Listing '/home/rasp/ros2_ws/install/actionlib_msgs/lib/python3.12/site-packages/actionlib_msgs'...
Compiling '/home/rasp/ros2_ws/install/actionlib_msgs/lib/python3.12/site-packages/actionlib_msgs/__init__.py'...
Listing '/home/rasp/ros2_ws/install/actionlib_msgs/lib/python3.12/site-packages/actionlib_msgs/msg'...
Compiling '/home/rasp/ros2_ws/install/actionlib_msgs/lib/python3.12/site-packages/actionlib_msgs/msg/__init__.py'...
Compiling '/home/rasp/ros2_ws/install/actionlib_msgs/lib/python3.12/site-packages/actionlib_msgs/msg/_goal_id.py'...
Compiling '/home/rasp/ros2_ws/install/actionlib_msgs/lib/python3.12/site-packages/actionlib_msgs/msg/_goal_status.py'...
Compiling '/home/rasp/ros2_ws/install/actionlib_msgs/lib/python3.12/site-packages/actionlib_msgs/msg/_goal_status_array.py'...
-- Installing: /home/rasp/ros2_ws/install/actionlib_msgs/lib/python3.12/site-packages/actionlib_msgs/actionlib_msgs_s__rosidl_typesupport_microxrcedds_c.so
-- Set non-toolchain portion of runtime path of "/home/rasp/ros2_ws/install/actionlib_msgs/lib/python3.12/site-packages/actionlib_msgs/actionlib_msgs_s__rosidl_typesupport_microxrcedds_c.so" to ""
-- Installing: /home/rasp/ros2_ws/install/actionlib_msgs/lib/python3.12/site-packages/actionlib_msgs/actionlib_msgs_s__rosidl_typesupport_fastrtps_c.so
-- Set non-toolchain portion of runtime path of "/home/rasp/ros2_ws/install/actionlib_msgs/lib/python3.12/site-packages/actionlib_msgs/actionlib_msgs_s__rosidl_typesupport_fastrtps_c.so" to ""
-- Installing: /home/rasp/ros2_ws/install/actionlib_msgs/lib/python3.12/site-packages/actionlib_msgs/actionlib_msgs_s__rosidl_typesupport_introspection_c.so
-- Set non-toolchain portion of runtime path of "/home/rasp/ros2_ws/install/actionlib_msgs/lib/python3.12/site-packages/actionlib_msgs/actionlib_msgs_s__rosidl_typesupport_introspection_c.so" to ""
-- Installing: /home/rasp/ros2_ws/install/actionlib_msgs/lib/python3.12/site-packages/actionlib_msgs/actionlib_msgs_s__rosidl_typesupport_c.so
-- Set non-toolchain portion of runtime path of "/home/rasp/ros2_ws/install/actionlib_msgs/lib/python3.12/site-packages/actionlib_msgs/actionlib_msgs_s__rosidl_typesupport_c.so" to ""
-- Installing: /home/rasp/ros2_ws/install/actionlib_msgs/lib/libactionlib_msgs__rosidl_generator_py.so
-- Set non-toolchain portion of runtime path of "/home/rasp/ros2_ws/install/actionlib_msgs/lib/libactionlib_msgs__rosidl_generator_py.so" to ""
-- Installing: /home/rasp/ros2_ws/install/actionlib_msgs/share/actionlib_msgs/msg/GoalID.idl
-- Installing: /home/rasp/ros2_ws/install/actionlib_msgs/share/actionlib_msgs/msg/GoalStatus.idl
-- Installing: /home/rasp/ros2_ws/install/actionlib_msgs/share/actionlib_msgs/msg/GoalStatusArray.idl
-- Installing: /home/rasp/ros2_ws/install/actionlib_msgs/share/actionlib_msgs/msg/GoalID.msg
-- Installing: /home/rasp/ros2_ws/install/actionlib_msgs/share/actionlib_msgs/msg/GoalStatus.msg
-- Installing: /home/rasp/ros2_ws/install/actionlib_msgs/share/actionlib_msgs/msg/GoalStatusArray.msg
-- Installing: /home/rasp/ros2_ws/install/actionlib_msgs/share/ament_index/resource_index/package_run_dependencies/actionlib_msgs
-- Installing: /home/rasp/ros2_ws/install/actionlib_msgs/share/ament_index/resource_index/parent_prefix_path/actionlib_msgs
-- Installing: /home/rasp/ros2_ws/install/actionlib_msgs/share/actionlib_msgs/environment/ament_prefix_path.sh
-- Installing: /home/rasp/ros2_ws/install/actionlib_msgs/share/actionlib_msgs/environment/ament_prefix_path.dsv
-- Installing: /home/rasp/ros2_ws/install/actionlib_msgs/share/actionlib_msgs/environment/path.sh
-- Installing: /home/rasp/ros2_ws/install/actionlib_msgs/share/actionlib_msgs/environment/path.dsv
-- Installing: /home/rasp/ros2_ws/install/actionlib_msgs/share/actionlib_msgs/local_setup.bash
-- Installing: /home/rasp/ros2_ws/install/actionlib_msgs/share/actionlib_msgs/local_setup.sh
-- Installing: /home/rasp/ros2_ws/install/actionlib_msgs/share/actionlib_msgs/local_setup.zsh
-- Installing: /home/rasp/ros2_ws/install/actionlib_msgs/share/actionlib_msgs/local_setup.dsv
-- Installing: /home/rasp/ros2_ws/install/actionlib_msgs/share/actionlib_msgs/package.dsv
-- Installing: /home/rasp/ros2_ws/install/actionlib_msgs/share/ament_index/resource_index/packages/actionlib_msgs
-- Installing: /home/rasp/ros2_ws/install/actionlib_msgs/share/actionlib_msgs/cmake/export_actionlib_msgs__rosidl_generator_cExport.cmake
-- Installing: /home/rasp/ros2_ws/install/actionlib_msgs/share/actionlib_msgs/cmake/export_actionlib_msgs__rosidl_generator_cExport-noconfig.cmake
-- Installing: /home/rasp/ros2_ws/install/actionlib_msgs/share/actionlib_msgs/cmake/export_actionlib_msgs__rosidl_typesupport_fastrtps_cExport.cmake
-- Installing: /home/rasp/ros2_ws/install/actionlib_msgs/share/actionlib_msgs/cmake/export_actionlib_msgs__rosidl_typesupport_fastrtps_cExport-noconfig.cmake
-- Installing: /home/rasp/ros2_ws/install/actionlib_msgs/share/actionlib_msgs/cmake/export_actionlib_msgs__rosidl_generator_cppExport.cmake
-- Installing: /home/rasp/ros2_ws/install/actionlib_msgs/share/actionlib_msgs/cmake/export_actionlib_msgs__rosidl_typesupport_fastrtps_cppExport.cmake
-- Installing: /home/rasp/ros2_ws/install/actionlib_msgs/share/actionlib_msgs/cmake/export_actionlib_msgs__rosidl_typesupport_fastrtps_cppExport-noconfig.cmake
-- Installing: /home/rasp/ros2_ws/install/actionlib_msgs/share/actionlib_msgs/cmake/actionlib_msgs__rosidl_typesupport_introspection_cExport.cmake
-- Installing: /home/rasp/ros2_ws/install/actionlib_msgs/share/actionlib_msgs/cmake/actionlib_msgs__rosidl_typesupport_introspection_cExport-noconfig.cmake
-- Installing: /home/rasp/ros2_ws/install/actionlib_msgs/share/actionlib_msgs/cmake/actionlib_msgs__rosidl_typesupport_cExport.cmake
-- Installing: /home/rasp/ros2_ws/install/actionlib_msgs/share/actionlib_msgs/cmake/actionlib_msgs__rosidl_typesupport_cExport-noconfig.cmake
-- Installing: /home/rasp/ros2_ws/install/actionlib_msgs/share/actionlib_msgs/cmake/actionlib_msgs__rosidl_typesupport_introspection_cppExport.cmake
-- Installing: /home/rasp/ros2_ws/install/actionlib_msgs/share/actionlib_msgs/cmake/actionlib_msgs__rosidl_typesupport_introspection_cppExport-noconfig.cmake
-- Installing: /home/rasp/ros2_ws/install/actionlib_msgs/share/actionlib_msgs/cmake/actionlib_msgs__rosidl_typesupport_cppExport.cmake
-- Installing: /home/rasp/ros2_ws/install/actionlib_msgs/share/actionlib_msgs/cmake/actionlib_msgs__rosidl_typesupport_cppExport-noconfig.cmake
-- Installing: /home/rasp/ros2_ws/install/actionlib_msgs/share/actionlib_msgs/cmake/export_actionlib_msgs__rosidl_generator_pyExport.cmake
-- Installing: /home/rasp/ros2_ws/install/actionlib_msgs/share/actionlib_msgs/cmake/export_actionlib_msgs__rosidl_generator_pyExport-noconfig.cmake
-- Installing: /home/rasp/ros2_ws/install/actionlib_msgs/share/actionlib_msgs/cmake/rosidl_cmake-extras.cmake
-- Installing: /home/rasp/ros2_ws/install/actionlib_msgs/share/actionlib_msgs/cmake/ament_cmake_export_dependencies-extras.cmake
-- Installing: /home/rasp/ros2_ws/install/actionlib_msgs/share/actionlib_msgs/cmake/ament_cmake_export_include_directories-extras.cmake
-- Installing: /home/rasp/ros2_ws/install/actionlib_msgs/share/actionlib_msgs/cmake/ament_cmake_export_libraries-extras.cmake
-- Installing: /home/rasp/ros2_ws/install/actionlib_msgs/share/actionlib_msgs/cmake/ament_cmake_export_targets-extras.cmake
-- Installing: /home/rasp/ros2_ws/install/actionlib_msgs/share/actionlib_msgs/cmake/rosidl_cmake_export_typesupport_targets-extras.cmake
-- Installing: /home/rasp/ros2_ws/install/actionlib_msgs/share/actionlib_msgs/cmake/rosidl_cmake_export_typesupport_libraries-extras.cmake
-- Installing: /home/rasp/ros2_ws/install/actionlib_msgs/share/actionlib_msgs/cmake/actionlib_msgsConfig.cmake
-- Installing: /home/rasp/ros2_ws/install/actionlib_msgs/share/actionlib_msgs/cmake/actionlib_msgsConfig-version.cmake
-- Installing: /home/rasp/ros2_ws/install/actionlib_msgs/share/actionlib_msgs/package.xml
