-- Found ament_cmake_auto: 2.5.3 (/opt/ros/jazzy/share/ament_cmake_auto/cmake)
-- Found TinyXML2 via Config file: /usr/lib/x86_64-linux-gnu/cmake/tinyxml2
-- Found rosidl_generator_c: 4.6.5 (/opt/ros/jazzy/share/rosidl_generator_c/cmake)
-- Found rosidl_generator_cpp: 4.6.5 (/opt/ros/jazzy/share/rosidl_generator_cpp/cmake)
-- Using all available rosidl_typesupport_c: rosidl_typesupport_microxrcedds_c;rosidl_typesupport_fastrtps_c;rosidl_typesupport_introspection_c
-- Found rosidl_adapter: 4.6.5 (/opt/ros/jazzy/share/rosidl_adapter/cmake)
-- Using all available rosidl_typesupport_cpp: rosidl_typesupport_microxrcedds_cpp;rosidl_typesupport_fastrtps_cpp;rosidl_typesupport_introspection_cpp
-- Found rmw_implementation_cmake: 7.3.2 (/opt/ros/jazzy/share/rmw_implementation_cmake/cmake)
-- Found rmw_fastrtps_cpp: 8.4.2 (/opt/ros/jazzy/share/rmw_fastrtps_cpp/cmake)
-- Found TinyXML2 via Config file: /usr/lib/x86_64-linux-gnu/cmake/tinyxml2
-- Found TinyXML2 via Config file: /usr/lib/x86_64-linux-gnu/cmake/tinyxml2
-- Found TinyXML2 via Config file: /usr/lib/x86_64-linux-gnu/cmake/tinyxml2
-- Found TinyXML2 via Config file: /usr/lib/x86_64-linux-gnu/cmake/tinyxml2
-- Using RMW implementation 'rmw_fastrtps_cpp' as default
-- Found eigen3_cmake_module: 0.3.0 (/opt/ros/jazzy/share/eigen3_cmake_module/cmake)
-- Ensuring Eigen3 include directory is part of orocos-kdl CMake target
-- Found ament_cmake_gtest: 2.5.3 (/opt/ros/jazzy/share/ament_cmake_gtest/cmake)
-- Found gtest sources under '/opt/ros/jazzy/src/gtest_vendor': C++ tests using 'Google Test' will be built
-- Found launch_testing_ament_cmake: 3.4.4 (/opt/ros/jazzy/share/launch_testing_ament_cmake/cmake)
-- Found python_cmake_module: 0.11.1 (/opt/ros/jazzy/share/python_cmake_module/cmake)
-- Configuring done (2.0s)
-- Generating done (0.1s)
-- Build files have been written to: /home/rasp/ros2_ws/build/laser_filters
[  8%] Built target scan_to_cloud_filter_chain
[ 17%] Built target laser_scan_filters
[ 26%] Built target scan_to_scan_filter_chain
[ 34%] Built target gtest_main
[ 43%] Built target gtest
[ 52%] Built target test_scan_filter_chain
[ 65%] Built target laser_filter_chains
[ 73%] Built target test_speckle_filter
[ 82%] Built target test_shadow_detector
[ 91%] Built target test_scan_shadows_filter
[100%] Built target generic_laser_filter_node
-- Install configuration: ""
-- Up-to-date: /home/rasp/ros2_ws/install/laser_filters/lib/laser_filters/scan_to_cloud_filter_chain
-- Up-to-date: /home/rasp/ros2_ws/install/laser_filters/lib/laser_filters/scan_to_scan_filter_chain
-- Up-to-date: /home/rasp/ros2_ws/install/laser_filters/share/laser_filters/laser_filters_plugins.xml
-- Up-to-date: /home/rasp/ros2_ws/install/laser_filters/include
-- Up-to-date: /home/rasp/ros2_ws/install/laser_filters/include/laser_filters
-- Up-to-date: /home/rasp/ros2_ws/install/laser_filters/include/laser_filters/scan_mask_filter.h
-- Up-to-date: /home/rasp/ros2_ws/install/laser_filters/include/laser_filters/array_filter.h
-- Up-to-date: /home/rasp/ros2_ws/install/laser_filters/include/laser_filters/angular_bounds_filter.h
-- Up-to-date: /home/rasp/ros2_ws/install/laser_filters/include/laser_filters/scan_shadows_filter.h
-- Up-to-date: /home/rasp/ros2_ws/install/laser_filters/include/laser_filters/scan_blob_filter.h
-- Up-to-date: /home/rasp/ros2_ws/install/laser_filters/include/laser_filters/range_filter.h
-- Up-to-date: /home/rasp/ros2_ws/install/laser_filters/include/laser_filters/box_filter.h
-- Up-to-date: /home/rasp/ros2_ws/install/laser_filters/include/laser_filters/interpolation_filter.h
-- Up-to-date: /home/rasp/ros2_ws/install/laser_filters/include/laser_filters/footprint_filter.h
-- Up-to-date: /home/rasp/ros2_ws/install/laser_filters/include/laser_filters/scan_shadow_detector.h
-- Up-to-date: /home/rasp/ros2_ws/install/laser_filters/include/laser_filters/sector_filter.h
-- Up-to-date: /home/rasp/ros2_ws/install/laser_filters/include/laser_filters/speckle_filter.h
-- Up-to-date: /home/rasp/ros2_ws/install/laser_filters/include/laser_filters/median_spatial_filter.h
-- Up-to-date: /home/rasp/ros2_ws/install/laser_filters/include/laser_filters/intensity_filter.h
-- Up-to-date: /home/rasp/ros2_ws/install/laser_filters/include/laser_filters/polygon_filter.h
-- Up-to-date: /home/rasp/ros2_ws/install/laser_filters/include/laser_filters/median_filter.h
-- Up-to-date: /home/rasp/ros2_ws/install/laser_filters/include/laser_filters/angular_bounds_filter_in_place.h
-- Up-to-date: /home/rasp/ros2_ws/install/laser_filters/share/laser_filters/environment/library_path.sh
-- Up-to-date: /home/rasp/ros2_ws/install/laser_filters/share/laser_filters/environment/library_path.dsv
-- Up-to-date: /home/rasp/ros2_ws/install/laser_filters/lib/liblaser_scan_filters.so
-- Up-to-date: /home/rasp/ros2_ws/install/laser_filters/lib/liblaser_filter_chains.so
-- Up-to-date: /home/rasp/ros2_ws/install/laser_filters/lib/laser_filters/generic_laser_filter_node
-- Up-to-date: /home/rasp/ros2_ws/install/laser_filters/share/laser_filters/examples
-- Up-to-date: /home/rasp/ros2_ws/install/laser_filters/share/laser_filters/examples/median_spatial_filter.launch.py
-- Up-to-date: /home/rasp/ros2_ws/install/laser_filters/share/laser_filters/examples/median_spatial_filter.launch.xml
-- Up-to-date: /home/rasp/ros2_ws/install/laser_filters/share/laser_filters/examples/range_filter_example.launch.py
-- Up-to-date: /home/rasp/ros2_ws/install/laser_filters/share/laser_filters/examples/pass_through_example.launch.py
-- Up-to-date: /home/rasp/ros2_ws/install/laser_filters/share/laser_filters/examples/intensity_filter_example.launch.py
-- Up-to-date: /home/rasp/ros2_ws/install/laser_filters/share/laser_filters/examples/shadow_filter_example.yaml
-- Up-to-date: /home/rasp/ros2_ws/install/laser_filters/share/laser_filters/examples/angular_filter_example.launch.py
-- Up-to-date: /home/rasp/ros2_ws/install/laser_filters/share/laser_filters/examples/range_filter_example.yaml
-- Up-to-date: /home/rasp/ros2_ws/install/laser_filters/share/laser_filters/examples/speckle_filter_example.yaml
-- Up-to-date: /home/rasp/ros2_ws/install/laser_filters/share/laser_filters/examples/median_spatial_filter_example.yaml
-- Up-to-date: /home/rasp/ros2_ws/install/laser_filters/share/laser_filters/examples/scan_blob_filter_example.yaml
-- Up-to-date: /home/rasp/ros2_ws/install/laser_filters/share/laser_filters/examples/scan_blob_filter_example.launch.py
-- Up-to-date: /home/rasp/ros2_ws/install/laser_filters/share/laser_filters/examples/sector_filter_example.launch.py
-- Up-to-date: /home/rasp/ros2_ws/install/laser_filters/share/laser_filters/examples/angular_filter_example.yaml
-- Up-to-date: /home/rasp/ros2_ws/install/laser_filters/share/laser_filters/examples/sector_filter_example.yaml
-- Up-to-date: /home/rasp/ros2_ws/install/laser_filters/share/laser_filters/examples/speckle_filter_example.launch
-- Up-to-date: /home/rasp/ros2_ws/install/laser_filters/share/laser_filters/examples/footprint_filter_example.yaml
-- Up-to-date: /home/rasp/ros2_ws/install/laser_filters/share/laser_filters/examples/multiple_filters_example.launch.py
-- Up-to-date: /home/rasp/ros2_ws/install/laser_filters/share/laser_filters/examples/pass_through_example.yaml
-- Up-to-date: /home/rasp/ros2_ws/install/laser_filters/share/laser_filters/examples/polygon_filter_example.launch.py
-- Up-to-date: /home/rasp/ros2_ws/install/laser_filters/share/laser_filters/examples/median_filter_example.launch.py
-- Up-to-date: /home/rasp/ros2_ws/install/laser_filters/share/laser_filters/examples/median_filter_example.yaml
-- Up-to-date: /home/rasp/ros2_ws/install/laser_filters/share/laser_filters/examples/multiple_filters_example.yaml
-- Up-to-date: /home/rasp/ros2_ws/install/laser_filters/share/laser_filters/examples/intensity_filter_example.yaml
-- Up-to-date: /home/rasp/ros2_ws/install/laser_filters/share/laser_filters/examples/polygon_filter_example.yaml
-- Up-to-date: /home/rasp/ros2_ws/install/laser_filters/share/laser_filters/examples/footprint_filter_example.launch.py
-- Up-to-date: /home/rasp/ros2_ws/install/laser_filters/share/laser_filters/examples/box_filter_example.launch.py
-- Up-to-date: /home/rasp/ros2_ws/install/laser_filters/share/laser_filters/examples/mask_filter_example.launch.py
-- Up-to-date: /home/rasp/ros2_ws/install/laser_filters/share/laser_filters/examples/box_filter_example.yaml
-- Up-to-date: /home/rasp/ros2_ws/install/laser_filters/share/laser_filters/examples/shadow_filter_example.launch.py
-- Up-to-date: /home/rasp/ros2_ws/install/laser_filters/share/laser_filters/examples/mask_filter_example.yaml
-- Up-to-date: /home/rasp/ros2_ws/install/laser_filters/share/laser_filters/test
-- Up-to-date: /home/rasp/ros2_ws/install/laser_filters/share/laser_filters/test/test_scan_filter_chain.cpp
-- Up-to-date: /home/rasp/ros2_ws/install/laser_filters/share/laser_filters/test/test_speckle_filter.cpp
-- Up-to-date: /home/rasp/ros2_ws/install/laser_filters/share/laser_filters/test/test_polygon_filter.test.py
-- Up-to-date: /home/rasp/ros2_ws/install/laser_filters/share/laser_filters/test/test_shadow_detector.cpp
-- Up-to-date: /home/rasp/ros2_ws/install/laser_filters/share/laser_filters/test/test_speckle_filter.yaml
-- Up-to-date: /home/rasp/ros2_ws/install/laser_filters/share/laser_filters/test/test_scan_shadows_filter.cpp
-- Up-to-date: /home/rasp/ros2_ws/install/laser_filters/share/laser_filters/test/test_scan_filter_chain.yaml
-- Up-to-date: /home/rasp/ros2_ws/install/laser_filters/share/laser_filters/test/fake_laser.py
-- Up-to-date: /home/rasp/ros2_ws/install/laser_filters/share/laser_filters/test/test_polygon_filter.yaml
-- Up-to-date: /home/rasp/ros2_ws/install/laser_filters/share/laser_filters/test/test_scan_filter_chain.launch
-- Up-to-date: /home/rasp/ros2_ws/install/laser_filters/share/laser_filters/test/test_speckle_filter.test.py
-- Up-to-date: /home/rasp/ros2_ws/install/laser_filters/share/ament_index/resource_index/package_run_dependencies/laser_filters
-- Installing: /home/rasp/ros2_ws/install/laser_filters/share/ament_index/resource_index/parent_prefix_path/laser_filters
-- Up-to-date: /home/rasp/ros2_ws/install/laser_filters/share/laser_filters/environment/ament_prefix_path.sh
-- Up-to-date: /home/rasp/ros2_ws/install/laser_filters/share/laser_filters/environment/ament_prefix_path.dsv
-- Up-to-date: /home/rasp/ros2_ws/install/laser_filters/share/laser_filters/environment/path.sh
-- Up-to-date: /home/rasp/ros2_ws/install/laser_filters/share/laser_filters/environment/path.dsv
-- Up-to-date: /home/rasp/ros2_ws/install/laser_filters/share/laser_filters/local_setup.bash
-- Up-to-date: /home/rasp/ros2_ws/install/laser_filters/share/laser_filters/local_setup.sh
-- Up-to-date: /home/rasp/ros2_ws/install/laser_filters/share/laser_filters/local_setup.zsh
-- Up-to-date: /home/rasp/ros2_ws/install/laser_filters/share/laser_filters/local_setup.dsv
-- Installing: /home/rasp/ros2_ws/install/laser_filters/share/laser_filters/package.dsv
-- Up-to-date: /home/rasp/ros2_ws/install/laser_filters/share/ament_index/resource_index/packages/laser_filters
-- Up-to-date: /home/rasp/ros2_ws/install/laser_filters/share/ament_index/resource_index/filters__pluginlib__plugin/laser_filters
-- Up-to-date: /home/rasp/ros2_ws/install/laser_filters/share/ament_index/resource_index/rclcpp_components/laser_filters
-- Up-to-date: /home/rasp/ros2_ws/install/laser_filters/share/laser_filters/cmake/ament_cmake_export_dependencies-extras.cmake
-- Up-to-date: /home/rasp/ros2_ws/install/laser_filters/share/laser_filters/cmake/ament_cmake_export_include_directories-extras.cmake
-- Up-to-date: /home/rasp/ros2_ws/install/laser_filters/share/laser_filters/cmake/ament_cmake_export_libraries-extras.cmake
-- Up-to-date: /home/rasp/ros2_ws/install/laser_filters/share/laser_filters/cmake/laser_filtersConfig.cmake
-- Up-to-date: /home/rasp/ros2_ws/install/laser_filters/share/laser_filters/cmake/laser_filtersConfig-version.cmake
-- Up-to-date: /home/rasp/ros2_ws/install/laser_filters/share/laser_filters/package.xml
