[0.024s] Invoking command in '/home/rasp/ros2_ws/build/laser_filters': CMAKE_PREFIX_PATH=${CMAKE_PREFIX_PATH}:/home/rasp/ros2_ws/install/sensor_msgs_py:/home/rasp/ros2_ws/install/robot_description:/opt/ros/jazzy DEBUGINFOD_URLS=https://debuginfod.ubuntu.com /usr/bin/cmake --build /home/rasp/ros2_ws/build/laser_filters -- -j2 -l2
[0.132s] -- Found ament_cmake_auto: 2.5.3 (/opt/ros/jazzy/share/ament_cmake_auto/cmake)
[0.823s] -- Found TinyXML2 via Config file: /usr/lib/x86_64-linux-gnu/cmake/tinyxml2
[0.867s] -- Found rosidl_generator_c: 4.6.5 (/opt/ros/jazzy/share/rosidl_generator_c/cmake)
[0.883s] -- Found rosidl_generator_cpp: 4.6.5 (/opt/ros/jazzy/share/rosidl_generator_cpp/cmake)
[0.916s] -- Using all available rosidl_typesupport_c: rosidl_typesupport_microxrcedds_c;rosidl_typesupport_fastrtps_c;rosidl_typesupport_introspection_c
[0.925s] -- Found rosidl_adapter: 4.6.5 (/opt/ros/jazzy/share/rosidl_adapter/cmake)
[0.955s] -- Using all available rosidl_typesupport_cpp: rosidl_typesupport_microxrcedds_cpp;rosidl_typesupport_fastrtps_cpp;rosidl_typesupport_introspection_cpp
[1.125s] -- Found rmw_implementation_cmake: 7.3.2 (/opt/ros/jazzy/share/rmw_implementation_cmake/cmake)
[1.132s] -- Found rmw_fastrtps_cpp: 8.4.2 (/opt/ros/jazzy/share/rmw_fastrtps_cpp/cmake)
[1.170s] -- Found TinyXML2 via Config file: /usr/lib/x86_64-linux-gnu/cmake/tinyxml2
[1.188s] -- Found TinyXML2 via Config file: /usr/lib/x86_64-linux-gnu/cmake/tinyxml2
[1.220s] -- Found TinyXML2 via Config file: /usr/lib/x86_64-linux-gnu/cmake/tinyxml2
[1.233s] -- Found TinyXML2 via Config file: /usr/lib/x86_64-linux-gnu/cmake/tinyxml2
[1.249s] -- Using RMW implementation 'rmw_fastrtps_cpp' as default
[1.651s] -- Found eigen3_cmake_module: 0.3.0 (/opt/ros/jazzy/share/eigen3_cmake_module/cmake)
[1.652s] -- Ensuring Eigen3 include directory is part of orocos-kdl CMake target
[1.878s] -- Found ament_cmake_gtest: 2.5.3 (/opt/ros/jazzy/share/ament_cmake_gtest/cmake)
[1.882s] -- Found gtest sources under '/opt/ros/jazzy/src/gtest_vendor': C++ tests using 'Google Test' will be built
[1.902s] -- Found launch_testing_ament_cmake: 3.4.4 (/opt/ros/jazzy/share/launch_testing_ament_cmake/cmake)
[1.903s] -- Found python_cmake_module: 0.11.1 (/opt/ros/jazzy/share/python_cmake_module/cmake)
[2.066s] -- Configuring done (2.0s)
[2.224s] -- Generating done (0.1s)
[2.263s] -- Build files have been written to: /home/rasp/ros2_ws/build/laser_filters
[2.407s] [  8%] Built target scan_to_cloud_filter_chain
[2.452s] [ 17%] Built target laser_scan_filters
[2.474s] [ 26%] Built target scan_to_scan_filter_chain
[2.544s] [ 34%] Built target gtest_main
[2.565s] [ 43%] Built target gtest
[2.663s] [ 52%] Built target test_scan_filter_chain
[2.666s] [ 65%] Built target laser_filter_chains
[2.765s] [ 73%] Built target test_speckle_filter
[2.773s] [ 82%] Built target test_shadow_detector
[2.857s] [ 91%] Built target test_scan_shadows_filter
[2.877s] [100%] Built target generic_laser_filter_node
[2.903s] Invoked command in '/home/rasp/ros2_ws/build/laser_filters' returned '0': CMAKE_PREFIX_PATH=${CMAKE_PREFIX_PATH}:/home/rasp/ros2_ws/install/sensor_msgs_py:/home/rasp/ros2_ws/install/robot_description:/opt/ros/jazzy DEBUGINFOD_URLS=https://debuginfod.ubuntu.com /usr/bin/cmake --build /home/rasp/ros2_ws/build/laser_filters -- -j2 -l2
[2.904s] Invoking command in '/home/rasp/ros2_ws/build/laser_filters': CMAKE_PREFIX_PATH=${CMAKE_PREFIX_PATH}:/home/rasp/ros2_ws/install/sensor_msgs_py:/home/rasp/ros2_ws/install/robot_description:/opt/ros/jazzy DEBUGINFOD_URLS=https://debuginfod.ubuntu.com /usr/bin/cmake --install /home/rasp/ros2_ws/build/laser_filters
[2.929s] -- Install configuration: ""
[2.933s] -- Up-to-date: /home/rasp/ros2_ws/install/laser_filters/lib/laser_filters/scan_to_cloud_filter_chain
[2.934s] -- Up-to-date: /home/rasp/ros2_ws/install/laser_filters/lib/laser_filters/scan_to_scan_filter_chain
[2.934s] -- Up-to-date: /home/rasp/ros2_ws/install/laser_filters/share/laser_filters/laser_filters_plugins.xml
[2.935s] -- Up-to-date: /home/rasp/ros2_ws/install/laser_filters/include
[2.935s] -- Up-to-date: /home/rasp/ros2_ws/install/laser_filters/include/laser_filters
[2.935s] -- Up-to-date: /home/rasp/ros2_ws/install/laser_filters/include/laser_filters/scan_mask_filter.h
[2.936s] -- Up-to-date: /home/rasp/ros2_ws/install/laser_filters/include/laser_filters/array_filter.h
[2.936s] -- Up-to-date: /home/rasp/ros2_ws/install/laser_filters/include/laser_filters/angular_bounds_filter.h
[2.937s] -- Up-to-date: /home/rasp/ros2_ws/install/laser_filters/include/laser_filters/scan_shadows_filter.h
[2.937s] -- Up-to-date: /home/rasp/ros2_ws/install/laser_filters/include/laser_filters/scan_blob_filter.h
[2.937s] -- Up-to-date: /home/rasp/ros2_ws/install/laser_filters/include/laser_filters/range_filter.h
[2.937s] -- Up-to-date: /home/rasp/ros2_ws/install/laser_filters/include/laser_filters/box_filter.h
[2.937s] -- Up-to-date: /home/rasp/ros2_ws/install/laser_filters/include/laser_filters/interpolation_filter.h
[2.937s] -- Up-to-date: /home/rasp/ros2_ws/install/laser_filters/include/laser_filters/footprint_filter.h
[2.938s] -- Up-to-date: /home/rasp/ros2_ws/install/laser_filters/include/laser_filters/scan_shadow_detector.h
[2.938s] -- Up-to-date: /home/rasp/ros2_ws/install/laser_filters/include/laser_filters/sector_filter.h
[2.938s] -- Up-to-date: /home/rasp/ros2_ws/install/laser_filters/include/laser_filters/speckle_filter.h
[2.939s] -- Up-to-date: /home/rasp/ros2_ws/install/laser_filters/include/laser_filters/median_spatial_filter.h
[2.939s] -- Up-to-date: /home/rasp/ros2_ws/install/laser_filters/include/laser_filters/intensity_filter.h
[2.939s] -- Up-to-date: /home/rasp/ros2_ws/install/laser_filters/include/laser_filters/polygon_filter.h
[2.939s] -- Up-to-date: /home/rasp/ros2_ws/install/laser_filters/include/laser_filters/median_filter.h
[2.939s] -- Up-to-date: /home/rasp/ros2_ws/install/laser_filters/include/laser_filters/angular_bounds_filter_in_place.h
[2.939s] -- Up-to-date: /home/rasp/ros2_ws/install/laser_filters/share/laser_filters/environment/library_path.sh
[2.939s] -- Up-to-date: /home/rasp/ros2_ws/install/laser_filters/share/laser_filters/environment/library_path.dsv
[2.940s] -- Up-to-date: /home/rasp/ros2_ws/install/laser_filters/lib/liblaser_scan_filters.so
[2.942s] -- Up-to-date: /home/rasp/ros2_ws/install/laser_filters/lib/liblaser_filter_chains.so
[2.942s] -- Up-to-date: /home/rasp/ros2_ws/install/laser_filters/lib/laser_filters/generic_laser_filter_node
[2.943s] -- Up-to-date: /home/rasp/ros2_ws/install/laser_filters/share/laser_filters/examples
[2.943s] -- Up-to-date: /home/rasp/ros2_ws/install/laser_filters/share/laser_filters/examples/median_spatial_filter.launch.py
[2.944s] -- Up-to-date: /home/rasp/ros2_ws/install/laser_filters/share/laser_filters/examples/median_spatial_filter.launch.xml
[2.944s] -- Up-to-date: /home/rasp/ros2_ws/install/laser_filters/share/laser_filters/examples/range_filter_example.launch.py
[2.944s] -- Up-to-date: /home/rasp/ros2_ws/install/laser_filters/share/laser_filters/examples/pass_through_example.launch.py
[2.944s] -- Up-to-date: /home/rasp/ros2_ws/install/laser_filters/share/laser_filters/examples/intensity_filter_example.launch.py
[2.944s] -- Up-to-date: /home/rasp/ros2_ws/install/laser_filters/share/laser_filters/examples/shadow_filter_example.yaml
[2.945s] -- Up-to-date: /home/rasp/ros2_ws/install/laser_filters/share/laser_filters/examples/angular_filter_example.launch.py
[2.945s] -- Up-to-date: /home/rasp/ros2_ws/install/laser_filters/share/laser_filters/examples/range_filter_example.yaml
[2.945s] -- Up-to-date: /home/rasp/ros2_ws/install/laser_filters/share/laser_filters/examples/speckle_filter_example.yaml
[2.945s] -- Up-to-date: /home/rasp/ros2_ws/install/laser_filters/share/laser_filters/examples/median_spatial_filter_example.yaml
[2.945s] -- Up-to-date: /home/rasp/ros2_ws/install/laser_filters/share/laser_filters/examples/scan_blob_filter_example.yaml
[2.945s] -- Up-to-date: /home/rasp/ros2_ws/install/laser_filters/share/laser_filters/examples/scan_blob_filter_example.launch.py
[2.945s] -- Up-to-date: /home/rasp/ros2_ws/install/laser_filters/share/laser_filters/examples/sector_filter_example.launch.py
[2.946s] -- Up-to-date: /home/rasp/ros2_ws/install/laser_filters/share/laser_filters/examples/angular_filter_example.yaml
[2.946s] -- Up-to-date: /home/rasp/ros2_ws/install/laser_filters/share/laser_filters/examples/sector_filter_example.yaml
[2.946s] -- Up-to-date: /home/rasp/ros2_ws/install/laser_filters/share/laser_filters/examples/speckle_filter_example.launch
[2.946s] -- Up-to-date: /home/rasp/ros2_ws/install/laser_filters/share/laser_filters/examples/footprint_filter_example.yaml
[2.946s] -- Up-to-date: /home/rasp/ros2_ws/install/laser_filters/share/laser_filters/examples/multiple_filters_example.launch.py
[2.947s] -- Up-to-date: /home/rasp/ros2_ws/install/laser_filters/share/laser_filters/examples/pass_through_example.yaml
[2.947s] -- Up-to-date: /home/rasp/ros2_ws/install/laser_filters/share/laser_filters/examples/polygon_filter_example.launch.py
[2.947s] -- Up-to-date: /home/rasp/ros2_ws/install/laser_filters/share/laser_filters/examples/median_filter_example.launch.py
[2.947s] -- Up-to-date: /home/rasp/ros2_ws/install/laser_filters/share/laser_filters/examples/median_filter_example.yaml
[2.948s] -- Up-to-date: /home/rasp/ros2_ws/install/laser_filters/share/laser_filters/examples/multiple_filters_example.yaml
[2.948s] -- Up-to-date: /home/rasp/ros2_ws/install/laser_filters/share/laser_filters/examples/intensity_filter_example.yaml
[2.948s] -- Up-to-date: /home/rasp/ros2_ws/install/laser_filters/share/laser_filters/examples/polygon_filter_example.yaml
[2.948s] -- Up-to-date: /home/rasp/ros2_ws/install/laser_filters/share/laser_filters/examples/footprint_filter_example.launch.py
[2.948s] -- Up-to-date: /home/rasp/ros2_ws/install/laser_filters/share/laser_filters/examples/box_filter_example.launch.py
[2.948s] -- Up-to-date: /home/rasp/ros2_ws/install/laser_filters/share/laser_filters/examples/mask_filter_example.launch.py
[2.949s] -- Up-to-date: /home/rasp/ros2_ws/install/laser_filters/share/laser_filters/examples/box_filter_example.yaml
[2.949s] -- Up-to-date: /home/rasp/ros2_ws/install/laser_filters/share/laser_filters/examples/shadow_filter_example.launch.py
[2.949s] -- Up-to-date: /home/rasp/ros2_ws/install/laser_filters/share/laser_filters/examples/mask_filter_example.yaml
[2.949s] -- Up-to-date: /home/rasp/ros2_ws/install/laser_filters/share/laser_filters/test
[2.950s] -- Up-to-date: /home/rasp/ros2_ws/install/laser_filters/share/laser_filters/test/test_scan_filter_chain.cpp
[2.950s] -- Up-to-date: /home/rasp/ros2_ws/install/laser_filters/share/laser_filters/test/test_speckle_filter.cpp
[2.950s] -- Up-to-date: /home/rasp/ros2_ws/install/laser_filters/share/laser_filters/test/test_polygon_filter.test.py
[2.950s] -- Up-to-date: /home/rasp/ros2_ws/install/laser_filters/share/laser_filters/test/test_shadow_detector.cpp
[2.950s] -- Up-to-date: /home/rasp/ros2_ws/install/laser_filters/share/laser_filters/test/test_speckle_filter.yaml
[2.951s] -- Up-to-date: /home/rasp/ros2_ws/install/laser_filters/share/laser_filters/test/test_scan_shadows_filter.cpp
[2.951s] -- Up-to-date: /home/rasp/ros2_ws/install/laser_filters/share/laser_filters/test/test_scan_filter_chain.yaml
[2.951s] -- Up-to-date: /home/rasp/ros2_ws/install/laser_filters/share/laser_filters/test/fake_laser.py
[2.951s] -- Up-to-date: /home/rasp/ros2_ws/install/laser_filters/share/laser_filters/test/test_polygon_filter.yaml
[2.951s] -- Up-to-date: /home/rasp/ros2_ws/install/laser_filters/share/laser_filters/test/test_scan_filter_chain.launch
[2.952s] -- Up-to-date: /home/rasp/ros2_ws/install/laser_filters/share/laser_filters/test/test_speckle_filter.test.py
[2.952s] -- Up-to-date: /home/rasp/ros2_ws/install/laser_filters/share/ament_index/resource_index/package_run_dependencies/laser_filters
[2.952s] -- Installing: /home/rasp/ros2_ws/install/laser_filters/share/ament_index/resource_index/parent_prefix_path/laser_filters
[2.953s] -- Up-to-date: /home/rasp/ros2_ws/install/laser_filters/share/laser_filters/environment/ament_prefix_path.sh
[2.953s] -- Up-to-date: /home/rasp/ros2_ws/install/laser_filters/share/laser_filters/environment/ament_prefix_path.dsv
[2.953s] -- Up-to-date: /home/rasp/ros2_ws/install/laser_filters/share/laser_filters/environment/path.sh
[2.953s] -- Up-to-date: /home/rasp/ros2_ws/install/laser_filters/share/laser_filters/environment/path.dsv
[2.954s] -- Up-to-date: /home/rasp/ros2_ws/install/laser_filters/share/laser_filters/local_setup.bash
[2.954s] -- Up-to-date: /home/rasp/ros2_ws/install/laser_filters/share/laser_filters/local_setup.sh
[2.955s] -- Up-to-date: /home/rasp/ros2_ws/install/laser_filters/share/laser_filters/local_setup.zsh
[2.955s] -- Up-to-date: /home/rasp/ros2_ws/install/laser_filters/share/laser_filters/local_setup.dsv
[2.955s] -- Installing: /home/rasp/ros2_ws/install/laser_filters/share/laser_filters/package.dsv
[2.955s] -- Up-to-date: /home/rasp/ros2_ws/install/laser_filters/share/ament_index/resource_index/packages/laser_filters
[2.955s] -- Up-to-date: /home/rasp/ros2_ws/install/laser_filters/share/ament_index/resource_index/filters__pluginlib__plugin/laser_filters
[2.955s] -- Up-to-date: /home/rasp/ros2_ws/install/laser_filters/share/ament_index/resource_index/rclcpp_components/laser_filters
[2.956s] -- Up-to-date: /home/rasp/ros2_ws/install/laser_filters/share/laser_filters/cmake/ament_cmake_export_dependencies-extras.cmake
[2.956s] -- Up-to-date: /home/rasp/ros2_ws/install/laser_filters/share/laser_filters/cmake/ament_cmake_export_include_directories-extras.cmake
[2.956s] -- Up-to-date: /home/rasp/ros2_ws/install/laser_filters/share/laser_filters/cmake/ament_cmake_export_libraries-extras.cmake
[2.956s] -- Up-to-date: /home/rasp/ros2_ws/install/laser_filters/share/laser_filters/cmake/laser_filtersConfig.cmake
[2.957s] -- Up-to-date: /home/rasp/ros2_ws/install/laser_filters/share/laser_filters/cmake/laser_filtersConfig-version.cmake
[2.957s] -- Up-to-date: /home/rasp/ros2_ws/install/laser_filters/share/laser_filters/package.xml
[2.960s] Invoked command in '/home/rasp/ros2_ws/build/laser_filters' returned '0': CMAKE_PREFIX_PATH=${CMAKE_PREFIX_PATH}:/home/rasp/ros2_ws/install/sensor_msgs_py:/home/rasp/ros2_ws/install/robot_description:/opt/ros/jazzy DEBUGINFOD_URLS=https://debuginfod.ubuntu.com /usr/bin/cmake --install /home/rasp/ros2_ws/build/laser_filters
