[0.012s] Invoking command in '/home/rasp/ros2_ws/build/rosidl_typesupport_microxrcedds_c': CMAKE_PREFIX_PATH=/home/rasp/ros2_ws/install/microcdr:/home/rasp/ros2_ws/install/micro_ros_setup:/opt/ros/jazzy/opt/gz_math_vendor:/opt/ros/jazzy/opt/gz_utils_vendor:/opt/ros/jazzy/opt/gz_cmake_vendor:/opt/ros/jazzy DEBUGINFOD_URLS=https://debuginfod.ubuntu.com LD_LIBRARY_PATH=/home/rasp/ros2_ws/install/microcdr/lib:${LD_LIBRARY_PATH} /usr/bin/cmake --build /home/rasp/ros2_ws/build/rosidl_typesupport_microxrcedds_c -- -j2 -l2
[0.083s] [100%] Built target rosidl_typesupport_microxrcedds_c
[0.101s] [100%] Built target ament_cmake_python_copy_rosidl_typesupport_microxrcedds_c
[0.310s] running egg_info
[0.328s] writing rosidl_typesupport_microxrcedds_c.egg-info/PKG-INFO
[0.328s] writing dependency_links to rosidl_typesupport_microxrcedds_c.egg-info/dependency_links.txt
[0.329s] writing top-level names to rosidl_typesupport_microxrcedds_c.egg-info/top_level.txt
[0.383s] reading manifest file 'rosidl_typesupport_microxrcedds_c.egg-info/SOURCES.txt'
[0.383s] writing manifest file 'rosidl_typesupport_microxrcedds_c.egg-info/SOURCES.txt'
[0.413s] [100%] Built target ament_cmake_python_build_rosidl_typesupport_microxrcedds_c_egg
[0.427s] Invoked command in '/home/rasp/ros2_ws/build/rosidl_typesupport_microxrcedds_c' returned '0': CMAKE_PREFIX_PATH=/home/rasp/ros2_ws/install/microcdr:/home/rasp/ros2_ws/install/micro_ros_setup:/opt/ros/jazzy/opt/gz_math_vendor:/opt/ros/jazzy/opt/gz_utils_vendor:/opt/ros/jazzy/opt/gz_cmake_vendor:/opt/ros/jazzy DEBUGINFOD_URLS=https://debuginfod.ubuntu.com LD_LIBRARY_PATH=/home/rasp/ros2_ws/install/microcdr/lib:${LD_LIBRARY_PATH} /usr/bin/cmake --build /home/rasp/ros2_ws/build/rosidl_typesupport_microxrcedds_c -- -j2 -l2
[0.429s] Invoking command in '/home/rasp/ros2_ws/build/rosidl_typesupport_microxrcedds_c': CMAKE_PREFIX_PATH=/home/rasp/ros2_ws/install/microcdr:/home/rasp/ros2_ws/install/micro_ros_setup:/opt/ros/jazzy/opt/gz_math_vendor:/opt/ros/jazzy/opt/gz_utils_vendor:/opt/ros/jazzy/opt/gz_cmake_vendor:/opt/ros/jazzy DEBUGINFOD_URLS=https://debuginfod.ubuntu.com LD_LIBRARY_PATH=/home/rasp/ros2_ws/install/microcdr/lib:${LD_LIBRARY_PATH} /usr/bin/cmake --install /home/rasp/ros2_ws/build/rosidl_typesupport_microxrcedds_c
[0.441s] -- Install configuration: ""
[0.441s] -- Up-to-date: /home/rasp/ros2_ws/install/rosidl_typesupport_microxrcedds_c/share/rosidl_typesupport_microxrcedds_c/environment/pythonpath.sh
[0.441s] -- Up-to-date: /home/rasp/ros2_ws/install/rosidl_typesupport_microxrcedds_c/share/rosidl_typesupport_microxrcedds_c/environment/pythonpath.dsv
[0.442s] -- Up-to-date: /home/rasp/ros2_ws/install/rosidl_typesupport_microxrcedds_c/lib/python3.12/site-packages/rosidl_typesupport_microxrcedds_c-5.0.1-py3.12.egg-info
[0.442s] -- Installing: /home/rasp/ros2_ws/install/rosidl_typesupport_microxrcedds_c/lib/python3.12/site-packages/rosidl_typesupport_microxrcedds_c-5.0.1-py3.12.egg-info/SOURCES.txt
[0.442s] -- Installing: /home/rasp/ros2_ws/install/rosidl_typesupport_microxrcedds_c/lib/python3.12/site-packages/rosidl_typesupport_microxrcedds_c-5.0.1-py3.12.egg-info/dependency_links.txt
[0.442s] -- Installing: /home/rasp/ros2_ws/install/rosidl_typesupport_microxrcedds_c/lib/python3.12/site-packages/rosidl_typesupport_microxrcedds_c-5.0.1-py3.12.egg-info/PKG-INFO
[0.442s] -- Installing: /home/rasp/ros2_ws/install/rosidl_typesupport_microxrcedds_c/lib/python3.12/site-packages/rosidl_typesupport_microxrcedds_c-5.0.1-py3.12.egg-info/top_level.txt
[0.442s] -- Up-to-date: /home/rasp/ros2_ws/install/rosidl_typesupport_microxrcedds_c/lib/python3.12/site-packages/rosidl_typesupport_microxrcedds_c
[0.442s] -- Up-to-date: /home/rasp/ros2_ws/install/rosidl_typesupport_microxrcedds_c/lib/python3.12/site-packages/rosidl_typesupport_microxrcedds_c/__init__.py
[0.477s] Listing '/home/rasp/ros2_ws/install/rosidl_typesupport_microxrcedds_c/lib/python3.12/site-packages/rosidl_typesupport_microxrcedds_c'...
[0.482s] -- Up-to-date: /home/rasp/ros2_ws/install/rosidl_typesupport_microxrcedds_c/share/rosidl_typesupport_microxrcedds_c/environment/library_path.sh
[0.483s] -- Up-to-date: /home/rasp/ros2_ws/install/rosidl_typesupport_microxrcedds_c/share/rosidl_typesupport_microxrcedds_c/environment/library_path.dsv
[0.483s] -- Up-to-date: /home/rasp/ros2_ws/install/rosidl_typesupport_microxrcedds_c/share/ament_index/resource_index/rosidl_typesupport_c/rosidl_typesupport_microxrcedds_c
[0.483s] -- Up-to-date: /home/rasp/ros2_ws/install/rosidl_typesupport_microxrcedds_c/share/ament_index/resource_index/package_run_dependencies/rosidl_typesupport_microxrcedds_c
[0.483s] -- Up-to-date: /home/rasp/ros2_ws/install/rosidl_typesupport_microxrcedds_c/share/ament_index/resource_index/parent_prefix_path/rosidl_typesupport_microxrcedds_c
[0.483s] -- Up-to-date: /home/rasp/ros2_ws/install/rosidl_typesupport_microxrcedds_c/share/rosidl_typesupport_microxrcedds_c/environment/ament_prefix_path.sh
[0.483s] -- Up-to-date: /home/rasp/ros2_ws/install/rosidl_typesupport_microxrcedds_c/share/rosidl_typesupport_microxrcedds_c/environment/ament_prefix_path.dsv
[0.483s] -- Up-to-date: /home/rasp/ros2_ws/install/rosidl_typesupport_microxrcedds_c/share/rosidl_typesupport_microxrcedds_c/environment/path.sh
[0.483s] -- Up-to-date: /home/rasp/ros2_ws/install/rosidl_typesupport_microxrcedds_c/share/rosidl_typesupport_microxrcedds_c/environment/path.dsv
[0.483s] -- Up-to-date: /home/rasp/ros2_ws/install/rosidl_typesupport_microxrcedds_c/share/rosidl_typesupport_microxrcedds_c/local_setup.bash
[0.483s] -- Up-to-date: /home/rasp/ros2_ws/install/rosidl_typesupport_microxrcedds_c/share/rosidl_typesupport_microxrcedds_c/local_setup.sh
[0.483s] -- Up-to-date: /home/rasp/ros2_ws/install/rosidl_typesupport_microxrcedds_c/share/rosidl_typesupport_microxrcedds_c/local_setup.zsh
[0.484s] -- Up-to-date: /home/rasp/ros2_ws/install/rosidl_typesupport_microxrcedds_c/share/rosidl_typesupport_microxrcedds_c/local_setup.dsv
[0.484s] -- Up-to-date: /home/rasp/ros2_ws/install/rosidl_typesupport_microxrcedds_c/share/rosidl_typesupport_microxrcedds_c/package.dsv
[0.484s] -- Up-to-date: /home/rasp/ros2_ws/install/rosidl_typesupport_microxrcedds_c/share/ament_index/resource_index/packages/rosidl_typesupport_microxrcedds_c
[0.484s] -- Up-to-date: /home/rasp/ros2_ws/install/rosidl_typesupport_microxrcedds_c/share/rosidl_typesupport_microxrcedds_c/cmake/rosidl_typesupport_microxrcedds_cExport.cmake
[0.484s] -- Up-to-date: /home/rasp/ros2_ws/install/rosidl_typesupport_microxrcedds_c/share/rosidl_typesupport_microxrcedds_c/cmake/rosidl_typesupport_microxrcedds_cExport-noconfig.cmake
[0.484s] -- Up-to-date: /home/rasp/ros2_ws/install/rosidl_typesupport_microxrcedds_c/share/rosidl_typesupport_microxrcedds_c/cmake/rosidl_typesupport_microxrcedds_c-extras.cmake
[0.484s] -- Up-to-date: /home/rasp/ros2_ws/install/rosidl_typesupport_microxrcedds_c/share/rosidl_typesupport_microxrcedds_c/cmake/ament_cmake_export_dependencies-extras.cmake
[0.484s] -- Up-to-date: /home/rasp/ros2_ws/install/rosidl_typesupport_microxrcedds_c/share/rosidl_typesupport_microxrcedds_c/cmake/ament_cmake_export_include_directories-extras.cmake
[0.484s] -- Up-to-date: /home/rasp/ros2_ws/install/rosidl_typesupport_microxrcedds_c/share/rosidl_typesupport_microxrcedds_c/cmake/ament_cmake_export_libraries-extras.cmake
[0.484s] -- Up-to-date: /home/rasp/ros2_ws/install/rosidl_typesupport_microxrcedds_c/share/rosidl_typesupport_microxrcedds_c/cmake/ament_cmake_export_targets-extras.cmake
[0.484s] -- Up-to-date: /home/rasp/ros2_ws/install/rosidl_typesupport_microxrcedds_c/share/rosidl_typesupport_microxrcedds_c/cmake/rosidl_typesupport_microxrcedds_cConfig.cmake
[0.484s] -- Up-to-date: /home/rasp/ros2_ws/install/rosidl_typesupport_microxrcedds_c/share/rosidl_typesupport_microxrcedds_c/cmake/rosidl_typesupport_microxrcedds_cConfig-version.cmake
[0.485s] -- Up-to-date: /home/rasp/ros2_ws/install/rosidl_typesupport_microxrcedds_c/share/rosidl_typesupport_microxrcedds_c/package.xml
[0.485s] -- Up-to-date: /home/rasp/ros2_ws/install/rosidl_typesupport_microxrcedds_c/lib/rosidl_typesupport_microxrcedds_c/rosidl_typesupport_microxrcedds_c
[0.485s] -- Up-to-date: /home/rasp/ros2_ws/install/rosidl_typesupport_microxrcedds_c/share/rosidl_typesupport_microxrcedds_c/cmake
[0.485s] -- Up-to-date: /home/rasp/ros2_ws/install/rosidl_typesupport_microxrcedds_c/share/rosidl_typesupport_microxrcedds_c/cmake/rosidl_typesupport_microxrcedds_c_generate_interfaces.cmake
[0.485s] -- Up-to-date: /home/rasp/ros2_ws/install/rosidl_typesupport_microxrcedds_c/share/rosidl_typesupport_microxrcedds_c/resource
[0.485s] -- Up-to-date: /home/rasp/ros2_ws/install/rosidl_typesupport_microxrcedds_c/share/rosidl_typesupport_microxrcedds_c/resource/idl__type_support_c.c.em
[0.485s] -- Up-to-date: /home/rasp/ros2_ws/install/rosidl_typesupport_microxrcedds_c/share/rosidl_typesupport_microxrcedds_c/resource/msg__type_support_c.c.em
[0.485s] -- Up-to-date: /home/rasp/ros2_ws/install/rosidl_typesupport_microxrcedds_c/share/rosidl_typesupport_microxrcedds_c/resource/srv__type_support_c.c.em
[0.485s] -- Up-to-date: /home/rasp/ros2_ws/install/rosidl_typesupport_microxrcedds_c/share/rosidl_typesupport_microxrcedds_c/resource/srv__rosidl_typesupport_microxrcedds_c.h.em
[0.485s] -- Up-to-date: /home/rasp/ros2_ws/install/rosidl_typesupport_microxrcedds_c/share/rosidl_typesupport_microxrcedds_c/resource/rosidl_typesupport_microxrcedds_c__visibility_control.h.in
[0.485s] -- Up-to-date: /home/rasp/ros2_ws/install/rosidl_typesupport_microxrcedds_c/share/rosidl_typesupport_microxrcedds_c/resource/idl__rosidl_typesupport_microxrcedds_c.h.em
[0.485s] -- Up-to-date: /home/rasp/ros2_ws/install/rosidl_typesupport_microxrcedds_c/share/rosidl_typesupport_microxrcedds_c/resource/msg__rosidl_typesupport_microxrcedds_c.h.em
[0.485s] -- Up-to-date: /home/rasp/ros2_ws/install/rosidl_typesupport_microxrcedds_c/include
[0.485s] -- Up-to-date: /home/rasp/ros2_ws/install/rosidl_typesupport_microxrcedds_c/include/rosidl_typesupport_microxrcedds_c
[0.485s] -- Up-to-date: /home/rasp/ros2_ws/install/rosidl_typesupport_microxrcedds_c/include/rosidl_typesupport_microxrcedds_c/identifier.h
[0.485s] -- Up-to-date: /home/rasp/ros2_ws/install/rosidl_typesupport_microxrcedds_c/include/rosidl_typesupport_microxrcedds_c/service_type_support.h
[0.485s] -- Up-to-date: /home/rasp/ros2_ws/install/rosidl_typesupport_microxrcedds_c/include/rosidl_typesupport_microxrcedds_c/visibility_control.h
[0.485s] -- Up-to-date: /home/rasp/ros2_ws/install/rosidl_typesupport_microxrcedds_c/include/rosidl_typesupport_microxrcedds_c/message_type_support.h
[0.485s] -- Up-to-date: /home/rasp/ros2_ws/install/rosidl_typesupport_microxrcedds_c/lib/librosidl_typesupport_microxrcedds_c.so
[0.487s] Invoked command in '/home/rasp/ros2_ws/build/rosidl_typesupport_microxrcedds_c' returned '0': CMAKE_PREFIX_PATH=/home/rasp/ros2_ws/install/microcdr:/home/rasp/ros2_ws/install/micro_ros_setup:/opt/ros/jazzy/opt/gz_math_vendor:/opt/ros/jazzy/opt/gz_utils_vendor:/opt/ros/jazzy/opt/gz_cmake_vendor:/opt/ros/jazzy DEBUGINFOD_URLS=https://debuginfod.ubuntu.com LD_LIBRARY_PATH=/home/rasp/ros2_ws/install/microcdr/lib:${LD_LIBRARY_PATH} /usr/bin/cmake --install /home/rasp/ros2_ws/build/rosidl_typesupport_microxrcedds_c
