[0.008s] Invoking command in '/home/rasp/ros2_ws/build/microxrcedds_client': CMAKE_PREFIX_PATH=/home/rasp/ros2_ws/install/microcdr:/home/rasp/ros2_ws/install/rosidl_typesupport_microxrcedds_cpp:/home/rasp/ros2_ws/install/rosidl_typesupport_microxrcedds_c:/home/rasp/ros2_ws/install/micro_ros_setup:/opt/ros/jazzy/opt/gz_math_vendor:/opt/ros/jazzy/opt/gz_utils_vendor:/opt/ros/jazzy/opt/gz_cmake_vendor DEBUGINFOD_URLS=https://debuginfod.ubuntu.com LD_LIBRARY_PATH=/home/rasp/ros2_ws/install/microcdr/lib:/home/rasp/ros2_ws/install/rosidl_typesupport_microxrcedds_cpp/lib:/home/rasp/ros2_ws/install/rosidl_typesupport_microxrcedds_c/lib:/opt/ros/jazzy/opt/rviz_ogre_vendor/lib:/opt/ros/jazzy/lib/x86_64-linux-gnu:/opt/ros/jazzy/opt/gz_math_vendor/lib:/opt/ros/jazzy/opt/gz_utils_vendor/lib:/opt/ros/jazzy/opt/gz_cmake_vendor/lib:/opt/ros/jazzy/lib /usr/bin/cmake /home/rasp/ros2_ws/src/eProsima/Micro-XRCE-DDS-Client -DBUILD_TESTING=OFF -DBUILD_SHARED_LIBS=ON -DUCLIENT_ISOLATED_INSTALL=OFF -DUCLIENT_SUPERBUILD=OFF -DBUILD_SHARED_LIBS=ON -DUCLIENT_PROFILE_MULTITHREAD=ON -DCMAKE_INSTALL_PREFIX=/home/rasp/ros2_ws/install/microxrcedds_client
[0.080s] -- The C compiler identification is GNU 13.3.0
[0.106s] -- Detecting C compiler ABI info
[0.230s] -- Detecting C compiler ABI info - done
[0.239s] -- Check for working C compiler: /usr/bin/cc - skipped
[0.239s] -- Detecting C compile features
[0.240s] -- Detecting C compile features - done
[0.241s] -- Setting build type to 'Release' as none was specified.
[0.258s] -- Performing Test CMAKE_HAVE_LIBC_PTHREAD
[0.368s] -- Performing Test CMAKE_HAVE_LIBC_PTHREAD - Success
[0.369s] -- Found Threads: TRUE  
[0.372s] -- Configuring done (0.3s)
[0.382s] -- Generating done (0.0s)
[0.383s] [33mCMake Warning:
[0.383s]   Manually-specified variables were not used by the project:
[0.383s] 
[0.383s]     BUILD_TESTING
[0.383s] 
[0.384s] [0m
[0.385s] -- Build files have been written to: /home/rasp/ros2_ws/build/microxrcedds_client
[0.393s] Invoked command in '/home/rasp/ros2_ws/build/microxrcedds_client' returned '0': CMAKE_PREFIX_PATH=/home/rasp/ros2_ws/install/microcdr:/home/rasp/ros2_ws/install/rosidl_typesupport_microxrcedds_cpp:/home/rasp/ros2_ws/install/rosidl_typesupport_microxrcedds_c:/home/rasp/ros2_ws/install/micro_ros_setup:/opt/ros/jazzy/opt/gz_math_vendor:/opt/ros/jazzy/opt/gz_utils_vendor:/opt/ros/jazzy/opt/gz_cmake_vendor DEBUGINFOD_URLS=https://debuginfod.ubuntu.com LD_LIBRARY_PATH=/home/rasp/ros2_ws/install/microcdr/lib:/home/rasp/ros2_ws/install/rosidl_typesupport_microxrcedds_cpp/lib:/home/rasp/ros2_ws/install/rosidl_typesupport_microxrcedds_c/lib:/opt/ros/jazzy/opt/rviz_ogre_vendor/lib:/opt/ros/jazzy/lib/x86_64-linux-gnu:/opt/ros/jazzy/opt/gz_math_vendor/lib:/opt/ros/jazzy/opt/gz_utils_vendor/lib:/opt/ros/jazzy/opt/gz_cmake_vendor/lib:/opt/ros/jazzy/lib /usr/bin/cmake /home/rasp/ros2_ws/src/eProsima/Micro-XRCE-DDS-Client -DBUILD_TESTING=OFF -DBUILD_SHARED_LIBS=ON -DUCLIENT_ISOLATED_INSTALL=OFF -DUCLIENT_SUPERBUILD=OFF -DBUILD_SHARED_LIBS=ON -DUCLIENT_PROFILE_MULTITHREAD=ON -DCMAKE_INSTALL_PREFIX=/home/rasp/ros2_ws/install/microxrcedds_client
[0.394s] Invoking command in '/home/rasp/ros2_ws/build/microxrcedds_client': CMAKE_PREFIX_PATH=/home/rasp/ros2_ws/install/microcdr:/home/rasp/ros2_ws/install/rosidl_typesupport_microxrcedds_cpp:/home/rasp/ros2_ws/install/rosidl_typesupport_microxrcedds_c:/home/rasp/ros2_ws/install/micro_ros_setup:/opt/ros/jazzy/opt/gz_math_vendor:/opt/ros/jazzy/opt/gz_utils_vendor:/opt/ros/jazzy/opt/gz_cmake_vendor DEBUGINFOD_URLS=https://debuginfod.ubuntu.com LD_LIBRARY_PATH=/home/rasp/ros2_ws/install/microcdr/lib:/home/rasp/ros2_ws/install/rosidl_typesupport_microxrcedds_cpp/lib:/home/rasp/ros2_ws/install/rosidl_typesupport_microxrcedds_c/lib:/opt/ros/jazzy/opt/rviz_ogre_vendor/lib:/opt/ros/jazzy/lib/x86_64-linux-gnu:/opt/ros/jazzy/opt/gz_math_vendor/lib:/opt/ros/jazzy/opt/gz_utils_vendor/lib:/opt/ros/jazzy/opt/gz_cmake_vendor/lib:/opt/ros/jazzy/lib /usr/bin/cmake --build /home/rasp/ros2_ws/build/microxrcedds_client -- -j2 -l2
[0.467s] [  2%] [32mBuilding C object CMakeFiles/microxrcedds_client.dir/src/c/core/session/stream/input_reliable_stream.c.o[0m
[0.474s] [  5%] [32mBuilding C object CMakeFiles/microxrcedds_client.dir/src/c/core/session/stream/input_best_effort_stream.c.o[0m
[0.525s] [  8%] [32mBuilding C object CMakeFiles/microxrcedds_client.dir/src/c/core/session/stream/output_best_effort_stream.c.o[0m
[0.587s] [ 11%] [32mBuilding C object CMakeFiles/microxrcedds_client.dir/src/c/core/session/stream/output_reliable_stream.c.o[0m
[0.610s] [ 14%] [32mBuilding C object CMakeFiles/microxrcedds_client.dir/src/c/core/session/stream/stream_storage.c.o[0m
[0.730s] [ 17%] [32mBuilding C object CMakeFiles/microxrcedds_client.dir/src/c/core/session/stream/stream_id.c.o[0m
[0.766s] [ 20%] [32mBuilding C object CMakeFiles/microxrcedds_client.dir/src/c/core/session/stream/seq_num.c.o[0m
[0.799s] [ 22%] [32mBuilding C object CMakeFiles/microxrcedds_client.dir/src/c/core/session/session.c.o[0m
[0.821s] [ 25%] [32mBuilding C object CMakeFiles/microxrcedds_client.dir/src/c/core/session/session_info.c.o[0m
[0.930s] [ 28%] [32mBuilding C object CMakeFiles/microxrcedds_client.dir/src/c/core/session/submessage.c.o[0m
[1.007s] [ 31%] [32mBuilding C object CMakeFiles/microxrcedds_client.dir/src/c/core/session/object_id.c.o[0m
[1.073s] [ 34%] [32mBuilding C object CMakeFiles/microxrcedds_client.dir/src/c/core/serialization/xrce_types.c.o[0m
[1.080s] [ 37%] [32mBuilding C object CMakeFiles/microxrcedds_client.dir/src/c/core/serialization/xrce_header.c.o[0m
[1.149s] [ 40%] [32mBuilding C object CMakeFiles/microxrcedds_client.dir/src/c/core/serialization/xrce_subheader.c.o[0m
[1.226s] [ 42%] [32mBuilding C object CMakeFiles/microxrcedds_client.dir/src/c/util/time.c.o[0m
[1.298s] [ 45%] [32mBuilding C object CMakeFiles/microxrcedds_client.dir/src/c/util/ping.c.o[0m
[1.461s] [ 48%] [32mBuilding C object CMakeFiles/microxrcedds_client.dir/src/c/core/session/common_create_entities.c.o[0m
[1.562s] [ 51%] [32mBuilding C object CMakeFiles/microxrcedds_client.dir/src/c/core/session/create_entities_ref.c.o[0m
[1.624s] [ 54%] [32mBuilding C object CMakeFiles/microxrcedds_client.dir/src/c/core/session/create_entities_xml.c.o[0m
[1.656s] [ 57%] [32mBuilding C object CMakeFiles/microxrcedds_client.dir/src/c/core/session/create_entities_bin.c.o[0m
[1.767s] [ 60%] [32mBuilding C object CMakeFiles/microxrcedds_client.dir/src/c/core/session/read_access.c.o[0m
[1.783s] [ 62%] [32mBuilding C object CMakeFiles/microxrcedds_client.dir/src/c/core/session/write_access.c.o[0m
[1.886s] [ 65%] [32mBuilding C object CMakeFiles/microxrcedds_client.dir/src/c/profile/multithread/multithread.c.o[0m
[1.930s] [ 68%] [32mBuilding C object CMakeFiles/microxrcedds_client.dir/src/c/profile/transport/stream_framing/stream_framing_protocol.c.o[0m
[1.977s] [ 71%] [32mBuilding C object CMakeFiles/microxrcedds_client.dir/src/c/profile/transport/ip/udp/udp_transport.c.o[0m
[2.081s] [ 74%] [32mBuilding C object CMakeFiles/microxrcedds_client.dir/src/c/profile/transport/ip/udp/udp_transport_posix.c.o[0m
[2.108s] [ 77%] [32mBuilding C object CMakeFiles/microxrcedds_client.dir/src/c/profile/transport/ip/tcp/tcp_transport.c.o[0m
[2.206s] [ 80%] [32mBuilding C object CMakeFiles/microxrcedds_client.dir/src/c/profile/transport/ip/tcp/tcp_transport_posix.c.o[0m
[2.258s] [ 82%] [32mBuilding C object CMakeFiles/microxrcedds_client.dir/src/c/profile/transport/serial/serial_transport.c.o[0m
[2.296s] [ 85%] [32mBuilding C object CMakeFiles/microxrcedds_client.dir/src/c/profile/transport/serial/serial_transport_posix.c.o[0m
[2.359s] [ 88%] [32mBuilding C object CMakeFiles/microxrcedds_client.dir/src/c/profile/transport/ip/ip_posix.c.o[0m
[2.377s] [ 91%] [32mBuilding C object CMakeFiles/microxrcedds_client.dir/src/c/profile/discovery/discovery.c.o[0m
[2.464s] [ 94%] [32mBuilding C object CMakeFiles/microxrcedds_client.dir/src/c/profile/discovery/transport/udp_transport_datagram_posix.c.o[0m
[2.542s] [ 97%] [32mBuilding C object CMakeFiles/microxrcedds_client.dir/src/c/profile/transport/custom/custom_transport.c.o[0m
[2.662s] [100%] [32m[1mLinking C shared library libmicroxrcedds_client.so[0m
[2.833s] [100%] Built target microxrcedds_client
[2.862s] Invoked command in '/home/rasp/ros2_ws/build/microxrcedds_client' returned '0': CMAKE_PREFIX_PATH=/home/rasp/ros2_ws/install/microcdr:/home/rasp/ros2_ws/install/rosidl_typesupport_microxrcedds_cpp:/home/rasp/ros2_ws/install/rosidl_typesupport_microxrcedds_c:/home/rasp/ros2_ws/install/micro_ros_setup:/opt/ros/jazzy/opt/gz_math_vendor:/opt/ros/jazzy/opt/gz_utils_vendor:/opt/ros/jazzy/opt/gz_cmake_vendor DEBUGINFOD_URLS=https://debuginfod.ubuntu.com LD_LIBRARY_PATH=/home/rasp/ros2_ws/install/microcdr/lib:/home/rasp/ros2_ws/install/rosidl_typesupport_microxrcedds_cpp/lib:/home/rasp/ros2_ws/install/rosidl_typesupport_microxrcedds_c/lib:/opt/ros/jazzy/opt/rviz_ogre_vendor/lib:/opt/ros/jazzy/lib/x86_64-linux-gnu:/opt/ros/jazzy/opt/gz_math_vendor/lib:/opt/ros/jazzy/opt/gz_utils_vendor/lib:/opt/ros/jazzy/opt/gz_cmake_vendor/lib:/opt/ros/jazzy/lib /usr/bin/cmake --build /home/rasp/ros2_ws/build/microxrcedds_client -- -j2 -l2
[2.864s] Invoking command in '/home/rasp/ros2_ws/build/microxrcedds_client': CMAKE_PREFIX_PATH=/home/rasp/ros2_ws/install/microcdr:/home/rasp/ros2_ws/install/rosidl_typesupport_microxrcedds_cpp:/home/rasp/ros2_ws/install/rosidl_typesupport_microxrcedds_c:/home/rasp/ros2_ws/install/micro_ros_setup:/opt/ros/jazzy/opt/gz_math_vendor:/opt/ros/jazzy/opt/gz_utils_vendor:/opt/ros/jazzy/opt/gz_cmake_vendor DEBUGINFOD_URLS=https://debuginfod.ubuntu.com LD_LIBRARY_PATH=/home/rasp/ros2_ws/install/microcdr/lib:/home/rasp/ros2_ws/install/rosidl_typesupport_microxrcedds_cpp/lib:/home/rasp/ros2_ws/install/rosidl_typesupport_microxrcedds_c/lib:/opt/ros/jazzy/opt/rviz_ogre_vendor/lib:/opt/ros/jazzy/lib/x86_64-linux-gnu:/opt/ros/jazzy/opt/gz_math_vendor/lib:/opt/ros/jazzy/opt/gz_utils_vendor/lib:/opt/ros/jazzy/opt/gz_cmake_vendor/lib:/opt/ros/jazzy/lib /usr/bin/cmake --install /home/rasp/ros2_ws/build/microxrcedds_client
[2.886s] -- Install configuration: "Release"
[2.887s] -- Installing: /home/rasp/ros2_ws/install/microxrcedds_client/lib/libmicroxrcedds_client.so.2.4.2
[2.889s] -- Installing: /home/rasp/ros2_ws/install/microxrcedds_client/lib/libmicroxrcedds_client.so.2.4
[2.889s] -- Set non-toolchain portion of runtime path of "/home/rasp/ros2_ws/install/microxrcedds_client/lib/libmicroxrcedds_client.so.2.4.2" to ""
[2.889s] -- Installing: /home/rasp/ros2_ws/install/microxrcedds_client/lib/libmicroxrcedds_client.so
[2.889s] -- Installing: /home/rasp/ros2_ws/install/microxrcedds_client/include/uxr/client
[2.889s] -- Installing: /home/rasp/ros2_ws/install/microxrcedds_client/include/uxr/client/core
[2.891s] -- Installing: /home/rasp/ros2_ws/install/microxrcedds_client/include/uxr/client/core/communication
[2.891s] -- Installing: /home/rasp/ros2_ws/install/microxrcedds_client/include/uxr/client/core/communication/communication.h
[2.891s] -- Installing: /home/rasp/ros2_ws/install/microxrcedds_client/include/uxr/client/core/type
[2.891s] -- Installing: /home/rasp/ros2_ws/install/microxrcedds_client/include/uxr/client/core/type/xrce_types.h
[2.893s] -- Installing: /home/rasp/ros2_ws/install/microxrcedds_client/include/uxr/client/core/session
[2.893s] -- Installing: /home/rasp/ros2_ws/install/microxrcedds_client/include/uxr/client/core/session/object_id.h
[2.893s] -- Installing: /home/rasp/ros2_ws/install/microxrcedds_client/include/uxr/client/core/session/read_access.h
[2.893s] -- Installing: /home/rasp/ros2_ws/install/microxrcedds_client/include/uxr/client/core/session/write_access.h
[2.893s] -- Installing: /home/rasp/ros2_ws/install/microxrcedds_client/include/uxr/client/core/session/common_create_entities.h
[2.894s] -- Installing: /home/rasp/ros2_ws/install/microxrcedds_client/include/uxr/client/core/session/create_entities_ref.h
[2.894s] -- Installing: /home/rasp/ros2_ws/install/microxrcedds_client/include/uxr/client/core/session/time_sync.h
[2.894s] -- Installing: /home/rasp/ros2_ws/install/microxrcedds_client/include/uxr/client/core/session/session.h
[2.895s] -- Installing: /home/rasp/ros2_ws/install/microxrcedds_client/include/uxr/client/core/session/stream
[2.896s] -- Installing: /home/rasp/ros2_ws/install/microxrcedds_client/include/uxr/client/core/session/stream/input_best_effort_stream.h
[2.897s] -- Installing: /home/rasp/ros2_ws/install/microxrcedds_client/include/uxr/client/core/session/stream/output_reliable_stream.h
[2.897s] -- Installing: /home/rasp/ros2_ws/install/microxrcedds_client/include/uxr/client/core/session/stream/seq_num.h
[2.897s] -- Installing: /home/rasp/ros2_ws/install/microxrcedds_client/include/uxr/client/core/session/stream/stream_storage.h
[2.898s] -- Installing: /home/rasp/ros2_ws/install/microxrcedds_client/include/uxr/client/core/session/stream/input_reliable_stream.h
[2.898s] -- Installing: /home/rasp/ros2_ws/install/microxrcedds_client/include/uxr/client/core/session/stream/reliable_stream.h
[2.898s] -- Installing: /home/rasp/ros2_ws/install/microxrcedds_client/include/uxr/client/core/session/stream/output_best_effort_stream.h
[2.901s] -- Installing: /home/rasp/ros2_ws/install/microxrcedds_client/include/uxr/client/core/session/stream/stream_id.h
[2.901s] -- Installing: /home/rasp/ros2_ws/install/microxrcedds_client/include/uxr/client/core/session/session_info.h
[2.901s] -- Installing: /home/rasp/ros2_ws/install/microxrcedds_client/include/uxr/client/core/session/create_entities_bin.h
[2.901s] -- Installing: /home/rasp/ros2_ws/install/microxrcedds_client/include/uxr/client/core/session/create_entities_xml.h
[2.901s] -- Installing: /home/rasp/ros2_ws/install/microxrcedds_client/include/uxr/client/visibility.h
[2.901s] -- Installing: /home/rasp/ros2_ws/install/microxrcedds_client/include/uxr/client/util
[2.901s] -- Installing: /home/rasp/ros2_ws/install/microxrcedds_client/include/uxr/client/util/time.h
[2.902s] -- Installing: /home/rasp/ros2_ws/install/microxrcedds_client/include/uxr/client/util/ping.h
[2.903s] -- Installing: /home/rasp/ros2_ws/install/microxrcedds_client/include/uxr/client/transport.h
[2.903s] -- Installing: /home/rasp/ros2_ws/install/microxrcedds_client/include/uxr/client/client.h
[2.904s] -- Installing: /home/rasp/ros2_ws/install/microxrcedds_client/include/uxr/client/profile
[2.904s] -- Installing: /home/rasp/ros2_ws/install/microxrcedds_client/include/uxr/client/profile/multithread
[2.904s] -- Installing: /home/rasp/ros2_ws/install/microxrcedds_client/include/uxr/client/profile/multithread/multithread.h
[2.904s] -- Installing: /home/rasp/ros2_ws/install/microxrcedds_client/include/uxr/client/profile/discovery
[2.906s] -- Installing: /home/rasp/ros2_ws/install/microxrcedds_client/include/uxr/client/profile/discovery/discovery.h
[2.907s] -- Installing: /home/rasp/ros2_ws/install/microxrcedds_client/include/uxr/client/profile/transport
[2.907s] -- Installing: /home/rasp/ros2_ws/install/microxrcedds_client/include/uxr/client/profile/transport/ip
[2.908s] -- Installing: /home/rasp/ros2_ws/install/microxrcedds_client/include/uxr/client/profile/transport/ip/ip.h
[2.908s] -- Installing: /home/rasp/ros2_ws/install/microxrcedds_client/include/uxr/client/profile/transport/ip/udp
[2.908s] -- Installing: /home/rasp/ros2_ws/install/microxrcedds_client/include/uxr/client/profile/transport/ip/udp/udp_transport_posix.h
[2.908s] -- Installing: /home/rasp/ros2_ws/install/microxrcedds_client/include/uxr/client/profile/transport/ip/udp/udp_transport_windows.h
[2.909s] -- Installing: /home/rasp/ros2_ws/install/microxrcedds_client/include/uxr/client/profile/transport/ip/udp/udp_transport_freertos_plus_tcp.h
[2.909s] -- Installing: /home/rasp/ros2_ws/install/microxrcedds_client/include/uxr/client/profile/transport/ip/udp/udp_transport_rtems_bsd_net.h
[2.910s] -- Installing: /home/rasp/ros2_ws/install/microxrcedds_client/include/uxr/client/profile/transport/ip/udp/udp_transport.h
[2.910s] -- Installing: /home/rasp/ros2_ws/install/microxrcedds_client/include/uxr/client/profile/transport/ip/udp/udp_transport_posix_nopoll.h
[2.910s] -- Installing: /home/rasp/ros2_ws/install/microxrcedds_client/include/uxr/client/profile/transport/ip/tcp
[2.910s] -- Installing: /home/rasp/ros2_ws/install/microxrcedds_client/include/uxr/client/profile/transport/ip/tcp/tcp_transport_rtems_bsd_net.h
[2.911s] -- Installing: /home/rasp/ros2_ws/install/microxrcedds_client/include/uxr/client/profile/transport/ip/tcp/tcp_transport_freertos_plus_tcp.h
[2.913s] -- Installing: /home/rasp/ros2_ws/install/microxrcedds_client/include/uxr/client/profile/transport/ip/tcp/tcp_transport.h
[2.914s] -- Installing: /home/rasp/ros2_ws/install/microxrcedds_client/include/uxr/client/profile/transport/ip/tcp/tcp_transport_windows.h
[2.914s] -- Installing: /home/rasp/ros2_ws/install/microxrcedds_client/include/uxr/client/profile/transport/ip/tcp/tcp_transport_posix.h
[2.916s] -- Installing: /home/rasp/ros2_ws/install/microxrcedds_client/include/uxr/client/profile/transport/ip/tcp/tcp_transport_posix_nopoll.h
[2.916s] -- Installing: /home/rasp/ros2_ws/install/microxrcedds_client/include/uxr/client/profile/transport/can
[2.918s] -- Installing: /home/rasp/ros2_ws/install/microxrcedds_client/include/uxr/client/profile/transport/can/can_transport.h
[2.918s] -- Installing: /home/rasp/ros2_ws/install/microxrcedds_client/include/uxr/client/profile/transport/can/can_transport_posix.h
[2.918s] -- Installing: /home/rasp/ros2_ws/install/microxrcedds_client/include/uxr/client/profile/transport/stream_framing
[2.918s] -- Installing: /home/rasp/ros2_ws/install/microxrcedds_client/include/uxr/client/profile/transport/stream_framing/stream_framing_protocol.h
[2.918s] -- Installing: /home/rasp/ros2_ws/install/microxrcedds_client/include/uxr/client/profile/transport/custom
[2.919s] -- Installing: /home/rasp/ros2_ws/install/microxrcedds_client/include/uxr/client/profile/transport/custom/custom_transport.h
[2.920s] -- Installing: /home/rasp/ros2_ws/install/microxrcedds_client/include/uxr/client/profile/transport/serial
[2.920s] -- Installing: /home/rasp/ros2_ws/install/microxrcedds_client/include/uxr/client/profile/transport/serial/serial_transport_platform.h
[2.920s] -- Installing: /home/rasp/ros2_ws/install/microxrcedds_client/include/uxr/client/profile/transport/serial/serial_transport.h
[2.920s] -- Installing: /home/rasp/ros2_ws/install/microxrcedds_client/include/uxr/client/profile/transport/serial/serial_transport_rtems_bsd_net.h
[2.921s] -- Installing: /home/rasp/ros2_ws/install/microxrcedds_client/include/uxr/client/profile/transport/serial/serial_transport_posix.h
[2.921s] -- Installing: /home/rasp/ros2_ws/install/microxrcedds_client/include/uxr/client/defines.h
[2.922s] -- Installing: /home/rasp/ros2_ws/install/microxrcedds_client/include/uxr/client/config.h
[2.922s] -- Installing: /home/rasp/ros2_ws/install/microxrcedds_client/share/microxrcedds_client/cmake/microxrcedds_clientTargets.cmake
[2.923s] -- Installing: /home/rasp/ros2_ws/install/microxrcedds_client/share/microxrcedds_client/cmake/microxrcedds_clientTargets-release.cmake
[2.924s] -- Installing: /home/rasp/ros2_ws/install/microxrcedds_client/share/microxrcedds_client/cmake/microxrcedds_clientConfig.cmake
[2.924s] -- Installing: /home/rasp/ros2_ws/install/microxrcedds_client/share/microxrcedds_client/cmake/microxrcedds_clientConfigVersion.cmake
[2.929s] Invoked command in '/home/rasp/ros2_ws/build/microxrcedds_client' returned '0': CMAKE_PREFIX_PATH=/home/rasp/ros2_ws/install/microcdr:/home/rasp/ros2_ws/install/rosidl_typesupport_microxrcedds_cpp:/home/rasp/ros2_ws/install/rosidl_typesupport_microxrcedds_c:/home/rasp/ros2_ws/install/micro_ros_setup:/opt/ros/jazzy/opt/gz_math_vendor:/opt/ros/jazzy/opt/gz_utils_vendor:/opt/ros/jazzy/opt/gz_cmake_vendor DEBUGINFOD_URLS=https://debuginfod.ubuntu.com LD_LIBRARY_PATH=/home/rasp/ros2_ws/install/microcdr/lib:/home/rasp/ros2_ws/install/rosidl_typesupport_microxrcedds_cpp/lib:/home/rasp/ros2_ws/install/rosidl_typesupport_microxrcedds_c/lib:/opt/ros/jazzy/opt/rviz_ogre_vendor/lib:/opt/ros/jazzy/lib/x86_64-linux-gnu:/opt/ros/jazzy/opt/gz_math_vendor/lib:/opt/ros/jazzy/opt/gz_utils_vendor/lib:/opt/ros/jazzy/opt/gz_cmake_vendor/lib:/opt/ros/jazzy/lib /usr/bin/cmake --install /home/rasp/ros2_ws/build/microxrcedds_client
