[0.056s] Invoking command in '/home/rasp/ros2_ws/build/rmw_microxrcedds': AMENT_PREFIX_PATH=/home/rasp/ros2_ws/install/micro_ros_msgs:${AMENT_PREFIX_PATH} CMAKE_PREFIX_PATH=/home/rasp/ros2_ws/install/rosidl_typesupport_microxrcedds_cpp:/home/rasp/ros2_ws/install/rosidl_typesupport_microxrcedds_c:/home/rasp/ros2_ws/install/microxrcedds_client:/home/rasp/ros2_ws/install/microcdr:/home/rasp/ros2_ws/install/micro_ros_msgs:/home/rasp/ros2_ws/install/micro_ros_setup:/opt/ros/jazzy/opt/gz_math_vendor:/opt/ros/jazzy/opt/gz_utils_vendor:/opt/ros/jazzy/opt/gz_cmake_vendor:/opt/ros/jazzy DEBUGINFOD_URLS=https://debuginfod.ubuntu.com LD_LIBRARY_PATH=/home/rasp/ros2_ws/install/rosidl_typesupport_microxrcedds_cpp/lib:/home/rasp/ros2_ws/install/rosidl_typesupport_microxrcedds_c/lib:/home/rasp/ros2_ws/install/microxrcedds_client/lib:/home/rasp/ros2_ws/install/microcdr/lib:/home/rasp/ros2_ws/install/micro_ros_msgs/lib:/opt/ros/jazzy/opt/rviz_ogre_vendor/lib:/opt/ros/jazzy/lib/x86_64-linux-gnu:/opt/ros/jazzy/opt/gz_math_vendor/lib:/opt/ros/jazzy/opt/gz_utils_vendor/lib:/opt/ros/jazzy/opt/gz_cmake_vendor/lib:/opt/ros/jazzy/lib PYTHONPATH=/home/rasp/ros2_ws/install/rosidl_typesupport_microxrcedds_cpp/lib/python3.12/site-packages:/home/rasp/ros2_ws/install/rosidl_typesupport_microxrcedds_c/lib/python3.12/site-packages:/home/rasp/ros2_ws/install/micro_ros_msgs/lib/python3.12/site-packages:/opt/ros/jazzy/lib/python3.12/site-packages /usr/bin/cmake /home/rasp/ros2_ws/src/uros/rmw_microxrcedds/rmw_microxrcedds_c -DBUILD_TESTING=OFF -DBUILD_SHARED_LIBS=ON -DRMW_UXRCE_TRANSPORT=udp -DRMW_UXRCE_DEFAULT_UDP_IP=127.0.0.1 -DRMW_UXRCE_DEFAULT_UDP_PORT=8888 -DRMW_UXRCE_MAX_NODES=15 -DRMW_UXRCE_MAX_PUBLISHERS=15 -DRMW_UXRCE_MAX_SUBSCRIPTIONS=15 -DRMW_UXRCE_MAX_SERVICES=15 -DRMW_UXRCE_MAX_CLIENTS=15 -DRMW_UXRCE_STREAM_HISTORY=32 -DRMW_UXRCE_MAX_HISTORY=10 -DCMAKE_INSTALL_PREFIX=/home/rasp/ros2_ws/install/rmw_microxrcedds
[0.198s] -- The C compiler identification is GNU 13.3.0
[0.238s] -- Detecting C compiler ABI info
[0.475s] -- Detecting C compiler ABI info - done
[0.492s] -- Check for working C compiler: /usr/bin/cc - skipped
[0.493s] -- Detecting C compile features
[0.493s] -- Detecting C compile features - done
[0.499s] -- Found ament_cmake_ros: 0.12.0 (/opt/ros/jazzy/share/ament_cmake_ros/cmake)
[0.757s] -- Found Python3: /usr/bin/python3 (found version "3.12.3") found components: Interpreter 
[0.988s] -- Found rcutils: 6.7.2 (/opt/ros/jazzy/share/rcutils/cmake)
[1.015s] -- Found rosidl_runtime_c: 4.6.5 (/opt/ros/jazzy/share/rosidl_runtime_c/cmake)
[1.036s] -- Found rmw: 7.3.2 (/opt/ros/jazzy/share/rmw/cmake)
[1.052s] -- Found rosidl_typesupport_microxrcedds_c: 5.0.1 (/home/rasp/ros2_ws/install/rosidl_typesupport_microxrcedds_c/share/rosidl_typesupport_microxrcedds_c/cmake)
[1.070s] -- Found rosidl_adapter: 4.6.5 (/opt/ros/jazzy/share/rosidl_adapter/cmake)
[1.282s] -- Configuring done (1.2s)
[1.305s] -- Generating done (0.0s)
[1.310s] -- Build files have been written to: /home/rasp/ros2_ws/build/rmw_microxrcedds
[1.322s] Invoked command in '/home/rasp/ros2_ws/build/rmw_microxrcedds' returned '0': AMENT_PREFIX_PATH=/home/rasp/ros2_ws/install/micro_ros_msgs:${AMENT_PREFIX_PATH} CMAKE_PREFIX_PATH=/home/rasp/ros2_ws/install/rosidl_typesupport_microxrcedds_cpp:/home/rasp/ros2_ws/install/rosidl_typesupport_microxrcedds_c:/home/rasp/ros2_ws/install/microxrcedds_client:/home/rasp/ros2_ws/install/microcdr:/home/rasp/ros2_ws/install/micro_ros_msgs:/home/rasp/ros2_ws/install/micro_ros_setup:/opt/ros/jazzy/opt/gz_math_vendor:/opt/ros/jazzy/opt/gz_utils_vendor:/opt/ros/jazzy/opt/gz_cmake_vendor:/opt/ros/jazzy DEBUGINFOD_URLS=https://debuginfod.ubuntu.com LD_LIBRARY_PATH=/home/rasp/ros2_ws/install/rosidl_typesupport_microxrcedds_cpp/lib:/home/rasp/ros2_ws/install/rosidl_typesupport_microxrcedds_c/lib:/home/rasp/ros2_ws/install/microxrcedds_client/lib:/home/rasp/ros2_ws/install/microcdr/lib:/home/rasp/ros2_ws/install/micro_ros_msgs/lib:/opt/ros/jazzy/opt/rviz_ogre_vendor/lib:/opt/ros/jazzy/lib/x86_64-linux-gnu:/opt/ros/jazzy/opt/gz_math_vendor/lib:/opt/ros/jazzy/opt/gz_utils_vendor/lib:/opt/ros/jazzy/opt/gz_cmake_vendor/lib:/opt/ros/jazzy/lib PYTHONPATH=/home/rasp/ros2_ws/install/rosidl_typesupport_microxrcedds_cpp/lib/python3.12/site-packages:/home/rasp/ros2_ws/install/rosidl_typesupport_microxrcedds_c/lib/python3.12/site-packages:/home/rasp/ros2_ws/install/micro_ros_msgs/lib/python3.12/site-packages:/opt/ros/jazzy/lib/python3.12/site-packages /usr/bin/cmake /home/rasp/ros2_ws/src/uros/rmw_microxrcedds/rmw_microxrcedds_c -DBUILD_TESTING=OFF -DBUILD_SHARED_LIBS=ON -DRMW_UXRCE_TRANSPORT=udp -DRMW_UXRCE_DEFAULT_UDP_IP=127.0.0.1 -DRMW_UXRCE_DEFAULT_UDP_PORT=8888 -DRMW_UXRCE_MAX_NODES=15 -DRMW_UXRCE_MAX_PUBLISHERS=15 -DRMW_UXRCE_MAX_SUBSCRIPTIONS=15 -DRMW_UXRCE_MAX_SERVICES=15 -DRMW_UXRCE_MAX_CLIENTS=15 -DRMW_UXRCE_STREAM_HISTORY=32 -DRMW_UXRCE_MAX_HISTORY=10 -DCMAKE_INSTALL_PREFIX=/home/rasp/ros2_ws/install/rmw_microxrcedds
[1.325s] Invoking command in '/home/rasp/ros2_ws/build/rmw_microxrcedds': AMENT_PREFIX_PATH=/home/rasp/ros2_ws/install/micro_ros_msgs:${AMENT_PREFIX_PATH} CMAKE_PREFIX_PATH=/home/rasp/ros2_ws/install/rosidl_typesupport_microxrcedds_cpp:/home/rasp/ros2_ws/install/rosidl_typesupport_microxrcedds_c:/home/rasp/ros2_ws/install/microxrcedds_client:/home/rasp/ros2_ws/install/microcdr:/home/rasp/ros2_ws/install/micro_ros_msgs:/home/rasp/ros2_ws/install/micro_ros_setup:/opt/ros/jazzy/opt/gz_math_vendor:/opt/ros/jazzy/opt/gz_utils_vendor:/opt/ros/jazzy/opt/gz_cmake_vendor:/opt/ros/jazzy DEBUGINFOD_URLS=https://debuginfod.ubuntu.com LD_LIBRARY_PATH=/home/rasp/ros2_ws/install/rosidl_typesupport_microxrcedds_cpp/lib:/home/rasp/ros2_ws/install/rosidl_typesupport_microxrcedds_c/lib:/home/rasp/ros2_ws/install/microxrcedds_client/lib:/home/rasp/ros2_ws/install/microcdr/lib:/home/rasp/ros2_ws/install/micro_ros_msgs/lib:/opt/ros/jazzy/opt/rviz_ogre_vendor/lib:/opt/ros/jazzy/lib/x86_64-linux-gnu:/opt/ros/jazzy/opt/gz_math_vendor/lib:/opt/ros/jazzy/opt/gz_utils_vendor/lib:/opt/ros/jazzy/opt/gz_cmake_vendor/lib:/opt/ros/jazzy/lib PYTHONPATH=/home/rasp/ros2_ws/install/rosidl_typesupport_microxrcedds_cpp/lib/python3.12/site-packages:/home/rasp/ros2_ws/install/rosidl_typesupport_microxrcedds_c/lib/python3.12/site-packages:/home/rasp/ros2_ws/install/micro_ros_msgs/lib/python3.12/site-packages:/opt/ros/jazzy/lib/python3.12/site-packages /usr/bin/cmake --build /home/rasp/ros2_ws/build/rmw_microxrcedds -- -j2 -l2
[1.448s] [  2%] [32mBuilding C object CMakeFiles/rmw_microxrcedds.dir/src/memory.c.o[0m
[1.448s] [  4%] [32mBuilding C object CMakeFiles/rmw_microxrcedds.dir/src/identifiers.c.o[0m
[1.500s] [  6%] [32mBuilding C object CMakeFiles/rmw_microxrcedds.dir/src/rmw_client.c.o[0m
[1.598s] [  8%] [32mBuilding C object CMakeFiles/rmw_microxrcedds.dir/src/rmw_compare_gids_equal.c.o[0m
[1.701s] [ 10%] [32mBuilding C object CMakeFiles/rmw_microxrcedds.dir/src/rmw_count.c.o[0m
[1.732s] [ 12%] [32mBuilding C object CMakeFiles/rmw_microxrcedds.dir/src/rmw_event.c.o[0m
[1.841s] [ 14%] [32mBuilding C object CMakeFiles/rmw_microxrcedds.dir/src/rmw_features.c.o[0m
[1.848s] [ 16%] [32mBuilding C object CMakeFiles/rmw_microxrcedds.dir/src/rmw_get_gid_for_publisher.c.o[0m
[1.946s] [ 18%] [32mBuilding C object CMakeFiles/rmw_microxrcedds.dir/src/rmw_get_gid_for_client.c.o[0m
[2.010s] [ 20%] [32mBuilding C object CMakeFiles/rmw_microxrcedds.dir/src/rmw_get_implementation_identifier.c.o[0m
[2.127s] [ 22%] [32mBuilding C object CMakeFiles/rmw_microxrcedds.dir/src/rmw_get_serialization_format.c.o[0m
[2.155s] [ 25%] [32mBuilding C object CMakeFiles/rmw_microxrcedds.dir/src/rmw_get_topic_endpoint_info.c.o[0m
[2.302s] [ 27%] [32mBuilding C object CMakeFiles/rmw_microxrcedds.dir/src/rmw_get_endpoint_network_flow.c.o[0m
[2.338s] [ 29%] [32mBuilding C object CMakeFiles/rmw_microxrcedds.dir/src/rmw_qos_profile_check_compatible.c.o[0m
[2.434s] [ 31%] [32mBuilding C object CMakeFiles/rmw_microxrcedds.dir/src/rmw_dynamic_message_type_support.c.o[0m
[2.467s] [ 33%] [32mBuilding C object CMakeFiles/rmw_microxrcedds.dir/src/rmw_guard_condition.c.o[0m
[2.558s] [ 35%] [32mBuilding C object CMakeFiles/rmw_microxrcedds.dir/src/rmw_init.c.o[0m
[2.634s] [ 37%] [32mBuilding C object CMakeFiles/rmw_microxrcedds.dir/src/rmw_logging.c.o[0m
[2.764s] [ 39%] [32mBuilding C object CMakeFiles/rmw_microxrcedds.dir/src/rmw_microxrcedds_topic.c.o[0m
[2.768s] [ 41%] [32mBuilding C object CMakeFiles/rmw_microxrcedds.dir/src/rmw_node.c.o[0m
[2.939s] [ 43%] [32mBuilding C object CMakeFiles/rmw_microxrcedds.dir/src/rmw_node_info_and_types.c.o[0m
[2.963s] [ 45%] [32mBuilding C object CMakeFiles/rmw_microxrcedds.dir/src/rmw_node_names.c.o[0m
[3.116s] [ 47%] [32mBuilding C object CMakeFiles/rmw_microxrcedds.dir/src/rmw_publish.c.o[0m
[3.131s] [ 50%] [32mBuilding C object CMakeFiles/rmw_microxrcedds.dir/src/rmw_publisher.c.o[0m
[3.273s] [ 52%] [32mBuilding C object CMakeFiles/rmw_microxrcedds.dir/src/rmw_request.c.o[0m
[3.318s] [ 54%] [32mBuilding C object CMakeFiles/rmw_microxrcedds.dir/src/rmw_response.c.o[0m
[3.450s] [ 56%] [32mBuilding C object CMakeFiles/rmw_microxrcedds.dir/src/rmw_serialize.c.o[0m
[3.495s] [ 58%] [32mBuilding C object CMakeFiles/rmw_microxrcedds.dir/src/rmw_service.c.o[0m
[3.565s] [ 60%] [32mBuilding C object CMakeFiles/rmw_microxrcedds.dir/src/rmw_service_names_and_types.c.o[0m
[3.643s] [ 62%] [32mBuilding C object CMakeFiles/rmw_microxrcedds.dir/src/rmw_service_server_is_available.c.o[0m
[3.696s] [ 64%] [32mBuilding C object CMakeFiles/rmw_microxrcedds.dir/src/rmw_subscription.c.o[0m
[3.758s] [ 66%] [32mBuilding C object CMakeFiles/rmw_microxrcedds.dir/src/rmw_take.c.o[0m
[3.838s] [ 68%] [32mBuilding C object CMakeFiles/rmw_microxrcedds.dir/src/rmw_topic_names_and_types.c.o[0m
[3.930s] [ 70%] [32mBuilding C object CMakeFiles/rmw_microxrcedds.dir/src/rmw_trigger_guard_condition.c.o[0m
[3.985s] [ 72%] [32mBuilding C object CMakeFiles/rmw_microxrcedds.dir/src/rmw_wait.c.o[0m
[4.099s] [ 75%] [32mBuilding C object CMakeFiles/rmw_microxrcedds.dir/src/rmw_wait_set.c.o[0m
[4.152s] [ 77%] [32mBuilding C object CMakeFiles/rmw_microxrcedds.dir/src/types.c.o[0m
[4.252s] [ 79%] [32mBuilding C object CMakeFiles/rmw_microxrcedds.dir/src/utils.c.o[0m
[4.331s] [ 81%] [32mBuilding C object CMakeFiles/rmw_microxrcedds.dir/src/callbacks.c.o[0m
[4.415s] [ 83%] [32mBuilding C object CMakeFiles/rmw_microxrcedds.dir/src/rmw_event_callbacks.c.o[0m
[4.501s] [ 85%] [32mBuilding C object CMakeFiles/rmw_microxrcedds.dir/src/rmw_uxrce_transports.c.o[0m
[4.542s] [ 87%] [32mBuilding C object CMakeFiles/rmw_microxrcedds.dir/src/rmw_microros/continous_serialization.c.o[0m
[4.633s] [ 89%] [32mBuilding C object CMakeFiles/rmw_microxrcedds.dir/src/rmw_microros/init_options.c.o[0m
[4.697s] [ 91%] [32mBuilding C object CMakeFiles/rmw_microxrcedds.dir/src/rmw_microros/time_sync.c.o[0m
[4.783s] [ 93%] [32mBuilding C object CMakeFiles/rmw_microxrcedds.dir/src/rmw_microros/ping.c.o[0m
[4.846s] [ 95%] [32mBuilding C object CMakeFiles/rmw_microxrcedds.dir/src/rmw_microros/timing.c.o[0m
[4.947s] [ 97%] [32mBuilding C object CMakeFiles/rmw_microxrcedds.dir/src/rmw_microros/discovery.c.o[0m
[5.077s] [100%] [32m[1mLinking C shared library librmw_microxrcedds.so[0m
[5.170s] [100%] Built target rmw_microxrcedds
[5.198s] Invoked command in '/home/rasp/ros2_ws/build/rmw_microxrcedds' returned '0': AMENT_PREFIX_PATH=/home/rasp/ros2_ws/install/micro_ros_msgs:${AMENT_PREFIX_PATH} CMAKE_PREFIX_PATH=/home/rasp/ros2_ws/install/rosidl_typesupport_microxrcedds_cpp:/home/rasp/ros2_ws/install/rosidl_typesupport_microxrcedds_c:/home/rasp/ros2_ws/install/microxrcedds_client:/home/rasp/ros2_ws/install/microcdr:/home/rasp/ros2_ws/install/micro_ros_msgs:/home/rasp/ros2_ws/install/micro_ros_setup:/opt/ros/jazzy/opt/gz_math_vendor:/opt/ros/jazzy/opt/gz_utils_vendor:/opt/ros/jazzy/opt/gz_cmake_vendor:/opt/ros/jazzy DEBUGINFOD_URLS=https://debuginfod.ubuntu.com LD_LIBRARY_PATH=/home/rasp/ros2_ws/install/rosidl_typesupport_microxrcedds_cpp/lib:/home/rasp/ros2_ws/install/rosidl_typesupport_microxrcedds_c/lib:/home/rasp/ros2_ws/install/microxrcedds_client/lib:/home/rasp/ros2_ws/install/microcdr/lib:/home/rasp/ros2_ws/install/micro_ros_msgs/lib:/opt/ros/jazzy/opt/rviz_ogre_vendor/lib:/opt/ros/jazzy/lib/x86_64-linux-gnu:/opt/ros/jazzy/opt/gz_math_vendor/lib:/opt/ros/jazzy/opt/gz_utils_vendor/lib:/opt/ros/jazzy/opt/gz_cmake_vendor/lib:/opt/ros/jazzy/lib PYTHONPATH=/home/rasp/ros2_ws/install/rosidl_typesupport_microxrcedds_cpp/lib/python3.12/site-packages:/home/rasp/ros2_ws/install/rosidl_typesupport_microxrcedds_c/lib/python3.12/site-packages:/home/rasp/ros2_ws/install/micro_ros_msgs/lib/python3.12/site-packages:/opt/ros/jazzy/lib/python3.12/site-packages /usr/bin/cmake --build /home/rasp/ros2_ws/build/rmw_microxrcedds -- -j2 -l2
[5.200s] Invoking command in '/home/rasp/ros2_ws/build/rmw_microxrcedds': AMENT_PREFIX_PATH=/home/rasp/ros2_ws/install/micro_ros_msgs:${AMENT_PREFIX_PATH} CMAKE_PREFIX_PATH=/home/rasp/ros2_ws/install/rosidl_typesupport_microxrcedds_cpp:/home/rasp/ros2_ws/install/rosidl_typesupport_microxrcedds_c:/home/rasp/ros2_ws/install/microxrcedds_client:/home/rasp/ros2_ws/install/microcdr:/home/rasp/ros2_ws/install/micro_ros_msgs:/home/rasp/ros2_ws/install/micro_ros_setup:/opt/ros/jazzy/opt/gz_math_vendor:/opt/ros/jazzy/opt/gz_utils_vendor:/opt/ros/jazzy/opt/gz_cmake_vendor:/opt/ros/jazzy DEBUGINFOD_URLS=https://debuginfod.ubuntu.com LD_LIBRARY_PATH=/home/rasp/ros2_ws/install/rosidl_typesupport_microxrcedds_cpp/lib:/home/rasp/ros2_ws/install/rosidl_typesupport_microxrcedds_c/lib:/home/rasp/ros2_ws/install/microxrcedds_client/lib:/home/rasp/ros2_ws/install/microcdr/lib:/home/rasp/ros2_ws/install/micro_ros_msgs/lib:/opt/ros/jazzy/opt/rviz_ogre_vendor/lib:/opt/ros/jazzy/lib/x86_64-linux-gnu:/opt/ros/jazzy/opt/gz_math_vendor/lib:/opt/ros/jazzy/opt/gz_utils_vendor/lib:/opt/ros/jazzy/opt/gz_cmake_vendor/lib:/opt/ros/jazzy/lib PYTHONPATH=/home/rasp/ros2_ws/install/rosidl_typesupport_microxrcedds_cpp/lib/python3.12/site-packages:/home/rasp/ros2_ws/install/rosidl_typesupport_microxrcedds_c/lib/python3.12/site-packages:/home/rasp/ros2_ws/install/micro_ros_msgs/lib/python3.12/site-packages:/opt/ros/jazzy/lib/python3.12/site-packages /usr/bin/cmake --install /home/rasp/ros2_ws/build/rmw_microxrcedds
[5.211s] -- Install configuration: ""
[5.211s] -- Installing: /home/rasp/ros2_ws/install/rmw_microxrcedds/share/rmw_microxrcedds/environment/library_path.sh
[5.211s] -- Installing: /home/rasp/ros2_ws/install/rmw_microxrcedds/share/rmw_microxrcedds/environment/library_path.dsv
[5.212s] -- Installing: /home/rasp/ros2_ws/install/rmw_microxrcedds/share/ament_index/resource_index/rmw_typesupport_c/rmw_microxrcedds
[5.213s] -- Installing: /home/rasp/ros2_ws/install/rmw_microxrcedds/share/ament_index/resource_index/rmw_typesupport/rmw_microxrcedds
[5.213s] -- Installing: /home/rasp/ros2_ws/install/rmw_microxrcedds/share/ament_index/resource_index/package_run_dependencies/rmw_microxrcedds
[5.213s] -- Installing: /home/rasp/ros2_ws/install/rmw_microxrcedds/share/ament_index/resource_index/parent_prefix_path/rmw_microxrcedds
[5.214s] -- Installing: /home/rasp/ros2_ws/install/rmw_microxrcedds/share/rmw_microxrcedds/environment/ament_prefix_path.sh
[5.214s] -- Installing: /home/rasp/ros2_ws/install/rmw_microxrcedds/share/rmw_microxrcedds/environment/ament_prefix_path.dsv
[5.215s] -- Installing: /home/rasp/ros2_ws/install/rmw_microxrcedds/share/rmw_microxrcedds/environment/path.sh
[5.215s] -- Installing: /home/rasp/ros2_ws/install/rmw_microxrcedds/share/rmw_microxrcedds/environment/path.dsv
[5.215s] -- Installing: /home/rasp/ros2_ws/install/rmw_microxrcedds/share/rmw_microxrcedds/local_setup.bash
[5.215s] -- Installing: /home/rasp/ros2_ws/install/rmw_microxrcedds/share/rmw_microxrcedds/local_setup.sh
[5.220s] -- Installing: /home/rasp/ros2_ws/install/rmw_microxrcedds/share/rmw_microxrcedds/local_setup.zsh
[5.220s] -- Installing: /home/rasp/ros2_ws/install/rmw_microxrcedds/share/rmw_microxrcedds/local_setup.dsv
[5.220s] -- Installing: /home/rasp/ros2_ws/install/rmw_microxrcedds/share/rmw_microxrcedds/package.dsv
[5.220s] -- Installing: /home/rasp/ros2_ws/install/rmw_microxrcedds/share/ament_index/resource_index/packages/rmw_microxrcedds
[5.220s] -- Installing: /home/rasp/ros2_ws/install/rmw_microxrcedds/share/rmw_microxrcedds/cmake/ament_cmake_export_include_directories-extras.cmake
[5.220s] -- Installing: /home/rasp/ros2_ws/install/rmw_microxrcedds/share/rmw_microxrcedds/cmake/ament_cmake_export_libraries-extras.cmake
[5.224s] -- Installing: /home/rasp/ros2_ws/install/rmw_microxrcedds/share/rmw_microxrcedds/cmake/ament_cmake_export_dependencies-extras.cmake
[5.225s] -- Installing: /home/rasp/ros2_ws/install/rmw_microxrcedds/share/rmw_microxrcedds/cmake/rmw_microxrceddsConfig.cmake
[5.225s] -- Installing: /home/rasp/ros2_ws/install/rmw_microxrcedds/share/rmw_microxrcedds/cmake/rmw_microxrceddsConfig-version.cmake
[5.225s] -- Installing: /home/rasp/ros2_ws/install/rmw_microxrcedds/share/rmw_microxrcedds/package.xml
[5.226s] -- Up-to-date: /home/rasp/ros2_ws/install/rmw_microxrcedds/include
[5.226s] -- Installing: /home/rasp/ros2_ws/install/rmw_microxrcedds/include/rmw_microxrcedds_c
[5.227s] -- Installing: /home/rasp/ros2_ws/install/rmw_microxrcedds/include/rmw_microxrcedds_c/rmw_c_macros.h
[5.227s] -- Installing: /home/rasp/ros2_ws/install/rmw_microxrcedds/include/rmw_microros
[5.227s] -- Installing: /home/rasp/ros2_ws/install/rmw_microxrcedds/include/rmw_microros/init_options.h
[5.227s] -- Installing: /home/rasp/ros2_ws/install/rmw_microxrcedds/include/rmw_microros/discovery.h
[5.227s] -- Installing: /home/rasp/ros2_ws/install/rmw_microxrcedds/include/rmw_microros/rmw_microros.h
[5.229s] -- Installing: /home/rasp/ros2_ws/install/rmw_microxrcedds/include/rmw_microros/error_handling.h
[5.229s] -- Installing: /home/rasp/ros2_ws/install/rmw_microxrcedds/include/rmw_microros/time_sync.h
[5.229s] -- Installing: /home/rasp/ros2_ws/install/rmw_microxrcedds/include/rmw_microros/continous_serialization.h
[5.229s] -- Installing: /home/rasp/ros2_ws/install/rmw_microxrcedds/include/rmw_microros/timing.h
[5.233s] -- Installing: /home/rasp/ros2_ws/install/rmw_microxrcedds/include/rmw_microros/custom_transport.h
[5.233s] -- Installing: /home/rasp/ros2_ws/install/rmw_microxrcedds/include/rmw_microros/ping.h
[5.234s] -- Installing: /home/rasp/ros2_ws/install/rmw_microxrcedds/include/rmw_microxrcedds_c/config.h
[5.234s] -- Installing: /home/rasp/ros2_ws/install/rmw_microxrcedds/lib/librmw_microxrcedds.so
[5.234s] -- Set non-toolchain portion of runtime path of "/home/rasp/ros2_ws/install/rmw_microxrcedds/lib/librmw_microxrcedds.so" to ""
[5.242s] Invoked command in '/home/rasp/ros2_ws/build/rmw_microxrcedds' returned '0': AMENT_PREFIX_PATH=/home/rasp/ros2_ws/install/micro_ros_msgs:${AMENT_PREFIX_PATH} CMAKE_PREFIX_PATH=/home/rasp/ros2_ws/install/rosidl_typesupport_microxrcedds_cpp:/home/rasp/ros2_ws/install/rosidl_typesupport_microxrcedds_c:/home/rasp/ros2_ws/install/microxrcedds_client:/home/rasp/ros2_ws/install/microcdr:/home/rasp/ros2_ws/install/micro_ros_msgs:/home/rasp/ros2_ws/install/micro_ros_setup:/opt/ros/jazzy/opt/gz_math_vendor:/opt/ros/jazzy/opt/gz_utils_vendor:/opt/ros/jazzy/opt/gz_cmake_vendor:/opt/ros/jazzy DEBUGINFOD_URLS=https://debuginfod.ubuntu.com LD_LIBRARY_PATH=/home/rasp/ros2_ws/install/rosidl_typesupport_microxrcedds_cpp/lib:/home/rasp/ros2_ws/install/rosidl_typesupport_microxrcedds_c/lib:/home/rasp/ros2_ws/install/microxrcedds_client/lib:/home/rasp/ros2_ws/install/microcdr/lib:/home/rasp/ros2_ws/install/micro_ros_msgs/lib:/opt/ros/jazzy/opt/rviz_ogre_vendor/lib:/opt/ros/jazzy/lib/x86_64-linux-gnu:/opt/ros/jazzy/opt/gz_math_vendor/lib:/opt/ros/jazzy/opt/gz_utils_vendor/lib:/opt/ros/jazzy/opt/gz_cmake_vendor/lib:/opt/ros/jazzy/lib PYTHONPATH=/home/rasp/ros2_ws/install/rosidl_typesupport_microxrcedds_cpp/lib/python3.12/site-packages:/home/rasp/ros2_ws/install/rosidl_typesupport_microxrcedds_c/lib/python3.12/site-packages:/home/rasp/ros2_ws/install/micro_ros_msgs/lib/python3.12/site-packages:/opt/ros/jazzy/lib/python3.12/site-packages /usr/bin/cmake --install /home/rasp/ros2_ws/build/rmw_microxrcedds
