/home/rasp/ros2_ws/install/robot_description/lib/python3.12/site-packages/robot_description/__init__.py
/home/rasp/ros2_ws/install/robot_description/lib/python3.12/site-packages/robot_description/__pycache__/__init__.cpython-312.pyc
/home/rasp/ros2_ws/install/robot_description/share/ament_index/resource_index/packages/robot_description
/home/rasp/ros2_ws/install/robot_description/share/robot_description/package.xml
/home/rasp/ros2_ws/install/robot_description/share/robot_description/launch/display.launch.py
/home/rasp/ros2_ws/install/robot_description/share/robot_description/launch/bringupAll.launch.py
/home/rasp/ros2_ws/install/robot_description/share/robot_description/launch/gazebo.launch.py
/home/rasp/ros2_ws/install/robot_description/share/robot_description/launch/bringupSlam.launch.py
/home/rasp/ros2_ws/install/robot_description/share/robot_description/urdf/materials.xacro
/home/rasp/ros2_ws/install/robot_description/share/robot_description/urdf/robot.trans
/home/rasp/ros2_ws/install/robot_description/share/robot_description/urdf/robot.gazebo
/home/rasp/ros2_ws/install/robot_description/share/robot_description/urdf/robot.xacro
/home/rasp/ros2_ws/install/robot_description/share/robot_description/meshes/Roue2_1.stl
/home/rasp/ros2_ws/install/robot_description/share/robot_description/meshes/base_link.stl
/home/rasp/ros2_ws/install/robot_description/share/robot_description/meshes/Roue4_1.stl
/home/rasp/ros2_ws/install/robot_description/share/robot_description/meshes/Roue3_1.stl
/home/rasp/ros2_ws/install/robot_description/share/robot_description/meshes/Roue1_1.stl
/home/rasp/ros2_ws/install/robot_description/share/robot_description/config/navigate_w_replanning_and_recovery.xml
/home/rasp/ros2_ws/install/robot_description/share/robot_description/config/nav2_params.yaml
/home/rasp/ros2_ws/install/robot_description/share/robot_description/config/nav2_params_default.yaml
/home/rasp/ros2_ws/install/robot_description/share/robot_description/config/display.rviz
/home/rasp/ros2_ws/install/robot_description/lib/python3.12/site-packages/robot_description-0.0.0-py3.12.egg-info/requires.txt
/home/rasp/ros2_ws/install/robot_description/lib/python3.12/site-packages/robot_description-0.0.0-py3.12.egg-info/SOURCES.txt
/home/rasp/ros2_ws/install/robot_description/lib/python3.12/site-packages/robot_description-0.0.0-py3.12.egg-info/dependency_links.txt
/home/rasp/ros2_ws/install/robot_description/lib/python3.12/site-packages/robot_description-0.0.0-py3.12.egg-info/PKG-INFO
/home/rasp/ros2_ws/install/robot_description/lib/python3.12/site-packages/robot_description-0.0.0-py3.12.egg-info/zip-safe
/home/rasp/ros2_ws/install/robot_description/lib/python3.12/site-packages/robot_description-0.0.0-py3.12.egg-info/top_level.txt
