[0.018s] Invoking command in '/home/rasp/ros2_ws/build/micro_ros_setup': CMAKE_PREFIX_PATH=${CMAKE_PREFIX_PATH}:/opt/ros/jazzy DEBUGINFOD_URLS=https://debuginfod.ubuntu.com /usr/bin/cmake /home/rasp/ros2_ws/src/microros/src/micro_ros_setup -DCMAKE_INSTALL_PREFIX=/home/rasp/ros2_ws/install/micro_ros_setup
[0.255s] -- The C compiler identification is GNU 13.3.0
[0.407s] -- The CXX compiler identification is GNU 13.3.0
[0.442s] -- Detecting C compiler ABI info
[0.566s] -- Detecting C compiler ABI info - done
[0.573s] -- Check for working C compiler: /usr/bin/cc - skipped
[0.574s] -- Detecting C compile features
[0.575s] -- Detecting C compile features - done
[0.589s] -- Detecting CXX compiler ABI info
[0.711s] -- Detecting CXX compiler ABI info - done
[0.718s] -- Check for working CXX compiler: /usr/bin/c++ - skipped
[0.718s] -- Detecting CXX compile features
[0.719s] -- Detecting CXX compile features - done
[0.731s] -- Found ament_cmake: 2.5.3 (/opt/ros/jazzy/share/ament_cmake/cmake)
[0.879s] -- Found Python3: /usr/bin/python3 (found version "3.12.3") found components: Interpreter 
[1.022s] -- Found ament_lint_auto: 0.17.2 (/opt/ros/jazzy/share/ament_lint_auto/cmake)
[1.113s] -- Configuring done (1.0s)
[1.118s] -- Generating done (0.0s)
[1.119s] -- Build files have been written to: /home/rasp/ros2_ws/build/micro_ros_setup
[1.125s] Invoked command in '/home/rasp/ros2_ws/build/micro_ros_setup' returned '0': CMAKE_PREFIX_PATH=${CMAKE_PREFIX_PATH}:/opt/ros/jazzy DEBUGINFOD_URLS=https://debuginfod.ubuntu.com /usr/bin/cmake /home/rasp/ros2_ws/src/microros/src/micro_ros_setup -DCMAKE_INSTALL_PREFIX=/home/rasp/ros2_ws/install/micro_ros_setup
[1.126s] Invoking command in '/home/rasp/ros2_ws/build/micro_ros_setup': CMAKE_PREFIX_PATH=${CMAKE_PREFIX_PATH}:/opt/ros/jazzy DEBUGINFOD_URLS=https://debuginfod.ubuntu.com /usr/bin/cmake --build /home/rasp/ros2_ws/build/micro_ros_setup -- -j2 -l2
[1.173s] Invoked command in '/home/rasp/ros2_ws/build/micro_ros_setup' returned '0': CMAKE_PREFIX_PATH=${CMAKE_PREFIX_PATH}:/opt/ros/jazzy DEBUGINFOD_URLS=https://debuginfod.ubuntu.com /usr/bin/cmake --build /home/rasp/ros2_ws/build/micro_ros_setup -- -j2 -l2
[1.185s] Invoking command in '/home/rasp/ros2_ws/build/micro_ros_setup': CMAKE_PREFIX_PATH=${CMAKE_PREFIX_PATH}:/opt/ros/jazzy DEBUGINFOD_URLS=https://debuginfod.ubuntu.com /usr/bin/cmake --install /home/rasp/ros2_ws/build/micro_ros_setup
[1.195s] -- Install configuration: ""
[1.195s] -- Installing: /home/rasp/ros2_ws/install/micro_ros_setup/share/ament_index/resource_index/package_run_dependencies/micro_ros_setup
[1.196s] -- Installing: /home/rasp/ros2_ws/install/micro_ros_setup/share/ament_index/resource_index/parent_prefix_path/micro_ros_setup
[1.196s] -- Installing: /home/rasp/ros2_ws/install/micro_ros_setup/share/micro_ros_setup/environment/ament_prefix_path.sh
[1.196s] -- Installing: /home/rasp/ros2_ws/install/micro_ros_setup/share/micro_ros_setup/environment/ament_prefix_path.dsv
[1.196s] -- Installing: /home/rasp/ros2_ws/install/micro_ros_setup/share/micro_ros_setup/environment/path.sh
[1.196s] -- Installing: /home/rasp/ros2_ws/install/micro_ros_setup/share/micro_ros_setup/environment/path.dsv
[1.196s] -- Installing: /home/rasp/ros2_ws/install/micro_ros_setup/share/micro_ros_setup/local_setup.bash
[1.196s] -- Installing: /home/rasp/ros2_ws/install/micro_ros_setup/share/micro_ros_setup/local_setup.sh
[1.196s] -- Installing: /home/rasp/ros2_ws/install/micro_ros_setup/share/micro_ros_setup/local_setup.zsh
[1.196s] -- Installing: /home/rasp/ros2_ws/install/micro_ros_setup/share/micro_ros_setup/local_setup.dsv
[1.196s] -- Installing: /home/rasp/ros2_ws/install/micro_ros_setup/share/micro_ros_setup/package.dsv
[1.196s] -- Installing: /home/rasp/ros2_ws/install/micro_ros_setup/share/ament_index/resource_index/packages/micro_ros_setup
[1.196s] -- Installing: /home/rasp/ros2_ws/install/micro_ros_setup/share/micro_ros_setup/cmake/micro_ros_setupConfig.cmake
[1.196s] -- Installing: /home/rasp/ros2_ws/install/micro_ros_setup/share/micro_ros_setup/cmake/micro_ros_setupConfig-version.cmake
[1.196s] -- Installing: /home/rasp/ros2_ws/install/micro_ros_setup/share/micro_ros_setup/package.xml
[1.197s] -- Installing: /home/rasp/ros2_ws/install/micro_ros_setup/./config
[1.197s] -- Installing: /home/rasp/ros2_ws/install/micro_ros_setup/./config/raspbian
[1.197s] -- Installing: /home/rasp/ros2_ws/install/micro_ros_setup/./config/raspbian/dev_ros2_packages.txt
[1.198s] -- Installing: /home/rasp/ros2_ws/install/micro_ros_setup/./config/raspbian/dev_uros_packages.repos
[1.198s] -- Installing: /home/rasp/ros2_ws/install/micro_ros_setup/./config/raspbian/generic
[1.199s] -- Installing: /home/rasp/ros2_ws/install/micro_ros_setup/./config/raspbian/generic/flash.sh
[1.199s] -- Installing: /home/rasp/ros2_ws/install/micro_ros_setup/./config/raspbian/generic/configure.sh
[1.199s] -- Installing: /home/rasp/ros2_ws/install/micro_ros_setup/./config/raspbian/generic/client-colcon.meta
[1.200s] -- Installing: /home/rasp/ros2_ws/install/micro_ros_setup/./config/raspbian/generic/client_uros_packages.repos
[1.200s] -- Installing: /home/rasp/ros2_ws/install/micro_ros_setup/./config/raspbian/generic/create.sh
[1.200s] -- Installing: /home/rasp/ros2_ws/install/micro_ros_setup/./config/raspbian/generic/build.sh
[1.201s] -- Installing: /home/rasp/ros2_ws/install/micro_ros_setup/./config/raspbian/generic/supported_platforms
[1.201s] -- Installing: /home/rasp/ros2_ws/install/micro_ros_setup/./config/agent_ros2_packages.txt
[1.202s] -- Installing: /home/rasp/ros2_ws/install/micro_ros_setup/./config/client_uros_packages.repos
[1.202s] -- Installing: /home/rasp/ros2_ws/install/micro_ros_setup/./config/freertos
[1.202s] -- Installing: /home/rasp/ros2_ws/install/micro_ros_setup/./config/freertos/list_apps.sh
[1.203s] -- Installing: /home/rasp/ros2_ws/install/micro_ros_setup/./config/freertos/dev_ros2_packages.txt
[1.203s] -- Installing: /home/rasp/ros2_ws/install/micro_ros_setup/./config/freertos/olimex-stm32-e407
[1.203s] -- Installing: /home/rasp/ros2_ws/install/micro_ros_setup/./config/freertos/olimex-stm32-e407/board.repos
[1.204s] -- Installing: /home/rasp/ros2_ws/install/micro_ros_setup/./config/freertos/olimex-stm32-e407/flash.sh
[1.206s] -- Installing: /home/rasp/ros2_ws/install/micro_ros_setup/./config/freertos/olimex-stm32-e407/configure.sh
[1.206s] -- Installing: /home/rasp/ros2_ws/install/micro_ros_setup/./config/freertos/olimex-stm32-e407/client-colcon.meta
[1.206s] -- Installing: /home/rasp/ros2_ws/install/micro_ros_setup/./config/freertos/olimex-stm32-e407/package.xml
[1.206s] -- Installing: /home/rasp/ros2_ws/install/micro_ros_setup/./config/freertos/olimex-stm32-e407/client_uros_packages.repos
[1.206s] -- Installing: /home/rasp/ros2_ws/install/micro_ros_setup/./config/freertos/olimex-stm32-e407/create.sh
[1.206s] -- Installing: /home/rasp/ros2_ws/install/micro_ros_setup/./config/freertos/olimex-stm32-e407/build.sh
[1.206s] -- Installing: /home/rasp/ros2_ws/install/micro_ros_setup/./config/freertos/dev_uros_packages.repos
[1.207s] -- Installing: /home/rasp/ros2_ws/install/micro_ros_setup/./config/freertos/esp32
[1.207s] -- Installing: /home/rasp/ros2_ws/install/micro_ros_setup/./config/freertos/esp32/board.repos
[1.208s] -- Installing: /home/rasp/ros2_ws/install/micro_ros_setup/./config/freertos/esp32/flash.sh
[1.208s] -- Installing: /home/rasp/ros2_ws/install/micro_ros_setup/./config/freertos/esp32/configure.sh
[1.209s] -- Installing: /home/rasp/ros2_ws/install/micro_ros_setup/./config/freertos/esp32/client-colcon.meta
[1.210s] -- Installing: /home/rasp/ros2_ws/install/micro_ros_setup/./config/freertos/esp32/package.xml
[1.210s] -- Installing: /home/rasp/ros2_ws/install/micro_ros_setup/./config/freertos/esp32/client_uros_packages.repos
[1.210s] -- Installing: /home/rasp/ros2_ws/install/micro_ros_setup/./config/freertos/esp32/create.sh
[1.210s] -- Installing: /home/rasp/ros2_ws/install/micro_ros_setup/./config/freertos/esp32/README.md
[1.211s] -- Installing: /home/rasp/ros2_ws/install/micro_ros_setup/./config/freertos/esp32/build.sh
[1.211s] -- Installing: /home/rasp/ros2_ws/install/micro_ros_setup/./config/freertos/crazyflie21
[1.212s] -- Installing: /home/rasp/ros2_ws/install/micro_ros_setup/./config/freertos/crazyflie21/board.repos
[1.212s] -- Installing: /home/rasp/ros2_ws/install/micro_ros_setup/./config/freertos/crazyflie21/flash.sh
[1.212s] -- Installing: /home/rasp/ros2_ws/install/micro_ros_setup/./config/freertos/crazyflie21/configure.sh
[1.213s] -- Installing: /home/rasp/ros2_ws/install/micro_ros_setup/./config/freertos/crazyflie21/client-colcon.meta
[1.213s] -- Installing: /home/rasp/ros2_ws/install/micro_ros_setup/./config/freertos/crazyflie21/package.xml
[1.214s] -- Installing: /home/rasp/ros2_ws/install/micro_ros_setup/./config/freertos/crazyflie21/client_uros_packages.repos
[1.214s] -- Installing: /home/rasp/ros2_ws/install/micro_ros_setup/./config/freertos/crazyflie21/create.sh
[1.214s] -- Installing: /home/rasp/ros2_ws/install/micro_ros_setup/./config/freertos/crazyflie21/build.sh
[1.214s] -- Installing: /home/rasp/ros2_ws/install/micro_ros_setup/./config/freertos/nucleo_f446re
[1.215s] -- Installing: /home/rasp/ros2_ws/install/micro_ros_setup/./config/freertos/nucleo_f446re/board.repos
[1.215s] -- Installing: /home/rasp/ros2_ws/install/micro_ros_setup/./config/freertos/nucleo_f446re/flash.sh
[1.216s] -- Installing: /home/rasp/ros2_ws/install/micro_ros_setup/./config/freertos/nucleo_f446re/configure.sh
[1.216s] -- Installing: /home/rasp/ros2_ws/install/micro_ros_setup/./config/freertos/nucleo_f446re/client-colcon.meta
[1.217s] -- Installing: /home/rasp/ros2_ws/install/micro_ros_setup/./config/freertos/nucleo_f446re/package.xml
[1.217s] -- Installing: /home/rasp/ros2_ws/install/micro_ros_setup/./config/freertos/nucleo_f446re/client_uros_packages.repos
[1.217s] -- Installing: /home/rasp/ros2_ws/install/micro_ros_setup/./config/freertos/nucleo_f446re/create.sh
[1.218s] -- Installing: /home/rasp/ros2_ws/install/micro_ros_setup/./config/freertos/nucleo_f446re/build.sh
[1.218s] -- Installing: /home/rasp/ros2_ws/install/micro_ros_setup/./config/freertos/nucleo_f446ze
[1.219s] -- Installing: /home/rasp/ros2_ws/install/micro_ros_setup/./config/freertos/nucleo_f446ze/board.repos
[1.219s] -- Installing: /home/rasp/ros2_ws/install/micro_ros_setup/./config/freertos/nucleo_f446ze/flash.sh
[1.219s] -- Installing: /home/rasp/ros2_ws/install/micro_ros_setup/./config/freertos/nucleo_f446ze/configure.sh
[1.220s] -- Installing: /home/rasp/ros2_ws/install/micro_ros_setup/./config/freertos/nucleo_f446ze/client-colcon.meta
[1.220s] -- Installing: /home/rasp/ros2_ws/install/micro_ros_setup/./config/freertos/nucleo_f446ze/package.xml
[1.221s] -- Installing: /home/rasp/ros2_ws/install/micro_ros_setup/./config/freertos/nucleo_f446ze/client_uros_packages.repos
[1.221s] -- Installing: /home/rasp/ros2_ws/install/micro_ros_setup/./config/freertos/nucleo_f446ze/create.sh
[1.221s] -- Installing: /home/rasp/ros2_ws/install/micro_ros_setup/./config/freertos/nucleo_f446ze/build.sh
[1.222s] -- Installing: /home/rasp/ros2_ws/install/micro_ros_setup/./config/freertos/nucleo_f746zg
[1.222s] -- Installing: /home/rasp/ros2_ws/install/micro_ros_setup/./config/freertos/nucleo_f746zg/board.repos
[1.222s] -- Installing: /home/rasp/ros2_ws/install/micro_ros_setup/./config/freertos/nucleo_f746zg/flash.sh
[1.223s] -- Installing: /home/rasp/ros2_ws/install/micro_ros_setup/./config/freertos/nucleo_f746zg/configure.sh
[1.223s] -- Installing: /home/rasp/ros2_ws/install/micro_ros_setup/./config/freertos/nucleo_f746zg/client-colcon.meta
[1.223s] -- Installing: /home/rasp/ros2_ws/install/micro_ros_setup/./config/freertos/nucleo_f746zg/package.xml
[1.224s] -- Installing: /home/rasp/ros2_ws/install/micro_ros_setup/./config/freertos/nucleo_f746zg/client_uros_packages.repos
[1.225s] -- Installing: /home/rasp/ros2_ws/install/micro_ros_setup/./config/freertos/nucleo_f746zg/create.sh
[1.225s] -- Installing: /home/rasp/ros2_ws/install/micro_ros_setup/./config/freertos/nucleo_f746zg/build.sh
[1.225s] -- Installing: /home/rasp/ros2_ws/install/micro_ros_setup/./config/freertos/nucleo_f767zi
[1.225s] -- Installing: /home/rasp/ros2_ws/install/micro_ros_setup/./config/freertos/nucleo_f767zi/board.repos
[1.226s] -- Installing: /home/rasp/ros2_ws/install/micro_ros_setup/./config/freertos/nucleo_f767zi/flash.sh
[1.226s] -- Installing: /home/rasp/ros2_ws/install/micro_ros_setup/./config/freertos/nucleo_f767zi/configure.sh
[1.227s] -- Installing: /home/rasp/ros2_ws/install/micro_ros_setup/./config/freertos/nucleo_f767zi/client-colcon.meta
[1.227s] -- Installing: /home/rasp/ros2_ws/install/micro_ros_setup/./config/freertos/nucleo_f767zi/package.xml
[1.227s] -- Installing: /home/rasp/ros2_ws/install/micro_ros_setup/./config/freertos/nucleo_f767zi/client_uros_packages.repos
[1.228s] -- Installing: /home/rasp/ros2_ws/install/micro_ros_setup/./config/freertos/nucleo_f767zi/create.sh
[1.228s] -- Installing: /home/rasp/ros2_ws/install/micro_ros_setup/./config/freertos/nucleo_f767zi/build.sh
[1.229s] -- Installing: /home/rasp/ros2_ws/install/micro_ros_setup/./config/host
[1.229s] -- Installing: /home/rasp/ros2_ws/install/micro_ros_setup/./config/host/dev_ros2_packages.txt
[1.230s] -- Installing: /home/rasp/ros2_ws/install/micro_ros_setup/./config/host/dev_uros_packages.repos
[1.230s] -- Installing: /home/rasp/ros2_ws/install/micro_ros_setup/./config/host/client_ros2_packages.txt
[1.231s] -- Installing: /home/rasp/ros2_ws/install/micro_ros_setup/./config/host/generic
[1.231s] -- Installing: /home/rasp/ros2_ws/install/micro_ros_setup/./config/host/generic/flash.sh
[1.231s] -- Installing: /home/rasp/ros2_ws/install/micro_ros_setup/./config/host/generic/package.xml
[1.232s] -- Installing: /home/rasp/ros2_ws/install/micro_ros_setup/./config/host/generic/create.sh
[1.232s] -- Installing: /home/rasp/ros2_ws/install/micro_ros_setup/./config/host/generic/build.sh
[1.232s] -- Installing: /home/rasp/ros2_ws/install/micro_ros_setup/./config/host/generic/client-host-colcon.meta
[1.233s] -- Installing: /home/rasp/ros2_ws/install/micro_ros_setup/./config/host/generic/client_host_packages.repos
[1.234s] -- Installing: /home/rasp/ros2_ws/install/micro_ros_setup/./config/client_ros2_packages.txt
[1.234s] -- Installing: /home/rasp/ros2_ws/install/micro_ros_setup/./config/zephyr
[1.234s] -- Installing: /home/rasp/ros2_ws/install/micro_ros_setup/./config/zephyr/list_apps.sh
[1.235s] -- Installing: /home/rasp/ros2_ws/install/micro_ros_setup/./config/zephyr/dev_ros2_packages.txt
[1.235s] -- Installing: /home/rasp/ros2_ws/install/micro_ros_setup/./config/zephyr/dev_uros_packages.repos
[1.236s] -- Installing: /home/rasp/ros2_ws/install/micro_ros_setup/./config/zephyr/generic
[1.236s] -- Installing: /home/rasp/ros2_ws/install/micro_ros_setup/./config/zephyr/generic/board.repos
[1.237s] -- Installing: /home/rasp/ros2_ws/install/micro_ros_setup/./config/zephyr/generic/flash.sh
[1.237s] -- Installing: /home/rasp/ros2_ws/install/micro_ros_setup/./config/zephyr/generic/configure.sh
[1.238s] -- Installing: /home/rasp/ros2_ws/install/micro_ros_setup/./config/zephyr/generic/client-colcon.meta
[1.238s] -- Installing: /home/rasp/ros2_ws/install/micro_ros_setup/./config/zephyr/generic/package.xml
[1.239s] -- Installing: /home/rasp/ros2_ws/install/micro_ros_setup/./config/zephyr/generic/client_uros_packages.repos
[1.239s] -- Installing: /home/rasp/ros2_ws/install/micro_ros_setup/./config/zephyr/generic/create.sh
[1.239s] -- Installing: /home/rasp/ros2_ws/install/micro_ros_setup/./config/zephyr/generic/build.sh
[1.239s] -- Installing: /home/rasp/ros2_ws/install/micro_ros_setup/./config/zephyr/generic/supported_platforms
[1.240s] -- Installing: /home/rasp/ros2_ws/install/micro_ros_setup/./config/android
[1.241s] -- Installing: /home/rasp/ros2_ws/install/micro_ros_setup/./config/android/dev_ros2_packages.txt
[1.241s] -- Installing: /home/rasp/ros2_ws/install/micro_ros_setup/./config/android/dev_uros_packages.repos
[1.241s] -- Installing: /home/rasp/ros2_ws/install/micro_ros_setup/./config/android/generic
[1.242s] -- Installing: /home/rasp/ros2_ws/install/micro_ros_setup/./config/android/generic/flash.sh
[1.242s] -- Installing: /home/rasp/ros2_ws/install/micro_ros_setup/./config/android/generic/client-colcon.meta
[1.243s] -- Installing: /home/rasp/ros2_ws/install/micro_ros_setup/./config/android/generic/package.xml
[1.243s] -- Installing: /home/rasp/ros2_ws/install/micro_ros_setup/./config/android/generic/client_uros_packages.repos
[1.243s] -- Installing: /home/rasp/ros2_ws/install/micro_ros_setup/./config/android/generic/create.sh
[1.244s] -- Installing: /home/rasp/ros2_ws/install/micro_ros_setup/./config/android/generic/build.sh
[1.244s] -- Installing: /home/rasp/ros2_ws/install/micro_ros_setup/./config/agent_uros_packages.repos
[1.245s] -- Installing: /home/rasp/ros2_ws/install/micro_ros_setup/./config/utils.sh
[1.245s] -- Installing: /home/rasp/ros2_ws/install/micro_ros_setup/./config/generate_lib
[1.246s] -- Installing: /home/rasp/ros2_ws/install/micro_ros_setup/./config/generate_lib/dev_ros2_packages.txt
[1.246s] -- Installing: /home/rasp/ros2_ws/install/micro_ros_setup/./config/generate_lib/dev_uros_packages.repos
[1.247s] -- Installing: /home/rasp/ros2_ws/install/micro_ros_setup/./config/generate_lib/generic
[1.247s] -- Installing: /home/rasp/ros2_ws/install/micro_ros_setup/./config/generate_lib/generic/flash.sh
[1.247s] -- Installing: /home/rasp/ros2_ws/install/micro_ros_setup/./config/generate_lib/generic/client-colcon.meta
[1.248s] -- Installing: /home/rasp/ros2_ws/install/micro_ros_setup/./config/generate_lib/generic/package.xml
[1.248s] -- Installing: /home/rasp/ros2_ws/install/micro_ros_setup/./config/generate_lib/generic/client_uros_packages.repos
[1.248s] -- Installing: /home/rasp/ros2_ws/install/micro_ros_setup/./config/generate_lib/generic/create.sh
[1.249s] -- Installing: /home/rasp/ros2_ws/install/micro_ros_setup/./config/generate_lib/generic/build.sh
[1.249s] -- Installing: /home/rasp/ros2_ws/install/micro_ros_setup/./config/generate_lib/generic/demo_toolchain.cmake
[1.250s] -- Installing: /home/rasp/ros2_ws/install/micro_ros_setup/lib/micro_ros_setup/create_ws.sh
[1.250s] -- Installing: /home/rasp/ros2_ws/install/micro_ros_setup/lib/micro_ros_setup/create_agent_ws.sh
[1.250s] -- Installing: /home/rasp/ros2_ws/install/micro_ros_setup/lib/micro_ros_setup/create_firmware_ws.sh
[1.251s] -- Installing: /home/rasp/ros2_ws/install/micro_ros_setup/lib/micro_ros_setup/configure_firmware.sh
[1.252s] -- Installing: /home/rasp/ros2_ws/install/micro_ros_setup/lib/micro_ros_setup/flash_firmware.sh
[1.252s] -- Installing: /home/rasp/ros2_ws/install/micro_ros_setup/lib/micro_ros_setup/build_firmware.sh
[1.252s] -- Installing: /home/rasp/ros2_ws/install/micro_ros_setup/lib/micro_ros_setup/build_agent.sh
[1.253s] -- Installing: /home/rasp/ros2_ws/install/micro_ros_setup/lib/micro_ros_setup/yaml_filter.py
[1.253s] -- Installing: /home/rasp/ros2_ws/install/micro_ros_setup/lib/micro_ros_setup/clean_env.sh
[1.254s] -- Installing: /home/rasp/ros2_ws/install/micro_ros_setup/lib/micro_ros_setup/component
[1.256s] Invoked command in '/home/rasp/ros2_ws/build/micro_ros_setup' returned '0': CMAKE_PREFIX_PATH=${CMAKE_PREFIX_PATH}:/opt/ros/jazzy DEBUGINFOD_URLS=https://debuginfod.ubuntu.com /usr/bin/cmake --install /home/rasp/ros2_ws/build/micro_ros_setup
