-- The C compiler identification is GNU 13.3.0
-- The CXX compiler identification is GNU 13.3.0
-- Detecting C compiler ABI info
-- Detecting C compiler ABI info - done
-- Check for working C compiler: /usr/bin/cc - skipped
-- Detecting C compile features
-- Detecting C compile features - done
-- Detecting CXX compiler ABI info
-- Detecting CXX compiler ABI info - done
-- Check for working CXX compiler: /usr/bin/c++ - skipped
-- Detecting CXX compile features
-- Detecting CXX compile features - done
-- Found ament_cmake: 2.5.3 (/opt/ros/jazzy/share/ament_cmake/cmake)
-- Found Python3: /usr/bin/python3 (found version "3.12.3") found components: Interpreter 
-- Found rcl: 9.2.5 (/opt/ros/jazzy/share/rcl/cmake)
-- Found rosidl_generator_c: 4.6.5 (/opt/ros/jazzy/share/rosidl_generator_c/cmake)
-- Found rosidl_generator_cpp: 4.6.5 (/opt/ros/jazzy/share/rosidl_generator_cpp/cmake)
-- Using all available rosidl_typesupport_c: rosidl_typesupport_microxrcedds_c;rosidl_typesupport_fastrtps_c;rosidl_typesupport_introspection_c
-- Found rosidl_adapter: 4.6.5 (/opt/ros/jazzy/share/rosidl_adapter/cmake)
-- Using all available rosidl_typesupport_cpp: rosidl_typesupport_microxrcedds_cpp;rosidl_typesupport_fastrtps_cpp;rosidl_typesupport_introspection_cpp
-- Found rmw_implementation_cmake: 7.3.2 (/opt/ros/jazzy/share/rmw_implementation_cmake/cmake)
-- Found rmw_fastrtps_cpp: 8.4.2 (/opt/ros/jazzy/share/rmw_fastrtps_cpp/cmake)
-- Found OpenSSL: /usr/lib/x86_64-linux-gnu/libcrypto.so (found version "3.0.13")  
-- Found FastRTPS: /opt/ros/jazzy/include (Required is at least version "2.13") 
-- Using RMW implementation 'rmw_fastrtps_cpp' as default
-- Found rclc: 6.1.0 (/home/rasp/ros2_ws/install/rclc/share/rclc/cmake)
-- Configuring done (1.3s)
-- Generating done (0.0s)
-- Build files have been written to: /home/rasp/ros2_ws/build/rclc_parameter
/usr/bin/cmake -S/home/rasp/ros2_ws/src/uros/rclc/rclc_parameter -B/home/rasp/ros2_ws/build/rclc_parameter --check-build-system CMakeFiles/Makefile.cmake 0
/usr/bin/cmake -E cmake_progress_start /home/rasp/ros2_ws/build/rclc_parameter/CMakeFiles /home/rasp/ros2_ws/build/rclc_parameter//CMakeFiles/progress.marks
/usr/bin/gmake  -f CMakeFiles/Makefile2 all
gmake[1] : on entre dans le répertoire « /home/rasp/ros2_ws/build/rclc_parameter »
/usr/bin/gmake  -f CMakeFiles/rclc_parameter.dir/build.make CMakeFiles/rclc_parameter.dir/depend
gmake[2] : on entre dans le répertoire « /home/rasp/ros2_ws/build/rclc_parameter »
cd /home/rasp/ros2_ws/build/rclc_parameter && /usr/bin/cmake -E cmake_depends "Unix Makefiles" /home/rasp/ros2_ws/src/uros/rclc/rclc_parameter /home/rasp/ros2_ws/src/uros/rclc/rclc_parameter /home/rasp/ros2_ws/build/rclc_parameter /home/rasp/ros2_ws/build/rclc_parameter /home/rasp/ros2_ws/build/rclc_parameter/CMakeFiles/rclc_parameter.dir/DependInfo.cmake "--color="
gmake[2] : on quitte le répertoire « /home/rasp/ros2_ws/build/rclc_parameter »
/usr/bin/gmake  -f CMakeFiles/rclc_parameter.dir/build.make CMakeFiles/rclc_parameter.dir/build
gmake[2] : on entre dans le répertoire « /home/rasp/ros2_ws/build/rclc_parameter »
[ 33%] [32mBuilding C object CMakeFiles/rclc_parameter.dir/src/rclc_parameter/parameter_server.c.o[0m
/usr/bin/cc -DDEFAULT_RMW_IMPLEMENTATION=rmw_fastrtps_cpp -DFASTCDR_DYN_LINK -DRCLC_PARAMETER_BUILDING_LIBRARY -DRCLC_PARAMETER_MAX_STRING_LENGTH=50 -Drclc_parameter_EXPORTS -I/home/rasp/ros2_ws/src/uros/rclc/rclc_parameter/include -I/home/rasp/ros2_ws/src/uros/rclc/rclc_parameter/src -isystem /home/rasp/ros2_ws/install/rclc/include -isystem /home/rasp/ros2_ws/install/rcl_interfaces/include/rcl_interfaces -isystem /home/rasp/ros2_ws/install/builtin_interfaces/include/builtin_interfaces -isystem /opt/ros/jazzy/include/rcl -isystem /opt/ros/jazzy/include/rosidl_typesupport_interface -isystem /opt/ros/jazzy/include/rcutils -isystem /opt/ros/jazzy/include/rosidl_runtime_c -isystem /opt/ros/jazzy/include/service_msgs -isystem /opt/ros/jazzy/include/fastcdr -isystem /opt/ros/jazzy/include/rosidl_runtime_cpp -isystem /opt/ros/jazzy/include/rosidl_typesupport_fastrtps_cpp -isystem /opt/ros/jazzy/include/rmw -isystem /opt/ros/jazzy/include/rosidl_dynamic_typesupport -isystem /opt/ros/jazzy/include/rosidl_typesupport_fastrtps_c -isystem /opt/ros/jazzy/include/rosidl_typesupport_introspection_c -isystem /opt/ros/jazzy/include/rosidl_typesupport_introspection_cpp -isystem /opt/ros/jazzy/include/rcl_logging_interface -isystem /opt/ros/jazzy/include/rcl_yaml_param_parser -isystem /opt/ros/jazzy/include/type_description_interfaces -isystem /opt/ros/jazzy/include/rcl_action -isystem /opt/ros/jazzy/include/action_msgs -isystem /opt/ros/jazzy/include/unique_identifier_msgs -std=gnu11 -fPIC -Wall -Wextra -Wpedantic -MD -MT CMakeFiles/rclc_parameter.dir/src/rclc_parameter/parameter_server.c.o -MF CMakeFiles/rclc_parameter.dir/src/rclc_parameter/parameter_server.c.o.d -o CMakeFiles/rclc_parameter.dir/src/rclc_parameter/parameter_server.c.o -c /home/rasp/ros2_ws/src/uros/rclc/rclc_parameter/src/rclc_parameter/parameter_server.c
[ 66%] [32mBuilding C object CMakeFiles/rclc_parameter.dir/src/rclc_parameter/parameter_utils.c.o[0m
/usr/bin/cc -DDEFAULT_RMW_IMPLEMENTATION=rmw_fastrtps_cpp -DFASTCDR_DYN_LINK -DRCLC_PARAMETER_BUILDING_LIBRARY -DRCLC_PARAMETER_MAX_STRING_LENGTH=50 -Drclc_parameter_EXPORTS -I/home/rasp/ros2_ws/src/uros/rclc/rclc_parameter/include -I/home/rasp/ros2_ws/src/uros/rclc/rclc_parameter/src -isystem /home/rasp/ros2_ws/install/rclc/include -isystem /home/rasp/ros2_ws/install/rcl_interfaces/include/rcl_interfaces -isystem /home/rasp/ros2_ws/install/builtin_interfaces/include/builtin_interfaces -isystem /opt/ros/jazzy/include/rcl -isystem /opt/ros/jazzy/include/rosidl_typesupport_interface -isystem /opt/ros/jazzy/include/rcutils -isystem /opt/ros/jazzy/include/rosidl_runtime_c -isystem /opt/ros/jazzy/include/service_msgs -isystem /opt/ros/jazzy/include/fastcdr -isystem /opt/ros/jazzy/include/rosidl_runtime_cpp -isystem /opt/ros/jazzy/include/rosidl_typesupport_fastrtps_cpp -isystem /opt/ros/jazzy/include/rmw -isystem /opt/ros/jazzy/include/rosidl_dynamic_typesupport -isystem /opt/ros/jazzy/include/rosidl_typesupport_fastrtps_c -isystem /opt/ros/jazzy/include/rosidl_typesupport_introspection_c -isystem /opt/ros/jazzy/include/rosidl_typesupport_introspection_cpp -isystem /opt/ros/jazzy/include/rcl_logging_interface -isystem /opt/ros/jazzy/include/rcl_yaml_param_parser -isystem /opt/ros/jazzy/include/type_description_interfaces -isystem /opt/ros/jazzy/include/rcl_action -isystem /opt/ros/jazzy/include/action_msgs -isystem /opt/ros/jazzy/include/unique_identifier_msgs -std=gnu11 -fPIC -Wall -Wextra -Wpedantic -MD -MT CMakeFiles/rclc_parameter.dir/src/rclc_parameter/parameter_utils.c.o -MF CMakeFiles/rclc_parameter.dir/src/rclc_parameter/parameter_utils.c.o.d -o CMakeFiles/rclc_parameter.dir/src/rclc_parameter/parameter_utils.c.o -c /home/rasp/ros2_ws/src/uros/rclc/rclc_parameter/src/rclc_parameter/parameter_utils.c
[100%] [32m[1mLinking C shared library librclc_parameter.so[0m
/usr/bin/cmake -E cmake_link_script CMakeFiles/rclc_parameter.dir/link.txt --verbose=1
/usr/bin/cc -fPIC -shared -Wl,-soname,librclc_parameter.so -o librclc_parameter.so CMakeFiles/rclc_parameter.dir/src/rclc_parameter/parameter_server.c.o CMakeFiles/rclc_parameter.dir/src/rclc_parameter/parameter_utils.c.o  -Wl,-rpath,/home/rasp/ros2_ws/install/rclc/lib:/home/rasp/ros2_ws/install/rcl_interfaces/lib:/home/rasp/ros2_ws/install/builtin_interfaces/lib:/opt/ros/jazzy/lib: /home/rasp/ros2_ws/install/rclc/lib/librclc.so /opt/ros/jazzy/lib/librcl_action.so /opt/ros/jazzy/lib/librcl.so /home/rasp/ros2_ws/install/rcl_interfaces/lib/librcl_interfaces__rosidl_typesupport_fastrtps_c.so /home/rasp/ros2_ws/install/rcl_interfaces/lib/librcl_interfaces__rosidl_typesupport_introspection_c.so /home/rasp/ros2_ws/install/rcl_interfaces/lib/librcl_interfaces__rosidl_typesupport_fastrtps_cpp.so /home/rasp/ros2_ws/install/rcl_interfaces/lib/librcl_interfaces__rosidl_typesupport_introspection_cpp.so /home/rasp/ros2_ws/install/rcl_interfaces/lib/librcl_interfaces__rosidl_typesupport_cpp.so /home/rasp/ros2_ws/install/rcl_interfaces/lib/librcl_interfaces__rosidl_generator_py.so /home/rasp/ros2_ws/install/rcl_interfaces/lib/librcl_interfaces__rosidl_typesupport_c.so /home/rasp/ros2_ws/install/rcl_interfaces/lib/librcl_interfaces__rosidl_generator_c.so /opt/ros/jazzy/lib/librcl_logging_interface.so /opt/ros/jazzy/lib/librcl_yaml_param_parser.so /opt/ros/jazzy/lib/librmw_implementation.so /opt/ros/jazzy/lib/libtype_description_interfaces__rosidl_typesupport_fastrtps_c.so /opt/ros/jazzy/lib/libtype_description_interfaces__rosidl_typesupport_introspection_c.so /opt/ros/jazzy/lib/libtype_description_interfaces__rosidl_typesupport_fastrtps_cpp.so /opt/ros/jazzy/lib/libtype_description_interfaces__rosidl_typesupport_introspection_cpp.so /opt/ros/jazzy/lib/libtype_description_interfaces__rosidl_typesupport_cpp.so /opt/ros/jazzy/lib/libtype_description_interfaces__rosidl_generator_py.so /opt/ros/jazzy/lib/libtype_description_interfaces__rosidl_typesupport_c.so /opt/ros/jazzy/lib/libtype_description_interfaces__rosidl_generator_c.so /opt/ros/jazzy/lib/libaction_msgs__rosidl_typesupport_fastrtps_c.so /opt/ros/jazzy/lib/libaction_msgs__rosidl_typesupport_fastrtps_cpp.so /opt/ros/jazzy/lib/libaction_msgs__rosidl_typesupport_introspection_c.so /opt/ros/jazzy/lib/libaction_msgs__rosidl_typesupport_introspection_cpp.so /opt/ros/jazzy/lib/libaction_msgs__rosidl_typesupport_cpp.so /opt/ros/jazzy/lib/libaction_msgs__rosidl_generator_py.so /opt/ros/jazzy/lib/libservice_msgs__rosidl_typesupport_fastrtps_c.so /opt/ros/jazzy/lib/libservice_msgs__rosidl_typesupport_introspection_c.so /opt/ros/jazzy/lib/libservice_msgs__rosidl_typesupport_fastrtps_cpp.so /opt/ros/jazzy/lib/libservice_msgs__rosidl_typesupport_introspection_cpp.so /opt/ros/jazzy/lib/libservice_msgs__rosidl_typesupport_cpp.so /opt/ros/jazzy/lib/libaction_msgs__rosidl_typesupport_c.so /opt/ros/jazzy/lib/libaction_msgs__rosidl_generator_c.so /opt/ros/jazzy/lib/libunique_identifier_msgs__rosidl_typesupport_fastrtps_c.so /opt/ros/jazzy/lib/libunique_identifier_msgs__rosidl_typesupport_fastrtps_cpp.so /opt/ros/jazzy/lib/libunique_identifier_msgs__rosidl_typesupport_introspection_c.so /opt/ros/jazzy/lib/libunique_identifier_msgs__rosidl_typesupport_introspection_cpp.so /opt/ros/jazzy/lib/libunique_identifier_msgs__rosidl_typesupport_cpp.so /home/rasp/ros2_ws/install/builtin_interfaces/lib/libbuiltin_interfaces__rosidl_typesupport_fastrtps_c.so /opt/ros/jazzy/lib/librosidl_typesupport_fastrtps_c.so /home/rasp/ros2_ws/install/builtin_interfaces/lib/libbuiltin_interfaces__rosidl_typesupport_introspection_c.so /home/rasp/ros2_ws/install/builtin_interfaces/lib/libbuiltin_interfaces__rosidl_typesupport_fastrtps_cpp.so /opt/ros/jazzy/lib/librosidl_typesupport_fastrtps_cpp.so /opt/ros/jazzy/lib/librmw.so /opt/ros/jazzy/lib/librosidl_dynamic_typesupport.so /opt/ros/jazzy/lib/libfastcdr.so.2.2.5 /home/rasp/ros2_ws/install/builtin_interfaces/lib/libbuiltin_interfaces__rosidl_typesupport_introspection_cpp.so /opt/ros/jazzy/lib/librosidl_typesupport_introspection_cpp.so /opt/ros/jazzy/lib/librosidl_typesupport_introspection_c.so /home/rasp/ros2_ws/install/builtin_interfaces/lib/libbuiltin_interfaces__rosidl_typesupport_cpp.so /home/rasp/ros2_ws/install/builtin_interfaces/lib/libbuiltin_interfaces__rosidl_generator_py.so /opt/ros/jazzy/lib/libservice_msgs__rosidl_typesupport_c.so /home/rasp/ros2_ws/install/builtin_interfaces/lib/libbuiltin_interfaces__rosidl_typesupport_c.so /opt/ros/jazzy/lib/libservice_msgs__rosidl_generator_c.so /home/rasp/ros2_ws/install/builtin_interfaces/lib/libbuiltin_interfaces__rosidl_generator_c.so /opt/ros/jazzy/lib/libunique_identifier_msgs__rosidl_typesupport_c.so /opt/ros/jazzy/lib/libunique_identifier_msgs__rosidl_generator_c.so /opt/ros/jazzy/lib/librosidl_runtime_c.so /opt/ros/jazzy/lib/librcutils.so -ldl -Wl,-rpath-link,/opt/ros/jazzy/lib 
gmake[2] : on quitte le répertoire « /home/rasp/ros2_ws/build/rclc_parameter »
[100%] Built target rclc_parameter
gmake[1] : on quitte le répertoire « /home/rasp/ros2_ws/build/rclc_parameter »
/usr/bin/cmake -E cmake_progress_start /home/rasp/ros2_ws/build/rclc_parameter/CMakeFiles 0
-- Install configuration: ""
-- Installing: /home/rasp/ros2_ws/install/rclc_parameter/lib/librclc_parameter.so
-- Set non-toolchain portion of runtime path of "/home/rasp/ros2_ws/install/rclc_parameter/lib/librclc_parameter.so" to ""
-- Installing: /home/rasp/ros2_ws/install/rclc_parameter/include
-- Installing: /home/rasp/ros2_ws/install/rclc_parameter/include/rclc_parameter
-- Installing: /home/rasp/ros2_ws/install/rclc_parameter/include/rclc_parameter/rclc_parameter.h
-- Installing: /home/rasp/ros2_ws/install/rclc_parameter/include/rclc_parameter/visibility_control.h
-- Installing: /home/rasp/ros2_ws/install/rclc_parameter/share/rclc_parameter/environment/library_path.sh
-- Installing: /home/rasp/ros2_ws/install/rclc_parameter/share/rclc_parameter/environment/library_path.dsv
-- Installing: /home/rasp/ros2_ws/install/rclc_parameter/share/ament_index/resource_index/package_run_dependencies/rclc_parameter
-- Installing: /home/rasp/ros2_ws/install/rclc_parameter/share/ament_index/resource_index/parent_prefix_path/rclc_parameter
-- Installing: /home/rasp/ros2_ws/install/rclc_parameter/share/rclc_parameter/environment/ament_prefix_path.sh
-- Installing: /home/rasp/ros2_ws/install/rclc_parameter/share/rclc_parameter/environment/ament_prefix_path.dsv
-- Installing: /home/rasp/ros2_ws/install/rclc_parameter/share/rclc_parameter/environment/path.sh
-- Installing: /home/rasp/ros2_ws/install/rclc_parameter/share/rclc_parameter/environment/path.dsv
-- Installing: /home/rasp/ros2_ws/install/rclc_parameter/share/rclc_parameter/local_setup.bash
-- Installing: /home/rasp/ros2_ws/install/rclc_parameter/share/rclc_parameter/local_setup.sh
-- Installing: /home/rasp/ros2_ws/install/rclc_parameter/share/rclc_parameter/local_setup.zsh
-- Installing: /home/rasp/ros2_ws/install/rclc_parameter/share/rclc_parameter/local_setup.dsv
-- Installing: /home/rasp/ros2_ws/install/rclc_parameter/share/rclc_parameter/package.dsv
-- Installing: /home/rasp/ros2_ws/install/rclc_parameter/share/ament_index/resource_index/packages/rclc_parameter
-- Installing: /home/rasp/ros2_ws/install/rclc_parameter/share/rclc_parameter/cmake/rclc_parameterExport.cmake
-- Installing: /home/rasp/ros2_ws/install/rclc_parameter/share/rclc_parameter/cmake/rclc_parameterExport-noconfig.cmake
-- Installing: /home/rasp/ros2_ws/install/rclc_parameter/share/rclc_parameter/cmake/ament_cmake_export_include_directories-extras.cmake
-- Installing: /home/rasp/ros2_ws/install/rclc_parameter/share/rclc_parameter/cmake/ament_cmake_export_libraries-extras.cmake
-- Installing: /home/rasp/ros2_ws/install/rclc_parameter/share/rclc_parameter/cmake/ament_cmake_export_targets-extras.cmake
-- Installing: /home/rasp/ros2_ws/install/rclc_parameter/share/rclc_parameter/cmake/ament_cmake_export_dependencies-extras.cmake
-- Installing: /home/rasp/ros2_ws/install/rclc_parameter/share/rclc_parameter/cmake/rclc_parameterConfig.cmake
-- Installing: /home/rasp/ros2_ws/install/rclc_parameter/share/rclc_parameter/cmake/rclc_parameterConfig-version.cmake
-- Installing: /home/rasp/ros2_ws/install/rclc_parameter/share/rclc_parameter/package.xml
