-- The C compiler identification is GNU 13.3.0
-- The CXX compiler identification is GNU 13.3.0
-- Detecting C compiler ABI info
-- Detecting C compiler ABI info - done
-- Check for working C compiler: /usr/bin/cc - skipped
-- Detecting C compile features
-- Detecting C compile features - done
-- Detecting CXX compiler ABI info
-- Detecting CXX compiler ABI info - done
-- Check for working CXX compiler: /usr/bin/c++ - skipped
-- Detecting CXX compile features
-- Detecting CXX compile features - done
-- Found ament_cmake_ros: 0.12.0 (/opt/ros/jazzy/share/ament_cmake_ros/cmake)
-- Found Python3: /usr/bin/python3 (found version "3.12.3") found components: Interpreter 
-- Found rcl: 9.2.5 (/opt/ros/jazzy/share/rcl/cmake)
-- Found rosidl_generator_c: 4.6.5 (/opt/ros/jazzy/share/rosidl_generator_c/cmake)
-- Found rosidl_generator_cpp: 4.6.5 (/opt/ros/jazzy/share/rosidl_generator_cpp/cmake)
-- Using all available rosidl_typesupport_c: rosidl_typesupport_microxrcedds_c;rosidl_typesupport_fastrtps_c;rosidl_typesupport_introspection_c
-- Found rosidl_adapter: 4.6.5 (/opt/ros/jazzy/share/rosidl_adapter/cmake)
-- Using all available rosidl_typesupport_cpp: rosidl_typesupport_microxrcedds_cpp;rosidl_typesupport_fastrtps_cpp;rosidl_typesupport_introspection_cpp
-- Found rmw_implementation_cmake: 7.3.2 (/opt/ros/jazzy/share/rmw_implementation_cmake/cmake)
-- Found rmw_fastrtps_cpp: 8.4.2 (/opt/ros/jazzy/share/rmw_fastrtps_cpp/cmake)
-- Found OpenSSL: /usr/lib/x86_64-linux-gnu/libcrypto.so (found version "3.0.13")  
-- Found FastRTPS: /opt/ros/jazzy/include (Required is at least version "2.13") 
-- Using RMW implementation 'rmw_fastrtps_cpp' as default
-- Found rcl_action: 9.2.5 (/opt/ros/jazzy/share/rcl_action/cmake)
-- Found rcl version 9.2.5, which belongs to Foxy or later
-- Configuring done (1.4s)
-- Generating done (0.0s)
-- Build files have been written to: /home/rasp/ros2_ws/build/rclc
/usr/bin/cmake -S/home/rasp/ros2_ws/src/uros/rclc/rclc -B/home/rasp/ros2_ws/build/rclc --check-build-system CMakeFiles/Makefile.cmake 0
/usr/bin/cmake -E cmake_progress_start /home/rasp/ros2_ws/build/rclc/CMakeFiles /home/rasp/ros2_ws/build/rclc//CMakeFiles/progress.marks
/usr/bin/gmake  -f CMakeFiles/Makefile2 all
gmake[1] : on entre dans le répertoire « /home/rasp/ros2_ws/build/rclc »
/usr/bin/gmake  -f CMakeFiles/rclc.dir/build.make CMakeFiles/rclc.dir/depend
gmake[2] : on entre dans le répertoire « /home/rasp/ros2_ws/build/rclc »
cd /home/rasp/ros2_ws/build/rclc && /usr/bin/cmake -E cmake_depends "Unix Makefiles" /home/rasp/ros2_ws/src/uros/rclc/rclc /home/rasp/ros2_ws/src/uros/rclc/rclc /home/rasp/ros2_ws/build/rclc /home/rasp/ros2_ws/build/rclc /home/rasp/ros2_ws/build/rclc/CMakeFiles/rclc.dir/DependInfo.cmake "--color="
gmake[2] : on quitte le répertoire « /home/rasp/ros2_ws/build/rclc »
/usr/bin/gmake  -f CMakeFiles/rclc.dir/build.make CMakeFiles/rclc.dir/build
gmake[2] : on entre dans le répertoire « /home/rasp/ros2_ws/build/rclc »
[  7%] [32mBuilding C object CMakeFiles/rclc.dir/src/rclc/init.c.o[0m
/usr/bin/cc -DDEFAULT_RMW_IMPLEMENTATION=rmw_fastrtps_cpp -DFASTCDR_DYN_LINK -DRCLC_BUILDING_LIBRARY -DROS_PACKAGE_NAME=\"rclc\" -Drclc_EXPORTS -I/home/rasp/ros2_ws/src/uros/rclc/rclc/include -I/home/rasp/ros2_ws/src/uros/rclc/rclc/src -isystem /opt/ros/jazzy/include/rcl -isystem /opt/ros/jazzy/include/rcl_action -isystem /opt/ros/jazzy/include/rcutils -isystem /opt/ros/jazzy/include/rosidl_typesupport_interface -isystem /opt/ros/jazzy/include/rcl_interfaces -isystem /home/rasp/ros2_ws/install/builtin_interfaces/include/builtin_interfaces -isystem /opt/ros/jazzy/include/rosidl_runtime_c -isystem /opt/ros/jazzy/include/service_msgs -isystem /opt/ros/jazzy/include/fastcdr -isystem /opt/ros/jazzy/include/rosidl_runtime_cpp -isystem /opt/ros/jazzy/include/rosidl_typesupport_fastrtps_cpp -isystem /opt/ros/jazzy/include/rmw -isystem /opt/ros/jazzy/include/rosidl_dynamic_typesupport -isystem /opt/ros/jazzy/include/rosidl_typesupport_fastrtps_c -isystem /opt/ros/jazzy/include/rosidl_typesupport_introspection_c -isystem /opt/ros/jazzy/include/rosidl_typesupport_introspection_cpp -isystem /opt/ros/jazzy/include/rcl_logging_interface -isystem /opt/ros/jazzy/include/rcl_yaml_param_parser -isystem /opt/ros/jazzy/include/type_description_interfaces -isystem /opt/ros/jazzy/include/action_msgs -isystem /opt/ros/jazzy/include/unique_identifier_msgs -std=gnu11 -fPIC -Wall -Wextra -Wpedantic -MD -MT CMakeFiles/rclc.dir/src/rclc/init.c.o -MF CMakeFiles/rclc.dir/src/rclc/init.c.o.d -o CMakeFiles/rclc.dir/src/rclc/init.c.o -c /home/rasp/ros2_ws/src/uros/rclc/rclc/src/rclc/init.c
[ 14%] [32mBuilding C object CMakeFiles/rclc.dir/src/rclc/publisher.c.o[0m
/usr/bin/cc -DDEFAULT_RMW_IMPLEMENTATION=rmw_fastrtps_cpp -DFASTCDR_DYN_LINK -DRCLC_BUILDING_LIBRARY -DROS_PACKAGE_NAME=\"rclc\" -Drclc_EXPORTS -I/home/rasp/ros2_ws/src/uros/rclc/rclc/include -I/home/rasp/ros2_ws/src/uros/rclc/rclc/src -isystem /opt/ros/jazzy/include/rcl -isystem /opt/ros/jazzy/include/rcl_action -isystem /opt/ros/jazzy/include/rcutils -isystem /opt/ros/jazzy/include/rosidl_typesupport_interface -isystem /opt/ros/jazzy/include/rcl_interfaces -isystem /home/rasp/ros2_ws/install/builtin_interfaces/include/builtin_interfaces -isystem /opt/ros/jazzy/include/rosidl_runtime_c -isystem /opt/ros/jazzy/include/service_msgs -isystem /opt/ros/jazzy/include/fastcdr -isystem /opt/ros/jazzy/include/rosidl_runtime_cpp -isystem /opt/ros/jazzy/include/rosidl_typesupport_fastrtps_cpp -isystem /opt/ros/jazzy/include/rmw -isystem /opt/ros/jazzy/include/rosidl_dynamic_typesupport -isystem /opt/ros/jazzy/include/rosidl_typesupport_fastrtps_c -isystem /opt/ros/jazzy/include/rosidl_typesupport_introspection_c -isystem /opt/ros/jazzy/include/rosidl_typesupport_introspection_cpp -isystem /opt/ros/jazzy/include/rcl_logging_interface -isystem /opt/ros/jazzy/include/rcl_yaml_param_parser -isystem /opt/ros/jazzy/include/type_description_interfaces -isystem /opt/ros/jazzy/include/action_msgs -isystem /opt/ros/jazzy/include/unique_identifier_msgs -std=gnu11 -fPIC -Wall -Wextra -Wpedantic -MD -MT CMakeFiles/rclc.dir/src/rclc/publisher.c.o -MF CMakeFiles/rclc.dir/src/rclc/publisher.c.o.d -o CMakeFiles/rclc.dir/src/rclc/publisher.c.o -c /home/rasp/ros2_ws/src/uros/rclc/rclc/src/rclc/publisher.c
[ 21%] [32mBuilding C object CMakeFiles/rclc.dir/src/rclc/subscription.c.o[0m
/usr/bin/cc -DDEFAULT_RMW_IMPLEMENTATION=rmw_fastrtps_cpp -DFASTCDR_DYN_LINK -DRCLC_BUILDING_LIBRARY -DROS_PACKAGE_NAME=\"rclc\" -Drclc_EXPORTS -I/home/rasp/ros2_ws/src/uros/rclc/rclc/include -I/home/rasp/ros2_ws/src/uros/rclc/rclc/src -isystem /opt/ros/jazzy/include/rcl -isystem /opt/ros/jazzy/include/rcl_action -isystem /opt/ros/jazzy/include/rcutils -isystem /opt/ros/jazzy/include/rosidl_typesupport_interface -isystem /opt/ros/jazzy/include/rcl_interfaces -isystem /home/rasp/ros2_ws/install/builtin_interfaces/include/builtin_interfaces -isystem /opt/ros/jazzy/include/rosidl_runtime_c -isystem /opt/ros/jazzy/include/service_msgs -isystem /opt/ros/jazzy/include/fastcdr -isystem /opt/ros/jazzy/include/rosidl_runtime_cpp -isystem /opt/ros/jazzy/include/rosidl_typesupport_fastrtps_cpp -isystem /opt/ros/jazzy/include/rmw -isystem /opt/ros/jazzy/include/rosidl_dynamic_typesupport -isystem /opt/ros/jazzy/include/rosidl_typesupport_fastrtps_c -isystem /opt/ros/jazzy/include/rosidl_typesupport_introspection_c -isystem /opt/ros/jazzy/include/rosidl_typesupport_introspection_cpp -isystem /opt/ros/jazzy/include/rcl_logging_interface -isystem /opt/ros/jazzy/include/rcl_yaml_param_parser -isystem /opt/ros/jazzy/include/type_description_interfaces -isystem /opt/ros/jazzy/include/action_msgs -isystem /opt/ros/jazzy/include/unique_identifier_msgs -std=gnu11 -fPIC -Wall -Wextra -Wpedantic -MD -MT CMakeFiles/rclc.dir/src/rclc/subscription.c.o -MF CMakeFiles/rclc.dir/src/rclc/subscription.c.o.d -o CMakeFiles/rclc.dir/src/rclc/subscription.c.o -c /home/rasp/ros2_ws/src/uros/rclc/rclc/src/rclc/subscription.c
[ 28%] [32mBuilding C object CMakeFiles/rclc.dir/src/rclc/client.c.o[0m
/usr/bin/cc -DDEFAULT_RMW_IMPLEMENTATION=rmw_fastrtps_cpp -DFASTCDR_DYN_LINK -DRCLC_BUILDING_LIBRARY -DROS_PACKAGE_NAME=\"rclc\" -Drclc_EXPORTS -I/home/rasp/ros2_ws/src/uros/rclc/rclc/include -I/home/rasp/ros2_ws/src/uros/rclc/rclc/src -isystem /opt/ros/jazzy/include/rcl -isystem /opt/ros/jazzy/include/rcl_action -isystem /opt/ros/jazzy/include/rcutils -isystem /opt/ros/jazzy/include/rosidl_typesupport_interface -isystem /opt/ros/jazzy/include/rcl_interfaces -isystem /home/rasp/ros2_ws/install/builtin_interfaces/include/builtin_interfaces -isystem /opt/ros/jazzy/include/rosidl_runtime_c -isystem /opt/ros/jazzy/include/service_msgs -isystem /opt/ros/jazzy/include/fastcdr -isystem /opt/ros/jazzy/include/rosidl_runtime_cpp -isystem /opt/ros/jazzy/include/rosidl_typesupport_fastrtps_cpp -isystem /opt/ros/jazzy/include/rmw -isystem /opt/ros/jazzy/include/rosidl_dynamic_typesupport -isystem /opt/ros/jazzy/include/rosidl_typesupport_fastrtps_c -isystem /opt/ros/jazzy/include/rosidl_typesupport_introspection_c -isystem /opt/ros/jazzy/include/rosidl_typesupport_introspection_cpp -isystem /opt/ros/jazzy/include/rcl_logging_interface -isystem /opt/ros/jazzy/include/rcl_yaml_param_parser -isystem /opt/ros/jazzy/include/type_description_interfaces -isystem /opt/ros/jazzy/include/action_msgs -isystem /opt/ros/jazzy/include/unique_identifier_msgs -std=gnu11 -fPIC -Wall -Wextra -Wpedantic -MD -MT CMakeFiles/rclc.dir/src/rclc/client.c.o -MF CMakeFiles/rclc.dir/src/rclc/client.c.o.d -o CMakeFiles/rclc.dir/src/rclc/client.c.o -c /home/rasp/ros2_ws/src/uros/rclc/rclc/src/rclc/client.c
[ 35%] [32mBuilding C object CMakeFiles/rclc.dir/src/rclc/service.c.o[0m
/usr/bin/cc -DDEFAULT_RMW_IMPLEMENTATION=rmw_fastrtps_cpp -DFASTCDR_DYN_LINK -DRCLC_BUILDING_LIBRARY -DROS_PACKAGE_NAME=\"rclc\" -Drclc_EXPORTS -I/home/rasp/ros2_ws/src/uros/rclc/rclc/include -I/home/rasp/ros2_ws/src/uros/rclc/rclc/src -isystem /opt/ros/jazzy/include/rcl -isystem /opt/ros/jazzy/include/rcl_action -isystem /opt/ros/jazzy/include/rcutils -isystem /opt/ros/jazzy/include/rosidl_typesupport_interface -isystem /opt/ros/jazzy/include/rcl_interfaces -isystem /home/rasp/ros2_ws/install/builtin_interfaces/include/builtin_interfaces -isystem /opt/ros/jazzy/include/rosidl_runtime_c -isystem /opt/ros/jazzy/include/service_msgs -isystem /opt/ros/jazzy/include/fastcdr -isystem /opt/ros/jazzy/include/rosidl_runtime_cpp -isystem /opt/ros/jazzy/include/rosidl_typesupport_fastrtps_cpp -isystem /opt/ros/jazzy/include/rmw -isystem /opt/ros/jazzy/include/rosidl_dynamic_typesupport -isystem /opt/ros/jazzy/include/rosidl_typesupport_fastrtps_c -isystem /opt/ros/jazzy/include/rosidl_typesupport_introspection_c -isystem /opt/ros/jazzy/include/rosidl_typesupport_introspection_cpp -isystem /opt/ros/jazzy/include/rcl_logging_interface -isystem /opt/ros/jazzy/include/rcl_yaml_param_parser -isystem /opt/ros/jazzy/include/type_description_interfaces -isystem /opt/ros/jazzy/include/action_msgs -isystem /opt/ros/jazzy/include/unique_identifier_msgs -std=gnu11 -fPIC -Wall -Wextra -Wpedantic -MD -MT CMakeFiles/rclc.dir/src/rclc/service.c.o -MF CMakeFiles/rclc.dir/src/rclc/service.c.o.d -o CMakeFiles/rclc.dir/src/rclc/service.c.o -c /home/rasp/ros2_ws/src/uros/rclc/rclc/src/rclc/service.c
[ 42%] [32mBuilding C object CMakeFiles/rclc.dir/src/rclc/timer.c.o[0m
/usr/bin/cc -DDEFAULT_RMW_IMPLEMENTATION=rmw_fastrtps_cpp -DFASTCDR_DYN_LINK -DRCLC_BUILDING_LIBRARY -DROS_PACKAGE_NAME=\"rclc\" -Drclc_EXPORTS -I/home/rasp/ros2_ws/src/uros/rclc/rclc/include -I/home/rasp/ros2_ws/src/uros/rclc/rclc/src -isystem /opt/ros/jazzy/include/rcl -isystem /opt/ros/jazzy/include/rcl_action -isystem /opt/ros/jazzy/include/rcutils -isystem /opt/ros/jazzy/include/rosidl_typesupport_interface -isystem /opt/ros/jazzy/include/rcl_interfaces -isystem /home/rasp/ros2_ws/install/builtin_interfaces/include/builtin_interfaces -isystem /opt/ros/jazzy/include/rosidl_runtime_c -isystem /opt/ros/jazzy/include/service_msgs -isystem /opt/ros/jazzy/include/fastcdr -isystem /opt/ros/jazzy/include/rosidl_runtime_cpp -isystem /opt/ros/jazzy/include/rosidl_typesupport_fastrtps_cpp -isystem /opt/ros/jazzy/include/rmw -isystem /opt/ros/jazzy/include/rosidl_dynamic_typesupport -isystem /opt/ros/jazzy/include/rosidl_typesupport_fastrtps_c -isystem /opt/ros/jazzy/include/rosidl_typesupport_introspection_c -isystem /opt/ros/jazzy/include/rosidl_typesupport_introspection_cpp -isystem /opt/ros/jazzy/include/rcl_logging_interface -isystem /opt/ros/jazzy/include/rcl_yaml_param_parser -isystem /opt/ros/jazzy/include/type_description_interfaces -isystem /opt/ros/jazzy/include/action_msgs -isystem /opt/ros/jazzy/include/unique_identifier_msgs -std=gnu11 -fPIC -Wall -Wextra -Wpedantic -MD -MT CMakeFiles/rclc.dir/src/rclc/timer.c.o -MF CMakeFiles/rclc.dir/src/rclc/timer.c.o.d -o CMakeFiles/rclc.dir/src/rclc/timer.c.o -c /home/rasp/ros2_ws/src/uros/rclc/rclc/src/rclc/timer.c
[ 50%] [32mBuilding C object CMakeFiles/rclc.dir/src/rclc/action_client.c.o[0m
/usr/bin/cc -DDEFAULT_RMW_IMPLEMENTATION=rmw_fastrtps_cpp -DFASTCDR_DYN_LINK -DRCLC_BUILDING_LIBRARY -DROS_PACKAGE_NAME=\"rclc\" -Drclc_EXPORTS -I/home/rasp/ros2_ws/src/uros/rclc/rclc/include -I/home/rasp/ros2_ws/src/uros/rclc/rclc/src -isystem /opt/ros/jazzy/include/rcl -isystem /opt/ros/jazzy/include/rcl_action -isystem /opt/ros/jazzy/include/rcutils -isystem /opt/ros/jazzy/include/rosidl_typesupport_interface -isystem /opt/ros/jazzy/include/rcl_interfaces -isystem /home/rasp/ros2_ws/install/builtin_interfaces/include/builtin_interfaces -isystem /opt/ros/jazzy/include/rosidl_runtime_c -isystem /opt/ros/jazzy/include/service_msgs -isystem /opt/ros/jazzy/include/fastcdr -isystem /opt/ros/jazzy/include/rosidl_runtime_cpp -isystem /opt/ros/jazzy/include/rosidl_typesupport_fastrtps_cpp -isystem /opt/ros/jazzy/include/rmw -isystem /opt/ros/jazzy/include/rosidl_dynamic_typesupport -isystem /opt/ros/jazzy/include/rosidl_typesupport_fastrtps_c -isystem /opt/ros/jazzy/include/rosidl_typesupport_introspection_c -isystem /opt/ros/jazzy/include/rosidl_typesupport_introspection_cpp -isystem /opt/ros/jazzy/include/rcl_logging_interface -isystem /opt/ros/jazzy/include/rcl_yaml_param_parser -isystem /opt/ros/jazzy/include/type_description_interfaces -isystem /opt/ros/jazzy/include/action_msgs -isystem /opt/ros/jazzy/include/unique_identifier_msgs -std=gnu11 -fPIC -Wall -Wextra -Wpedantic -MD -MT CMakeFiles/rclc.dir/src/rclc/action_client.c.o -MF CMakeFiles/rclc.dir/src/rclc/action_client.c.o.d -o CMakeFiles/rclc.dir/src/rclc/action_client.c.o -c /home/rasp/ros2_ws/src/uros/rclc/rclc/src/rclc/action_client.c
[ 57%] [32mBuilding C object CMakeFiles/rclc.dir/src/rclc/action_server.c.o[0m
/usr/bin/cc -DDEFAULT_RMW_IMPLEMENTATION=rmw_fastrtps_cpp -DFASTCDR_DYN_LINK -DRCLC_BUILDING_LIBRARY -DROS_PACKAGE_NAME=\"rclc\" -Drclc_EXPORTS -I/home/rasp/ros2_ws/src/uros/rclc/rclc/include -I/home/rasp/ros2_ws/src/uros/rclc/rclc/src -isystem /opt/ros/jazzy/include/rcl -isystem /opt/ros/jazzy/include/rcl_action -isystem /opt/ros/jazzy/include/rcutils -isystem /opt/ros/jazzy/include/rosidl_typesupport_interface -isystem /opt/ros/jazzy/include/rcl_interfaces -isystem /home/rasp/ros2_ws/install/builtin_interfaces/include/builtin_interfaces -isystem /opt/ros/jazzy/include/rosidl_runtime_c -isystem /opt/ros/jazzy/include/service_msgs -isystem /opt/ros/jazzy/include/fastcdr -isystem /opt/ros/jazzy/include/rosidl_runtime_cpp -isystem /opt/ros/jazzy/include/rosidl_typesupport_fastrtps_cpp -isystem /opt/ros/jazzy/include/rmw -isystem /opt/ros/jazzy/include/rosidl_dynamic_typesupport -isystem /opt/ros/jazzy/include/rosidl_typesupport_fastrtps_c -isystem /opt/ros/jazzy/include/rosidl_typesupport_introspection_c -isystem /opt/ros/jazzy/include/rosidl_typesupport_introspection_cpp -isystem /opt/ros/jazzy/include/rcl_logging_interface -isystem /opt/ros/jazzy/include/rcl_yaml_param_parser -isystem /opt/ros/jazzy/include/type_description_interfaces -isystem /opt/ros/jazzy/include/action_msgs -isystem /opt/ros/jazzy/include/unique_identifier_msgs -std=gnu11 -fPIC -Wall -Wextra -Wpedantic -MD -MT CMakeFiles/rclc.dir/src/rclc/action_server.c.o -MF CMakeFiles/rclc.dir/src/rclc/action_server.c.o.d -o CMakeFiles/rclc.dir/src/rclc/action_server.c.o -c /home/rasp/ros2_ws/src/uros/rclc/rclc/src/rclc/action_server.c
[ 64%] [32mBuilding C object CMakeFiles/rclc.dir/src/rclc/action_goal_handle.c.o[0m
/usr/bin/cc -DDEFAULT_RMW_IMPLEMENTATION=rmw_fastrtps_cpp -DFASTCDR_DYN_LINK -DRCLC_BUILDING_LIBRARY -DROS_PACKAGE_NAME=\"rclc\" -Drclc_EXPORTS -I/home/rasp/ros2_ws/src/uros/rclc/rclc/include -I/home/rasp/ros2_ws/src/uros/rclc/rclc/src -isystem /opt/ros/jazzy/include/rcl -isystem /opt/ros/jazzy/include/rcl_action -isystem /opt/ros/jazzy/include/rcutils -isystem /opt/ros/jazzy/include/rosidl_typesupport_interface -isystem /opt/ros/jazzy/include/rcl_interfaces -isystem /home/rasp/ros2_ws/install/builtin_interfaces/include/builtin_interfaces -isystem /opt/ros/jazzy/include/rosidl_runtime_c -isystem /opt/ros/jazzy/include/service_msgs -isystem /opt/ros/jazzy/include/fastcdr -isystem /opt/ros/jazzy/include/rosidl_runtime_cpp -isystem /opt/ros/jazzy/include/rosidl_typesupport_fastrtps_cpp -isystem /opt/ros/jazzy/include/rmw -isystem /opt/ros/jazzy/include/rosidl_dynamic_typesupport -isystem /opt/ros/jazzy/include/rosidl_typesupport_fastrtps_c -isystem /opt/ros/jazzy/include/rosidl_typesupport_introspection_c -isystem /opt/ros/jazzy/include/rosidl_typesupport_introspection_cpp -isystem /opt/ros/jazzy/include/rcl_logging_interface -isystem /opt/ros/jazzy/include/rcl_yaml_param_parser -isystem /opt/ros/jazzy/include/type_description_interfaces -isystem /opt/ros/jazzy/include/action_msgs -isystem /opt/ros/jazzy/include/unique_identifier_msgs -std=gnu11 -fPIC -Wall -Wextra -Wpedantic -MD -MT CMakeFiles/rclc.dir/src/rclc/action_goal_handle.c.o -MF CMakeFiles/rclc.dir/src/rclc/action_goal_handle.c.o.d -o CMakeFiles/rclc.dir/src/rclc/action_goal_handle.c.o -c /home/rasp/ros2_ws/src/uros/rclc/rclc/src/rclc/action_goal_handle.c
[ 71%] [32mBuilding C object CMakeFiles/rclc.dir/src/rclc/node.c.o[0m
/usr/bin/cc -DDEFAULT_RMW_IMPLEMENTATION=rmw_fastrtps_cpp -DFASTCDR_DYN_LINK -DRCLC_BUILDING_LIBRARY -DROS_PACKAGE_NAME=\"rclc\" -Drclc_EXPORTS -I/home/rasp/ros2_ws/src/uros/rclc/rclc/include -I/home/rasp/ros2_ws/src/uros/rclc/rclc/src -isystem /opt/ros/jazzy/include/rcl -isystem /opt/ros/jazzy/include/rcl_action -isystem /opt/ros/jazzy/include/rcutils -isystem /opt/ros/jazzy/include/rosidl_typesupport_interface -isystem /opt/ros/jazzy/include/rcl_interfaces -isystem /home/rasp/ros2_ws/install/builtin_interfaces/include/builtin_interfaces -isystem /opt/ros/jazzy/include/rosidl_runtime_c -isystem /opt/ros/jazzy/include/service_msgs -isystem /opt/ros/jazzy/include/fastcdr -isystem /opt/ros/jazzy/include/rosidl_runtime_cpp -isystem /opt/ros/jazzy/include/rosidl_typesupport_fastrtps_cpp -isystem /opt/ros/jazzy/include/rmw -isystem /opt/ros/jazzy/include/rosidl_dynamic_typesupport -isystem /opt/ros/jazzy/include/rosidl_typesupport_fastrtps_c -isystem /opt/ros/jazzy/include/rosidl_typesupport_introspection_c -isystem /opt/ros/jazzy/include/rosidl_typesupport_introspection_cpp -isystem /opt/ros/jazzy/include/rcl_logging_interface -isystem /opt/ros/jazzy/include/rcl_yaml_param_parser -isystem /opt/ros/jazzy/include/type_description_interfaces -isystem /opt/ros/jazzy/include/action_msgs -isystem /opt/ros/jazzy/include/unique_identifier_msgs -std=gnu11 -fPIC -Wall -Wextra -Wpedantic -MD -MT CMakeFiles/rclc.dir/src/rclc/node.c.o -MF CMakeFiles/rclc.dir/src/rclc/node.c.o.d -o CMakeFiles/rclc.dir/src/rclc/node.c.o -c /home/rasp/ros2_ws/src/uros/rclc/rclc/src/rclc/node.c
[ 78%] [32mBuilding C object CMakeFiles/rclc.dir/src/rclc/executor_handle.c.o[0m
/usr/bin/cc -DDEFAULT_RMW_IMPLEMENTATION=rmw_fastrtps_cpp -DFASTCDR_DYN_LINK -DRCLC_BUILDING_LIBRARY -DROS_PACKAGE_NAME=\"rclc\" -Drclc_EXPORTS -I/home/rasp/ros2_ws/src/uros/rclc/rclc/include -I/home/rasp/ros2_ws/src/uros/rclc/rclc/src -isystem /opt/ros/jazzy/include/rcl -isystem /opt/ros/jazzy/include/rcl_action -isystem /opt/ros/jazzy/include/rcutils -isystem /opt/ros/jazzy/include/rosidl_typesupport_interface -isystem /opt/ros/jazzy/include/rcl_interfaces -isystem /home/rasp/ros2_ws/install/builtin_interfaces/include/builtin_interfaces -isystem /opt/ros/jazzy/include/rosidl_runtime_c -isystem /opt/ros/jazzy/include/service_msgs -isystem /opt/ros/jazzy/include/fastcdr -isystem /opt/ros/jazzy/include/rosidl_runtime_cpp -isystem /opt/ros/jazzy/include/rosidl_typesupport_fastrtps_cpp -isystem /opt/ros/jazzy/include/rmw -isystem /opt/ros/jazzy/include/rosidl_dynamic_typesupport -isystem /opt/ros/jazzy/include/rosidl_typesupport_fastrtps_c -isystem /opt/ros/jazzy/include/rosidl_typesupport_introspection_c -isystem /opt/ros/jazzy/include/rosidl_typesupport_introspection_cpp -isystem /opt/ros/jazzy/include/rcl_logging_interface -isystem /opt/ros/jazzy/include/rcl_yaml_param_parser -isystem /opt/ros/jazzy/include/type_description_interfaces -isystem /opt/ros/jazzy/include/action_msgs -isystem /opt/ros/jazzy/include/unique_identifier_msgs -std=gnu11 -fPIC -Wall -Wextra -Wpedantic -MD -MT CMakeFiles/rclc.dir/src/rclc/executor_handle.c.o -MF CMakeFiles/rclc.dir/src/rclc/executor_handle.c.o.d -o CMakeFiles/rclc.dir/src/rclc/executor_handle.c.o -c /home/rasp/ros2_ws/src/uros/rclc/rclc/src/rclc/executor_handle.c
[ 85%] [32mBuilding C object CMakeFiles/rclc.dir/src/rclc/executor.c.o[0m
/usr/bin/cc -DDEFAULT_RMW_IMPLEMENTATION=rmw_fastrtps_cpp -DFASTCDR_DYN_LINK -DRCLC_BUILDING_LIBRARY -DROS_PACKAGE_NAME=\"rclc\" -Drclc_EXPORTS -I/home/rasp/ros2_ws/src/uros/rclc/rclc/include -I/home/rasp/ros2_ws/src/uros/rclc/rclc/src -isystem /opt/ros/jazzy/include/rcl -isystem /opt/ros/jazzy/include/rcl_action -isystem /opt/ros/jazzy/include/rcutils -isystem /opt/ros/jazzy/include/rosidl_typesupport_interface -isystem /opt/ros/jazzy/include/rcl_interfaces -isystem /home/rasp/ros2_ws/install/builtin_interfaces/include/builtin_interfaces -isystem /opt/ros/jazzy/include/rosidl_runtime_c -isystem /opt/ros/jazzy/include/service_msgs -isystem /opt/ros/jazzy/include/fastcdr -isystem /opt/ros/jazzy/include/rosidl_runtime_cpp -isystem /opt/ros/jazzy/include/rosidl_typesupport_fastrtps_cpp -isystem /opt/ros/jazzy/include/rmw -isystem /opt/ros/jazzy/include/rosidl_dynamic_typesupport -isystem /opt/ros/jazzy/include/rosidl_typesupport_fastrtps_c -isystem /opt/ros/jazzy/include/rosidl_typesupport_introspection_c -isystem /opt/ros/jazzy/include/rosidl_typesupport_introspection_cpp -isystem /opt/ros/jazzy/include/rcl_logging_interface -isystem /opt/ros/jazzy/include/rcl_yaml_param_parser -isystem /opt/ros/jazzy/include/type_description_interfaces -isystem /opt/ros/jazzy/include/action_msgs -isystem /opt/ros/jazzy/include/unique_identifier_msgs -std=gnu11 -fPIC -Wall -Wextra -Wpedantic -MD -MT CMakeFiles/rclc.dir/src/rclc/executor.c.o -MF CMakeFiles/rclc.dir/src/rclc/executor.c.o.d -o CMakeFiles/rclc.dir/src/rclc/executor.c.o -c /home/rasp/ros2_ws/src/uros/rclc/rclc/src/rclc/executor.c
[ 92%] [32mBuilding C object CMakeFiles/rclc.dir/src/rclc/sleep.c.o[0m
/usr/bin/cc -DDEFAULT_RMW_IMPLEMENTATION=rmw_fastrtps_cpp -DFASTCDR_DYN_LINK -DRCLC_BUILDING_LIBRARY -DROS_PACKAGE_NAME=\"rclc\" -Drclc_EXPORTS -I/home/rasp/ros2_ws/src/uros/rclc/rclc/include -I/home/rasp/ros2_ws/src/uros/rclc/rclc/src -isystem /opt/ros/jazzy/include/rcl -isystem /opt/ros/jazzy/include/rcl_action -isystem /opt/ros/jazzy/include/rcutils -isystem /opt/ros/jazzy/include/rosidl_typesupport_interface -isystem /opt/ros/jazzy/include/rcl_interfaces -isystem /home/rasp/ros2_ws/install/builtin_interfaces/include/builtin_interfaces -isystem /opt/ros/jazzy/include/rosidl_runtime_c -isystem /opt/ros/jazzy/include/service_msgs -isystem /opt/ros/jazzy/include/fastcdr -isystem /opt/ros/jazzy/include/rosidl_runtime_cpp -isystem /opt/ros/jazzy/include/rosidl_typesupport_fastrtps_cpp -isystem /opt/ros/jazzy/include/rmw -isystem /opt/ros/jazzy/include/rosidl_dynamic_typesupport -isystem /opt/ros/jazzy/include/rosidl_typesupport_fastrtps_c -isystem /opt/ros/jazzy/include/rosidl_typesupport_introspection_c -isystem /opt/ros/jazzy/include/rosidl_typesupport_introspection_cpp -isystem /opt/ros/jazzy/include/rcl_logging_interface -isystem /opt/ros/jazzy/include/rcl_yaml_param_parser -isystem /opt/ros/jazzy/include/type_description_interfaces -isystem /opt/ros/jazzy/include/action_msgs -isystem /opt/ros/jazzy/include/unique_identifier_msgs -std=gnu11 -fPIC -Wall -Wextra -Wpedantic -MD -MT CMakeFiles/rclc.dir/src/rclc/sleep.c.o -MF CMakeFiles/rclc.dir/src/rclc/sleep.c.o.d -o CMakeFiles/rclc.dir/src/rclc/sleep.c.o -c /home/rasp/ros2_ws/src/uros/rclc/rclc/src/rclc/sleep.c
[100%] [32m[1mLinking C shared library librclc.so[0m
/usr/bin/cmake -E cmake_link_script CMakeFiles/rclc.dir/link.txt --verbose=1
/usr/bin/cc -fPIC -shared -Wl,-soname,librclc.so -o librclc.so CMakeFiles/rclc.dir/src/rclc/init.c.o CMakeFiles/rclc.dir/src/rclc/publisher.c.o CMakeFiles/rclc.dir/src/rclc/subscription.c.o CMakeFiles/rclc.dir/src/rclc/client.c.o CMakeFiles/rclc.dir/src/rclc/service.c.o CMakeFiles/rclc.dir/src/rclc/timer.c.o CMakeFiles/rclc.dir/src/rclc/action_client.c.o CMakeFiles/rclc.dir/src/rclc/action_server.c.o CMakeFiles/rclc.dir/src/rclc/action_goal_handle.c.o CMakeFiles/rclc.dir/src/rclc/node.c.o CMakeFiles/rclc.dir/src/rclc/executor_handle.c.o CMakeFiles/rclc.dir/src/rclc/executor.c.o CMakeFiles/rclc.dir/src/rclc/sleep.c.o  -Wl,-rpath,/home/rasp/ros2_ws/install/builtin_interfaces/lib:/opt/ros/jazzy/lib: /opt/ros/jazzy/lib/librcl_action.so /opt/ros/jazzy/lib/librcl.so /opt/ros/jazzy/lib/librcl_interfaces__rosidl_typesupport_fastrtps_c.so /opt/ros/jazzy/lib/librcl_interfaces__rosidl_typesupport_introspection_c.so /opt/ros/jazzy/lib/librcl_interfaces__rosidl_typesupport_fastrtps_cpp.so /opt/ros/jazzy/lib/librcl_interfaces__rosidl_typesupport_introspection_cpp.so /opt/ros/jazzy/lib/librcl_interfaces__rosidl_typesupport_cpp.so /opt/ros/jazzy/lib/librcl_interfaces__rosidl_generator_py.so /opt/ros/jazzy/lib/librcl_interfaces__rosidl_typesupport_c.so /opt/ros/jazzy/lib/librcl_interfaces__rosidl_generator_c.so /opt/ros/jazzy/lib/librcl_logging_interface.so /opt/ros/jazzy/lib/librcl_yaml_param_parser.so /opt/ros/jazzy/lib/librmw_implementation.so /opt/ros/jazzy/lib/libtype_description_interfaces__rosidl_typesupport_fastrtps_c.so /opt/ros/jazzy/lib/libtype_description_interfaces__rosidl_typesupport_introspection_c.so /opt/ros/jazzy/lib/libtype_description_interfaces__rosidl_typesupport_fastrtps_cpp.so /opt/ros/jazzy/lib/libtype_description_interfaces__rosidl_typesupport_introspection_cpp.so /opt/ros/jazzy/lib/libtype_description_interfaces__rosidl_typesupport_cpp.so /opt/ros/jazzy/lib/libtype_description_interfaces__rosidl_generator_py.so /opt/ros/jazzy/lib/libtype_description_interfaces__rosidl_typesupport_c.so /opt/ros/jazzy/lib/libtype_description_interfaces__rosidl_generator_c.so /opt/ros/jazzy/lib/libaction_msgs__rosidl_typesupport_fastrtps_c.so /opt/ros/jazzy/lib/libaction_msgs__rosidl_typesupport_fastrtps_cpp.so /opt/ros/jazzy/lib/libaction_msgs__rosidl_typesupport_introspection_c.so /opt/ros/jazzy/lib/libaction_msgs__rosidl_typesupport_introspection_cpp.so /opt/ros/jazzy/lib/libaction_msgs__rosidl_typesupport_cpp.so /opt/ros/jazzy/lib/libaction_msgs__rosidl_generator_py.so /opt/ros/jazzy/lib/libaction_msgs__rosidl_typesupport_c.so /opt/ros/jazzy/lib/libaction_msgs__rosidl_generator_c.so /opt/ros/jazzy/lib/libservice_msgs__rosidl_typesupport_fastrtps_c.so /opt/ros/jazzy/lib/libservice_msgs__rosidl_typesupport_introspection_c.so /opt/ros/jazzy/lib/libservice_msgs__rosidl_typesupport_fastrtps_cpp.so /opt/ros/jazzy/lib/libservice_msgs__rosidl_typesupport_introspection_cpp.so /opt/ros/jazzy/lib/libservice_msgs__rosidl_typesupport_cpp.so /opt/ros/jazzy/lib/libunique_identifier_msgs__rosidl_typesupport_fastrtps_c.so /opt/ros/jazzy/lib/libunique_identifier_msgs__rosidl_typesupport_fastrtps_cpp.so /opt/ros/jazzy/lib/libunique_identifier_msgs__rosidl_typesupport_introspection_c.so /opt/ros/jazzy/lib/libunique_identifier_msgs__rosidl_typesupport_introspection_cpp.so /opt/ros/jazzy/lib/libunique_identifier_msgs__rosidl_typesupport_cpp.so /home/rasp/ros2_ws/install/builtin_interfaces/lib/libbuiltin_interfaces__rosidl_typesupport_fastrtps_c.so /opt/ros/jazzy/lib/librosidl_typesupport_fastrtps_c.so /home/rasp/ros2_ws/install/builtin_interfaces/lib/libbuiltin_interfaces__rosidl_typesupport_introspection_c.so /opt/ros/jazzy/lib/libservice_msgs__rosidl_typesupport_c.so /opt/ros/jazzy/lib/libservice_msgs__rosidl_generator_c.so /home/rasp/ros2_ws/install/builtin_interfaces/lib/libbuiltin_interfaces__rosidl_typesupport_fastrtps_cpp.so /opt/ros/jazzy/lib/librosidl_typesupport_fastrtps_cpp.so /opt/ros/jazzy/lib/librmw.so /opt/ros/jazzy/lib/librosidl_dynamic_typesupport.so /opt/ros/jazzy/lib/libfastcdr.so.2.2.5 /home/rasp/ros2_ws/install/builtin_interfaces/lib/libbuiltin_interfaces__rosidl_typesupport_introspection_cpp.so /opt/ros/jazzy/lib/librosidl_typesupport_introspection_cpp.so /opt/ros/jazzy/lib/librosidl_typesupport_introspection_c.so /home/rasp/ros2_ws/install/builtin_interfaces/lib/libbuiltin_interfaces__rosidl_typesupport_cpp.so /home/rasp/ros2_ws/install/builtin_interfaces/lib/libbuiltin_interfaces__rosidl_typesupport_c.so /home/rasp/ros2_ws/install/builtin_interfaces/lib/libbuiltin_interfaces__rosidl_generator_c.so /opt/ros/jazzy/lib/libunique_identifier_msgs__rosidl_typesupport_c.so /opt/ros/jazzy/lib/libunique_identifier_msgs__rosidl_generator_c.so /opt/ros/jazzy/lib/librosidl_runtime_c.so /opt/ros/jazzy/lib/librcutils.so -ldl -Wl,-rpath-link,/home/rasp/ros2_ws/install/builtin_interfaces/lib:/opt/ros/jazzy/lib 
gmake[2] : on quitte le répertoire « /home/rasp/ros2_ws/build/rclc »
[100%] Built target rclc
gmake[1] : on quitte le répertoire « /home/rasp/ros2_ws/build/rclc »
/usr/bin/cmake -E cmake_progress_start /home/rasp/ros2_ws/build/rclc/CMakeFiles 0
-- Install configuration: ""
-- Installing: /home/rasp/ros2_ws/install/rclc/lib/librclc.so
-- Set non-toolchain portion of runtime path of "/home/rasp/ros2_ws/install/rclc/lib/librclc.so" to ""
-- Installing: /home/rasp/ros2_ws/install/rclc/include
-- Installing: /home/rasp/ros2_ws/install/rclc/include/rclc
-- Installing: /home/rasp/ros2_ws/install/rclc/include/rclc/action_server.h
-- Installing: /home/rasp/ros2_ws/install/rclc/include/rclc/node.h
-- Installing: /home/rasp/ros2_ws/install/rclc/include/rclc/executor_handle.h
-- Installing: /home/rasp/ros2_ws/install/rclc/include/rclc/action_client.h
-- Installing: /home/rasp/ros2_ws/install/rclc/include/rclc/subscription.h
-- Installing: /home/rasp/ros2_ws/install/rclc/include/rclc/types.h
-- Installing: /home/rasp/ros2_ws/install/rclc/include/rclc/publisher.h
-- Installing: /home/rasp/ros2_ws/install/rclc/include/rclc/service.h
-- Installing: /home/rasp/ros2_ws/install/rclc/include/rclc/visibility_control.h
-- Installing: /home/rasp/ros2_ws/install/rclc/include/rclc/timer.h
-- Installing: /home/rasp/ros2_ws/install/rclc/include/rclc/client.h
-- Installing: /home/rasp/ros2_ws/install/rclc/include/rclc/init.h
-- Installing: /home/rasp/ros2_ws/install/rclc/include/rclc/rclc.h
-- Installing: /home/rasp/ros2_ws/install/rclc/include/rclc/action_goal_handle.h
-- Installing: /home/rasp/ros2_ws/install/rclc/include/rclc/executor.h
-- Installing: /home/rasp/ros2_ws/install/rclc/include/rclc/sleep.h
-- Installing: /home/rasp/ros2_ws/install/rclc/share/rclc/environment/library_path.sh
-- Installing: /home/rasp/ros2_ws/install/rclc/share/rclc/environment/library_path.dsv
-- Installing: /home/rasp/ros2_ws/install/rclc/share/ament_index/resource_index/package_run_dependencies/rclc
-- Installing: /home/rasp/ros2_ws/install/rclc/share/ament_index/resource_index/parent_prefix_path/rclc
-- Installing: /home/rasp/ros2_ws/install/rclc/share/rclc/environment/ament_prefix_path.sh
-- Installing: /home/rasp/ros2_ws/install/rclc/share/rclc/environment/ament_prefix_path.dsv
-- Installing: /home/rasp/ros2_ws/install/rclc/share/rclc/environment/path.sh
-- Installing: /home/rasp/ros2_ws/install/rclc/share/rclc/environment/path.dsv
-- Installing: /home/rasp/ros2_ws/install/rclc/share/rclc/local_setup.bash
-- Installing: /home/rasp/ros2_ws/install/rclc/share/rclc/local_setup.sh
-- Installing: /home/rasp/ros2_ws/install/rclc/share/rclc/local_setup.zsh
-- Installing: /home/rasp/ros2_ws/install/rclc/share/rclc/local_setup.dsv
-- Installing: /home/rasp/ros2_ws/install/rclc/share/rclc/package.dsv
-- Installing: /home/rasp/ros2_ws/install/rclc/share/ament_index/resource_index/packages/rclc
-- Installing: /home/rasp/ros2_ws/install/rclc/share/rclc/cmake/rclcExport.cmake
-- Installing: /home/rasp/ros2_ws/install/rclc/share/rclc/cmake/rclcExport-noconfig.cmake
-- Installing: /home/rasp/ros2_ws/install/rclc/share/rclc/cmake/ament_cmake_export_include_directories-extras.cmake
-- Installing: /home/rasp/ros2_ws/install/rclc/share/rclc/cmake/ament_cmake_export_libraries-extras.cmake
-- Installing: /home/rasp/ros2_ws/install/rclc/share/rclc/cmake/ament_cmake_export_targets-extras.cmake
-- Installing: /home/rasp/ros2_ws/install/rclc/share/rclc/cmake/ament_cmake_export_dependencies-extras.cmake
-- Installing: /home/rasp/ros2_ws/install/rclc/share/rclc/cmake/rclcConfig.cmake
-- Installing: /home/rasp/ros2_ws/install/rclc/share/rclc/cmake/rclcConfig-version.cmake
-- Installing: /home/rasp/ros2_ws/install/rclc/share/rclc/package.xml
