-- The C compiler identification is GNU 13.3.0
-- The CXX compiler identification is GNU 13.3.0
-- Detecting C compiler ABI info
-- Detecting C compiler ABI info - done
-- Check for working C compiler: /usr/bin/cc - skipped
-- Detecting C compile features
-- Detecting C compile features - done
-- Detecting CXX compiler ABI info
-- Detecting CXX compiler ABI info - done
-- Check for working CXX compiler: /usr/bin/c++ - skipped
-- Detecting CXX compile features
-- Detecting CXX compile features - done
-- Found ament_cmake: 2.5.3 (/opt/ros/jazzy/share/ament_cmake/cmake)
-- Found Python3: /usr/bin/python3 (found version "3.12.3") found components: Interpreter 
-- Found rosidl_core_generators: 0.2.0 (/opt/ros/jazzy/share/rosidl_core_generators/cmake)
-- Using all available rosidl_typesupport_c: rosidl_typesupport_microxrcedds_c;rosidl_typesupport_fastrtps_c;rosidl_typesupport_introspection_c
-- Found rosidl_adapter: 4.6.5 (/opt/ros/jazzy/share/rosidl_adapter/cmake)
-- Using all available rosidl_typesupport_cpp: rosidl_typesupport_microxrcedds_cpp;rosidl_typesupport_fastrtps_cpp;rosidl_typesupport_introspection_cpp
-- Found ament_cmake_ros: 0.12.0 (/opt/ros/jazzy/share/ament_cmake_ros/cmake)
-- Using all available rosidl_typesupport_c: rosidl_typesupport_microxrcedds_c;rosidl_typesupport_fastrtps_c;rosidl_typesupport_introspection_c
-- Using all available rosidl_typesupport_cpp: rosidl_typesupport_microxrcedds_cpp;rosidl_typesupport_fastrtps_cpp;rosidl_typesupport_introspection_cpp
-- Found python_cmake_module: 0.11.1 (/opt/ros/jazzy/share/python_cmake_module/cmake)
-- Found PythonExtra: /usr/bin/python3  
-- Found Python3: /usr/bin/python3 (found version "3.12.3") found components: Interpreter Development NumPy Development.Module Development.Embed 
-- Configuring done (3.7s)
-- Generating done (0.1s)
-- Build files have been written to: /home/rasp/ros2_ws/build/type_description_interfaces
[  1%] [34m[1mGenerating type hashes for ROS interfaces[0m
[  1%] Built target type_description_interfaces__rosidl_generator_type_description
[  1%] Built target ament_cmake_python_copy_type_description_interfaces
[  2%] [34m[1mGenerating C code for ROS interfaces[0m
[  3%] [32mBuilding C object CMakeFiles/type_description_interfaces__rosidl_generator_c.dir/rosidl_generator_c/type_description_interfaces/msg/detail/field__description.c.o[0m
[  4%] [32mBuilding C object CMakeFiles/type_description_interfaces__rosidl_generator_c.dir/rosidl_generator_c/type_description_interfaces/msg/detail/field__functions.c.o[0m
[  5%] [32mBuilding C object CMakeFiles/type_description_interfaces__rosidl_generator_c.dir/rosidl_generator_c/type_description_interfaces/msg/detail/field__type_support.c.o[0m
[  6%] [32mBuilding C object CMakeFiles/type_description_interfaces__rosidl_generator_c.dir/rosidl_generator_c/type_description_interfaces/msg/detail/field_type__description.c.o[0m
[  7%] [32mBuilding C object CMakeFiles/type_description_interfaces__rosidl_generator_c.dir/rosidl_generator_c/type_description_interfaces/msg/detail/field_type__functions.c.o[0m
[  7%] [32mBuilding C object CMakeFiles/type_description_interfaces__rosidl_generator_c.dir/rosidl_generator_c/type_description_interfaces/msg/detail/field_type__type_support.c.o[0m
[  8%] [32mBuilding C object CMakeFiles/type_description_interfaces__rosidl_generator_c.dir/rosidl_generator_c/type_description_interfaces/msg/detail/individual_type_description__description.c.o[0m
[  9%] [32mBuilding C object CMakeFiles/type_description_interfaces__rosidl_generator_c.dir/rosidl_generator_c/type_description_interfaces/msg/detail/individual_type_description__functions.c.o[0m
[ 10%] [32mBuilding C object CMakeFiles/type_description_interfaces__rosidl_generator_c.dir/rosidl_generator_c/type_description_interfaces/msg/detail/individual_type_description__type_support.c.o[0m
[ 11%] [32mBuilding C object CMakeFiles/type_description_interfaces__rosidl_generator_c.dir/rosidl_generator_c/type_description_interfaces/msg/detail/key_value__description.c.o[0m
[ 12%] [32mBuilding C object CMakeFiles/type_description_interfaces__rosidl_generator_c.dir/rosidl_generator_c/type_description_interfaces/msg/detail/key_value__functions.c.o[0m
[ 13%] [32mBuilding C object CMakeFiles/type_description_interfaces__rosidl_generator_c.dir/rosidl_generator_c/type_description_interfaces/msg/detail/key_value__type_support.c.o[0m
[ 14%] [32mBuilding C object CMakeFiles/type_description_interfaces__rosidl_generator_c.dir/rosidl_generator_c/type_description_interfaces/msg/detail/type_description__description.c.o[0m
[ 14%] [32mBuilding C object CMakeFiles/type_description_interfaces__rosidl_generator_c.dir/rosidl_generator_c/type_description_interfaces/msg/detail/type_description__functions.c.o[0m
[ 15%] [32mBuilding C object CMakeFiles/type_description_interfaces__rosidl_generator_c.dir/rosidl_generator_c/type_description_interfaces/msg/detail/type_description__type_support.c.o[0m
[ 16%] [32mBuilding C object CMakeFiles/type_description_interfaces__rosidl_generator_c.dir/rosidl_generator_c/type_description_interfaces/msg/detail/type_source__description.c.o[0m
[ 17%] [32mBuilding C object CMakeFiles/type_description_interfaces__rosidl_generator_c.dir/rosidl_generator_c/type_description_interfaces/msg/detail/type_source__functions.c.o[0m
[ 18%] [32mBuilding C object CMakeFiles/type_description_interfaces__rosidl_generator_c.dir/rosidl_generator_c/type_description_interfaces/msg/detail/type_source__type_support.c.o[0m
[ 19%] [32mBuilding C object CMakeFiles/type_description_interfaces__rosidl_generator_c.dir/rosidl_generator_c/type_description_interfaces/srv/detail/get_type_description__description.c.o[0m
[ 20%] [32mBuilding C object CMakeFiles/type_description_interfaces__rosidl_generator_c.dir/rosidl_generator_c/type_description_interfaces/srv/detail/get_type_description__functions.c.o[0m
[ 21%] [32mBuilding C object CMakeFiles/type_description_interfaces__rosidl_generator_c.dir/rosidl_generator_c/type_description_interfaces/srv/detail/get_type_description__type_support.c.o[0m
[ 21%] [32m[1mLinking C shared library libtype_description_interfaces__rosidl_generator_c.so[0m
[ 21%] Built target type_description_interfaces__rosidl_generator_c
[ 21%] [34m[1mGenerating C++ code for ROS interfaces[0m
[ 21%] Built target type_description_interfaces__cpp
running egg_info
creating type_description_interfaces.egg-info
writing type_description_interfaces.egg-info/PKG-INFO
writing dependency_links to type_description_interfaces.egg-info/dependency_links.txt
writing top-level names to type_description_interfaces.egg-info/top_level.txt
writing manifest file 'type_description_interfaces.egg-info/SOURCES.txt'
reading manifest file 'type_description_interfaces.egg-info/SOURCES.txt'
writing manifest file 'type_description_interfaces.egg-info/SOURCES.txt'
[ 21%] Built target ament_cmake_python_build_type_description_interfaces_egg
[ 22%] [34m[1mGenerating C type support for eProsima Fast-RTPS[0m
[ 23%] [32mBuilding CXX object CMakeFiles/type_description_interfaces__rosidl_typesupport_fastrtps_c.dir/rosidl_typesupport_fastrtps_c/type_description_interfaces/msg/detail/field__type_support_c.cpp.o[0m
[ 24%] [32mBuilding CXX object CMakeFiles/type_description_interfaces__rosidl_typesupport_fastrtps_c.dir/rosidl_typesupport_fastrtps_c/type_description_interfaces/msg/detail/field_type__type_support_c.cpp.o[0m
[ 25%] [32mBuilding CXX object CMakeFiles/type_description_interfaces__rosidl_typesupport_fastrtps_c.dir/rosidl_typesupport_fastrtps_c/type_description_interfaces/msg/detail/individual_type_description__type_support_c.cpp.o[0m
[ 26%] [32mBuilding CXX object CMakeFiles/type_description_interfaces__rosidl_typesupport_fastrtps_c.dir/rosidl_typesupport_fastrtps_c/type_description_interfaces/msg/detail/key_value__type_support_c.cpp.o[0m
[ 26%] [32mBuilding CXX object CMakeFiles/type_description_interfaces__rosidl_typesupport_fastrtps_c.dir/rosidl_typesupport_fastrtps_c/type_description_interfaces/msg/detail/type_description__type_support_c.cpp.o[0m
[ 27%] [32mBuilding CXX object CMakeFiles/type_description_interfaces__rosidl_typesupport_fastrtps_c.dir/rosidl_typesupport_fastrtps_c/type_description_interfaces/msg/detail/type_source__type_support_c.cpp.o[0m
[ 28%] [32mBuilding CXX object CMakeFiles/type_description_interfaces__rosidl_typesupport_fastrtps_c.dir/rosidl_typesupport_fastrtps_c/type_description_interfaces/srv/detail/get_type_description__type_support_c.cpp.o[0m
[ 29%] [32m[1mLinking CXX shared library libtype_description_interfaces__rosidl_typesupport_fastrtps_c.so[0m
[ 29%] Built target type_description_interfaces__rosidl_typesupport_fastrtps_c
[ 30%] [34m[1mGenerating C introspection for ROS interfaces[0m
[ 31%] [32mBuilding C object CMakeFiles/type_description_interfaces__rosidl_typesupport_introspection_c.dir/rosidl_typesupport_introspection_c/type_description_interfaces/msg/detail/field__type_support.c.o[0m
[ 32%] [32mBuilding C object CMakeFiles/type_description_interfaces__rosidl_typesupport_introspection_c.dir/rosidl_typesupport_introspection_c/type_description_interfaces/msg/detail/field_type__type_support.c.o[0m
[ 32%] [32mBuilding C object CMakeFiles/type_description_interfaces__rosidl_typesupport_introspection_c.dir/rosidl_typesupport_introspection_c/type_description_interfaces/msg/detail/individual_type_description__type_support.c.o[0m
[ 33%] [32mBuilding C object CMakeFiles/type_description_interfaces__rosidl_typesupport_introspection_c.dir/rosidl_typesupport_introspection_c/type_description_interfaces/msg/detail/key_value__type_support.c.o[0m
[ 34%] [32mBuilding C object CMakeFiles/type_description_interfaces__rosidl_typesupport_introspection_c.dir/rosidl_typesupport_introspection_c/type_description_interfaces/msg/detail/type_description__type_support.c.o[0m
[ 35%] [32mBuilding C object CMakeFiles/type_description_interfaces__rosidl_typesupport_introspection_c.dir/rosidl_typesupport_introspection_c/type_description_interfaces/msg/detail/type_source__type_support.c.o[0m
[ 36%] [32mBuilding C object CMakeFiles/type_description_interfaces__rosidl_typesupport_introspection_c.dir/rosidl_typesupport_introspection_c/type_description_interfaces/srv/detail/get_type_description__type_support.c.o[0m
[ 37%] [32m[1mLinking C shared library libtype_description_interfaces__rosidl_typesupport_introspection_c.so[0m
[ 37%] Built target type_description_interfaces__rosidl_typesupport_introspection_c
[ 38%] [34m[1mGenerating C type support dispatch for ROS interfaces[0m
[ 39%] [32mBuilding CXX object CMakeFiles/type_description_interfaces__rosidl_typesupport_c.dir/rosidl_typesupport_c/type_description_interfaces/msg/field__type_support.cpp.o[0m
[ 40%] [32mBuilding CXX object CMakeFiles/type_description_interfaces__rosidl_typesupport_c.dir/rosidl_typesupport_c/type_description_interfaces/msg/field_type__type_support.cpp.o[0m
[ 41%] [32mBuilding CXX object CMakeFiles/type_description_interfaces__rosidl_typesupport_c.dir/rosidl_typesupport_c/type_description_interfaces/msg/individual_type_description__type_support.cpp.o[0m
[ 42%] [32mBuilding CXX object CMakeFiles/type_description_interfaces__rosidl_typesupport_c.dir/rosidl_typesupport_c/type_description_interfaces/msg/key_value__type_support.cpp.o[0m
[ 43%] [32mBuilding CXX object CMakeFiles/type_description_interfaces__rosidl_typesupport_c.dir/rosidl_typesupport_c/type_description_interfaces/msg/type_description__type_support.cpp.o[0m
[ 43%] [32mBuilding CXX object CMakeFiles/type_description_interfaces__rosidl_typesupport_c.dir/rosidl_typesupport_c/type_description_interfaces/msg/type_source__type_support.cpp.o[0m
[ 44%] [32mBuilding CXX object CMakeFiles/type_description_interfaces__rosidl_typesupport_c.dir/rosidl_typesupport_c/type_description_interfaces/srv/get_type_description__type_support.cpp.o[0m
[ 45%] [32m[1mLinking CXX shared library libtype_description_interfaces__rosidl_typesupport_c.so[0m
[ 45%] Built target type_description_interfaces__rosidl_typesupport_c
[ 45%] [34m[1mGenerating C++ type support for eProsima Micro XRCE-DDS[0m
[ 46%] [32mBuilding CXX object CMakeFiles/type_description_interfaces__rosidl_typesupport_microxrcedds_cpp.dir/rosidl_typesupport_microxrcedds_cpp/type_description_interfaces/msg/detail/microxrcedds/field__type_support_cpp.cpp.o[0m
[ 47%] [32mBuilding CXX object CMakeFiles/type_description_interfaces__rosidl_typesupport_microxrcedds_cpp.dir/rosidl_typesupport_microxrcedds_cpp/type_description_interfaces/msg/detail/microxrcedds/field_type__type_support_cpp.cpp.o[0m
[ 48%] [32mBuilding CXX object CMakeFiles/type_description_interfaces__rosidl_typesupport_microxrcedds_cpp.dir/rosidl_typesupport_microxrcedds_cpp/type_description_interfaces/msg/detail/microxrcedds/individual_type_description__type_support_cpp.cpp.o[0m
[ 49%] [32mBuilding CXX object CMakeFiles/type_description_interfaces__rosidl_typesupport_microxrcedds_cpp.dir/rosidl_typesupport_microxrcedds_cpp/type_description_interfaces/msg/detail/microxrcedds/key_value__type_support_cpp.cpp.o[0m
[ 50%] [32mBuilding CXX object CMakeFiles/type_description_interfaces__rosidl_typesupport_microxrcedds_cpp.dir/rosidl_typesupport_microxrcedds_cpp/type_description_interfaces/msg/detail/microxrcedds/type_description__type_support_cpp.cpp.o[0m
[ 51%] [32mBuilding CXX object CMakeFiles/type_description_interfaces__rosidl_typesupport_microxrcedds_cpp.dir/rosidl_typesupport_microxrcedds_cpp/type_description_interfaces/msg/detail/microxrcedds/type_source__type_support_cpp.cpp.o[0m
[ 52%] [32mBuilding CXX object CMakeFiles/type_description_interfaces__rosidl_typesupport_microxrcedds_cpp.dir/rosidl_typesupport_microxrcedds_cpp/type_description_interfaces/srv/detail/microxrcedds/get_type_description__type_support_cpp.cpp.o[0m
[ 52%] [32m[1mLinking CXX shared library libtype_description_interfaces__rosidl_typesupport_microxrcedds_cpp.so[0m
[ 52%] Built target type_description_interfaces__rosidl_typesupport_microxrcedds_cpp
[ 53%] [34m[1mGenerating C++ type support for eProsima Fast-RTPS[0m
[ 54%] [32mBuilding CXX object CMakeFiles/type_description_interfaces__rosidl_typesupport_fastrtps_cpp.dir/rosidl_typesupport_fastrtps_cpp/type_description_interfaces/msg/detail/dds_fastrtps/field__type_support.cpp.o[0m
[ 55%] [32mBuilding CXX object CMakeFiles/type_description_interfaces__rosidl_typesupport_fastrtps_cpp.dir/rosidl_typesupport_fastrtps_cpp/type_description_interfaces/msg/detail/dds_fastrtps/field_type__type_support.cpp.o[0m
[ 56%] [32mBuilding CXX object CMakeFiles/type_description_interfaces__rosidl_typesupport_fastrtps_cpp.dir/rosidl_typesupport_fastrtps_cpp/type_description_interfaces/msg/detail/dds_fastrtps/individual_type_description__type_support.cpp.o[0m
[ 56%] [32mBuilding CXX object CMakeFiles/type_description_interfaces__rosidl_typesupport_fastrtps_cpp.dir/rosidl_typesupport_fastrtps_cpp/type_description_interfaces/msg/detail/dds_fastrtps/key_value__type_support.cpp.o[0m
[ 57%] [32mBuilding CXX object CMakeFiles/type_description_interfaces__rosidl_typesupport_fastrtps_cpp.dir/rosidl_typesupport_fastrtps_cpp/type_description_interfaces/msg/detail/dds_fastrtps/type_description__type_support.cpp.o[0m
[ 58%] [32mBuilding CXX object CMakeFiles/type_description_interfaces__rosidl_typesupport_fastrtps_cpp.dir/rosidl_typesupport_fastrtps_cpp/type_description_interfaces/msg/detail/dds_fastrtps/type_source__type_support.cpp.o[0m
[ 59%] [32mBuilding CXX object CMakeFiles/type_description_interfaces__rosidl_typesupport_fastrtps_cpp.dir/rosidl_typesupport_fastrtps_cpp/type_description_interfaces/srv/detail/dds_fastrtps/get_type_description__type_support.cpp.o[0m
[ 60%] [32m[1mLinking CXX shared library libtype_description_interfaces__rosidl_typesupport_fastrtps_cpp.so[0m
[ 60%] Built target type_description_interfaces__rosidl_typesupport_fastrtps_cpp
[ 61%] [34m[1mGenerating C++ introspection for ROS interfaces[0m
[ 62%] [32mBuilding CXX object CMakeFiles/type_description_interfaces__rosidl_typesupport_introspection_cpp.dir/rosidl_typesupport_introspection_cpp/type_description_interfaces/msg/detail/field__type_support.cpp.o[0m
[ 62%] [32mBuilding CXX object CMakeFiles/type_description_interfaces__rosidl_typesupport_introspection_cpp.dir/rosidl_typesupport_introspection_cpp/type_description_interfaces/msg/detail/field_type__type_support.cpp.o[0m
[ 63%] [32mBuilding CXX object CMakeFiles/type_description_interfaces__rosidl_typesupport_introspection_cpp.dir/rosidl_typesupport_introspection_cpp/type_description_interfaces/msg/detail/individual_type_description__type_support.cpp.o[0m
[ 64%] [32mBuilding CXX object CMakeFiles/type_description_interfaces__rosidl_typesupport_introspection_cpp.dir/rosidl_typesupport_introspection_cpp/type_description_interfaces/msg/detail/key_value__type_support.cpp.o[0m
[ 65%] [32mBuilding CXX object CMakeFiles/type_description_interfaces__rosidl_typesupport_introspection_cpp.dir/rosidl_typesupport_introspection_cpp/type_description_interfaces/msg/detail/type_description__type_support.cpp.o[0m
[ 66%] [32mBuilding CXX object CMakeFiles/type_description_interfaces__rosidl_typesupport_introspection_cpp.dir/rosidl_typesupport_introspection_cpp/type_description_interfaces/msg/detail/type_source__type_support.cpp.o[0m
[ 67%] [32mBuilding CXX object CMakeFiles/type_description_interfaces__rosidl_typesupport_introspection_cpp.dir/rosidl_typesupport_introspection_cpp/type_description_interfaces/srv/detail/get_type_description__type_support.cpp.o[0m
[ 68%] [32m[1mLinking CXX shared library libtype_description_interfaces__rosidl_typesupport_introspection_cpp.so[0m
[ 68%] Built target type_description_interfaces__rosidl_typesupport_introspection_cpp
[ 69%] [34m[1mGenerating C++ type support dispatch for ROS interfaces[0m
[ 70%] [32mBuilding CXX object CMakeFiles/type_description_interfaces__rosidl_typesupport_cpp.dir/rosidl_typesupport_cpp/type_description_interfaces/msg/field__type_support.cpp.o[0m
[ 71%] [32mBuilding CXX object CMakeFiles/type_description_interfaces__rosidl_typesupport_cpp.dir/rosidl_typesupport_cpp/type_description_interfaces/msg/field_type__type_support.cpp.o[0m
[ 72%] [32mBuilding CXX object CMakeFiles/type_description_interfaces__rosidl_typesupport_cpp.dir/rosidl_typesupport_cpp/type_description_interfaces/msg/individual_type_description__type_support.cpp.o[0m
[ 73%] [32mBuilding CXX object CMakeFiles/type_description_interfaces__rosidl_typesupport_cpp.dir/rosidl_typesupport_cpp/type_description_interfaces/msg/key_value__type_support.cpp.o[0m
[ 73%] [32mBuilding CXX object CMakeFiles/type_description_interfaces__rosidl_typesupport_cpp.dir/rosidl_typesupport_cpp/type_description_interfaces/msg/type_description__type_support.cpp.o[0m
[ 74%] [32mBuilding CXX object CMakeFiles/type_description_interfaces__rosidl_typesupport_cpp.dir/rosidl_typesupport_cpp/type_description_interfaces/msg/type_source__type_support.cpp.o[0m
[ 75%] [32mBuilding CXX object CMakeFiles/type_description_interfaces__rosidl_typesupport_cpp.dir/rosidl_typesupport_cpp/type_description_interfaces/srv/get_type_description__type_support.cpp.o[0m
[ 76%] [32m[1mLinking CXX shared library libtype_description_interfaces__rosidl_typesupport_cpp.so[0m
[ 76%] Built target type_description_interfaces__rosidl_typesupport_cpp
[ 77%] [34m[1mGenerating C type support for eProsima Micro XRCE-DDS[0m
[ 77%] [32mBuilding C object CMakeFiles/type_description_interfaces__rosidl_typesupport_microxrcedds_c.dir/rosidl_typesupport_microxrcedds_c/type_description_interfaces/msg/detail/microxrcedds/field__type_support_c.c.o[0m
[ 78%] [32mBuilding C object CMakeFiles/type_description_interfaces__rosidl_typesupport_microxrcedds_c.dir/rosidl_typesupport_microxrcedds_c/type_description_interfaces/msg/detail/microxrcedds/field_type__type_support_c.c.o[0m
[ 79%] [32mBuilding C object CMakeFiles/type_description_interfaces__rosidl_typesupport_microxrcedds_c.dir/rosidl_typesupport_microxrcedds_c/type_description_interfaces/msg/detail/microxrcedds/individual_type_description__type_support_c.c.o[0m
[ 80%] [32mBuilding C object CMakeFiles/type_description_interfaces__rosidl_typesupport_microxrcedds_c.dir/rosidl_typesupport_microxrcedds_c/type_description_interfaces/msg/detail/microxrcedds/key_value__type_support_c.c.o[0m
[ 81%] [32mBuilding C object CMakeFiles/type_description_interfaces__rosidl_typesupport_microxrcedds_c.dir/rosidl_typesupport_microxrcedds_c/type_description_interfaces/msg/detail/microxrcedds/type_description__type_support_c.c.o[0m
[ 82%] [32mBuilding C object CMakeFiles/type_description_interfaces__rosidl_typesupport_microxrcedds_c.dir/rosidl_typesupport_microxrcedds_c/type_description_interfaces/msg/detail/microxrcedds/type_source__type_support_c.c.o[0m
[ 83%] [32mBuilding C object CMakeFiles/type_description_interfaces__rosidl_typesupport_microxrcedds_c.dir/rosidl_typesupport_microxrcedds_c/type_description_interfaces/srv/detail/microxrcedds/get_type_description__type_support_c.c.o[0m
[ 84%] [32m[1mLinking C shared library libtype_description_interfaces__rosidl_typesupport_microxrcedds_c.so[0m
[ 84%] Built target type_description_interfaces__rosidl_typesupport_microxrcedds_c
[ 84%] Built target type_description_interfaces
[ 85%] [34m[1mGenerating Python code for ROS interfaces[0m
[ 85%] Built target type_description_interfaces__py
[ 86%] [32mBuilding C object CMakeFiles/type_description_interfaces__rosidl_generator_py.dir/rosidl_generator_py/type_description_interfaces/msg/_field_s.c.o[0m
[ 87%] [32mBuilding C object CMakeFiles/type_description_interfaces__rosidl_generator_py.dir/rosidl_generator_py/type_description_interfaces/msg/_field_type_s.c.o[0m
[ 88%] [32mBuilding C object CMakeFiles/type_description_interfaces__rosidl_generator_py.dir/rosidl_generator_py/type_description_interfaces/msg/_individual_type_description_s.c.o[0m
[ 89%] [32mBuilding C object CMakeFiles/type_description_interfaces__rosidl_generator_py.dir/rosidl_generator_py/type_description_interfaces/msg/_key_value_s.c.o[0m
[ 90%] [32mBuilding C object CMakeFiles/type_description_interfaces__rosidl_generator_py.dir/rosidl_generator_py/type_description_interfaces/msg/_type_description_s.c.o[0m
[ 91%] [32mBuilding C object CMakeFiles/type_description_interfaces__rosidl_generator_py.dir/rosidl_generator_py/type_description_interfaces/msg/_type_source_s.c.o[0m
[ 92%] [32mBuilding C object CMakeFiles/type_description_interfaces__rosidl_generator_py.dir/rosidl_generator_py/type_description_interfaces/srv/_get_type_description_s.c.o[0m
[ 92%] [32m[1mLinking C shared library libtype_description_interfaces__rosidl_generator_py.so[0m
[ 92%] Built target type_description_interfaces__rosidl_generator_py
[ 93%] [32mBuilding C object CMakeFiles/type_description_interfaces_s__rosidl_typesupport_microxrcedds_c.dir/rosidl_generator_py/type_description_interfaces/_type_description_interfaces_s.ep.rosidl_typesupport_microxrcedds_c.c.o[0m
[ 94%] [32m[1mLinking C shared module rosidl_generator_py/type_description_interfaces/type_description_interfaces_s__rosidl_typesupport_microxrcedds_c.so[0m
[ 94%] Built target type_description_interfaces_s__rosidl_typesupport_microxrcedds_c
[ 95%] [32mBuilding C object CMakeFiles/type_description_interfaces_s__rosidl_typesupport_fastrtps_c.dir/rosidl_generator_py/type_description_interfaces/_type_description_interfaces_s.ep.rosidl_typesupport_fastrtps_c.c.o[0m
[ 96%] [32m[1mLinking C shared module rosidl_generator_py/type_description_interfaces/type_description_interfaces_s__rosidl_typesupport_fastrtps_c.so[0m
[ 96%] Built target type_description_interfaces_s__rosidl_typesupport_fastrtps_c
[ 97%] [32mBuilding C object CMakeFiles/type_description_interfaces_s__rosidl_typesupport_introspection_c.dir/rosidl_generator_py/type_description_interfaces/_type_description_interfaces_s.ep.rosidl_typesupport_introspection_c.c.o[0m
[ 98%] [32m[1mLinking C shared module rosidl_generator_py/type_description_interfaces/type_description_interfaces_s__rosidl_typesupport_introspection_c.so[0m
[ 98%] Built target type_description_interfaces_s__rosidl_typesupport_introspection_c
[ 99%] [32mBuilding C object CMakeFiles/type_description_interfaces_s__rosidl_typesupport_c.dir/rosidl_generator_py/type_description_interfaces/_type_description_interfaces_s.ep.rosidl_typesupport_c.c.o[0m
[100%] [32m[1mLinking C shared module rosidl_generator_py/type_description_interfaces/type_description_interfaces_s__rosidl_typesupport_c.so[0m
[100%] Built target type_description_interfaces_s__rosidl_typesupport_c
-- Install configuration: ""
-- Installing: /home/rasp/ros2_ws/install/type_description_interfaces/share/ament_index/resource_index/rosidl_interfaces/type_description_interfaces
-- Installing: /home/rasp/ros2_ws/install/type_description_interfaces/share/type_description_interfaces/msg/Field.json
-- Installing: /home/rasp/ros2_ws/install/type_description_interfaces/share/type_description_interfaces/msg/FieldType.json
-- Installing: /home/rasp/ros2_ws/install/type_description_interfaces/share/type_description_interfaces/msg/IndividualTypeDescription.json
-- Installing: /home/rasp/ros2_ws/install/type_description_interfaces/share/type_description_interfaces/msg/KeyValue.json
-- Installing: /home/rasp/ros2_ws/install/type_description_interfaces/share/type_description_interfaces/msg/TypeDescription.json
-- Installing: /home/rasp/ros2_ws/install/type_description_interfaces/share/type_description_interfaces/msg/TypeSource.json
-- Installing: /home/rasp/ros2_ws/install/type_description_interfaces/share/type_description_interfaces/srv/GetTypeDescription.json
-- Installing: /home/rasp/ros2_ws/install/type_description_interfaces/include/type_description_interfaces/type_description_interfaces
-- Installing: /home/rasp/ros2_ws/install/type_description_interfaces/include/type_description_interfaces/type_description_interfaces/msg
-- Installing: /home/rasp/ros2_ws/install/type_description_interfaces/include/type_description_interfaces/type_description_interfaces/msg/key_value.h
-- Installing: /home/rasp/ros2_ws/install/type_description_interfaces/include/type_description_interfaces/type_description_interfaces/msg/type_source.h
-- Installing: /home/rasp/ros2_ws/install/type_description_interfaces/include/type_description_interfaces/type_description_interfaces/msg/detail
-- Installing: /home/rasp/ros2_ws/install/type_description_interfaces/include/type_description_interfaces/type_description_interfaces/msg/detail/field_type__functions.h
-- Installing: /home/rasp/ros2_ws/install/type_description_interfaces/include/type_description_interfaces/type_description_interfaces/msg/detail/field__type_support.h
-- Installing: /home/rasp/ros2_ws/install/type_description_interfaces/include/type_description_interfaces/type_description_interfaces/msg/detail/type_source__type_support.h
-- Installing: /home/rasp/ros2_ws/install/type_description_interfaces/include/type_description_interfaces/type_description_interfaces/msg/detail/individual_type_description__description.c
-- Installing: /home/rasp/ros2_ws/install/type_description_interfaces/include/type_description_interfaces/type_description_interfaces/msg/detail/individual_type_description__type_support.h
-- Installing: /home/rasp/ros2_ws/install/type_description_interfaces/include/type_description_interfaces/type_description_interfaces/msg/detail/key_value__type_support.h
-- Installing: /home/rasp/ros2_ws/install/type_description_interfaces/include/type_description_interfaces/type_description_interfaces/msg/detail/individual_type_description__functions.h
-- Installing: /home/rasp/ros2_ws/install/type_description_interfaces/include/type_description_interfaces/type_description_interfaces/msg/detail/field_type__type_support.c
-- Installing: /home/rasp/ros2_ws/install/type_description_interfaces/include/type_description_interfaces/type_description_interfaces/msg/detail/field_type__description.c
-- Installing: /home/rasp/ros2_ws/install/type_description_interfaces/include/type_description_interfaces/type_description_interfaces/msg/detail/field_type__functions.c
-- Installing: /home/rasp/ros2_ws/install/type_description_interfaces/include/type_description_interfaces/type_description_interfaces/msg/detail/field_type__type_support.h
-- Installing: /home/rasp/ros2_ws/install/type_description_interfaces/include/type_description_interfaces/type_description_interfaces/msg/detail/field_type__struct.h
-- Installing: /home/rasp/ros2_ws/install/type_description_interfaces/include/type_description_interfaces/type_description_interfaces/msg/detail/key_value__struct.h
-- Installing: /home/rasp/ros2_ws/install/type_description_interfaces/include/type_description_interfaces/type_description_interfaces/msg/detail/type_source__description.c
-- Installing: /home/rasp/ros2_ws/install/type_description_interfaces/include/type_description_interfaces/type_description_interfaces/msg/detail/type_description__struct.h
-- Installing: /home/rasp/ros2_ws/install/type_description_interfaces/include/type_description_interfaces/type_description_interfaces/msg/detail/field__functions.h
-- Installing: /home/rasp/ros2_ws/install/type_description_interfaces/include/type_description_interfaces/type_description_interfaces/msg/detail/key_value__description.c
-- Installing: /home/rasp/ros2_ws/install/type_description_interfaces/include/type_description_interfaces/type_description_interfaces/msg/detail/individual_type_description__functions.c
-- Installing: /home/rasp/ros2_ws/install/type_description_interfaces/include/type_description_interfaces/type_description_interfaces/msg/detail/type_source__functions.c
-- Installing: /home/rasp/ros2_ws/install/type_description_interfaces/include/type_description_interfaces/type_description_interfaces/msg/detail/field__type_support.c
-- Installing: /home/rasp/ros2_ws/install/type_description_interfaces/include/type_description_interfaces/type_description_interfaces/msg/detail/type_description__description.c
-- Installing: /home/rasp/ros2_ws/install/type_description_interfaces/include/type_description_interfaces/type_description_interfaces/msg/detail/type_source__functions.h
-- Installing: /home/rasp/ros2_ws/install/type_description_interfaces/include/type_description_interfaces/type_description_interfaces/msg/detail/field__struct.h
-- Installing: /home/rasp/ros2_ws/install/type_description_interfaces/include/type_description_interfaces/type_description_interfaces/msg/detail/key_value__type_support.c
-- Installing: /home/rasp/ros2_ws/install/type_description_interfaces/include/type_description_interfaces/type_description_interfaces/msg/detail/type_source__struct.h
-- Installing: /home/rasp/ros2_ws/install/type_description_interfaces/include/type_description_interfaces/type_description_interfaces/msg/detail/type_description__functions.c
-- Installing: /home/rasp/ros2_ws/install/type_description_interfaces/include/type_description_interfaces/type_description_interfaces/msg/detail/key_value__functions.c
-- Installing: /home/rasp/ros2_ws/install/type_description_interfaces/include/type_description_interfaces/type_description_interfaces/msg/detail/key_value__functions.h
-- Installing: /home/rasp/ros2_ws/install/type_description_interfaces/include/type_description_interfaces/type_description_interfaces/msg/detail/type_description__type_support.c
-- Installing: /home/rasp/ros2_ws/install/type_description_interfaces/include/type_description_interfaces/type_description_interfaces/msg/detail/individual_type_description__struct.h
-- Installing: /home/rasp/ros2_ws/install/type_description_interfaces/include/type_description_interfaces/type_description_interfaces/msg/detail/type_description__functions.h
-- Installing: /home/rasp/ros2_ws/install/type_description_interfaces/include/type_description_interfaces/type_description_interfaces/msg/detail/individual_type_description__type_support.c
-- Installing: /home/rasp/ros2_ws/install/type_description_interfaces/include/type_description_interfaces/type_description_interfaces/msg/detail/type_description__type_support.h
-- Installing: /home/rasp/ros2_ws/install/type_description_interfaces/include/type_description_interfaces/type_description_interfaces/msg/detail/type_source__type_support.c
-- Installing: /home/rasp/ros2_ws/install/type_description_interfaces/include/type_description_interfaces/type_description_interfaces/msg/detail/field__description.c
-- Installing: /home/rasp/ros2_ws/install/type_description_interfaces/include/type_description_interfaces/type_description_interfaces/msg/detail/field__functions.c
-- Installing: /home/rasp/ros2_ws/install/type_description_interfaces/include/type_description_interfaces/type_description_interfaces/msg/type_description.h
-- Installing: /home/rasp/ros2_ws/install/type_description_interfaces/include/type_description_interfaces/type_description_interfaces/msg/field.h
-- Installing: /home/rasp/ros2_ws/install/type_description_interfaces/include/type_description_interfaces/type_description_interfaces/msg/individual_type_description.h
-- Installing: /home/rasp/ros2_ws/install/type_description_interfaces/include/type_description_interfaces/type_description_interfaces/msg/rosidl_generator_c__visibility_control.h
-- Installing: /home/rasp/ros2_ws/install/type_description_interfaces/include/type_description_interfaces/type_description_interfaces/msg/field_type.h
-- Installing: /home/rasp/ros2_ws/install/type_description_interfaces/include/type_description_interfaces/type_description_interfaces/srv
-- Installing: /home/rasp/ros2_ws/install/type_description_interfaces/include/type_description_interfaces/type_description_interfaces/srv/detail
-- Installing: /home/rasp/ros2_ws/install/type_description_interfaces/include/type_description_interfaces/type_description_interfaces/srv/detail/get_type_description__type_support.c
-- Installing: /home/rasp/ros2_ws/install/type_description_interfaces/include/type_description_interfaces/type_description_interfaces/srv/detail/get_type_description__functions.h
-- Installing: /home/rasp/ros2_ws/install/type_description_interfaces/include/type_description_interfaces/type_description_interfaces/srv/detail/get_type_description__struct.h
-- Installing: /home/rasp/ros2_ws/install/type_description_interfaces/include/type_description_interfaces/type_description_interfaces/srv/detail/get_type_description__functions.c
-- Installing: /home/rasp/ros2_ws/install/type_description_interfaces/include/type_description_interfaces/type_description_interfaces/srv/detail/get_type_description__description.c
-- Installing: /home/rasp/ros2_ws/install/type_description_interfaces/include/type_description_interfaces/type_description_interfaces/srv/detail/get_type_description__type_support.h
-- Installing: /home/rasp/ros2_ws/install/type_description_interfaces/include/type_description_interfaces/type_description_interfaces/srv/get_type_description.h
-- Installing: /home/rasp/ros2_ws/install/type_description_interfaces/share/type_description_interfaces/environment/library_path.sh
-- Installing: /home/rasp/ros2_ws/install/type_description_interfaces/share/type_description_interfaces/environment/library_path.dsv
-- Installing: /home/rasp/ros2_ws/install/type_description_interfaces/lib/libtype_description_interfaces__rosidl_generator_c.so
-- Set non-toolchain portion of runtime path of "/home/rasp/ros2_ws/install/type_description_interfaces/lib/libtype_description_interfaces__rosidl_generator_c.so" to ""
-- Up-to-date: /home/rasp/ros2_ws/install/type_description_interfaces/include/type_description_interfaces
-- Installing: /home/rasp/ros2_ws/install/type_description_interfaces/include/type_description_interfaces/msg
-- Installing: /home/rasp/ros2_ws/install/type_description_interfaces/include/type_description_interfaces/msg/detail
-- Installing: /home/rasp/ros2_ws/install/type_description_interfaces/include/type_description_interfaces/msg/detail/type_description__rosidl_typesupport_microxrcedds_c.h
-- Installing: /home/rasp/ros2_ws/install/type_description_interfaces/include/type_description_interfaces/msg/detail/key_value__rosidl_typesupport_microxrcedds_c.h
-- Installing: /home/rasp/ros2_ws/install/type_description_interfaces/include/type_description_interfaces/msg/detail/field__rosidl_typesupport_microxrcedds_c.h
-- Installing: /home/rasp/ros2_ws/install/type_description_interfaces/include/type_description_interfaces/msg/detail/field_type__rosidl_typesupport_microxrcedds_c.h
-- Installing: /home/rasp/ros2_ws/install/type_description_interfaces/include/type_description_interfaces/msg/detail/individual_type_description__rosidl_typesupport_microxrcedds_c.h
-- Installing: /home/rasp/ros2_ws/install/type_description_interfaces/include/type_description_interfaces/msg/detail/type_source__rosidl_typesupport_microxrcedds_c.h
-- Installing: /home/rasp/ros2_ws/install/type_description_interfaces/include/type_description_interfaces/msg/detail/microxrcedds
-- Installing: /home/rasp/ros2_ws/install/type_description_interfaces/include/type_description_interfaces/msg/rosidl_typesupport_microxrcedds_c__visibility_control.h
-- Installing: /home/rasp/ros2_ws/install/type_description_interfaces/include/type_description_interfaces/srv
-- Installing: /home/rasp/ros2_ws/install/type_description_interfaces/include/type_description_interfaces/srv/detail
-- Installing: /home/rasp/ros2_ws/install/type_description_interfaces/include/type_description_interfaces/srv/detail/get_type_description__rosidl_typesupport_microxrcedds_c.h
-- Installing: /home/rasp/ros2_ws/install/type_description_interfaces/include/type_description_interfaces/srv/detail/microxrcedds
-- Installing: /home/rasp/ros2_ws/install/type_description_interfaces/lib/libtype_description_interfaces__rosidl_typesupport_microxrcedds_c.so
-- Set non-toolchain portion of runtime path of "/home/rasp/ros2_ws/install/type_description_interfaces/lib/libtype_description_interfaces__rosidl_typesupport_microxrcedds_c.so" to ""
-- Up-to-date: /home/rasp/ros2_ws/install/type_description_interfaces/include/type_description_interfaces/type_description_interfaces
-- Up-to-date: /home/rasp/ros2_ws/install/type_description_interfaces/include/type_description_interfaces/type_description_interfaces/msg
-- Up-to-date: /home/rasp/ros2_ws/install/type_description_interfaces/include/type_description_interfaces/type_description_interfaces/msg/detail
-- Installing: /home/rasp/ros2_ws/install/type_description_interfaces/include/type_description_interfaces/type_description_interfaces/msg/detail/key_value__rosidl_typesupport_fastrtps_c.h
-- Installing: /home/rasp/ros2_ws/install/type_description_interfaces/include/type_description_interfaces/type_description_interfaces/msg/detail/individual_type_description__rosidl_typesupport_fastrtps_c.h
-- Installing: /home/rasp/ros2_ws/install/type_description_interfaces/include/type_description_interfaces/type_description_interfaces/msg/detail/field__rosidl_typesupport_fastrtps_c.h
-- Installing: /home/rasp/ros2_ws/install/type_description_interfaces/include/type_description_interfaces/type_description_interfaces/msg/detail/type_description__rosidl_typesupport_fastrtps_c.h
-- Installing: /home/rasp/ros2_ws/install/type_description_interfaces/include/type_description_interfaces/type_description_interfaces/msg/detail/field_type__rosidl_typesupport_fastrtps_c.h
-- Installing: /home/rasp/ros2_ws/install/type_description_interfaces/include/type_description_interfaces/type_description_interfaces/msg/detail/type_source__rosidl_typesupport_fastrtps_c.h
-- Installing: /home/rasp/ros2_ws/install/type_description_interfaces/include/type_description_interfaces/type_description_interfaces/msg/rosidl_typesupport_fastrtps_c__visibility_control.h
-- Up-to-date: /home/rasp/ros2_ws/install/type_description_interfaces/include/type_description_interfaces/type_description_interfaces/srv
-- Up-to-date: /home/rasp/ros2_ws/install/type_description_interfaces/include/type_description_interfaces/type_description_interfaces/srv/detail
-- Installing: /home/rasp/ros2_ws/install/type_description_interfaces/include/type_description_interfaces/type_description_interfaces/srv/detail/get_type_description__rosidl_typesupport_fastrtps_c.h
-- Installing: /home/rasp/ros2_ws/install/type_description_interfaces/lib/libtype_description_interfaces__rosidl_typesupport_fastrtps_c.so
-- Set non-toolchain portion of runtime path of "/home/rasp/ros2_ws/install/type_description_interfaces/lib/libtype_description_interfaces__rosidl_typesupport_fastrtps_c.so" to ""
-- Up-to-date: /home/rasp/ros2_ws/install/type_description_interfaces/include/type_description_interfaces/type_description_interfaces
-- Up-to-date: /home/rasp/ros2_ws/install/type_description_interfaces/include/type_description_interfaces/type_description_interfaces/msg
-- Installing: /home/rasp/ros2_ws/install/type_description_interfaces/include/type_description_interfaces/type_description_interfaces/msg/rosidl_typesupport_introspection_c__visibility_control.h
-- Up-to-date: /home/rasp/ros2_ws/install/type_description_interfaces/include/type_description_interfaces/type_description_interfaces/msg/detail
-- Installing: /home/rasp/ros2_ws/install/type_description_interfaces/include/type_description_interfaces/type_description_interfaces/msg/detail/individual_type_description__rosidl_typesupport_introspection_c.h
-- Installing: /home/rasp/ros2_ws/install/type_description_interfaces/include/type_description_interfaces/type_description_interfaces/msg/detail/type_source__rosidl_typesupport_introspection_c.h
-- Installing: /home/rasp/ros2_ws/install/type_description_interfaces/include/type_description_interfaces/type_description_interfaces/msg/detail/field_type__type_support.c
-- Installing: /home/rasp/ros2_ws/install/type_description_interfaces/include/type_description_interfaces/type_description_interfaces/msg/detail/key_value__rosidl_typesupport_introspection_c.h
-- Installing: /home/rasp/ros2_ws/install/type_description_interfaces/include/type_description_interfaces/type_description_interfaces/msg/detail/field__rosidl_typesupport_introspection_c.h
-- Installing: /home/rasp/ros2_ws/install/type_description_interfaces/include/type_description_interfaces/type_description_interfaces/msg/detail/field__type_support.c
-- Installing: /home/rasp/ros2_ws/install/type_description_interfaces/include/type_description_interfaces/type_description_interfaces/msg/detail/field_type__rosidl_typesupport_introspection_c.h
-- Installing: /home/rasp/ros2_ws/install/type_description_interfaces/include/type_description_interfaces/type_description_interfaces/msg/detail/key_value__type_support.c
-- Installing: /home/rasp/ros2_ws/install/type_description_interfaces/include/type_description_interfaces/type_description_interfaces/msg/detail/type_description__type_support.c
-- Installing: /home/rasp/ros2_ws/install/type_description_interfaces/include/type_description_interfaces/type_description_interfaces/msg/detail/individual_type_description__type_support.c
-- Installing: /home/rasp/ros2_ws/install/type_description_interfaces/include/type_description_interfaces/type_description_interfaces/msg/detail/type_source__type_support.c
-- Installing: /home/rasp/ros2_ws/install/type_description_interfaces/include/type_description_interfaces/type_description_interfaces/msg/detail/type_description__rosidl_typesupport_introspection_c.h
-- Up-to-date: /home/rasp/ros2_ws/install/type_description_interfaces/include/type_description_interfaces/type_description_interfaces/srv
-- Up-to-date: /home/rasp/ros2_ws/install/type_description_interfaces/include/type_description_interfaces/type_description_interfaces/srv/detail
-- Installing: /home/rasp/ros2_ws/install/type_description_interfaces/include/type_description_interfaces/type_description_interfaces/srv/detail/get_type_description__type_support.c
-- Installing: /home/rasp/ros2_ws/install/type_description_interfaces/include/type_description_interfaces/type_description_interfaces/srv/detail/get_type_description__rosidl_typesupport_introspection_c.h
-- Installing: /home/rasp/ros2_ws/install/type_description_interfaces/lib/libtype_description_interfaces__rosidl_typesupport_introspection_c.so
-- Set non-toolchain portion of runtime path of "/home/rasp/ros2_ws/install/type_description_interfaces/lib/libtype_description_interfaces__rosidl_typesupport_introspection_c.so" to ""
-- Installing: /home/rasp/ros2_ws/install/type_description_interfaces/lib/libtype_description_interfaces__rosidl_typesupport_c.so
-- Set non-toolchain portion of runtime path of "/home/rasp/ros2_ws/install/type_description_interfaces/lib/libtype_description_interfaces__rosidl_typesupport_c.so" to ""
-- Up-to-date: /home/rasp/ros2_ws/install/type_description_interfaces/include/type_description_interfaces/type_description_interfaces
-- Up-to-date: /home/rasp/ros2_ws/install/type_description_interfaces/include/type_description_interfaces/type_description_interfaces/msg
-- Installing: /home/rasp/ros2_ws/install/type_description_interfaces/include/type_description_interfaces/type_description_interfaces/msg/field.hpp
-- Installing: /home/rasp/ros2_ws/install/type_description_interfaces/include/type_description_interfaces/type_description_interfaces/msg/field_type.hpp
-- Installing: /home/rasp/ros2_ws/install/type_description_interfaces/include/type_description_interfaces/type_description_interfaces/msg/key_value.hpp
-- Up-to-date: /home/rasp/ros2_ws/install/type_description_interfaces/include/type_description_interfaces/type_description_interfaces/msg/detail
-- Installing: /home/rasp/ros2_ws/install/type_description_interfaces/include/type_description_interfaces/type_description_interfaces/msg/detail/field__struct.hpp
-- Installing: /home/rasp/ros2_ws/install/type_description_interfaces/include/type_description_interfaces/type_description_interfaces/msg/detail/key_value__type_support.hpp
-- Installing: /home/rasp/ros2_ws/install/type_description_interfaces/include/type_description_interfaces/type_description_interfaces/msg/detail/type_source__traits.hpp
-- Installing: /home/rasp/ros2_ws/install/type_description_interfaces/include/type_description_interfaces/type_description_interfaces/msg/detail/type_source__type_support.hpp
-- Installing: /home/rasp/ros2_ws/install/type_description_interfaces/include/type_description_interfaces/type_description_interfaces/msg/detail/key_value__builder.hpp
-- Installing: /home/rasp/ros2_ws/install/type_description_interfaces/include/type_description_interfaces/type_description_interfaces/msg/detail/individual_type_description__struct.hpp
-- Installing: /home/rasp/ros2_ws/install/type_description_interfaces/include/type_description_interfaces/type_description_interfaces/msg/detail/key_value__struct.hpp
-- Installing: /home/rasp/ros2_ws/install/type_description_interfaces/include/type_description_interfaces/type_description_interfaces/msg/detail/type_description__traits.hpp
-- Installing: /home/rasp/ros2_ws/install/type_description_interfaces/include/type_description_interfaces/type_description_interfaces/msg/detail/key_value__traits.hpp
-- Installing: /home/rasp/ros2_ws/install/type_description_interfaces/include/type_description_interfaces/type_description_interfaces/msg/detail/field_type__builder.hpp
-- Installing: /home/rasp/ros2_ws/install/type_description_interfaces/include/type_description_interfaces/type_description_interfaces/msg/detail/field__traits.hpp
-- Installing: /home/rasp/ros2_ws/install/type_description_interfaces/include/type_description_interfaces/type_description_interfaces/msg/detail/field_type__type_support.hpp
-- Installing: /home/rasp/ros2_ws/install/type_description_interfaces/include/type_description_interfaces/type_description_interfaces/msg/detail/type_description__type_support.hpp
-- Installing: /home/rasp/ros2_ws/install/type_description_interfaces/include/type_description_interfaces/type_description_interfaces/msg/detail/type_source__builder.hpp
-- Installing: /home/rasp/ros2_ws/install/type_description_interfaces/include/type_description_interfaces/type_description_interfaces/msg/detail/type_source__struct.hpp
-- Installing: /home/rasp/ros2_ws/install/type_description_interfaces/include/type_description_interfaces/type_description_interfaces/msg/detail/field__builder.hpp
-- Installing: /home/rasp/ros2_ws/install/type_description_interfaces/include/type_description_interfaces/type_description_interfaces/msg/detail/individual_type_description__traits.hpp
-- Installing: /home/rasp/ros2_ws/install/type_description_interfaces/include/type_description_interfaces/type_description_interfaces/msg/detail/individual_type_description__type_support.hpp
-- Installing: /home/rasp/ros2_ws/install/type_description_interfaces/include/type_description_interfaces/type_description_interfaces/msg/detail/field_type__traits.hpp
-- Installing: /home/rasp/ros2_ws/install/type_description_interfaces/include/type_description_interfaces/type_description_interfaces/msg/detail/type_description__builder.hpp
-- Installing: /home/rasp/ros2_ws/install/type_description_interfaces/include/type_description_interfaces/type_description_interfaces/msg/detail/field__type_support.hpp
-- Installing: /home/rasp/ros2_ws/install/type_description_interfaces/include/type_description_interfaces/type_description_interfaces/msg/detail/field_type__struct.hpp
-- Installing: /home/rasp/ros2_ws/install/type_description_interfaces/include/type_description_interfaces/type_description_interfaces/msg/detail/type_description__struct.hpp
-- Installing: /home/rasp/ros2_ws/install/type_description_interfaces/include/type_description_interfaces/type_description_interfaces/msg/detail/individual_type_description__builder.hpp
-- Installing: /home/rasp/ros2_ws/install/type_description_interfaces/include/type_description_interfaces/type_description_interfaces/msg/type_source.hpp
-- Installing: /home/rasp/ros2_ws/install/type_description_interfaces/include/type_description_interfaces/type_description_interfaces/msg/individual_type_description.hpp
-- Installing: /home/rasp/ros2_ws/install/type_description_interfaces/include/type_description_interfaces/type_description_interfaces/msg/rosidl_generator_cpp__visibility_control.hpp
-- Installing: /home/rasp/ros2_ws/install/type_description_interfaces/include/type_description_interfaces/type_description_interfaces/msg/type_description.hpp
-- Up-to-date: /home/rasp/ros2_ws/install/type_description_interfaces/include/type_description_interfaces/type_description_interfaces/srv
-- Up-to-date: /home/rasp/ros2_ws/install/type_description_interfaces/include/type_description_interfaces/type_description_interfaces/srv/detail
-- Installing: /home/rasp/ros2_ws/install/type_description_interfaces/include/type_description_interfaces/type_description_interfaces/srv/detail/get_type_description__type_support.hpp
-- Installing: /home/rasp/ros2_ws/install/type_description_interfaces/include/type_description_interfaces/type_description_interfaces/srv/detail/get_type_description__traits.hpp
-- Installing: /home/rasp/ros2_ws/install/type_description_interfaces/include/type_description_interfaces/type_description_interfaces/srv/detail/get_type_description__builder.hpp
-- Installing: /home/rasp/ros2_ws/install/type_description_interfaces/include/type_description_interfaces/type_description_interfaces/srv/detail/get_type_description__struct.hpp
-- Installing: /home/rasp/ros2_ws/install/type_description_interfaces/include/type_description_interfaces/type_description_interfaces/srv/get_type_description.hpp
-- Up-to-date: /home/rasp/ros2_ws/install/type_description_interfaces/include/type_description_interfaces
-- Up-to-date: /home/rasp/ros2_ws/install/type_description_interfaces/include/type_description_interfaces/msg
-- Up-to-date: /home/rasp/ros2_ws/install/type_description_interfaces/include/type_description_interfaces/msg/detail
-- Installing: /home/rasp/ros2_ws/install/type_description_interfaces/include/type_description_interfaces/msg/detail/field__rosidl_typesupport_microxrcedds_cpp.hpp
-- Installing: /home/rasp/ros2_ws/install/type_description_interfaces/include/type_description_interfaces/msg/detail/type_description__rosidl_typesupport_microxrcedds_cpp.hpp
-- Installing: /home/rasp/ros2_ws/install/type_description_interfaces/include/type_description_interfaces/msg/detail/field_type__rosidl_typesupport_microxrcedds_cpp.hpp
-- Installing: /home/rasp/ros2_ws/install/type_description_interfaces/include/type_description_interfaces/msg/detail/type_source__rosidl_typesupport_microxrcedds_cpp.hpp
-- Installing: /home/rasp/ros2_ws/install/type_description_interfaces/include/type_description_interfaces/msg/detail/key_value__rosidl_typesupport_microxrcedds_cpp.hpp
-- Installing: /home/rasp/ros2_ws/install/type_description_interfaces/include/type_description_interfaces/msg/detail/individual_type_description__rosidl_typesupport_microxrcedds_cpp.hpp
-- Up-to-date: /home/rasp/ros2_ws/install/type_description_interfaces/include/type_description_interfaces/msg/detail/microxrcedds
-- Installing: /home/rasp/ros2_ws/install/type_description_interfaces/include/type_description_interfaces/msg/detail/microxrcedds/key_value__type_support_cpp.cpp
-- Installing: /home/rasp/ros2_ws/install/type_description_interfaces/include/type_description_interfaces/msg/detail/microxrcedds/individual_type_description__type_support_cpp.cpp
-- Installing: /home/rasp/ros2_ws/install/type_description_interfaces/include/type_description_interfaces/msg/detail/microxrcedds/type_source__type_support_cpp.cpp
-- Installing: /home/rasp/ros2_ws/install/type_description_interfaces/include/type_description_interfaces/msg/detail/microxrcedds/type_description__type_support_cpp.cpp
-- Installing: /home/rasp/ros2_ws/install/type_description_interfaces/include/type_description_interfaces/msg/detail/microxrcedds/field_type__type_support_cpp.cpp
-- Installing: /home/rasp/ros2_ws/install/type_description_interfaces/include/type_description_interfaces/msg/detail/microxrcedds/field__type_support_cpp.cpp
-- Installing: /home/rasp/ros2_ws/install/type_description_interfaces/include/type_description_interfaces/msg/rosidl_typesupport_microxrcedds_cpp__visibility_control.h
-- Up-to-date: /home/rasp/ros2_ws/install/type_description_interfaces/include/type_description_interfaces/srv
-- Up-to-date: /home/rasp/ros2_ws/install/type_description_interfaces/include/type_description_interfaces/srv/detail
-- Installing: /home/rasp/ros2_ws/install/type_description_interfaces/include/type_description_interfaces/srv/detail/get_type_description__rosidl_typesupport_microxrcedds_cpp.hpp
-- Up-to-date: /home/rasp/ros2_ws/install/type_description_interfaces/include/type_description_interfaces/srv/detail/microxrcedds
-- Installing: /home/rasp/ros2_ws/install/type_description_interfaces/include/type_description_interfaces/srv/detail/microxrcedds/get_type_description__type_support_cpp.cpp
-- Installing: /home/rasp/ros2_ws/install/type_description_interfaces/lib/libtype_description_interfaces__rosidl_typesupport_microxrcedds_cpp.so
-- Set non-toolchain portion of runtime path of "/home/rasp/ros2_ws/install/type_description_interfaces/lib/libtype_description_interfaces__rosidl_typesupport_microxrcedds_cpp.so" to ""
-- Up-to-date: /home/rasp/ros2_ws/install/type_description_interfaces/include/type_description_interfaces/type_description_interfaces
-- Up-to-date: /home/rasp/ros2_ws/install/type_description_interfaces/include/type_description_interfaces/type_description_interfaces/msg
-- Up-to-date: /home/rasp/ros2_ws/install/type_description_interfaces/include/type_description_interfaces/type_description_interfaces/msg/detail
-- Installing: /home/rasp/ros2_ws/install/type_description_interfaces/include/type_description_interfaces/type_description_interfaces/msg/detail/field_type__rosidl_typesupport_fastrtps_cpp.hpp
-- Installing: /home/rasp/ros2_ws/install/type_description_interfaces/include/type_description_interfaces/type_description_interfaces/msg/detail/dds_fastrtps
-- Installing: /home/rasp/ros2_ws/install/type_description_interfaces/include/type_description_interfaces/type_description_interfaces/msg/detail/type_description__rosidl_typesupport_fastrtps_cpp.hpp
-- Installing: /home/rasp/ros2_ws/install/type_description_interfaces/include/type_description_interfaces/type_description_interfaces/msg/detail/individual_type_description__rosidl_typesupport_fastrtps_cpp.hpp
-- Installing: /home/rasp/ros2_ws/install/type_description_interfaces/include/type_description_interfaces/type_description_interfaces/msg/detail/type_source__rosidl_typesupport_fastrtps_cpp.hpp
-- Installing: /home/rasp/ros2_ws/install/type_description_interfaces/include/type_description_interfaces/type_description_interfaces/msg/detail/field__rosidl_typesupport_fastrtps_cpp.hpp
-- Installing: /home/rasp/ros2_ws/install/type_description_interfaces/include/type_description_interfaces/type_description_interfaces/msg/detail/key_value__rosidl_typesupport_fastrtps_cpp.hpp
-- Installing: /home/rasp/ros2_ws/install/type_description_interfaces/include/type_description_interfaces/type_description_interfaces/msg/rosidl_typesupport_fastrtps_cpp__visibility_control.h
-- Up-to-date: /home/rasp/ros2_ws/install/type_description_interfaces/include/type_description_interfaces/type_description_interfaces/srv
-- Up-to-date: /home/rasp/ros2_ws/install/type_description_interfaces/include/type_description_interfaces/type_description_interfaces/srv/detail
-- Installing: /home/rasp/ros2_ws/install/type_description_interfaces/include/type_description_interfaces/type_description_interfaces/srv/detail/dds_fastrtps
-- Installing: /home/rasp/ros2_ws/install/type_description_interfaces/include/type_description_interfaces/type_description_interfaces/srv/detail/get_type_description__rosidl_typesupport_fastrtps_cpp.hpp
-- Installing: /home/rasp/ros2_ws/install/type_description_interfaces/lib/libtype_description_interfaces__rosidl_typesupport_fastrtps_cpp.so
-- Set non-toolchain portion of runtime path of "/home/rasp/ros2_ws/install/type_description_interfaces/lib/libtype_description_interfaces__rosidl_typesupport_fastrtps_cpp.so" to ""
-- Up-to-date: /home/rasp/ros2_ws/install/type_description_interfaces/include/type_description_interfaces/type_description_interfaces
-- Up-to-date: /home/rasp/ros2_ws/install/type_description_interfaces/include/type_description_interfaces/type_description_interfaces/msg
-- Up-to-date: /home/rasp/ros2_ws/install/type_description_interfaces/include/type_description_interfaces/type_description_interfaces/msg/detail
-- Installing: /home/rasp/ros2_ws/install/type_description_interfaces/include/type_description_interfaces/type_description_interfaces/msg/detail/field_type__type_support.cpp
-- Installing: /home/rasp/ros2_ws/install/type_description_interfaces/include/type_description_interfaces/type_description_interfaces/msg/detail/field__rosidl_typesupport_introspection_cpp.hpp
-- Installing: /home/rasp/ros2_ws/install/type_description_interfaces/include/type_description_interfaces/type_description_interfaces/msg/detail/key_value__type_support.cpp
-- Installing: /home/rasp/ros2_ws/install/type_description_interfaces/include/type_description_interfaces/type_description_interfaces/msg/detail/field_type__rosidl_typesupport_introspection_cpp.hpp
-- Installing: /home/rasp/ros2_ws/install/type_description_interfaces/include/type_description_interfaces/type_description_interfaces/msg/detail/type_source__rosidl_typesupport_introspection_cpp.hpp
-- Installing: /home/rasp/ros2_ws/install/type_description_interfaces/include/type_description_interfaces/type_description_interfaces/msg/detail/type_description__type_support.cpp
-- Installing: /home/rasp/ros2_ws/install/type_description_interfaces/include/type_description_interfaces/type_description_interfaces/msg/detail/field__type_support.cpp
-- Installing: /home/rasp/ros2_ws/install/type_description_interfaces/include/type_description_interfaces/type_description_interfaces/msg/detail/individual_type_description__type_support.cpp
-- Installing: /home/rasp/ros2_ws/install/type_description_interfaces/include/type_description_interfaces/type_description_interfaces/msg/detail/key_value__rosidl_typesupport_introspection_cpp.hpp
-- Installing: /home/rasp/ros2_ws/install/type_description_interfaces/include/type_description_interfaces/type_description_interfaces/msg/detail/type_description__rosidl_typesupport_introspection_cpp.hpp
-- Installing: /home/rasp/ros2_ws/install/type_description_interfaces/include/type_description_interfaces/type_description_interfaces/msg/detail/type_source__type_support.cpp
-- Installing: /home/rasp/ros2_ws/install/type_description_interfaces/include/type_description_interfaces/type_description_interfaces/msg/detail/individual_type_description__rosidl_typesupport_introspection_cpp.hpp
-- Up-to-date: /home/rasp/ros2_ws/install/type_description_interfaces/include/type_description_interfaces/type_description_interfaces/srv
-- Up-to-date: /home/rasp/ros2_ws/install/type_description_interfaces/include/type_description_interfaces/type_description_interfaces/srv/detail
-- Installing: /home/rasp/ros2_ws/install/type_description_interfaces/include/type_description_interfaces/type_description_interfaces/srv/detail/get_type_description__type_support.cpp
-- Installing: /home/rasp/ros2_ws/install/type_description_interfaces/include/type_description_interfaces/type_description_interfaces/srv/detail/get_type_description__rosidl_typesupport_introspection_cpp.hpp
-- Installing: /home/rasp/ros2_ws/install/type_description_interfaces/lib/libtype_description_interfaces__rosidl_typesupport_introspection_cpp.so
-- Set non-toolchain portion of runtime path of "/home/rasp/ros2_ws/install/type_description_interfaces/lib/libtype_description_interfaces__rosidl_typesupport_introspection_cpp.so" to ""
-- Installing: /home/rasp/ros2_ws/install/type_description_interfaces/lib/libtype_description_interfaces__rosidl_typesupport_cpp.so
-- Set non-toolchain portion of runtime path of "/home/rasp/ros2_ws/install/type_description_interfaces/lib/libtype_description_interfaces__rosidl_typesupport_cpp.so" to ""
-- Installing: /home/rasp/ros2_ws/install/type_description_interfaces/share/type_description_interfaces/environment/pythonpath.sh
-- Installing: /home/rasp/ros2_ws/install/type_description_interfaces/share/type_description_interfaces/environment/pythonpath.dsv
-- Installing: /home/rasp/ros2_ws/install/type_description_interfaces/lib/python3.12/site-packages/type_description_interfaces-2.0.2-py3.12.egg-info
-- Installing: /home/rasp/ros2_ws/install/type_description_interfaces/lib/python3.12/site-packages/type_description_interfaces-2.0.2-py3.12.egg-info/SOURCES.txt
-- Installing: /home/rasp/ros2_ws/install/type_description_interfaces/lib/python3.12/site-packages/type_description_interfaces-2.0.2-py3.12.egg-info/dependency_links.txt
-- Installing: /home/rasp/ros2_ws/install/type_description_interfaces/lib/python3.12/site-packages/type_description_interfaces-2.0.2-py3.12.egg-info/PKG-INFO
-- Installing: /home/rasp/ros2_ws/install/type_description_interfaces/lib/python3.12/site-packages/type_description_interfaces-2.0.2-py3.12.egg-info/top_level.txt
-- Installing: /home/rasp/ros2_ws/install/type_description_interfaces/lib/python3.12/site-packages/type_description_interfaces
-- Installing: /home/rasp/ros2_ws/install/type_description_interfaces/lib/python3.12/site-packages/type_description_interfaces/__init__.py
-- Installing: /home/rasp/ros2_ws/install/type_description_interfaces/lib/python3.12/site-packages/type_description_interfaces/_type_description_interfaces_s.ep.rosidl_typesupport_introspection_c.c
-- Installing: /home/rasp/ros2_ws/install/type_description_interfaces/lib/python3.12/site-packages/type_description_interfaces/_type_description_interfaces_s.ep.rosidl_typesupport_c.c
-- Installing: /home/rasp/ros2_ws/install/type_description_interfaces/lib/python3.12/site-packages/type_description_interfaces/type_description_interfaces_s__rosidl_typesupport_fastrtps_c.so
-- Installing: /home/rasp/ros2_ws/install/type_description_interfaces/lib/python3.12/site-packages/type_description_interfaces/_type_description_interfaces_s.ep.rosidl_typesupport_microxrcedds_c.c
-- Installing: /home/rasp/ros2_ws/install/type_description_interfaces/lib/python3.12/site-packages/type_description_interfaces/_type_description_interfaces_s.ep.rosidl_typesupport_fastrtps_c.c
-- Installing: /home/rasp/ros2_ws/install/type_description_interfaces/lib/python3.12/site-packages/type_description_interfaces/msg
-- Installing: /home/rasp/ros2_ws/install/type_description_interfaces/lib/python3.12/site-packages/type_description_interfaces/msg/_type_source_s.c
-- Installing: /home/rasp/ros2_ws/install/type_description_interfaces/lib/python3.12/site-packages/type_description_interfaces/msg/_individual_type_description.py
-- Installing: /home/rasp/ros2_ws/install/type_description_interfaces/lib/python3.12/site-packages/type_description_interfaces/msg/__init__.py
-- Installing: /home/rasp/ros2_ws/install/type_description_interfaces/lib/python3.12/site-packages/type_description_interfaces/msg/_key_value.py
-- Installing: /home/rasp/ros2_ws/install/type_description_interfaces/lib/python3.12/site-packages/type_description_interfaces/msg/_key_value_s.c
-- Installing: /home/rasp/ros2_ws/install/type_description_interfaces/lib/python3.12/site-packages/type_description_interfaces/msg/_field_type.py
-- Installing: /home/rasp/ros2_ws/install/type_description_interfaces/lib/python3.12/site-packages/type_description_interfaces/msg/_type_description_s.c
-- Installing: /home/rasp/ros2_ws/install/type_description_interfaces/lib/python3.12/site-packages/type_description_interfaces/msg/_individual_type_description_s.c
-- Installing: /home/rasp/ros2_ws/install/type_description_interfaces/lib/python3.12/site-packages/type_description_interfaces/msg/_type_source.py
-- Installing: /home/rasp/ros2_ws/install/type_description_interfaces/lib/python3.12/site-packages/type_description_interfaces/msg/_field_s.c
-- Installing: /home/rasp/ros2_ws/install/type_description_interfaces/lib/python3.12/site-packages/type_description_interfaces/msg/_field_type_s.c
-- Installing: /home/rasp/ros2_ws/install/type_description_interfaces/lib/python3.12/site-packages/type_description_interfaces/msg/_type_description.py
-- Installing: /home/rasp/ros2_ws/install/type_description_interfaces/lib/python3.12/site-packages/type_description_interfaces/msg/_field.py
-- Installing: /home/rasp/ros2_ws/install/type_description_interfaces/lib/python3.12/site-packages/type_description_interfaces/type_description_interfaces_s__rosidl_typesupport_introspection_c.so
-- Installing: /home/rasp/ros2_ws/install/type_description_interfaces/lib/python3.12/site-packages/type_description_interfaces/srv
-- Installing: /home/rasp/ros2_ws/install/type_description_interfaces/lib/python3.12/site-packages/type_description_interfaces/srv/__init__.py
-- Installing: /home/rasp/ros2_ws/install/type_description_interfaces/lib/python3.12/site-packages/type_description_interfaces/srv/_get_type_description_s.c
-- Installing: /home/rasp/ros2_ws/install/type_description_interfaces/lib/python3.12/site-packages/type_description_interfaces/srv/_get_type_description.py
-- Installing: /home/rasp/ros2_ws/install/type_description_interfaces/lib/python3.12/site-packages/type_description_interfaces/type_description_interfaces_s__rosidl_typesupport_microxrcedds_c.so
-- Installing: /home/rasp/ros2_ws/install/type_description_interfaces/lib/python3.12/site-packages/type_description_interfaces/type_description_interfaces_s__rosidl_typesupport_c.so
Listing '/home/rasp/ros2_ws/install/type_description_interfaces/lib/python3.12/site-packages/type_description_interfaces'...
Compiling '/home/rasp/ros2_ws/install/type_description_interfaces/lib/python3.12/site-packages/type_description_interfaces/__init__.py'...
Listing '/home/rasp/ros2_ws/install/type_description_interfaces/lib/python3.12/site-packages/type_description_interfaces/msg'...
Compiling '/home/rasp/ros2_ws/install/type_description_interfaces/lib/python3.12/site-packages/type_description_interfaces/msg/__init__.py'...
Compiling '/home/rasp/ros2_ws/install/type_description_interfaces/lib/python3.12/site-packages/type_description_interfaces/msg/_field.py'...
Compiling '/home/rasp/ros2_ws/install/type_description_interfaces/lib/python3.12/site-packages/type_description_interfaces/msg/_field_type.py'...
Compiling '/home/rasp/ros2_ws/install/type_description_interfaces/lib/python3.12/site-packages/type_description_interfaces/msg/_individual_type_description.py'...
Compiling '/home/rasp/ros2_ws/install/type_description_interfaces/lib/python3.12/site-packages/type_description_interfaces/msg/_key_value.py'...
Compiling '/home/rasp/ros2_ws/install/type_description_interfaces/lib/python3.12/site-packages/type_description_interfaces/msg/_type_description.py'...
Compiling '/home/rasp/ros2_ws/install/type_description_interfaces/lib/python3.12/site-packages/type_description_interfaces/msg/_type_source.py'...
Listing '/home/rasp/ros2_ws/install/type_description_interfaces/lib/python3.12/site-packages/type_description_interfaces/srv'...
Compiling '/home/rasp/ros2_ws/install/type_description_interfaces/lib/python3.12/site-packages/type_description_interfaces/srv/__init__.py'...
Compiling '/home/rasp/ros2_ws/install/type_description_interfaces/lib/python3.12/site-packages/type_description_interfaces/srv/_get_type_description.py'...
-- Installing: /home/rasp/ros2_ws/install/type_description_interfaces/lib/python3.12/site-packages/type_description_interfaces/type_description_interfaces_s__rosidl_typesupport_microxrcedds_c.so
-- Set non-toolchain portion of runtime path of "/home/rasp/ros2_ws/install/type_description_interfaces/lib/python3.12/site-packages/type_description_interfaces/type_description_interfaces_s__rosidl_typesupport_microxrcedds_c.so" to ""
-- Installing: /home/rasp/ros2_ws/install/type_description_interfaces/lib/python3.12/site-packages/type_description_interfaces/type_description_interfaces_s__rosidl_typesupport_fastrtps_c.so
-- Set non-toolchain portion of runtime path of "/home/rasp/ros2_ws/install/type_description_interfaces/lib/python3.12/site-packages/type_description_interfaces/type_description_interfaces_s__rosidl_typesupport_fastrtps_c.so" to ""
-- Installing: /home/rasp/ros2_ws/install/type_description_interfaces/lib/python3.12/site-packages/type_description_interfaces/type_description_interfaces_s__rosidl_typesupport_introspection_c.so
-- Set non-toolchain portion of runtime path of "/home/rasp/ros2_ws/install/type_description_interfaces/lib/python3.12/site-packages/type_description_interfaces/type_description_interfaces_s__rosidl_typesupport_introspection_c.so" to ""
-- Installing: /home/rasp/ros2_ws/install/type_description_interfaces/lib/python3.12/site-packages/type_description_interfaces/type_description_interfaces_s__rosidl_typesupport_c.so
-- Set non-toolchain portion of runtime path of "/home/rasp/ros2_ws/install/type_description_interfaces/lib/python3.12/site-packages/type_description_interfaces/type_description_interfaces_s__rosidl_typesupport_c.so" to ""
-- Installing: /home/rasp/ros2_ws/install/type_description_interfaces/lib/libtype_description_interfaces__rosidl_generator_py.so
-- Set non-toolchain portion of runtime path of "/home/rasp/ros2_ws/install/type_description_interfaces/lib/libtype_description_interfaces__rosidl_generator_py.so" to ""
-- Installing: /home/rasp/ros2_ws/install/type_description_interfaces/share/type_description_interfaces/msg/Field.idl
-- Installing: /home/rasp/ros2_ws/install/type_description_interfaces/share/type_description_interfaces/msg/FieldType.idl
-- Installing: /home/rasp/ros2_ws/install/type_description_interfaces/share/type_description_interfaces/msg/IndividualTypeDescription.idl
-- Installing: /home/rasp/ros2_ws/install/type_description_interfaces/share/type_description_interfaces/msg/KeyValue.idl
-- Installing: /home/rasp/ros2_ws/install/type_description_interfaces/share/type_description_interfaces/msg/TypeDescription.idl
-- Installing: /home/rasp/ros2_ws/install/type_description_interfaces/share/type_description_interfaces/msg/TypeSource.idl
-- Installing: /home/rasp/ros2_ws/install/type_description_interfaces/share/type_description_interfaces/srv/GetTypeDescription.idl
-- Installing: /home/rasp/ros2_ws/install/type_description_interfaces/share/type_description_interfaces/msg/Field.msg
-- Installing: /home/rasp/ros2_ws/install/type_description_interfaces/share/type_description_interfaces/msg/FieldType.msg
-- Installing: /home/rasp/ros2_ws/install/type_description_interfaces/share/type_description_interfaces/msg/IndividualTypeDescription.msg
-- Installing: /home/rasp/ros2_ws/install/type_description_interfaces/share/type_description_interfaces/msg/KeyValue.msg
-- Installing: /home/rasp/ros2_ws/install/type_description_interfaces/share/type_description_interfaces/msg/TypeDescription.msg
-- Installing: /home/rasp/ros2_ws/install/type_description_interfaces/share/type_description_interfaces/msg/TypeSource.msg
-- Installing: /home/rasp/ros2_ws/install/type_description_interfaces/share/type_description_interfaces/srv/GetTypeDescription.srv
-- Installing: /home/rasp/ros2_ws/install/type_description_interfaces/share/ament_index/resource_index/package_run_dependencies/type_description_interfaces
-- Installing: /home/rasp/ros2_ws/install/type_description_interfaces/share/ament_index/resource_index/parent_prefix_path/type_description_interfaces
-- Installing: /home/rasp/ros2_ws/install/type_description_interfaces/share/type_description_interfaces/environment/ament_prefix_path.sh
-- Installing: /home/rasp/ros2_ws/install/type_description_interfaces/share/type_description_interfaces/environment/ament_prefix_path.dsv
-- Installing: /home/rasp/ros2_ws/install/type_description_interfaces/share/type_description_interfaces/environment/path.sh
-- Installing: /home/rasp/ros2_ws/install/type_description_interfaces/share/type_description_interfaces/environment/path.dsv
-- Installing: /home/rasp/ros2_ws/install/type_description_interfaces/share/type_description_interfaces/local_setup.bash
-- Installing: /home/rasp/ros2_ws/install/type_description_interfaces/share/type_description_interfaces/local_setup.sh
-- Installing: /home/rasp/ros2_ws/install/type_description_interfaces/share/type_description_interfaces/local_setup.zsh
-- Installing: /home/rasp/ros2_ws/install/type_description_interfaces/share/type_description_interfaces/local_setup.dsv
-- Installing: /home/rasp/ros2_ws/install/type_description_interfaces/share/type_description_interfaces/package.dsv
-- Installing: /home/rasp/ros2_ws/install/type_description_interfaces/share/ament_index/resource_index/packages/type_description_interfaces
-- Installing: /home/rasp/ros2_ws/install/type_description_interfaces/share/type_description_interfaces/cmake/export_type_description_interfaces__rosidl_generator_cExport.cmake
-- Installing: /home/rasp/ros2_ws/install/type_description_interfaces/share/type_description_interfaces/cmake/export_type_description_interfaces__rosidl_generator_cExport-noconfig.cmake
-- Installing: /home/rasp/ros2_ws/install/type_description_interfaces/share/type_description_interfaces/cmake/export_type_description_interfaces__rosidl_typesupport_fastrtps_cExport.cmake
-- Installing: /home/rasp/ros2_ws/install/type_description_interfaces/share/type_description_interfaces/cmake/export_type_description_interfaces__rosidl_typesupport_fastrtps_cExport-noconfig.cmake
-- Installing: /home/rasp/ros2_ws/install/type_description_interfaces/share/type_description_interfaces/cmake/type_description_interfaces__rosidl_typesupport_introspection_cExport.cmake
-- Installing: /home/rasp/ros2_ws/install/type_description_interfaces/share/type_description_interfaces/cmake/type_description_interfaces__rosidl_typesupport_introspection_cExport-noconfig.cmake
-- Installing: /home/rasp/ros2_ws/install/type_description_interfaces/share/type_description_interfaces/cmake/type_description_interfaces__rosidl_typesupport_cExport.cmake
-- Installing: /home/rasp/ros2_ws/install/type_description_interfaces/share/type_description_interfaces/cmake/type_description_interfaces__rosidl_typesupport_cExport-noconfig.cmake
-- Installing: /home/rasp/ros2_ws/install/type_description_interfaces/share/type_description_interfaces/cmake/export_type_description_interfaces__rosidl_generator_cppExport.cmake
-- Installing: /home/rasp/ros2_ws/install/type_description_interfaces/share/type_description_interfaces/cmake/export_type_description_interfaces__rosidl_typesupport_fastrtps_cppExport.cmake
-- Installing: /home/rasp/ros2_ws/install/type_description_interfaces/share/type_description_interfaces/cmake/export_type_description_interfaces__rosidl_typesupport_fastrtps_cppExport-noconfig.cmake
-- Installing: /home/rasp/ros2_ws/install/type_description_interfaces/share/type_description_interfaces/cmake/type_description_interfaces__rosidl_typesupport_introspection_cppExport.cmake
-- Installing: /home/rasp/ros2_ws/install/type_description_interfaces/share/type_description_interfaces/cmake/type_description_interfaces__rosidl_typesupport_introspection_cppExport-noconfig.cmake
-- Installing: /home/rasp/ros2_ws/install/type_description_interfaces/share/type_description_interfaces/cmake/type_description_interfaces__rosidl_typesupport_cppExport.cmake
-- Installing: /home/rasp/ros2_ws/install/type_description_interfaces/share/type_description_interfaces/cmake/type_description_interfaces__rosidl_typesupport_cppExport-noconfig.cmake
-- Installing: /home/rasp/ros2_ws/install/type_description_interfaces/share/type_description_interfaces/cmake/export_type_description_interfaces__rosidl_generator_pyExport.cmake
-- Installing: /home/rasp/ros2_ws/install/type_description_interfaces/share/type_description_interfaces/cmake/export_type_description_interfaces__rosidl_generator_pyExport-noconfig.cmake
-- Installing: /home/rasp/ros2_ws/install/type_description_interfaces/share/type_description_interfaces/cmake/rosidl_cmake-extras.cmake
-- Installing: /home/rasp/ros2_ws/install/type_description_interfaces/share/type_description_interfaces/cmake/ament_cmake_export_dependencies-extras.cmake
-- Installing: /home/rasp/ros2_ws/install/type_description_interfaces/share/type_description_interfaces/cmake/ament_cmake_export_include_directories-extras.cmake
-- Installing: /home/rasp/ros2_ws/install/type_description_interfaces/share/type_description_interfaces/cmake/ament_cmake_export_libraries-extras.cmake
-- Installing: /home/rasp/ros2_ws/install/type_description_interfaces/share/type_description_interfaces/cmake/ament_cmake_export_targets-extras.cmake
-- Installing: /home/rasp/ros2_ws/install/type_description_interfaces/share/type_description_interfaces/cmake/rosidl_cmake_export_typesupport_targets-extras.cmake
-- Installing: /home/rasp/ros2_ws/install/type_description_interfaces/share/type_description_interfaces/cmake/rosidl_cmake_export_typesupport_libraries-extras.cmake
-- Installing: /home/rasp/ros2_ws/install/type_description_interfaces/share/type_description_interfaces/cmake/type_description_interfacesConfig.cmake
-- Installing: /home/rasp/ros2_ws/install/type_description_interfaces/share/type_description_interfaces/cmake/type_description_interfacesConfig-version.cmake
-- Installing: /home/rasp/ros2_ws/install/type_description_interfaces/share/type_description_interfaces/package.xml
