[0.018s] Invoking command in '/home/rasp/ros2_ws/build/microcdr': DEBUGINFOD_URLS=https://debuginfod.ubuntu.com /usr/bin/cmake /home/rasp/ros2_ws/src/eProsima/Micro-CDR -DBUILD_TESTING=OFF -DBUILD_SHARED_LIBS=ON -DUCDR_ISOLATED_INSTALL=OFF -DBUILD_SHARED_LIBS=ON -DCMAKE_INSTALL_PREFIX=/home/rasp/ros2_ws/install/microcdr
[0.038s] -- Setting build type to 'Release' as none was specified.
[0.137s] -- The C compiler identification is GNU 13.3.0
[0.159s] -- Detecting C compiler ABI info
[0.271s] -- Detecting C compiler ABI info - done
[0.279s] -- Check for working C compiler: /usr/bin/cc - skipped
[0.279s] -- Detecting C compile features
[0.280s] -- Detecting C compile features - done
[0.348s] -- The CXX compiler identification is GNU 13.3.0
[0.366s] -- Detecting CXX compiler ABI info
[0.484s] -- Detecting CXX compiler ABI info - done
[0.493s] -- Check for working CXX compiler: /usr/bin/c++ - skipped
[0.493s] -- Detecting CXX compile features
[0.493s] -- Detecting CXX compile features - done
[0.506s] -- Configuring done (0.5s)
[0.510s] -- Generating done (0.0s)
[0.510s] [33mCMake Warning:
[0.510s]   Manually-specified variables were not used by the project:
[0.510s] 
[0.510s]     BUILD_TESTING
[0.511s] 
[0.511s] [0m
[0.511s] -- Build files have been written to: /home/rasp/ros2_ws/build/microcdr
[0.516s] Invoked command in '/home/rasp/ros2_ws/build/microcdr' returned '0': DEBUGINFOD_URLS=https://debuginfod.ubuntu.com /usr/bin/cmake /home/rasp/ros2_ws/src/eProsima/Micro-CDR -DBUILD_TESTING=OFF -DBUILD_SHARED_LIBS=ON -DUCDR_ISOLATED_INSTALL=OFF -DBUILD_SHARED_LIBS=ON -DCMAKE_INSTALL_PREFIX=/home/rasp/ros2_ws/install/microcdr
[0.517s] Invoking command in '/home/rasp/ros2_ws/build/microcdr': DEBUGINFOD_URLS=https://debuginfod.ubuntu.com /usr/bin/cmake --build /home/rasp/ros2_ws/build/microcdr -- -j2 -l2
[0.583s] [ 12%] [34m[1mCreating directories for 'ucdr'[0m
[0.617s] [ 25%] [34m[1mNo download step for 'ucdr'[0m
[0.649s] [ 37%] [34m[1mNo update step for 'ucdr'[0m
[0.681s] [ 50%] [34m[1mNo patch step for 'ucdr'[0m
[0.712s] [ 62%] [34m[1mPerforming configure step for 'ucdr'[0m
[0.726s] loading initial cache file /home/rasp/ros2_ws/build/microcdr/ucdr-prefix/tmp/ucdr-cache-Release.cmake
[0.746s] -- Configuring done (0.0s)
[0.752s] -- Generating done (0.0s)
[0.754s] -- Build files have been written to: /home/rasp/ros2_ws/build/microcdr
[0.778s] [ 75%] [34m[1mPerforming build step for 'ucdr'[0m
[0.837s] [ 33%] [32mBuilding C object CMakeFiles/microcdr.dir/src/c/common.c.o[0m
[0.837s] [ 33%] [32mBuilding C object CMakeFiles/microcdr.dir/src/c/types/basic.c.o[0m
[0.942s] [ 50%] [32mBuilding C object CMakeFiles/microcdr.dir/src/c/types/string.c.o[0m
[0.988s] [ 66%] [32mBuilding C object CMakeFiles/microcdr.dir/src/c/types/array.c.o[0m
[1.193s] [ 83%] [32mBuilding C object CMakeFiles/microcdr.dir/src/c/types/sequence.c.o[0m
[1.349s] [100%] [32m[1mLinking C shared library libmicrocdr.so[0m
[1.424s] [100%] Built target microcdr
[1.462s] [34m[1mNo install step for 'ucdr'[0m
[1.494s] [34m[1mCompleted 'ucdr'[0m
[1.542s] Built target ucdr
[1.558s] Invoked command in '/home/rasp/ros2_ws/build/microcdr' returned '0': DEBUGINFOD_URLS=https://debuginfod.ubuntu.com /usr/bin/cmake --build /home/rasp/ros2_ws/build/microcdr -- -j2 -l2
[1.570s] Invoking command in '/home/rasp/ros2_ws/build/microcdr': DEBUGINFOD_URLS=https://debuginfod.ubuntu.com /usr/bin/cmake --install /home/rasp/ros2_ws/build/microcdr
[1.582s] -- Install configuration: "Release"
[1.582s] -- Installing: /home/rasp/ros2_ws/install/microcdr/lib/libmicrocdr.so.2.0.1
[1.582s] -- Installing: /home/rasp/ros2_ws/install/microcdr/lib/libmicrocdr.so.2.0
[1.582s] -- Installing: /home/rasp/ros2_ws/install/microcdr/lib/libmicrocdr.so
[1.582s] -- Installing: /home/rasp/ros2_ws/install/microcdr/include/ucdr
[1.582s] -- Installing: /home/rasp/ros2_ws/install/microcdr/include/ucdr/visibility.h
[1.582s] -- Installing: /home/rasp/ros2_ws/install/microcdr/include/ucdr/microcdr.h
[1.582s] -- Installing: /home/rasp/ros2_ws/install/microcdr/include/ucdr/config.h
[1.582s] -- Installing: /home/rasp/ros2_ws/install/microcdr/share/microcdr/cmake/microcdrTargets.cmake
[1.583s] -- Installing: /home/rasp/ros2_ws/install/microcdr/share/microcdr/cmake/microcdrTargets-release.cmake
[1.583s] -- Installing: /home/rasp/ros2_ws/install/microcdr/share/microcdr/cmake/microcdrConfig.cmake
[1.583s] -- Installing: /home/rasp/ros2_ws/install/microcdr/share/microcdr/cmake/microcdrConfigVersion.cmake
[1.585s] Invoked command in '/home/rasp/ros2_ws/build/microcdr' returned '0': DEBUGINFOD_URLS=https://debuginfod.ubuntu.com /usr/bin/cmake --install /home/rasp/ros2_ws/build/microcdr
