[0.013s] Invoking command in '/home/rasp/ros2_ws/build/robot_nav': CMAKE_PREFIX_PATH=${CMAKE_PREFIX_PATH}:/home/rasp/ros2_ws/install/sensor_msgs_py:/opt/ros/jazzy DEBUGINFOD_URLS=https://debuginfod.ubuntu.com /usr/bin/cmake /home/rasp/ros2_ws/src/robot_nav -DCMAKE_INSTALL_PREFIX=/home/rasp/ros2_ws/install/robot_nav
[0.193s] -- The C compiler identification is GNU 13.3.0
[0.332s] -- The CXX compiler identification is GNU 13.3.0
[0.363s] -- Detecting C compiler ABI info
[0.517s] -- Detecting C compiler ABI info - done
[0.524s] -- Check for working C compiler: /usr/bin/cc - skipped
[0.525s] -- Detecting C compile features
[0.526s] -- Detecting C compile features - done
[0.541s] -- Detecting CXX compiler ABI info
[0.701s] -- Detecting CXX compiler ABI info - done
[0.711s] -- Check for working CXX compiler: /usr/bin/c++ - skipped
[0.711s] -- Detecting CXX compile features
[0.713s] -- Detecting CXX compile features - done
[0.737s] -- Found ament_cmake: 2.5.3 (/opt/ros/jazzy/share/ament_cmake/cmake)
[0.991s] -- Found Python3: /usr/bin/python3 (found version "3.12.3") found components: Interpreter 
[1.356s] -- Configuring done (1.3s)
[1.360s] -- Generating done (0.0s)
[1.362s] -- Build files have been written to: /home/rasp/ros2_ws/build/robot_nav
[1.369s] Invoked command in '/home/rasp/ros2_ws/build/robot_nav' returned '0': CMAKE_PREFIX_PATH=${CMAKE_PREFIX_PATH}:/home/rasp/ros2_ws/install/sensor_msgs_py:/opt/ros/jazzy DEBUGINFOD_URLS=https://debuginfod.ubuntu.com /usr/bin/cmake /home/rasp/ros2_ws/src/robot_nav -DCMAKE_INSTALL_PREFIX=/home/rasp/ros2_ws/install/robot_nav
[1.369s] Invoking command in '/home/rasp/ros2_ws/build/robot_nav': CMAKE_PREFIX_PATH=${CMAKE_PREFIX_PATH}:/home/rasp/ros2_ws/install/sensor_msgs_py:/opt/ros/jazzy DEBUGINFOD_URLS=https://debuginfod.ubuntu.com /usr/bin/cmake --build /home/rasp/ros2_ws/build/robot_nav -- -j2 -l2
[1.436s] Invoked command in '/home/rasp/ros2_ws/build/robot_nav' returned '0': CMAKE_PREFIX_PATH=${CMAKE_PREFIX_PATH}:/home/rasp/ros2_ws/install/sensor_msgs_py:/opt/ros/jazzy DEBUGINFOD_URLS=https://debuginfod.ubuntu.com /usr/bin/cmake --build /home/rasp/ros2_ws/build/robot_nav -- -j2 -l2
[1.437s] Invoking command in '/home/rasp/ros2_ws/build/robot_nav': CMAKE_PREFIX_PATH=${CMAKE_PREFIX_PATH}:/home/rasp/ros2_ws/install/sensor_msgs_py:/opt/ros/jazzy DEBUGINFOD_URLS=https://debuginfod.ubuntu.com /usr/bin/cmake --install /home/rasp/ros2_ws/build/robot_nav
[1.451s] -- Install configuration: ""
[1.451s] -- Installing: /home/rasp/ros2_ws/install/robot_nav/share/robot_nav/launch
[1.452s] -- Installing: /home/rasp/ros2_ws/install/robot_nav/share/robot_nav/launch/rviz_launch.py
[1.452s] -- Installing: /home/rasp/ros2_ws/install/robot_nav/share/robot_nav/launch/navigation_launch.py
[1.452s] -- Installing: /home/rasp/ros2_ws/install/robot_nav/share/robot_nav/launch/bringup_launch.py
[1.452s] -- Installing: /home/rasp/ros2_ws/install/robot_nav/share/robot_nav/launch/localization_launch.py
[1.452s] -- Installing: /home/rasp/ros2_ws/install/robot_nav/share/robot_nav/launch/slam_launch.py
[1.453s] -- Installing: /home/rasp/ros2_ws/install/robot_nav/share/robot_nav/launch/amcl.launch.py
[1.453s] -- Installing: /home/rasp/ros2_ws/install/robot_nav/share/robot_nav/map
[1.453s] -- Installing: /home/rasp/ros2_ws/install/robot_nav/share/robot_nav/map/map_1741862448.pgm
[1.454s] -- Installing: /home/rasp/ros2_ws/install/robot_nav/share/robot_nav/map/map_1742316237.yaml
[1.455s] -- Installing: /home/rasp/ros2_ws/install/robot_nav/share/robot_nav/map/map_1742316237.pgm
[1.455s] -- Installing: /home/rasp/ros2_ws/install/robot_nav/share/robot_nav/map/map_1741862448.yaml
[1.455s] -- Installing: /home/rasp/ros2_ws/install/robot_nav/share/robot_nav/config
[1.455s] -- Installing: /home/rasp/ros2_ws/install/robot_nav/share/robot_nav/config/mapper_params_online_async.yaml
[1.455s] -- Installing: /home/rasp/ros2_ws/install/robot_nav/share/robot_nav/config/nav2_params.yaml
[1.455s] -- Installing: /home/rasp/ros2_ws/install/robot_nav/share/ament_index/resource_index/package_run_dependencies/robot_nav
[1.455s] -- Installing: /home/rasp/ros2_ws/install/robot_nav/share/ament_index/resource_index/parent_prefix_path/robot_nav
[1.456s] -- Installing: /home/rasp/ros2_ws/install/robot_nav/share/robot_nav/environment/ament_prefix_path.sh
[1.456s] -- Installing: /home/rasp/ros2_ws/install/robot_nav/share/robot_nav/environment/ament_prefix_path.dsv
[1.456s] -- Installing: /home/rasp/ros2_ws/install/robot_nav/share/robot_nav/environment/path.sh
[1.456s] -- Installing: /home/rasp/ros2_ws/install/robot_nav/share/robot_nav/environment/path.dsv
[1.456s] -- Installing: /home/rasp/ros2_ws/install/robot_nav/share/robot_nav/local_setup.bash
[1.456s] -- Installing: /home/rasp/ros2_ws/install/robot_nav/share/robot_nav/local_setup.sh
[1.456s] -- Installing: /home/rasp/ros2_ws/install/robot_nav/share/robot_nav/local_setup.zsh
[1.457s] -- Installing: /home/rasp/ros2_ws/install/robot_nav/share/robot_nav/local_setup.dsv
[1.459s] -- Installing: /home/rasp/ros2_ws/install/robot_nav/share/robot_nav/package.dsv
[1.459s] -- Installing: /home/rasp/ros2_ws/install/robot_nav/share/ament_index/resource_index/packages/robot_nav
[1.459s] -- Installing: /home/rasp/ros2_ws/install/robot_nav/share/robot_nav/cmake/robot_navConfig.cmake
[1.459s] -- Installing: /home/rasp/ros2_ws/install/robot_nav/share/robot_nav/cmake/robot_navConfig-version.cmake
[1.459s] -- Installing: /home/rasp/ros2_ws/install/robot_nav/share/robot_nav/package.xml
[1.461s] Invoked command in '/home/rasp/ros2_ws/build/robot_nav' returned '0': CMAKE_PREFIX_PATH=${CMAKE_PREFIX_PATH}:/home/rasp/ros2_ws/install/sensor_msgs_py:/opt/ros/jazzy DEBUGINFOD_URLS=https://debuginfod.ubuntu.com /usr/bin/cmake --install /home/rasp/ros2_ws/build/robot_nav
