[  1%] Built target micro_ros_msgs__rosidl_generator_type_description
[  1%] Built target ament_cmake_python_copy_micro_ros_msgs
[  3%] Built target micro_ros_msgs__cpp
[ 19%] Built target micro_ros_msgs__rosidl_generator_c
[ 27%] Built target micro_ros_msgs__rosidl_typesupport_microxrcedds_cpp
[ 34%] Built target micro_ros_msgs__rosidl_typesupport_fastrtps_cpp
[ 42%] Built target micro_ros_msgs__rosidl_typesupport_introspection_cpp
running egg_info
writing micro_ros_msgs.egg-info/PKG-INFO
writing dependency_links to micro_ros_msgs.egg-info/dependency_links.txt
writing top-level names to micro_ros_msgs.egg-info/top_level.txt
[ 50%] Built target micro_ros_msgs__rosidl_typesupport_cpp
reading manifest file 'micro_ros_msgs.egg-info/SOURCES.txt'
writing manifest file 'micro_ros_msgs.egg-info/SOURCES.txt'
[ 57%] Built target micro_ros_msgs__rosidl_typesupport_microxrcedds_c
[ 57%] Built target ament_cmake_python_build_micro_ros_msgs_egg
[ 65%] Built target micro_ros_msgs__rosidl_typesupport_fastrtps_c
[ 72%] Built target micro_ros_msgs__rosidl_typesupport_introspection_c
[ 80%] Built target micro_ros_msgs__rosidl_typesupport_c
[ 80%] Built target micro_ros_msgs
[ 81%] Built target micro_ros_msgs__py
[ 87%] Built target micro_ros_msgs__rosidl_generator_py
[ 93%] Built target micro_ros_msgs_s__rosidl_typesupport_fastrtps_c
[ 93%] Built target micro_ros_msgs_s__rosidl_typesupport_microxrcedds_c
[ 96%] Built target micro_ros_msgs_s__rosidl_typesupport_introspection_c
[100%] Built target micro_ros_msgs_s__rosidl_typesupport_c
