[0.026s] Invoking command in '/home/rasp/ros2_ws/build/laser_filters': CMAKE_PREFIX_PATH=${CMAKE_PREFIX_PATH}:/home/rasp/ros2_ws/install/sensor_msgs_py:/home/rasp/ros2_ws/install/robot_description:/opt/ros/jazzy DEBUGINFOD_URLS=https://debuginfod.ubuntu.com /usr/bin/cmake --build /home/rasp/ros2_ws/build/laser_filters -- -j2 -l2
[0.313s] [  8%] Built target scan_to_cloud_filter_chain
[0.328s] [ 17%] Built target laser_scan_filters
[0.417s] [ 26%] Built target scan_to_scan_filter_chain
[0.427s] [ 34%] Built target gtest_main
[0.528s] [ 43%] Built target gtest
[0.560s] [ 56%] Built target laser_filter_chains
[0.632s] [ 65%] Built target test_scan_filter_chain
[0.666s] [ 73%] Built target test_shadow_detector
[0.745s] [ 82%] Built target test_speckle_filter
[0.772s] [ 91%] Built target test_scan_shadows_filter
[0.829s] [100%] Built target generic_laser_filter_node
[0.860s] Invoked command in '/home/rasp/ros2_ws/build/laser_filters' returned '0': CMAKE_PREFIX_PATH=${CMAKE_PREFIX_PATH}:/home/rasp/ros2_ws/install/sensor_msgs_py:/home/rasp/ros2_ws/install/robot_description:/opt/ros/jazzy DEBUGINFOD_URLS=https://debuginfod.ubuntu.com /usr/bin/cmake --build /home/rasp/ros2_ws/build/laser_filters -- -j2 -l2
[0.898s] Invoking command in '/home/rasp/ros2_ws/build/laser_filters': CMAKE_PREFIX_PATH=${CMAKE_PREFIX_PATH}:/home/rasp/ros2_ws/install/sensor_msgs_py:/home/rasp/ros2_ws/install/robot_description:/opt/ros/jazzy DEBUGINFOD_URLS=https://debuginfod.ubuntu.com /usr/bin/cmake --install /home/rasp/ros2_ws/build/laser_filters
[0.924s] -- Install configuration: ""
[0.927s] -- Up-to-date: /home/rasp/ros2_ws/install/laser_filters/lib/laser_filters/scan_to_cloud_filter_chain
[0.928s] -- Up-to-date: /home/rasp/ros2_ws/install/laser_filters/lib/laser_filters/scan_to_scan_filter_chain
[0.929s] -- Up-to-date: /home/rasp/ros2_ws/install/laser_filters/share/laser_filters/laser_filters_plugins.xml
[0.929s] -- Up-to-date: /home/rasp/ros2_ws/install/laser_filters/include
[0.930s] -- Up-to-date: /home/rasp/ros2_ws/install/laser_filters/include/laser_filters
[0.930s] -- Up-to-date: /home/rasp/ros2_ws/install/laser_filters/include/laser_filters/scan_mask_filter.h
[0.930s] -- Up-to-date: /home/rasp/ros2_ws/install/laser_filters/include/laser_filters/array_filter.h
[0.931s] -- Up-to-date: /home/rasp/ros2_ws/install/laser_filters/include/laser_filters/angular_bounds_filter.h
[0.931s] -- Up-to-date: /home/rasp/ros2_ws/install/laser_filters/include/laser_filters/scan_shadows_filter.h
[0.931s] -- Up-to-date: /home/rasp/ros2_ws/install/laser_filters/include/laser_filters/scan_blob_filter.h
[0.931s] -- Up-to-date: /home/rasp/ros2_ws/install/laser_filters/include/laser_filters/range_filter.h
[0.931s] -- Up-to-date: /home/rasp/ros2_ws/install/laser_filters/include/laser_filters/box_filter.h
[0.931s] -- Up-to-date: /home/rasp/ros2_ws/install/laser_filters/include/laser_filters/interpolation_filter.h
[0.933s] -- Up-to-date: /home/rasp/ros2_ws/install/laser_filters/include/laser_filters/footprint_filter.h
[0.933s] -- Up-to-date: /home/rasp/ros2_ws/install/laser_filters/include/laser_filters/scan_shadow_detector.h
[0.933s] -- Up-to-date: /home/rasp/ros2_ws/install/laser_filters/include/laser_filters/sector_filter.h
[0.933s] -- Up-to-date: /home/rasp/ros2_ws/install/laser_filters/include/laser_filters/speckle_filter.h
[0.933s] -- Up-to-date: /home/rasp/ros2_ws/install/laser_filters/include/laser_filters/median_spatial_filter.h
[0.933s] -- Up-to-date: /home/rasp/ros2_ws/install/laser_filters/include/laser_filters/intensity_filter.h
[0.933s] -- Up-to-date: /home/rasp/ros2_ws/install/laser_filters/include/laser_filters/polygon_filter.h
[0.933s] -- Up-to-date: /home/rasp/ros2_ws/install/laser_filters/include/laser_filters/median_filter.h
[0.933s] -- Up-to-date: /home/rasp/ros2_ws/install/laser_filters/include/laser_filters/angular_bounds_filter_in_place.h
[0.934s] -- Up-to-date: /home/rasp/ros2_ws/install/laser_filters/share/laser_filters/environment/library_path.sh
[0.934s] -- Up-to-date: /home/rasp/ros2_ws/install/laser_filters/share/laser_filters/environment/library_path.dsv
[0.935s] -- Up-to-date: /home/rasp/ros2_ws/install/laser_filters/lib/liblaser_scan_filters.so
[0.939s] -- Up-to-date: /home/rasp/ros2_ws/install/laser_filters/lib/liblaser_filter_chains.so
[0.939s] -- Up-to-date: /home/rasp/ros2_ws/install/laser_filters/lib/laser_filters/generic_laser_filter_node
[0.939s] -- Up-to-date: /home/rasp/ros2_ws/install/laser_filters/share/laser_filters/examples
[0.941s] -- Up-to-date: /home/rasp/ros2_ws/install/laser_filters/share/laser_filters/examples/median_spatial_filter.launch.py
[0.941s] -- Up-to-date: /home/rasp/ros2_ws/install/laser_filters/share/laser_filters/examples/median_spatial_filter.launch.xml
[0.941s] -- Up-to-date: /home/rasp/ros2_ws/install/laser_filters/share/laser_filters/examples/range_filter_example.launch.py
[0.941s] -- Up-to-date: /home/rasp/ros2_ws/install/laser_filters/share/laser_filters/examples/pass_through_example.launch.py
[0.941s] -- Up-to-date: /home/rasp/ros2_ws/install/laser_filters/share/laser_filters/examples/intensity_filter_example.launch.py
[0.941s] -- Up-to-date: /home/rasp/ros2_ws/install/laser_filters/share/laser_filters/examples/shadow_filter_example.yaml
[0.943s] -- Up-to-date: /home/rasp/ros2_ws/install/laser_filters/share/laser_filters/examples/angular_filter_example.launch.py
[0.945s] -- Up-to-date: /home/rasp/ros2_ws/install/laser_filters/share/laser_filters/examples/range_filter_example.yaml
[0.945s] -- Up-to-date: /home/rasp/ros2_ws/install/laser_filters/share/laser_filters/examples/speckle_filter_example.yaml
[0.945s] -- Up-to-date: /home/rasp/ros2_ws/install/laser_filters/share/laser_filters/examples/median_spatial_filter_example.yaml
[0.945s] -- Up-to-date: /home/rasp/ros2_ws/install/laser_filters/share/laser_filters/examples/scan_blob_filter_example.yaml
[0.945s] -- Up-to-date: /home/rasp/ros2_ws/install/laser_filters/share/laser_filters/examples/scan_blob_filter_example.launch.py
[0.945s] -- Up-to-date: /home/rasp/ros2_ws/install/laser_filters/share/laser_filters/examples/sector_filter_example.launch.py
[0.945s] -- Up-to-date: /home/rasp/ros2_ws/install/laser_filters/share/laser_filters/examples/angular_filter_example.yaml
[0.945s] -- Up-to-date: /home/rasp/ros2_ws/install/laser_filters/share/laser_filters/examples/sector_filter_example.yaml
[0.945s] -- Up-to-date: /home/rasp/ros2_ws/install/laser_filters/share/laser_filters/examples/speckle_filter_example.launch
[0.945s] -- Up-to-date: /home/rasp/ros2_ws/install/laser_filters/share/laser_filters/examples/footprint_filter_example.yaml
[0.946s] -- Up-to-date: /home/rasp/ros2_ws/install/laser_filters/share/laser_filters/examples/multiple_filters_example.launch.py
[0.946s] -- Up-to-date: /home/rasp/ros2_ws/install/laser_filters/share/laser_filters/examples/pass_through_example.yaml
[0.946s] -- Up-to-date: /home/rasp/ros2_ws/install/laser_filters/share/laser_filters/examples/polygon_filter_example.launch.py
[0.946s] -- Up-to-date: /home/rasp/ros2_ws/install/laser_filters/share/laser_filters/examples/median_filter_example.launch.py
[0.946s] -- Up-to-date: /home/rasp/ros2_ws/install/laser_filters/share/laser_filters/examples/median_filter_example.yaml
[0.946s] -- Up-to-date: /home/rasp/ros2_ws/install/laser_filters/share/laser_filters/examples/multiple_filters_example.yaml
[0.946s] -- Up-to-date: /home/rasp/ros2_ws/install/laser_filters/share/laser_filters/examples/intensity_filter_example.yaml
[0.946s] -- Up-to-date: /home/rasp/ros2_ws/install/laser_filters/share/laser_filters/examples/polygon_filter_example.yaml
[0.946s] -- Up-to-date: /home/rasp/ros2_ws/install/laser_filters/share/laser_filters/examples/footprint_filter_example.launch.py
[0.946s] -- Up-to-date: /home/rasp/ros2_ws/install/laser_filters/share/laser_filters/examples/box_filter_example.launch.py
[0.946s] -- Up-to-date: /home/rasp/ros2_ws/install/laser_filters/share/laser_filters/examples/mask_filter_example.launch.py
[0.946s] -- Up-to-date: /home/rasp/ros2_ws/install/laser_filters/share/laser_filters/examples/box_filter_example.yaml
[0.946s] -- Up-to-date: /home/rasp/ros2_ws/install/laser_filters/share/laser_filters/examples/shadow_filter_example.launch.py
[0.946s] -- Up-to-date: /home/rasp/ros2_ws/install/laser_filters/share/laser_filters/examples/mask_filter_example.yaml
[0.946s] -- Up-to-date: /home/rasp/ros2_ws/install/laser_filters/share/laser_filters/test
[0.946s] -- Up-to-date: /home/rasp/ros2_ws/install/laser_filters/share/laser_filters/test/test_scan_filter_chain.cpp
[0.946s] -- Up-to-date: /home/rasp/ros2_ws/install/laser_filters/share/laser_filters/test/test_speckle_filter.cpp
[0.946s] -- Up-to-date: /home/rasp/ros2_ws/install/laser_filters/share/laser_filters/test/test_polygon_filter.test.py
[0.947s] -- Up-to-date: /home/rasp/ros2_ws/install/laser_filters/share/laser_filters/test/test_shadow_detector.cpp
[0.947s] -- Up-to-date: /home/rasp/ros2_ws/install/laser_filters/share/laser_filters/test/test_speckle_filter.yaml
[0.947s] -- Up-to-date: /home/rasp/ros2_ws/install/laser_filters/share/laser_filters/test/test_scan_shadows_filter.cpp
[0.947s] -- Up-to-date: /home/rasp/ros2_ws/install/laser_filters/share/laser_filters/test/test_scan_filter_chain.yaml
[0.947s] -- Up-to-date: /home/rasp/ros2_ws/install/laser_filters/share/laser_filters/test/fake_laser.py
[0.947s] -- Up-to-date: /home/rasp/ros2_ws/install/laser_filters/share/laser_filters/test/test_polygon_filter.yaml
[0.947s] -- Up-to-date: /home/rasp/ros2_ws/install/laser_filters/share/laser_filters/test/test_scan_filter_chain.launch
[0.947s] -- Up-to-date: /home/rasp/ros2_ws/install/laser_filters/share/laser_filters/test/test_speckle_filter.test.py
[0.947s] -- Up-to-date: /home/rasp/ros2_ws/install/laser_filters/share/ament_index/resource_index/package_run_dependencies/laser_filters
[0.947s] -- Up-to-date: /home/rasp/ros2_ws/install/laser_filters/share/ament_index/resource_index/parent_prefix_path/laser_filters
[0.947s] -- Up-to-date: /home/rasp/ros2_ws/install/laser_filters/share/laser_filters/environment/ament_prefix_path.sh
[0.947s] -- Up-to-date: /home/rasp/ros2_ws/install/laser_filters/share/laser_filters/environment/ament_prefix_path.dsv
[0.947s] -- Up-to-date: /home/rasp/ros2_ws/install/laser_filters/share/laser_filters/environment/path.sh
[0.947s] -- Up-to-date: /home/rasp/ros2_ws/install/laser_filters/share/laser_filters/environment/path.dsv
[0.947s] -- Up-to-date: /home/rasp/ros2_ws/install/laser_filters/share/laser_filters/local_setup.bash
[0.948s] -- Up-to-date: /home/rasp/ros2_ws/install/laser_filters/share/laser_filters/local_setup.sh
[0.948s] -- Up-to-date: /home/rasp/ros2_ws/install/laser_filters/share/laser_filters/local_setup.zsh
[0.948s] -- Up-to-date: /home/rasp/ros2_ws/install/laser_filters/share/laser_filters/local_setup.dsv
[0.948s] -- Installing: /home/rasp/ros2_ws/install/laser_filters/share/laser_filters/package.dsv
[0.948s] -- Up-to-date: /home/rasp/ros2_ws/install/laser_filters/share/ament_index/resource_index/packages/laser_filters
[0.950s] -- Up-to-date: /home/rasp/ros2_ws/install/laser_filters/share/ament_index/resource_index/filters__pluginlib__plugin/laser_filters
[0.950s] -- Up-to-date: /home/rasp/ros2_ws/install/laser_filters/share/ament_index/resource_index/rclcpp_components/laser_filters
[0.950s] -- Up-to-date: /home/rasp/ros2_ws/install/laser_filters/share/laser_filters/cmake/ament_cmake_export_dependencies-extras.cmake
[0.950s] -- Up-to-date: /home/rasp/ros2_ws/install/laser_filters/share/laser_filters/cmake/ament_cmake_export_include_directories-extras.cmake
[0.950s] -- Up-to-date: /home/rasp/ros2_ws/install/laser_filters/share/laser_filters/cmake/ament_cmake_export_libraries-extras.cmake
[0.950s] -- Up-to-date: /home/rasp/ros2_ws/install/laser_filters/share/laser_filters/cmake/laser_filtersConfig.cmake
[0.950s] -- Up-to-date: /home/rasp/ros2_ws/install/laser_filters/share/laser_filters/cmake/laser_filtersConfig-version.cmake
[0.951s] -- Up-to-date: /home/rasp/ros2_ws/install/laser_filters/share/laser_filters/package.xml
[0.953s] Invoked command in '/home/rasp/ros2_ws/build/laser_filters' returned '0': CMAKE_PREFIX_PATH=${CMAKE_PREFIX_PATH}:/home/rasp/ros2_ws/install/sensor_msgs_py:/home/rasp/ros2_ws/install/robot_description:/opt/ros/jazzy DEBUGINFOD_URLS=https://debuginfod.ubuntu.com /usr/bin/cmake --install /home/rasp/ros2_ws/build/laser_filters
