-- The C compiler identification is GNU 13.3.0
-- The CXX compiler identification is GNU 13.3.0
-- Detecting C compiler ABI info
-- Detecting C compiler ABI info - done
-- Check for working C compiler: /usr/bin/cc - skipped
-- Detecting C compile features
-- Detecting C compile features - done
-- Detecting CXX compiler ABI info
-- Detecting CXX compiler ABI info - done
-- Check for working CXX compiler: /usr/bin/c++ - skipped
-- Detecting CXX compile features
-- Detecting CXX compile features - done
-- Found ament_cmake: 2.5.3 (/opt/ros/jazzy/share/ament_cmake/cmake)
-- Found Python3: /usr/bin/python3 (found version "3.12.3") found components: Interpreter 
-- Found builtin_interfaces: 2.0.2 (/home/rasp/ros2_ws/install/builtin_interfaces/share/builtin_interfaces/cmake)
-- Found rosidl_generator_c: 4.6.5 (/opt/ros/jazzy/share/rosidl_generator_c/cmake)
-- Found rosidl_generator_cpp: 4.6.5 (/opt/ros/jazzy/share/rosidl_generator_cpp/cmake)
-- Using all available rosidl_typesupport_c: rosidl_typesupport_microxrcedds_c;rosidl_typesupport_fastrtps_c;rosidl_typesupport_introspection_c
-- Found rosidl_adapter: 4.6.5 (/opt/ros/jazzy/share/rosidl_adapter/cmake)
-- Using all available rosidl_typesupport_cpp: rosidl_typesupport_microxrcedds_cpp;rosidl_typesupport_fastrtps_cpp;rosidl_typesupport_introspection_cpp
-- Found geometry_msgs: 5.3.6 (/home/rasp/ros2_ws/install/geometry_msgs/share/geometry_msgs/cmake)
-- Found rosidl_default_generators: 1.6.0 (/opt/ros/jazzy/share/rosidl_default_generators/cmake)
-- Found ament_cmake_ros: 0.12.0 (/opt/ros/jazzy/share/ament_cmake_ros/cmake)
-- Using all available rosidl_typesupport_c: rosidl_typesupport_microxrcedds_c;rosidl_typesupport_fastrtps_c;rosidl_typesupport_introspection_c
-- Using all available rosidl_typesupport_cpp: rosidl_typesupport_microxrcedds_cpp;rosidl_typesupport_fastrtps_cpp;rosidl_typesupport_introspection_cpp
-- Found python_cmake_module: 0.11.1 (/opt/ros/jazzy/share/python_cmake_module/cmake)
-- Found PythonExtra: /usr/bin/python3  
-- Found Python3: /usr/bin/python3 (found version "3.12.3") found components: Interpreter Development NumPy Development.Module Development.Embed 
-- Configuring done (4.0s)
-- Generating done (0.1s)
-- Build files have been written to: /home/rasp/ros2_ws/build/trajectory_msgs
[  1%] [34m[1mGenerating type hashes for ROS interfaces[0m
[  1%] Built target trajectory_msgs__rosidl_generator_type_description
[  1%] Built target ament_cmake_python_copy_trajectory_msgs
[  2%] [34m[1mGenerating C code for ROS interfaces[0m
[  3%] [32mBuilding C object CMakeFiles/trajectory_msgs__rosidl_generator_c.dir/rosidl_generator_c/trajectory_msgs/msg/detail/joint_trajectory__description.c.o[0m
[  5%] [32mBuilding C object CMakeFiles/trajectory_msgs__rosidl_generator_c.dir/rosidl_generator_c/trajectory_msgs/msg/detail/joint_trajectory__functions.c.o[0m
[  6%] [32mBuilding C object CMakeFiles/trajectory_msgs__rosidl_generator_c.dir/rosidl_generator_c/trajectory_msgs/msg/detail/joint_trajectory__type_support.c.o[0m
[  7%] [32mBuilding C object CMakeFiles/trajectory_msgs__rosidl_generator_c.dir/rosidl_generator_c/trajectory_msgs/msg/detail/joint_trajectory_point__description.c.o[0m
[  8%] [32mBuilding C object CMakeFiles/trajectory_msgs__rosidl_generator_c.dir/rosidl_generator_c/trajectory_msgs/msg/detail/joint_trajectory_point__functions.c.o[0m
[ 10%] [32mBuilding C object CMakeFiles/trajectory_msgs__rosidl_generator_c.dir/rosidl_generator_c/trajectory_msgs/msg/detail/joint_trajectory_point__type_support.c.o[0m
[ 11%] [32mBuilding C object CMakeFiles/trajectory_msgs__rosidl_generator_c.dir/rosidl_generator_c/trajectory_msgs/msg/detail/multi_dof_joint_trajectory__description.c.o[0m
[ 12%] [32mBuilding C object CMakeFiles/trajectory_msgs__rosidl_generator_c.dir/rosidl_generator_c/trajectory_msgs/msg/detail/multi_dof_joint_trajectory__functions.c.o[0m
[ 14%] [32mBuilding C object CMakeFiles/trajectory_msgs__rosidl_generator_c.dir/rosidl_generator_c/trajectory_msgs/msg/detail/multi_dof_joint_trajectory__type_support.c.o[0m
[ 15%] [32mBuilding C object CMakeFiles/trajectory_msgs__rosidl_generator_c.dir/rosidl_generator_c/trajectory_msgs/msg/detail/multi_dof_joint_trajectory_point__description.c.o[0m
[ 16%] [32mBuilding C object CMakeFiles/trajectory_msgs__rosidl_generator_c.dir/rosidl_generator_c/trajectory_msgs/msg/detail/multi_dof_joint_trajectory_point__functions.c.o[0m
[ 17%] [32mBuilding C object CMakeFiles/trajectory_msgs__rosidl_generator_c.dir/rosidl_generator_c/trajectory_msgs/msg/detail/multi_dof_joint_trajectory_point__type_support.c.o[0m
[ 19%] [32m[1mLinking C shared library libtrajectory_msgs__rosidl_generator_c.so[0m
[ 19%] Built target trajectory_msgs__rosidl_generator_c
[ 20%] [34m[1mGenerating C++ code for ROS interfaces[0m
[ 20%] Built target trajectory_msgs__cpp
running egg_info
creating trajectory_msgs.egg-info
writing trajectory_msgs.egg-info/PKG-INFO
writing dependency_links to trajectory_msgs.egg-info/dependency_links.txt
writing top-level names to trajectory_msgs.egg-info/top_level.txt
writing manifest file 'trajectory_msgs.egg-info/SOURCES.txt'
reading manifest file 'trajectory_msgs.egg-info/SOURCES.txt'
writing manifest file 'trajectory_msgs.egg-info/SOURCES.txt'
[ 20%] Built target ament_cmake_python_build_trajectory_msgs_egg
[ 21%] [34m[1mGenerating C introspection for ROS interfaces[0m
[ 23%] [32mBuilding C object CMakeFiles/trajectory_msgs__rosidl_typesupport_introspection_c.dir/rosidl_typesupport_introspection_c/trajectory_msgs/msg/detail/joint_trajectory__type_support.c.o[0m
[ 24%] [32mBuilding C object CMakeFiles/trajectory_msgs__rosidl_typesupport_introspection_c.dir/rosidl_typesupport_introspection_c/trajectory_msgs/msg/detail/joint_trajectory_point__type_support.c.o[0m
[ 25%] [32mBuilding C object CMakeFiles/trajectory_msgs__rosidl_typesupport_introspection_c.dir/rosidl_typesupport_introspection_c/trajectory_msgs/msg/detail/multi_dof_joint_trajectory__type_support.c.o[0m
[ 26%] [32mBuilding C object CMakeFiles/trajectory_msgs__rosidl_typesupport_introspection_c.dir/rosidl_typesupport_introspection_c/trajectory_msgs/msg/detail/multi_dof_joint_trajectory_point__type_support.c.o[0m
[ 28%] [32m[1mLinking C shared library libtrajectory_msgs__rosidl_typesupport_introspection_c.so[0m
[ 28%] Built target trajectory_msgs__rosidl_typesupport_introspection_c
[ 29%] [34m[1mGenerating C type support for eProsima Fast-RTPS[0m
[ 30%] [32mBuilding CXX object CMakeFiles/trajectory_msgs__rosidl_typesupport_fastrtps_c.dir/rosidl_typesupport_fastrtps_c/trajectory_msgs/msg/detail/joint_trajectory__type_support_c.cpp.o[0m
[ 32%] [32mBuilding CXX object CMakeFiles/trajectory_msgs__rosidl_typesupport_fastrtps_c.dir/rosidl_typesupport_fastrtps_c/trajectory_msgs/msg/detail/joint_trajectory_point__type_support_c.cpp.o[0m
[ 33%] [32mBuilding CXX object CMakeFiles/trajectory_msgs__rosidl_typesupport_fastrtps_c.dir/rosidl_typesupport_fastrtps_c/trajectory_msgs/msg/detail/multi_dof_joint_trajectory__type_support_c.cpp.o[0m
[ 34%] [32mBuilding CXX object CMakeFiles/trajectory_msgs__rosidl_typesupport_fastrtps_c.dir/rosidl_typesupport_fastrtps_c/trajectory_msgs/msg/detail/multi_dof_joint_trajectory_point__type_support_c.cpp.o[0m
[ 35%] [32m[1mLinking CXX shared library libtrajectory_msgs__rosidl_typesupport_fastrtps_c.so[0m
[ 35%] Built target trajectory_msgs__rosidl_typesupport_fastrtps_c
[ 37%] [34m[1mGenerating C type support dispatch for ROS interfaces[0m
[ 38%] [32mBuilding CXX object CMakeFiles/trajectory_msgs__rosidl_typesupport_c.dir/rosidl_typesupport_c/trajectory_msgs/msg/joint_trajectory__type_support.cpp.o[0m
[ 39%] [32mBuilding CXX object CMakeFiles/trajectory_msgs__rosidl_typesupport_c.dir/rosidl_typesupport_c/trajectory_msgs/msg/joint_trajectory_point__type_support.cpp.o[0m
[ 41%] [32mBuilding CXX object CMakeFiles/trajectory_msgs__rosidl_typesupport_c.dir/rosidl_typesupport_c/trajectory_msgs/msg/multi_dof_joint_trajectory__type_support.cpp.o[0m
[ 42%] [32mBuilding CXX object CMakeFiles/trajectory_msgs__rosidl_typesupport_c.dir/rosidl_typesupport_c/trajectory_msgs/msg/multi_dof_joint_trajectory_point__type_support.cpp.o[0m
[ 43%] [32m[1mLinking CXX shared library libtrajectory_msgs__rosidl_typesupport_c.so[0m
[ 43%] Built target trajectory_msgs__rosidl_typesupport_c
[ 44%] [34m[1mGenerating C++ type support for eProsima Micro XRCE-DDS[0m
[ 46%] [32mBuilding CXX object CMakeFiles/trajectory_msgs__rosidl_typesupport_microxrcedds_cpp.dir/rosidl_typesupport_microxrcedds_cpp/trajectory_msgs/msg/detail/microxrcedds/joint_trajectory__type_support_cpp.cpp.o[0m
[ 47%] [32mBuilding CXX object CMakeFiles/trajectory_msgs__rosidl_typesupport_microxrcedds_cpp.dir/rosidl_typesupport_microxrcedds_cpp/trajectory_msgs/msg/detail/microxrcedds/joint_trajectory_point__type_support_cpp.cpp.o[0m
[ 48%] [32mBuilding CXX object CMakeFiles/trajectory_msgs__rosidl_typesupport_microxrcedds_cpp.dir/rosidl_typesupport_microxrcedds_cpp/trajectory_msgs/msg/detail/microxrcedds/multi_dof_joint_trajectory__type_support_cpp.cpp.o[0m
[ 50%] [32mBuilding CXX object CMakeFiles/trajectory_msgs__rosidl_typesupport_microxrcedds_cpp.dir/rosidl_typesupport_microxrcedds_cpp/trajectory_msgs/msg/detail/microxrcedds/multi_dof_joint_trajectory_point__type_support_cpp.cpp.o[0m
[ 51%] [32m[1mLinking CXX shared library libtrajectory_msgs__rosidl_typesupport_microxrcedds_cpp.so[0m
[ 51%] Built target trajectory_msgs__rosidl_typesupport_microxrcedds_cpp
[ 52%] [34m[1mGenerating C++ introspection for ROS interfaces[0m
[ 53%] [32mBuilding CXX object CMakeFiles/trajectory_msgs__rosidl_typesupport_introspection_cpp.dir/rosidl_typesupport_introspection_cpp/trajectory_msgs/msg/detail/joint_trajectory__type_support.cpp.o[0m
[ 55%] [32mBuilding CXX object CMakeFiles/trajectory_msgs__rosidl_typesupport_introspection_cpp.dir/rosidl_typesupport_introspection_cpp/trajectory_msgs/msg/detail/joint_trajectory_point__type_support.cpp.o[0m
[ 56%] [32mBuilding CXX object CMakeFiles/trajectory_msgs__rosidl_typesupport_introspection_cpp.dir/rosidl_typesupport_introspection_cpp/trajectory_msgs/msg/detail/multi_dof_joint_trajectory__type_support.cpp.o[0m
[ 57%] [32mBuilding CXX object CMakeFiles/trajectory_msgs__rosidl_typesupport_introspection_cpp.dir/rosidl_typesupport_introspection_cpp/trajectory_msgs/msg/detail/multi_dof_joint_trajectory_point__type_support.cpp.o[0m
[ 58%] [32m[1mLinking CXX shared library libtrajectory_msgs__rosidl_typesupport_introspection_cpp.so[0m
[ 58%] Built target trajectory_msgs__rosidl_typesupport_introspection_cpp
[ 60%] [34m[1mGenerating C++ type support dispatch for ROS interfaces[0m
[ 61%] [32mBuilding CXX object CMakeFiles/trajectory_msgs__rosidl_typesupport_cpp.dir/rosidl_typesupport_cpp/trajectory_msgs/msg/joint_trajectory__type_support.cpp.o[0m
[ 62%] [32mBuilding CXX object CMakeFiles/trajectory_msgs__rosidl_typesupport_cpp.dir/rosidl_typesupport_cpp/trajectory_msgs/msg/joint_trajectory_point__type_support.cpp.o[0m
[ 64%] [32mBuilding CXX object CMakeFiles/trajectory_msgs__rosidl_typesupport_cpp.dir/rosidl_typesupport_cpp/trajectory_msgs/msg/multi_dof_joint_trajectory__type_support.cpp.o[0m
[ 65%] [32mBuilding CXX object CMakeFiles/trajectory_msgs__rosidl_typesupport_cpp.dir/rosidl_typesupport_cpp/trajectory_msgs/msg/multi_dof_joint_trajectory_point__type_support.cpp.o[0m
[ 66%] [32m[1mLinking CXX shared library libtrajectory_msgs__rosidl_typesupport_cpp.so[0m
[ 66%] Built target trajectory_msgs__rosidl_typesupport_cpp
[ 67%] [34m[1mGenerating C++ type support for eProsima Fast-RTPS[0m
[ 69%] [32mBuilding CXX object CMakeFiles/trajectory_msgs__rosidl_typesupport_fastrtps_cpp.dir/rosidl_typesupport_fastrtps_cpp/trajectory_msgs/msg/detail/dds_fastrtps/joint_trajectory__type_support.cpp.o[0m
[ 70%] [32mBuilding CXX object CMakeFiles/trajectory_msgs__rosidl_typesupport_fastrtps_cpp.dir/rosidl_typesupport_fastrtps_cpp/trajectory_msgs/msg/detail/dds_fastrtps/joint_trajectory_point__type_support.cpp.o[0m
[ 71%] [32mBuilding CXX object CMakeFiles/trajectory_msgs__rosidl_typesupport_fastrtps_cpp.dir/rosidl_typesupport_fastrtps_cpp/trajectory_msgs/msg/detail/dds_fastrtps/multi_dof_joint_trajectory__type_support.cpp.o[0m
[ 73%] [32mBuilding CXX object CMakeFiles/trajectory_msgs__rosidl_typesupport_fastrtps_cpp.dir/rosidl_typesupport_fastrtps_cpp/trajectory_msgs/msg/detail/dds_fastrtps/multi_dof_joint_trajectory_point__type_support.cpp.o[0m
[ 74%] [32m[1mLinking CXX shared library libtrajectory_msgs__rosidl_typesupport_fastrtps_cpp.so[0m
[ 74%] Built target trajectory_msgs__rosidl_typesupport_fastrtps_cpp
[ 75%] [34m[1mGenerating C type support for eProsima Micro XRCE-DDS[0m
[ 76%] [32mBuilding C object CMakeFiles/trajectory_msgs__rosidl_typesupport_microxrcedds_c.dir/rosidl_typesupport_microxrcedds_c/trajectory_msgs/msg/detail/microxrcedds/joint_trajectory__type_support_c.c.o[0m
[ 78%] [32mBuilding C object CMakeFiles/trajectory_msgs__rosidl_typesupport_microxrcedds_c.dir/rosidl_typesupport_microxrcedds_c/trajectory_msgs/msg/detail/microxrcedds/joint_trajectory_point__type_support_c.c.o[0m
[ 79%] [32mBuilding C object CMakeFiles/trajectory_msgs__rosidl_typesupport_microxrcedds_c.dir/rosidl_typesupport_microxrcedds_c/trajectory_msgs/msg/detail/microxrcedds/multi_dof_joint_trajectory__type_support_c.c.o[0m
[ 80%] [32mBuilding C object CMakeFiles/trajectory_msgs__rosidl_typesupport_microxrcedds_c.dir/rosidl_typesupport_microxrcedds_c/trajectory_msgs/msg/detail/microxrcedds/multi_dof_joint_trajectory_point__type_support_c.c.o[0m
[ 82%] [32m[1mLinking C shared library libtrajectory_msgs__rosidl_typesupport_microxrcedds_c.so[0m
[ 82%] Built target trajectory_msgs__rosidl_typesupport_microxrcedds_c
[ 82%] Built target trajectory_msgs
[ 83%] [34m[1mGenerating Python code for ROS interfaces[0m
[ 83%] Built target trajectory_msgs__py
[ 84%] [32mBuilding C object CMakeFiles/trajectory_msgs__rosidl_generator_py.dir/rosidl_generator_py/trajectory_msgs/msg/_joint_trajectory_s.c.o[0m
[ 85%] [32mBuilding C object CMakeFiles/trajectory_msgs__rosidl_generator_py.dir/rosidl_generator_py/trajectory_msgs/msg/_joint_trajectory_point_s.c.o[0m
[ 87%] [32mBuilding C object CMakeFiles/trajectory_msgs__rosidl_generator_py.dir/rosidl_generator_py/trajectory_msgs/msg/_multi_dof_joint_trajectory_s.c.o[0m
[ 88%] [32mBuilding C object CMakeFiles/trajectory_msgs__rosidl_generator_py.dir/rosidl_generator_py/trajectory_msgs/msg/_multi_dof_joint_trajectory_point_s.c.o[0m
[ 89%] [32m[1mLinking C shared library libtrajectory_msgs__rosidl_generator_py.so[0m
[ 89%] Built target trajectory_msgs__rosidl_generator_py
[ 91%] [32mBuilding C object CMakeFiles/trajectory_msgs_s__rosidl_typesupport_microxrcedds_c.dir/rosidl_generator_py/trajectory_msgs/_trajectory_msgs_s.ep.rosidl_typesupport_microxrcedds_c.c.o[0m
[ 92%] [32m[1mLinking C shared module rosidl_generator_py/trajectory_msgs/trajectory_msgs_s__rosidl_typesupport_microxrcedds_c.so[0m
[ 92%] Built target trajectory_msgs_s__rosidl_typesupport_microxrcedds_c
[ 93%] [32mBuilding C object CMakeFiles/trajectory_msgs_s__rosidl_typesupport_fastrtps_c.dir/rosidl_generator_py/trajectory_msgs/_trajectory_msgs_s.ep.rosidl_typesupport_fastrtps_c.c.o[0m
[ 94%] [32m[1mLinking C shared module rosidl_generator_py/trajectory_msgs/trajectory_msgs_s__rosidl_typesupport_fastrtps_c.so[0m
[ 94%] Built target trajectory_msgs_s__rosidl_typesupport_fastrtps_c
[ 96%] [32mBuilding C object CMakeFiles/trajectory_msgs_s__rosidl_typesupport_introspection_c.dir/rosidl_generator_py/trajectory_msgs/_trajectory_msgs_s.ep.rosidl_typesupport_introspection_c.c.o[0m
[ 97%] [32m[1mLinking C shared module rosidl_generator_py/trajectory_msgs/trajectory_msgs_s__rosidl_typesupport_introspection_c.so[0m
[ 97%] Built target trajectory_msgs_s__rosidl_typesupport_introspection_c
[ 98%] [32mBuilding C object CMakeFiles/trajectory_msgs_s__rosidl_typesupport_c.dir/rosidl_generator_py/trajectory_msgs/_trajectory_msgs_s.ep.rosidl_typesupport_c.c.o[0m
[100%] [32m[1mLinking C shared module rosidl_generator_py/trajectory_msgs/trajectory_msgs_s__rosidl_typesupport_c.so[0m
[100%] Built target trajectory_msgs_s__rosidl_typesupport_c
-- Install configuration: ""
-- Installing: /home/rasp/ros2_ws/install/trajectory_msgs/share/ament_index/resource_index/rosidl_interfaces/trajectory_msgs
-- Installing: /home/rasp/ros2_ws/install/trajectory_msgs/share/trajectory_msgs/msg/JointTrajectory.json
-- Installing: /home/rasp/ros2_ws/install/trajectory_msgs/share/trajectory_msgs/msg/JointTrajectoryPoint.json
-- Installing: /home/rasp/ros2_ws/install/trajectory_msgs/share/trajectory_msgs/msg/MultiDOFJointTrajectory.json
-- Installing: /home/rasp/ros2_ws/install/trajectory_msgs/share/trajectory_msgs/msg/MultiDOFJointTrajectoryPoint.json
-- Installing: /home/rasp/ros2_ws/install/trajectory_msgs/include/trajectory_msgs/trajectory_msgs
-- Installing: /home/rasp/ros2_ws/install/trajectory_msgs/include/trajectory_msgs/trajectory_msgs/msg
-- Installing: /home/rasp/ros2_ws/install/trajectory_msgs/include/trajectory_msgs/trajectory_msgs/msg/detail
-- Installing: /home/rasp/ros2_ws/install/trajectory_msgs/include/trajectory_msgs/trajectory_msgs/msg/detail/multi_dof_joint_trajectory_point__description.c
-- Installing: /home/rasp/ros2_ws/install/trajectory_msgs/include/trajectory_msgs/trajectory_msgs/msg/detail/multi_dof_joint_trajectory__type_support.h
-- Installing: /home/rasp/ros2_ws/install/trajectory_msgs/include/trajectory_msgs/trajectory_msgs/msg/detail/multi_dof_joint_trajectory_point__type_support.c
-- Installing: /home/rasp/ros2_ws/install/trajectory_msgs/include/trajectory_msgs/trajectory_msgs/msg/detail/multi_dof_joint_trajectory_point__functions.c
-- Installing: /home/rasp/ros2_ws/install/trajectory_msgs/include/trajectory_msgs/trajectory_msgs/msg/detail/joint_trajectory__description.c
-- Installing: /home/rasp/ros2_ws/install/trajectory_msgs/include/trajectory_msgs/trajectory_msgs/msg/detail/joint_trajectory_point__type_support.c
-- Installing: /home/rasp/ros2_ws/install/trajectory_msgs/include/trajectory_msgs/trajectory_msgs/msg/detail/joint_trajectory__type_support.h
-- Installing: /home/rasp/ros2_ws/install/trajectory_msgs/include/trajectory_msgs/trajectory_msgs/msg/detail/multi_dof_joint_trajectory_point__type_support.h
-- Installing: /home/rasp/ros2_ws/install/trajectory_msgs/include/trajectory_msgs/trajectory_msgs/msg/detail/joint_trajectory__functions.c
-- Installing: /home/rasp/ros2_ws/install/trajectory_msgs/include/trajectory_msgs/trajectory_msgs/msg/detail/multi_dof_joint_trajectory_point__struct.h
-- Installing: /home/rasp/ros2_ws/install/trajectory_msgs/include/trajectory_msgs/trajectory_msgs/msg/detail/joint_trajectory_point__type_support.h
-- Installing: /home/rasp/ros2_ws/install/trajectory_msgs/include/trajectory_msgs/trajectory_msgs/msg/detail/multi_dof_joint_trajectory__description.c
-- Installing: /home/rasp/ros2_ws/install/trajectory_msgs/include/trajectory_msgs/trajectory_msgs/msg/detail/joint_trajectory_point__functions.c
-- Installing: /home/rasp/ros2_ws/install/trajectory_msgs/include/trajectory_msgs/trajectory_msgs/msg/detail/multi_dof_joint_trajectory_point__functions.h
-- Installing: /home/rasp/ros2_ws/install/trajectory_msgs/include/trajectory_msgs/trajectory_msgs/msg/detail/joint_trajectory__struct.h
-- Installing: /home/rasp/ros2_ws/install/trajectory_msgs/include/trajectory_msgs/trajectory_msgs/msg/detail/joint_trajectory__type_support.c
-- Installing: /home/rasp/ros2_ws/install/trajectory_msgs/include/trajectory_msgs/trajectory_msgs/msg/detail/multi_dof_joint_trajectory__type_support.c
-- Installing: /home/rasp/ros2_ws/install/trajectory_msgs/include/trajectory_msgs/trajectory_msgs/msg/detail/joint_trajectory_point__functions.h
-- Installing: /home/rasp/ros2_ws/install/trajectory_msgs/include/trajectory_msgs/trajectory_msgs/msg/detail/joint_trajectory_point__struct.h
-- Installing: /home/rasp/ros2_ws/install/trajectory_msgs/include/trajectory_msgs/trajectory_msgs/msg/detail/joint_trajectory_point__description.c
-- Installing: /home/rasp/ros2_ws/install/trajectory_msgs/include/trajectory_msgs/trajectory_msgs/msg/detail/joint_trajectory__functions.h
-- Installing: /home/rasp/ros2_ws/install/trajectory_msgs/include/trajectory_msgs/trajectory_msgs/msg/detail/multi_dof_joint_trajectory__functions.c
-- Installing: /home/rasp/ros2_ws/install/trajectory_msgs/include/trajectory_msgs/trajectory_msgs/msg/detail/multi_dof_joint_trajectory__struct.h
-- Installing: /home/rasp/ros2_ws/install/trajectory_msgs/include/trajectory_msgs/trajectory_msgs/msg/detail/multi_dof_joint_trajectory__functions.h
-- Installing: /home/rasp/ros2_ws/install/trajectory_msgs/include/trajectory_msgs/trajectory_msgs/msg/joint_trajectory.h
-- Installing: /home/rasp/ros2_ws/install/trajectory_msgs/include/trajectory_msgs/trajectory_msgs/msg/rosidl_generator_c__visibility_control.h
-- Installing: /home/rasp/ros2_ws/install/trajectory_msgs/include/trajectory_msgs/trajectory_msgs/msg/multi_dof_joint_trajectory.h
-- Installing: /home/rasp/ros2_ws/install/trajectory_msgs/include/trajectory_msgs/trajectory_msgs/msg/joint_trajectory_point.h
-- Installing: /home/rasp/ros2_ws/install/trajectory_msgs/include/trajectory_msgs/trajectory_msgs/msg/multi_dof_joint_trajectory_point.h
-- Installing: /home/rasp/ros2_ws/install/trajectory_msgs/share/trajectory_msgs/environment/library_path.sh
-- Installing: /home/rasp/ros2_ws/install/trajectory_msgs/share/trajectory_msgs/environment/library_path.dsv
-- Installing: /home/rasp/ros2_ws/install/trajectory_msgs/lib/libtrajectory_msgs__rosidl_generator_c.so
-- Set non-toolchain portion of runtime path of "/home/rasp/ros2_ws/install/trajectory_msgs/lib/libtrajectory_msgs__rosidl_generator_c.so" to ""
-- Up-to-date: /home/rasp/ros2_ws/install/trajectory_msgs/include/trajectory_msgs/trajectory_msgs
-- Up-to-date: /home/rasp/ros2_ws/install/trajectory_msgs/include/trajectory_msgs/trajectory_msgs/msg
-- Up-to-date: /home/rasp/ros2_ws/install/trajectory_msgs/include/trajectory_msgs/trajectory_msgs/msg/detail
-- Installing: /home/rasp/ros2_ws/install/trajectory_msgs/include/trajectory_msgs/trajectory_msgs/msg/detail/joint_trajectory__rosidl_typesupport_fastrtps_c.h
-- Installing: /home/rasp/ros2_ws/install/trajectory_msgs/include/trajectory_msgs/trajectory_msgs/msg/detail/multi_dof_joint_trajectory__rosidl_typesupport_fastrtps_c.h
-- Installing: /home/rasp/ros2_ws/install/trajectory_msgs/include/trajectory_msgs/trajectory_msgs/msg/detail/joint_trajectory_point__rosidl_typesupport_fastrtps_c.h
-- Installing: /home/rasp/ros2_ws/install/trajectory_msgs/include/trajectory_msgs/trajectory_msgs/msg/detail/multi_dof_joint_trajectory_point__rosidl_typesupport_fastrtps_c.h
-- Installing: /home/rasp/ros2_ws/install/trajectory_msgs/include/trajectory_msgs/trajectory_msgs/msg/rosidl_typesupport_fastrtps_c__visibility_control.h
-- Installing: /home/rasp/ros2_ws/install/trajectory_msgs/lib/libtrajectory_msgs__rosidl_typesupport_fastrtps_c.so
-- Set non-toolchain portion of runtime path of "/home/rasp/ros2_ws/install/trajectory_msgs/lib/libtrajectory_msgs__rosidl_typesupport_fastrtps_c.so" to ""
-- Up-to-date: /home/rasp/ros2_ws/install/trajectory_msgs/include/trajectory_msgs/trajectory_msgs
-- Up-to-date: /home/rasp/ros2_ws/install/trajectory_msgs/include/trajectory_msgs/trajectory_msgs/msg
-- Installing: /home/rasp/ros2_ws/install/trajectory_msgs/include/trajectory_msgs/trajectory_msgs/msg/joint_trajectory_point.hpp
-- Up-to-date: /home/rasp/ros2_ws/install/trajectory_msgs/include/trajectory_msgs/trajectory_msgs/msg/detail
-- Installing: /home/rasp/ros2_ws/install/trajectory_msgs/include/trajectory_msgs/trajectory_msgs/msg/detail/joint_trajectory_point__builder.hpp
-- Installing: /home/rasp/ros2_ws/install/trajectory_msgs/include/trajectory_msgs/trajectory_msgs/msg/detail/joint_trajectory_point__traits.hpp
-- Installing: /home/rasp/ros2_ws/install/trajectory_msgs/include/trajectory_msgs/trajectory_msgs/msg/detail/multi_dof_joint_trajectory_point__builder.hpp
-- Installing: /home/rasp/ros2_ws/install/trajectory_msgs/include/trajectory_msgs/trajectory_msgs/msg/detail/joint_trajectory__traits.hpp
-- Installing: /home/rasp/ros2_ws/install/trajectory_msgs/include/trajectory_msgs/trajectory_msgs/msg/detail/multi_dof_joint_trajectory__builder.hpp
-- Installing: /home/rasp/ros2_ws/install/trajectory_msgs/include/trajectory_msgs/trajectory_msgs/msg/detail/multi_dof_joint_trajectory__type_support.hpp
-- Installing: /home/rasp/ros2_ws/install/trajectory_msgs/include/trajectory_msgs/trajectory_msgs/msg/detail/joint_trajectory_point__type_support.hpp
-- Installing: /home/rasp/ros2_ws/install/trajectory_msgs/include/trajectory_msgs/trajectory_msgs/msg/detail/multi_dof_joint_trajectory__struct.hpp
-- Installing: /home/rasp/ros2_ws/install/trajectory_msgs/include/trajectory_msgs/trajectory_msgs/msg/detail/multi_dof_joint_trajectory_point__type_support.hpp
-- Installing: /home/rasp/ros2_ws/install/trajectory_msgs/include/trajectory_msgs/trajectory_msgs/msg/detail/joint_trajectory__type_support.hpp
-- Installing: /home/rasp/ros2_ws/install/trajectory_msgs/include/trajectory_msgs/trajectory_msgs/msg/detail/joint_trajectory_point__struct.hpp
-- Installing: /home/rasp/ros2_ws/install/trajectory_msgs/include/trajectory_msgs/trajectory_msgs/msg/detail/joint_trajectory__builder.hpp
-- Installing: /home/rasp/ros2_ws/install/trajectory_msgs/include/trajectory_msgs/trajectory_msgs/msg/detail/multi_dof_joint_trajectory_point__struct.hpp
-- Installing: /home/rasp/ros2_ws/install/trajectory_msgs/include/trajectory_msgs/trajectory_msgs/msg/detail/multi_dof_joint_trajectory_point__traits.hpp
-- Installing: /home/rasp/ros2_ws/install/trajectory_msgs/include/trajectory_msgs/trajectory_msgs/msg/detail/multi_dof_joint_trajectory__traits.hpp
-- Installing: /home/rasp/ros2_ws/install/trajectory_msgs/include/trajectory_msgs/trajectory_msgs/msg/detail/joint_trajectory__struct.hpp
-- Installing: /home/rasp/ros2_ws/install/trajectory_msgs/include/trajectory_msgs/trajectory_msgs/msg/multi_dof_joint_trajectory_point.hpp
-- Installing: /home/rasp/ros2_ws/install/trajectory_msgs/include/trajectory_msgs/trajectory_msgs/msg/joint_trajectory.hpp
-- Installing: /home/rasp/ros2_ws/install/trajectory_msgs/include/trajectory_msgs/trajectory_msgs/msg/rosidl_generator_cpp__visibility_control.hpp
-- Installing: /home/rasp/ros2_ws/install/trajectory_msgs/include/trajectory_msgs/trajectory_msgs/msg/multi_dof_joint_trajectory.hpp
-- Up-to-date: /home/rasp/ros2_ws/install/trajectory_msgs/include/trajectory_msgs/trajectory_msgs
-- Up-to-date: /home/rasp/ros2_ws/install/trajectory_msgs/include/trajectory_msgs/trajectory_msgs/msg
-- Up-to-date: /home/rasp/ros2_ws/install/trajectory_msgs/include/trajectory_msgs/trajectory_msgs/msg/detail
-- Installing: /home/rasp/ros2_ws/install/trajectory_msgs/include/trajectory_msgs/trajectory_msgs/msg/detail/dds_fastrtps
-- Installing: /home/rasp/ros2_ws/install/trajectory_msgs/include/trajectory_msgs/trajectory_msgs/msg/detail/joint_trajectory__rosidl_typesupport_fastrtps_cpp.hpp
-- Installing: /home/rasp/ros2_ws/install/trajectory_msgs/include/trajectory_msgs/trajectory_msgs/msg/detail/multi_dof_joint_trajectory_point__rosidl_typesupport_fastrtps_cpp.hpp
-- Installing: /home/rasp/ros2_ws/install/trajectory_msgs/include/trajectory_msgs/trajectory_msgs/msg/detail/joint_trajectory_point__rosidl_typesupport_fastrtps_cpp.hpp
-- Installing: /home/rasp/ros2_ws/install/trajectory_msgs/include/trajectory_msgs/trajectory_msgs/msg/detail/multi_dof_joint_trajectory__rosidl_typesupport_fastrtps_cpp.hpp
-- Installing: /home/rasp/ros2_ws/install/trajectory_msgs/include/trajectory_msgs/trajectory_msgs/msg/rosidl_typesupport_fastrtps_cpp__visibility_control.h
-- Installing: /home/rasp/ros2_ws/install/trajectory_msgs/lib/libtrajectory_msgs__rosidl_typesupport_fastrtps_cpp.so
-- Set non-toolchain portion of runtime path of "/home/rasp/ros2_ws/install/trajectory_msgs/lib/libtrajectory_msgs__rosidl_typesupport_fastrtps_cpp.so" to ""
-- Up-to-date: /home/rasp/ros2_ws/install/trajectory_msgs/include/trajectory_msgs
-- Installing: /home/rasp/ros2_ws/install/trajectory_msgs/include/trajectory_msgs/msg
-- Installing: /home/rasp/ros2_ws/install/trajectory_msgs/include/trajectory_msgs/msg/detail
-- Installing: /home/rasp/ros2_ws/install/trajectory_msgs/include/trajectory_msgs/msg/detail/joint_trajectory__rosidl_typesupport_microxrcedds_c.h
-- Installing: /home/rasp/ros2_ws/install/trajectory_msgs/include/trajectory_msgs/msg/detail/multi_dof_joint_trajectory_point__rosidl_typesupport_microxrcedds_c.h
-- Installing: /home/rasp/ros2_ws/install/trajectory_msgs/include/trajectory_msgs/msg/detail/joint_trajectory_point__rosidl_typesupport_microxrcedds_c.h
-- Installing: /home/rasp/ros2_ws/install/trajectory_msgs/include/trajectory_msgs/msg/detail/multi_dof_joint_trajectory__rosidl_typesupport_microxrcedds_c.h
-- Installing: /home/rasp/ros2_ws/install/trajectory_msgs/include/trajectory_msgs/msg/detail/microxrcedds
-- Installing: /home/rasp/ros2_ws/install/trajectory_msgs/include/trajectory_msgs/msg/rosidl_typesupport_microxrcedds_c__visibility_control.h
-- Installing: /home/rasp/ros2_ws/install/trajectory_msgs/lib/libtrajectory_msgs__rosidl_typesupport_microxrcedds_c.so
-- Set non-toolchain portion of runtime path of "/home/rasp/ros2_ws/install/trajectory_msgs/lib/libtrajectory_msgs__rosidl_typesupport_microxrcedds_c.so" to ""
-- Up-to-date: /home/rasp/ros2_ws/install/trajectory_msgs/include/trajectory_msgs/trajectory_msgs
-- Up-to-date: /home/rasp/ros2_ws/install/trajectory_msgs/include/trajectory_msgs/trajectory_msgs/msg
-- Installing: /home/rasp/ros2_ws/install/trajectory_msgs/include/trajectory_msgs/trajectory_msgs/msg/rosidl_typesupport_introspection_c__visibility_control.h
-- Up-to-date: /home/rasp/ros2_ws/install/trajectory_msgs/include/trajectory_msgs/trajectory_msgs/msg/detail
-- Installing: /home/rasp/ros2_ws/install/trajectory_msgs/include/trajectory_msgs/trajectory_msgs/msg/detail/multi_dof_joint_trajectory_point__type_support.c
-- Installing: /home/rasp/ros2_ws/install/trajectory_msgs/include/trajectory_msgs/trajectory_msgs/msg/detail/joint_trajectory_point__type_support.c
-- Installing: /home/rasp/ros2_ws/install/trajectory_msgs/include/trajectory_msgs/trajectory_msgs/msg/detail/joint_trajectory__type_support.c
-- Installing: /home/rasp/ros2_ws/install/trajectory_msgs/include/trajectory_msgs/trajectory_msgs/msg/detail/multi_dof_joint_trajectory__type_support.c
-- Installing: /home/rasp/ros2_ws/install/trajectory_msgs/include/trajectory_msgs/trajectory_msgs/msg/detail/joint_trajectory_point__rosidl_typesupport_introspection_c.h
-- Installing: /home/rasp/ros2_ws/install/trajectory_msgs/include/trajectory_msgs/trajectory_msgs/msg/detail/multi_dof_joint_trajectory_point__rosidl_typesupport_introspection_c.h
-- Installing: /home/rasp/ros2_ws/install/trajectory_msgs/include/trajectory_msgs/trajectory_msgs/msg/detail/multi_dof_joint_trajectory__rosidl_typesupport_introspection_c.h
-- Installing: /home/rasp/ros2_ws/install/trajectory_msgs/include/trajectory_msgs/trajectory_msgs/msg/detail/joint_trajectory__rosidl_typesupport_introspection_c.h
-- Installing: /home/rasp/ros2_ws/install/trajectory_msgs/lib/libtrajectory_msgs__rosidl_typesupport_introspection_c.so
-- Set non-toolchain portion of runtime path of "/home/rasp/ros2_ws/install/trajectory_msgs/lib/libtrajectory_msgs__rosidl_typesupport_introspection_c.so" to ""
-- Installing: /home/rasp/ros2_ws/install/trajectory_msgs/lib/libtrajectory_msgs__rosidl_typesupport_c.so
-- Set non-toolchain portion of runtime path of "/home/rasp/ros2_ws/install/trajectory_msgs/lib/libtrajectory_msgs__rosidl_typesupport_c.so" to ""
-- Up-to-date: /home/rasp/ros2_ws/install/trajectory_msgs/include/trajectory_msgs
-- Up-to-date: /home/rasp/ros2_ws/install/trajectory_msgs/include/trajectory_msgs/msg
-- Up-to-date: /home/rasp/ros2_ws/install/trajectory_msgs/include/trajectory_msgs/msg/detail
-- Installing: /home/rasp/ros2_ws/install/trajectory_msgs/include/trajectory_msgs/msg/detail/multi_dof_joint_trajectory__rosidl_typesupport_microxrcedds_cpp.hpp
-- Installing: /home/rasp/ros2_ws/install/trajectory_msgs/include/trajectory_msgs/msg/detail/joint_trajectory__rosidl_typesupport_microxrcedds_cpp.hpp
-- Installing: /home/rasp/ros2_ws/install/trajectory_msgs/include/trajectory_msgs/msg/detail/multi_dof_joint_trajectory_point__rosidl_typesupport_microxrcedds_cpp.hpp
-- Up-to-date: /home/rasp/ros2_ws/install/trajectory_msgs/include/trajectory_msgs/msg/detail/microxrcedds
-- Installing: /home/rasp/ros2_ws/install/trajectory_msgs/include/trajectory_msgs/msg/detail/microxrcedds/multi_dof_joint_trajectory__type_support_cpp.cpp
-- Installing: /home/rasp/ros2_ws/install/trajectory_msgs/include/trajectory_msgs/msg/detail/microxrcedds/joint_trajectory__type_support_cpp.cpp
-- Installing: /home/rasp/ros2_ws/install/trajectory_msgs/include/trajectory_msgs/msg/detail/microxrcedds/joint_trajectory_point__type_support_cpp.cpp
-- Installing: /home/rasp/ros2_ws/install/trajectory_msgs/include/trajectory_msgs/msg/detail/microxrcedds/multi_dof_joint_trajectory_point__type_support_cpp.cpp
-- Installing: /home/rasp/ros2_ws/install/trajectory_msgs/include/trajectory_msgs/msg/detail/joint_trajectory_point__rosidl_typesupport_microxrcedds_cpp.hpp
-- Installing: /home/rasp/ros2_ws/install/trajectory_msgs/include/trajectory_msgs/msg/rosidl_typesupport_microxrcedds_cpp__visibility_control.h
-- Installing: /home/rasp/ros2_ws/install/trajectory_msgs/lib/libtrajectory_msgs__rosidl_typesupport_microxrcedds_cpp.so
-- Set non-toolchain portion of runtime path of "/home/rasp/ros2_ws/install/trajectory_msgs/lib/libtrajectory_msgs__rosidl_typesupport_microxrcedds_cpp.so" to ""
-- Up-to-date: /home/rasp/ros2_ws/install/trajectory_msgs/include/trajectory_msgs/trajectory_msgs
-- Up-to-date: /home/rasp/ros2_ws/install/trajectory_msgs/include/trajectory_msgs/trajectory_msgs/msg
-- Up-to-date: /home/rasp/ros2_ws/install/trajectory_msgs/include/trajectory_msgs/trajectory_msgs/msg/detail
-- Installing: /home/rasp/ros2_ws/install/trajectory_msgs/include/trajectory_msgs/trajectory_msgs/msg/detail/multi_dof_joint_trajectory__type_support.cpp
-- Installing: /home/rasp/ros2_ws/install/trajectory_msgs/include/trajectory_msgs/trajectory_msgs/msg/detail/joint_trajectory_point__rosidl_typesupport_introspection_cpp.hpp
-- Installing: /home/rasp/ros2_ws/install/trajectory_msgs/include/trajectory_msgs/trajectory_msgs/msg/detail/multi_dof_joint_trajectory_point__type_support.cpp
-- Installing: /home/rasp/ros2_ws/install/trajectory_msgs/include/trajectory_msgs/trajectory_msgs/msg/detail/joint_trajectory__type_support.cpp
-- Installing: /home/rasp/ros2_ws/install/trajectory_msgs/include/trajectory_msgs/trajectory_msgs/msg/detail/multi_dof_joint_trajectory_point__rosidl_typesupport_introspection_cpp.hpp
-- Installing: /home/rasp/ros2_ws/install/trajectory_msgs/include/trajectory_msgs/trajectory_msgs/msg/detail/multi_dof_joint_trajectory__rosidl_typesupport_introspection_cpp.hpp
-- Installing: /home/rasp/ros2_ws/install/trajectory_msgs/include/trajectory_msgs/trajectory_msgs/msg/detail/joint_trajectory_point__type_support.cpp
-- Installing: /home/rasp/ros2_ws/install/trajectory_msgs/include/trajectory_msgs/trajectory_msgs/msg/detail/joint_trajectory__rosidl_typesupport_introspection_cpp.hpp
-- Installing: /home/rasp/ros2_ws/install/trajectory_msgs/lib/libtrajectory_msgs__rosidl_typesupport_introspection_cpp.so
-- Set non-toolchain portion of runtime path of "/home/rasp/ros2_ws/install/trajectory_msgs/lib/libtrajectory_msgs__rosidl_typesupport_introspection_cpp.so" to ""
-- Installing: /home/rasp/ros2_ws/install/trajectory_msgs/lib/libtrajectory_msgs__rosidl_typesupport_cpp.so
-- Set non-toolchain portion of runtime path of "/home/rasp/ros2_ws/install/trajectory_msgs/lib/libtrajectory_msgs__rosidl_typesupport_cpp.so" to ""
-- Installing: /home/rasp/ros2_ws/install/trajectory_msgs/share/trajectory_msgs/environment/pythonpath.sh
-- Installing: /home/rasp/ros2_ws/install/trajectory_msgs/share/trajectory_msgs/environment/pythonpath.dsv
-- Installing: /home/rasp/ros2_ws/install/trajectory_msgs/lib/python3.12/site-packages/trajectory_msgs-5.3.6-py3.12.egg-info
-- Installing: /home/rasp/ros2_ws/install/trajectory_msgs/lib/python3.12/site-packages/trajectory_msgs-5.3.6-py3.12.egg-info/SOURCES.txt
-- Installing: /home/rasp/ros2_ws/install/trajectory_msgs/lib/python3.12/site-packages/trajectory_msgs-5.3.6-py3.12.egg-info/dependency_links.txt
-- Installing: /home/rasp/ros2_ws/install/trajectory_msgs/lib/python3.12/site-packages/trajectory_msgs-5.3.6-py3.12.egg-info/PKG-INFO
-- Installing: /home/rasp/ros2_ws/install/trajectory_msgs/lib/python3.12/site-packages/trajectory_msgs-5.3.6-py3.12.egg-info/top_level.txt
-- Installing: /home/rasp/ros2_ws/install/trajectory_msgs/lib/python3.12/site-packages/trajectory_msgs
-- Installing: /home/rasp/ros2_ws/install/trajectory_msgs/lib/python3.12/site-packages/trajectory_msgs/_trajectory_msgs_s.ep.rosidl_typesupport_introspection_c.c
-- Installing: /home/rasp/ros2_ws/install/trajectory_msgs/lib/python3.12/site-packages/trajectory_msgs/__init__.py
-- Installing: /home/rasp/ros2_ws/install/trajectory_msgs/lib/python3.12/site-packages/trajectory_msgs/_trajectory_msgs_s.ep.rosidl_typesupport_fastrtps_c.c
-- Installing: /home/rasp/ros2_ws/install/trajectory_msgs/lib/python3.12/site-packages/trajectory_msgs/trajectory_msgs_s__rosidl_typesupport_c.so
-- Installing: /home/rasp/ros2_ws/install/trajectory_msgs/lib/python3.12/site-packages/trajectory_msgs/msg
-- Installing: /home/rasp/ros2_ws/install/trajectory_msgs/lib/python3.12/site-packages/trajectory_msgs/msg/__init__.py
-- Installing: /home/rasp/ros2_ws/install/trajectory_msgs/lib/python3.12/site-packages/trajectory_msgs/msg/_multi_dof_joint_trajectory_s.c
-- Installing: /home/rasp/ros2_ws/install/trajectory_msgs/lib/python3.12/site-packages/trajectory_msgs/msg/_joint_trajectory_point_s.c
-- Installing: /home/rasp/ros2_ws/install/trajectory_msgs/lib/python3.12/site-packages/trajectory_msgs/msg/_multi_dof_joint_trajectory_point_s.c
-- Installing: /home/rasp/ros2_ws/install/trajectory_msgs/lib/python3.12/site-packages/trajectory_msgs/msg/_joint_trajectory_point.py
-- Installing: /home/rasp/ros2_ws/install/trajectory_msgs/lib/python3.12/site-packages/trajectory_msgs/msg/_joint_trajectory.py
-- Installing: /home/rasp/ros2_ws/install/trajectory_msgs/lib/python3.12/site-packages/trajectory_msgs/msg/_multi_dof_joint_trajectory.py
-- Installing: /home/rasp/ros2_ws/install/trajectory_msgs/lib/python3.12/site-packages/trajectory_msgs/msg/_multi_dof_joint_trajectory_point.py
-- Installing: /home/rasp/ros2_ws/install/trajectory_msgs/lib/python3.12/site-packages/trajectory_msgs/msg/_joint_trajectory_s.c
-- Installing: /home/rasp/ros2_ws/install/trajectory_msgs/lib/python3.12/site-packages/trajectory_msgs/_trajectory_msgs_s.ep.rosidl_typesupport_c.c
-- Installing: /home/rasp/ros2_ws/install/trajectory_msgs/lib/python3.12/site-packages/trajectory_msgs/_trajectory_msgs_s.ep.rosidl_typesupport_microxrcedds_c.c
-- Installing: /home/rasp/ros2_ws/install/trajectory_msgs/lib/python3.12/site-packages/trajectory_msgs/trajectory_msgs_s__rosidl_typesupport_microxrcedds_c.so
-- Installing: /home/rasp/ros2_ws/install/trajectory_msgs/lib/python3.12/site-packages/trajectory_msgs/trajectory_msgs_s__rosidl_typesupport_fastrtps_c.so
-- Installing: /home/rasp/ros2_ws/install/trajectory_msgs/lib/python3.12/site-packages/trajectory_msgs/trajectory_msgs_s__rosidl_typesupport_introspection_c.so
Listing '/home/rasp/ros2_ws/install/trajectory_msgs/lib/python3.12/site-packages/trajectory_msgs'...
Compiling '/home/rasp/ros2_ws/install/trajectory_msgs/lib/python3.12/site-packages/trajectory_msgs/__init__.py'...
Listing '/home/rasp/ros2_ws/install/trajectory_msgs/lib/python3.12/site-packages/trajectory_msgs/msg'...
Compiling '/home/rasp/ros2_ws/install/trajectory_msgs/lib/python3.12/site-packages/trajectory_msgs/msg/__init__.py'...
Compiling '/home/rasp/ros2_ws/install/trajectory_msgs/lib/python3.12/site-packages/trajectory_msgs/msg/_joint_trajectory.py'...
Compiling '/home/rasp/ros2_ws/install/trajectory_msgs/lib/python3.12/site-packages/trajectory_msgs/msg/_joint_trajectory_point.py'...
Compiling '/home/rasp/ros2_ws/install/trajectory_msgs/lib/python3.12/site-packages/trajectory_msgs/msg/_multi_dof_joint_trajectory.py'...
Compiling '/home/rasp/ros2_ws/install/trajectory_msgs/lib/python3.12/site-packages/trajectory_msgs/msg/_multi_dof_joint_trajectory_point.py'...
-- Installing: /home/rasp/ros2_ws/install/trajectory_msgs/lib/python3.12/site-packages/trajectory_msgs/trajectory_msgs_s__rosidl_typesupport_microxrcedds_c.so
-- Set non-toolchain portion of runtime path of "/home/rasp/ros2_ws/install/trajectory_msgs/lib/python3.12/site-packages/trajectory_msgs/trajectory_msgs_s__rosidl_typesupport_microxrcedds_c.so" to ""
-- Installing: /home/rasp/ros2_ws/install/trajectory_msgs/lib/python3.12/site-packages/trajectory_msgs/trajectory_msgs_s__rosidl_typesupport_fastrtps_c.so
-- Set non-toolchain portion of runtime path of "/home/rasp/ros2_ws/install/trajectory_msgs/lib/python3.12/site-packages/trajectory_msgs/trajectory_msgs_s__rosidl_typesupport_fastrtps_c.so" to ""
-- Installing: /home/rasp/ros2_ws/install/trajectory_msgs/lib/python3.12/site-packages/trajectory_msgs/trajectory_msgs_s__rosidl_typesupport_introspection_c.so
-- Set non-toolchain portion of runtime path of "/home/rasp/ros2_ws/install/trajectory_msgs/lib/python3.12/site-packages/trajectory_msgs/trajectory_msgs_s__rosidl_typesupport_introspection_c.so" to ""
-- Installing: /home/rasp/ros2_ws/install/trajectory_msgs/lib/python3.12/site-packages/trajectory_msgs/trajectory_msgs_s__rosidl_typesupport_c.so
-- Set non-toolchain portion of runtime path of "/home/rasp/ros2_ws/install/trajectory_msgs/lib/python3.12/site-packages/trajectory_msgs/trajectory_msgs_s__rosidl_typesupport_c.so" to ""
-- Installing: /home/rasp/ros2_ws/install/trajectory_msgs/lib/libtrajectory_msgs__rosidl_generator_py.so
-- Set non-toolchain portion of runtime path of "/home/rasp/ros2_ws/install/trajectory_msgs/lib/libtrajectory_msgs__rosidl_generator_py.so" to ""
-- Installing: /home/rasp/ros2_ws/install/trajectory_msgs/share/trajectory_msgs/msg/JointTrajectory.idl
-- Installing: /home/rasp/ros2_ws/install/trajectory_msgs/share/trajectory_msgs/msg/JointTrajectoryPoint.idl
-- Installing: /home/rasp/ros2_ws/install/trajectory_msgs/share/trajectory_msgs/msg/MultiDOFJointTrajectory.idl
-- Installing: /home/rasp/ros2_ws/install/trajectory_msgs/share/trajectory_msgs/msg/MultiDOFJointTrajectoryPoint.idl
-- Installing: /home/rasp/ros2_ws/install/trajectory_msgs/share/trajectory_msgs/msg/JointTrajectory.msg
-- Installing: /home/rasp/ros2_ws/install/trajectory_msgs/share/trajectory_msgs/msg/JointTrajectoryPoint.msg
-- Installing: /home/rasp/ros2_ws/install/trajectory_msgs/share/trajectory_msgs/msg/MultiDOFJointTrajectory.msg
-- Installing: /home/rasp/ros2_ws/install/trajectory_msgs/share/trajectory_msgs/msg/MultiDOFJointTrajectoryPoint.msg
-- Installing: /home/rasp/ros2_ws/install/trajectory_msgs/share/ament_index/resource_index/package_run_dependencies/trajectory_msgs
-- Installing: /home/rasp/ros2_ws/install/trajectory_msgs/share/ament_index/resource_index/parent_prefix_path/trajectory_msgs
-- Installing: /home/rasp/ros2_ws/install/trajectory_msgs/share/trajectory_msgs/environment/ament_prefix_path.sh
-- Installing: /home/rasp/ros2_ws/install/trajectory_msgs/share/trajectory_msgs/environment/ament_prefix_path.dsv
-- Installing: /home/rasp/ros2_ws/install/trajectory_msgs/share/trajectory_msgs/environment/path.sh
-- Installing: /home/rasp/ros2_ws/install/trajectory_msgs/share/trajectory_msgs/environment/path.dsv
-- Installing: /home/rasp/ros2_ws/install/trajectory_msgs/share/trajectory_msgs/local_setup.bash
-- Installing: /home/rasp/ros2_ws/install/trajectory_msgs/share/trajectory_msgs/local_setup.sh
-- Installing: /home/rasp/ros2_ws/install/trajectory_msgs/share/trajectory_msgs/local_setup.zsh
-- Installing: /home/rasp/ros2_ws/install/trajectory_msgs/share/trajectory_msgs/local_setup.dsv
-- Installing: /home/rasp/ros2_ws/install/trajectory_msgs/share/trajectory_msgs/package.dsv
-- Installing: /home/rasp/ros2_ws/install/trajectory_msgs/share/ament_index/resource_index/packages/trajectory_msgs
-- Installing: /home/rasp/ros2_ws/install/trajectory_msgs/share/trajectory_msgs/cmake/export_trajectory_msgs__rosidl_generator_cExport.cmake
-- Installing: /home/rasp/ros2_ws/install/trajectory_msgs/share/trajectory_msgs/cmake/export_trajectory_msgs__rosidl_generator_cExport-noconfig.cmake
-- Installing: /home/rasp/ros2_ws/install/trajectory_msgs/share/trajectory_msgs/cmake/export_trajectory_msgs__rosidl_typesupport_fastrtps_cExport.cmake
-- Installing: /home/rasp/ros2_ws/install/trajectory_msgs/share/trajectory_msgs/cmake/export_trajectory_msgs__rosidl_typesupport_fastrtps_cExport-noconfig.cmake
-- Installing: /home/rasp/ros2_ws/install/trajectory_msgs/share/trajectory_msgs/cmake/export_trajectory_msgs__rosidl_generator_cppExport.cmake
-- Installing: /home/rasp/ros2_ws/install/trajectory_msgs/share/trajectory_msgs/cmake/export_trajectory_msgs__rosidl_typesupport_fastrtps_cppExport.cmake
-- Installing: /home/rasp/ros2_ws/install/trajectory_msgs/share/trajectory_msgs/cmake/export_trajectory_msgs__rosidl_typesupport_fastrtps_cppExport-noconfig.cmake
-- Installing: /home/rasp/ros2_ws/install/trajectory_msgs/share/trajectory_msgs/cmake/trajectory_msgs__rosidl_typesupport_introspection_cExport.cmake
-- Installing: /home/rasp/ros2_ws/install/trajectory_msgs/share/trajectory_msgs/cmake/trajectory_msgs__rosidl_typesupport_introspection_cExport-noconfig.cmake
-- Installing: /home/rasp/ros2_ws/install/trajectory_msgs/share/trajectory_msgs/cmake/trajectory_msgs__rosidl_typesupport_cExport.cmake
-- Installing: /home/rasp/ros2_ws/install/trajectory_msgs/share/trajectory_msgs/cmake/trajectory_msgs__rosidl_typesupport_cExport-noconfig.cmake
-- Installing: /home/rasp/ros2_ws/install/trajectory_msgs/share/trajectory_msgs/cmake/trajectory_msgs__rosidl_typesupport_introspection_cppExport.cmake
-- Installing: /home/rasp/ros2_ws/install/trajectory_msgs/share/trajectory_msgs/cmake/trajectory_msgs__rosidl_typesupport_introspection_cppExport-noconfig.cmake
-- Installing: /home/rasp/ros2_ws/install/trajectory_msgs/share/trajectory_msgs/cmake/trajectory_msgs__rosidl_typesupport_cppExport.cmake
-- Installing: /home/rasp/ros2_ws/install/trajectory_msgs/share/trajectory_msgs/cmake/trajectory_msgs__rosidl_typesupport_cppExport-noconfig.cmake
-- Installing: /home/rasp/ros2_ws/install/trajectory_msgs/share/trajectory_msgs/cmake/export_trajectory_msgs__rosidl_generator_pyExport.cmake
-- Installing: /home/rasp/ros2_ws/install/trajectory_msgs/share/trajectory_msgs/cmake/export_trajectory_msgs__rosidl_generator_pyExport-noconfig.cmake
-- Installing: /home/rasp/ros2_ws/install/trajectory_msgs/share/trajectory_msgs/cmake/rosidl_cmake-extras.cmake
-- Installing: /home/rasp/ros2_ws/install/trajectory_msgs/share/trajectory_msgs/cmake/ament_cmake_export_dependencies-extras.cmake
-- Installing: /home/rasp/ros2_ws/install/trajectory_msgs/share/trajectory_msgs/cmake/ament_cmake_export_include_directories-extras.cmake
-- Installing: /home/rasp/ros2_ws/install/trajectory_msgs/share/trajectory_msgs/cmake/ament_cmake_export_libraries-extras.cmake
-- Installing: /home/rasp/ros2_ws/install/trajectory_msgs/share/trajectory_msgs/cmake/ament_cmake_export_targets-extras.cmake
-- Installing: /home/rasp/ros2_ws/install/trajectory_msgs/share/trajectory_msgs/cmake/rosidl_cmake_export_typesupport_targets-extras.cmake
-- Installing: /home/rasp/ros2_ws/install/trajectory_msgs/share/trajectory_msgs/cmake/rosidl_cmake_export_typesupport_libraries-extras.cmake
-- Installing: /home/rasp/ros2_ws/install/trajectory_msgs/share/trajectory_msgs/cmake/trajectory_msgsConfig.cmake
-- Installing: /home/rasp/ros2_ws/install/trajectory_msgs/share/trajectory_msgs/cmake/trajectory_msgsConfig-version.cmake
-- Installing: /home/rasp/ros2_ws/install/trajectory_msgs/share/trajectory_msgs/package.xml
